[    0.000000] Linux version 6.16.11-200.fc42.x86_64 ([REDACTED_USER]@2a5103c3cf1c4acbaad71d7113e31c7b) (gcc (GCC) 15.2.1 20250808 (Red Hat 15.2.1-1), GNU ld version 2.44-6.fc42) #1 SMP PREEMPT_DYNAMIC Mon Oct  6 20:00:39 UTC 2025
[    0.000000] Command line: BOOT_IMAGE=(hd0,gpt2)/boot/vmlinuz-6.16.11-200.fc42.x86_64 [REDACTED_USER]=UUID=df544e10-90c0-4315-860c-92a58ec8499e ro rhgb quiet
[    0.000000] BIOS-provided physical RAM map:
[    0.000000] BIOS-e820: [mem 0x0000000000000000-0x000000000009ffff] usable
[    0.000000] BIOS-e820: [mem 0x0000000000100000-0x0000000009bfffff] usable
[    0.000000] BIOS-e820: [mem 0x0000000009c00000-0x0000000009da0fff] reserved
[    0.000000] BIOS-e820: [mem 0x0000000009da1000-0x0000000009efffff] usable
[    0.000000] BIOS-e820: [mem 0x0000000009f00000-0x0000000009f11fff] ACPI NVS
[    0.000000] BIOS-e820: [mem 0x0000000009f12000-0x000000004357dfff] usable
[    0.000000] BIOS-e820: [mem 0x000000004357e000-0x000000004457dfff] ACPI NVS
[    0.000000] BIOS-e820: [mem 0x000000004457e000-0x00000000445fdfff] ACPI data
[    0.000000] BIOS-e820: [mem 0x00000000445fe000-0x00000000477fdfff] reserved
[    0.000000] BIOS-e820: [mem 0x00000000477fe000-0x00000000747fdfff] usable
[    0.000000] BIOS-e820: [mem 0x00000000747fe000-0x00000000777fdfff] reserved
[    0.000000] BIOS-e820: [mem 0x00000000777fe000-0x0000000079ffcfff] usable
[    0.000000] BIOS-e820: [mem 0x0000000079ffd000-0x000000007bffffff] reserved
[    0.000000] BIOS-e820: [mem 0x000000007ce00000-0x000000007fffffff] reserved
[    0.000000] BIOS-e820: [mem 0x00000000e0000000-0x00000000efffffff] reserved
[    0.000000] BIOS-e820: [mem 0x00000000fde00000-0x00000000fdefffff] reserved
[    0.000000] BIOS-e820: [mem 0x00000000fed80000-0x00000000fed80fff] reserved
[    0.000000] BIOS-e820: [mem 0x0000000100000000-0x000000043e2fffff] usable
[    0.000000] BIOS-e820: [mem 0x000000043f340000-0x00000004a01fffff] reserved
[    0.000000] NX (Execute Disable) protection: active
[    0.000000] APIC: Static calls initialized
[    0.000000] efi: EFI v2.7 by Lenovo
[    0.000000] efi: ACPI=0x445fd000 ACPI 2.0=0x445fd014 SMBIOS=0x4756d000 SMBIOS 3.0=0x47560000 TPMFinalLog=0x44555000 MEMATTR=0x6e6f0018 ESRT=0x7110ce98 MOKvar=0x475ac000 RNG=0x445fc018 TPMEventLog=0x445e9018 
[    0.000000] random: crng init done
[    0.000000] efi: Remove mem64: MMIO range=[0xfde00000-0xfdefffff] (1MB) from e820 map
[    0.000000] e820: remove [mem 0xfde00000-0xfdefffff] reserved
[    0.000000] efi: Not removing mem65: MMIO range=[0xfed80000-0xfed80fff] (4KB) from e820 map
[    0.000000] efi: Remove mem67: MMIO range=[0x480000000-0x4a01fffff] (514MB) from e820 map
[    0.000000] e820: remove [mem 0x480000000-0x4a01fffff] reserved
[    0.000000] secureboot: Secure boot disabled
[    0.000000] SMBIOS 3.3.0 present.
[    0.000000] DMI: LENOVO 21M30030MZ/21M30030MZ, BIOS R2KET35W (1.18 ) 07/24/2025
[    0.000000] DMI: Memory slots populated: 1/2
[    0.000000] tsc: Fast TSC calibration using PIT
[    0.000000] tsc: Detected 3194.031 MHz processor
[    0.000194] e820: update [mem 0x00000000-0x00000fff] usable ==> reserved
[    0.000196] e820: remove [mem 0x000a0000-0x000fffff] usable
[    0.000201] last_pfn = 0x43e300 max_arch_pfn = 0x400000000
[    0.000207] MTRR map: 7 entries (3 fixed + 4 variable; max 20), built from 9 variable MTRRs
[    0.000209] x86/PAT: Configuration [0-7]: WB  WC  UC- UC  WB  WP  UC- WT  
[    0.000713] last_pfn = 0x79ffd max_arch_pfn = 0x400000000
[    0.003698] esrt: Reserving ESRT space from 0x000000007110ce98 to 0x000000007110cf98.
[    0.003704] e820: update [mem 0x7110c000-0x7110cfff] usable ==> reserved
[    0.003718] Using GB pages for direct mapping
[    0.004285] secureboot: Secure boot disabled
[    0.004286] RAMDISK: [mem 0x3601a000-0x39e61fff]
[    0.004291] ACPI: Early table checksum verification disabled
[    0.004293] ACPI: RSDP 0x00000000445FD014 000024 (v02 LENOVO)
[    0.004296] ACPI: XSDT 0x00000000445FB188 00015C (v01 LENOVO TP-R2K   00001180 PTEC 00000002)
[    0.004300] ACPI: FACP 0x0000000045210000 000114 (v06 LENOVO TP-R2K   00001180 PTEC 00000002)
[    0.004304] ACPI: DSDT 0x00000000451F7000 013652 (v01 LENOVO TP-R2K   00001180 INTL 20180313)
[    0.004306] ACPI: FACS 0x000000004454E000 000040
[    0.004307] ACPI: SSDT 0x00000000475B2000 0000A2 (v01 LENOVO PID0Ssdt 00000001 INTL 20180313)
[    0.004309] ACPI: SSDT 0x00000000475B1000 0008AC (v01 LENOVO UsbCTabl 00000001 INTL 20180313)
[    0.004310] ACPI: SSDT 0x0000000047574000 00808B (v02 LENOVO TP-R2K   00000002 MSFT 02000002)
[    0.004312] ACPI: SSDT 0x0000000047573000 000586 (v01 LENOVO ACDC     00000001 INTL 20180313)
[    0.004314] ACPI: SSDT 0x0000000047572000 0001D8 (v01 LENOVO STD3     00000001 INTL 20180313)
[    0.004315] ACPI: SSDT 0x000000004742E000 00062A (v02 LENOVO Tpm2Tabl 00001000 INTL 20180313)
[    0.004317] ACPI: TPM2 0x000000004742D000 000034 (v03 LENOVO TP-R2K   00001180 PTEC 00000002)
[    0.004319] ACPI: MSDM 0x000000004742C000 000055 (v03 LENOVO TP-R2K   00001180 PTEC 00000002)
[    0.004320] ACPI: BATB 0x0000000047416000 00004A (v02 LENOVO TP-R2K   00001180 PTEC 00000002)
[    0.004322] ACPI: HPET 0x000000004520F000 000038 (v01 LENOVO TP-R2K   00001180 PTEC 00000002)
[    0.004324] ACPI: APIC 0x000000004520E000 000138 (v05 LENOVO TP-R2K   00001180 PTEC 00000002)
[    0.004325] ACPI: MCFG 0x000000004520D000 00003C (v01 LENOVO TP-R2K   00001180 PTEC 00000002)
[    0.004327] ACPI: SBST 0x000000004520C000 000030 (v01 LENOVO TP-R2K   00001180 PTEC 00000002)
[    0.004328] ACPI: WSMT 0x000000004520B000 000028 (v01 LENOVO TP-R2K   00001180 PTEC 00000002)
[    0.004330] ACPI: VFCT 0x00000000451EC000 00AE84 (v01 LENOVO TP-R2K   00001180 PTEC 00000002)
[    0.004331] ACPI: SSDT 0x00000000451E6000 005354 (v02 LENOVO TP-R2K   00000001 AMD  00000001)
[    0.004333] ACPI: CRAT 0x00000000451E5000 000EC0 (v01 LENOVO TP-R2K   00001180 PTEC 00000002)
[    0.004335] ACPI: CDIT 0x00000000451E4000 000029 (v01 LENOVO TP-R2K   00001180 PTEC 00000002)
[    0.004336] ACPI: SDEV 0x00000000451E3000 00014E (v01 LENOVO TP-R2K   00001180 PTEC 00000002)
[    0.004338] ACPI: FPDT 0x00000000451E2000 000034 (v01 LENOVO TP-R2K   00001180 PTEC 00000002)
[    0.004339] ACPI: SSDT 0x0000000045194000 0015D7 (v01 LENOVO TP-R2K   00000001 INTL 20180313)
[    0.004341] ACPI: SSDT 0x0000000045191000 002B60 (v01 LENOVO TP-R2K   00000001 INTL 20180313)
[    0.004343] ACPI: SSDT 0x0000000045188000 0085B7 (v01 LENOVO TP-R2K   00000001 INTL 20180313)
[    0.004344] ACPI: BGRT 0x0000000047418000 000038 (v01 LENOVO TP-R2K   00001180 PTEC 00000002)
[    0.004346] ACPI: SSDT 0x0000000045187000 000AEB (v01 LENOVO TP-R2K   00000001 INTL 20180313)
[    0.004348] ACPI: SSDT 0x0000000045186000 000AEB (v01 LENOVO TP-R2K   00000001 INTL 20180313)
[    0.004349] ACPI: SSDT 0x0000000045185000 00042A (v01 LENOVO TP-R2K   00000001 INTL 20180313)
[    0.004351] ACPI: SSDT 0x0000000045184000 000058 (v01 LENOVO TP-R2K   00000001 INTL 20180313)
[    0.004352] ACPI: SSDT 0x0000000045182000 00164E (v01 LENOVO TP-R2K   00000001 INTL 20180313)
[    0.004354] ACPI: SSDT 0x0000000045181000 0007B7 (v01 LENOVO TP-R2K   00000001 INTL 20180313)
[    0.004355] ACPI: SSDT 0x0000000045177000 009CD7 (v01 LENOVO TP-R2K   00000001 INTL 20180313)
[    0.004357] ACPI: SSDT 0x0000000045171000 0051CC (v01 LENOVO TP-R2K   00000001 INTL 20180313)
[    0.004359] ACPI: SSDT 0x0000000045170000 000DF3 (v01 LENOVO TP-R2K   00000001 INTL 20180313)
[    0.004360] ACPI: SSDT 0x000000004516F000 0007F8 (v01 LENOVO TP-R2K   00000001 INTL 20180313)
[    0.004362] ACPI: UEFI 0x000000004454D000 00009E (v01 LENOVO TP-R2K   00001180 PTEC 00000002)
[    0.004363] ACPI: IVRS 0x000000004516E000 000218 (v02 LENOVO TP-R2K   00001180 PTEC 00000002)
[    0.004365] ACPI: SSDT 0x00000000475B0000 000090 (v01 LENOVO TP-R2K   00000001 INTL 20180313)
[    0.004367] ACPI: SSDT 0x00000000475AE000 00120B (v01 LENOVO TP-R2K   00000001 INTL 20180313)
[    0.004368] ACPI: Reserving FACP table memory at [mem 0x45210000-0x45210113]
[    0.004369] ACPI: Reserving DSDT table memory at [mem 0x451f7000-0x4520a651]
[    0.004370] ACPI: Reserving FACS table memory at [mem 0x4454e000-0x4454e03f]
[    0.004370] ACPI: Reserving SSDT table memory at [mem 0x475b2000-0x475b20a1]
[    0.004371] ACPI: Reserving SSDT table memory at [mem 0x475b1000-0x475b18ab]
[    0.004371] ACPI: Reserving SSDT table memory at [mem 0x47574000-0x4757c08a]
[    0.004372] ACPI: Reserving SSDT table memory at [mem 0x47573000-0x47573585]
[    0.004372] ACPI: Reserving SSDT table memory at [mem 0x47572000-0x475721d7]
[    0.004372] ACPI: Reserving SSDT table memory at [mem 0x4742e000-0x4742e629]
[    0.004373] ACPI: Reserving TPM2 table memory at [mem 0x4742d000-0x4742d033]
[    0.004373] ACPI: Reserving MSDM table memory at [mem 0x4742c000-0x4742c054]
[    0.004374] ACPI: Reserving BATB table memory at [mem 0x47416000-0x47416049]
[    0.004374] ACPI: Reserving HPET table memory at [mem 0x4520f000-0x4520f037]
[    0.004375] ACPI: Reserving APIC table memory at [mem 0x4520e000-0x4520e137]
[    0.004375] ACPI: Reserving MCFG table memory at [mem 0x4520d000-0x4520d03b]
[    0.004376] ACPI: Reserving SBST table memory at [mem 0x4520c000-0x4520c02f]
[    0.004376] ACPI: Reserving WSMT table memory at [mem 0x4520b000-0x4520b027]
[    0.004377] ACPI: Reserving VFCT table memory at [mem 0x451ec000-0x451f6e83]
[    0.004377] ACPI: Reserving SSDT table memory at [mem 0x451e6000-0x451eb353]
[    0.004378] ACPI: Reserving CRAT table memory at [mem 0x451e5000-0x451e5ebf]
[    0.004378] ACPI: Reserving CDIT table memory at [mem 0x451e4000-0x451e4028]
[    0.004379] ACPI: Reserving SDEV table memory at [mem 0x451e3000-0x451e314d]
[    0.004380] ACPI: Reserving FPDT table memory at [mem 0x451e2000-0x451e2033]
[    0.004380] ACPI: Reserving SSDT table memory at [mem 0x45194000-0x451955d6]
[    0.004381] ACPI: Reserving SSDT table memory at [mem 0x45191000-0x45193b5f]
[    0.004381] ACPI: Reserving SSDT table memory at [mem 0x45188000-0x451905b6]
[    0.004382] ACPI: Reserving BGRT table memory at [mem 0x47418000-0x47418037]
[    0.004382] ACPI: Reserving SSDT table memory at [mem 0x45187000-0x45187aea]
[    0.004383] ACPI: Reserving SSDT table memory at [mem 0x45186000-0x45186aea]
[    0.004383] ACPI: Reserving SSDT table memory at [mem 0x45185000-0x45185429]
[    0.004384] ACPI: Reserving SSDT table memory at [mem 0x45184000-0x45184057]
[    0.004384] ACPI: Reserving SSDT table memory at [mem 0x45182000-0x4518364d]
[    0.004385] ACPI: Reserving SSDT table memory at [mem 0x45181000-0x451817b6]
[    0.004385] ACPI: Reserving SSDT table memory at [mem 0x45177000-0x45180cd6]
[    0.004386] ACPI: Reserving SSDT table memory at [mem 0x45171000-0x451761cb]
[    0.004386] ACPI: Reserving SSDT table memory at [mem 0x45170000-0x45170df2]
[    0.004387] ACPI: Reserving SSDT table memory at [mem 0x4516f000-0x4516f7f7]
[    0.004387] ACPI: Reserving UEFI table memory at [mem 0x4454d000-0x4454d09d]
[    0.004388] ACPI: Reserving IVRS table memory at [mem 0x4516e000-0x4516e217]
[    0.004388] ACPI: Reserving SSDT table memory at [mem 0x475b0000-0x475b008f]
[    0.004389] ACPI: Reserving SSDT table memory at [mem 0x475ae000-0x475af20a]
[    0.004548] No NUMA configuration found
[    0.004549] Faking a node at [mem 0x0000000000000000-0x000000043e2fffff]
[    0.004559] NODE_DATA(0) allocated [mem 0x43e2d5280-0x43e2fffff]
[    0.004732] Zone ranges:
[    0.004733]   DMA      [mem 0x0000000000001000-0x0000000000ffffff]
[    0.004734]   DMA32    [mem 0x0000000001000000-0x00000000ffffffff]
[    0.004735]   Normal   [mem 0x0000000100000000-0x000000043e2fffff]
[    0.004736]   Device   empty
[    0.004736] Movable zone start for each node
[    0.004738] Early memory node ranges
[    0.004738]   node   0: [mem 0x0000000000001000-0x000000000009ffff]
[    0.004739]   node   0: [mem 0x0000000000100000-0x0000000009bfffff]
[    0.004740]   node   0: [mem 0x0000000009da1000-0x0000000009efffff]
[    0.004740]   node   0: [mem 0x0000000009f12000-0x000000004357dfff]
[    0.004741]   node   0: [mem 0x00000000477fe000-0x00000000747fdfff]
[    0.004742]   node   0: [mem 0x00000000777fe000-0x0000000079ffcfff]
[    0.004742]   node   0: [mem 0x0000000100000000-0x000000043e2fffff]
[    0.004744] Initmem setup node 0 [mem 0x0000000000001000-0x000000043e2fffff]
[    0.004749] On node 0, zone DMA: 1 pages in unavailable ranges
[    0.004762] On node 0, zone DMA: 96 pages in unavailable ranges
[    0.004876] On node 0, zone DMA32: 417 pages in unavailable ranges
[    0.005702] On node 0, zone DMA32: 18 pages in unavailable ranges
[    0.006900] On node 0, zone DMA32: 17024 pages in unavailable ranges
[    0.007037] On node 0, zone DMA32: 12288 pages in unavailable ranges
[    0.027896] On node 0, zone Normal: 24579 pages in unavailable ranges
[    0.027946] On node 0, zone Normal: 7424 pages in unavailable ranges
[    0.028371] ACPI: PM-Timer IO Port: 0x408
[    0.028382] ACPI: LAPIC_NMI (acpi_id[0x00] high edge lint[0x1])
[    0.028384] ACPI: LAPIC_NMI (acpi_id[0x01] high edge lint[0x1])
[    0.028384] ACPI: LAPIC_NMI (acpi_id[0x02] high edge lint[0x1])
[    0.028385] ACPI: LAPIC_NMI (acpi_id[0x03] high edge lint[0x1])
[    0.028385] ACPI: LAPIC_NMI (acpi_id[0x04] high edge lint[0x1])
[    0.028386] ACPI: LAPIC_NMI (acpi_id[0x05] high edge lint[0x1])
[    0.028386] ACPI: LAPIC_NMI (acpi_id[0x06] high edge lint[0x1])
[    0.028387] ACPI: LAPIC_NMI (acpi_id[0x07] high edge lint[0x1])
[    0.028387] ACPI: LAPIC_NMI (acpi_id[0x08] high edge lint[0x1])
[    0.028388] ACPI: LAPIC_NMI (acpi_id[0x09] high edge lint[0x1])
[    0.028388] ACPI: LAPIC_NMI (acpi_id[0x0a] high edge lint[0x1])
[    0.028389] ACPI: LAPIC_NMI (acpi_id[0x0b] high edge lint[0x1])
[    0.028389] ACPI: LAPIC_NMI (acpi_id[0x0c] high edge lint[0x1])
[    0.028390] ACPI: LAPIC_NMI (acpi_id[0x0d] high edge lint[0x1])
[    0.028390] ACPI: LAPIC_NMI (acpi_id[0x0e] high edge lint[0x1])
[    0.028391] ACPI: LAPIC_NMI (acpi_id[0x0f] high edge lint[0x1])
[    0.028404] IOAPIC[0]: apic_id 32, version 33, address 0xfec00000, GSI 0-23
[    0.028409] IOAPIC[1]: apic_id 33, version 33, address 0xfec01000, GSI 24-55
[    0.028410] ACPI: INT_SRC_OVR (bus 0 bus_irq 0 global_irq 2 dfl dfl)
[    0.028412] ACPI: INT_SRC_OVR (bus 0 bus_irq 9 global_irq 9 low level)
[    0.028415] ACPI: Using ACPI (MADT) for SMP configuration information
[    0.028416] ACPI: HPET id: 0x43538210 base: 0xfed00000
[    0.028425] e820: update [mem 0x6e5e8000-0x6e678fff] usable ==> reserved
[    0.028440] CPU topo: Max. logical packages:   1
[    0.028441] CPU topo: Max. logical dies:       1
[    0.028441] CPU topo: Max. dies per package:   1
[    0.028445] CPU topo: Max. threads per core:   2
[    0.028446] CPU topo: Num. cores per package:     8
[    0.028447] CPU topo: Num. threads per package:  16
[    0.028447] CPU topo: Allowing 16 present CPUs plus 0 hotplug CPUs
[    0.028464] PM: hibernation: Registered nosave memory: [mem 0x00000000-0x00000fff]
[    0.028466] PM: hibernation: Registered nosave memory: [mem 0x000a0000-0x000fffff]
[    0.028467] PM: hibernation: Registered nosave memory: [mem 0x09c00000-0x09da0fff]
[    0.028468] PM: hibernation: Registered nosave memory: [mem 0x09f00000-0x09f11fff]
[    0.028469] PM: hibernation: Registered nosave memory: [mem 0x4357e000-0x477fdfff]
[    0.028471] PM: hibernation: Registered nosave memory: [mem 0x6e5e8000-0x6e678fff]
[    0.028472] PM: hibernation: Registered nosave memory: [mem 0x7110c000-0x7110cfff]
[    0.028473] PM: hibernation: Registered nosave memory: [mem 0x747fe000-0x777fdfff]
[    0.028474] PM: hibernation: Registered nosave memory: [mem 0x79ffd000-0xffffffff]
[    0.028476] [mem 0x80000000-0xdfffffff] available for PCI devices
[    0.028477] Booting paravirtualized kernel on bare hardware
[    0.028479] clocksource: refined-jiffies: mask: 0xffffffff max_cycles: 0xffffffff, max_idle_ns: 1910969940391419 ns
[    0.033925] setup_percpu: NR_CPUS:8192 nr_cpumask_bits:16 nr_cpu_ids:16 nr_node_ids:1
[    0.034799] percpu: Embedded 83 pages/cpu s217088 r8192 d114688 u524288
[    0.034807] pcpu-alloc: s217088 r8192 d114688 u524288 alloc=1*2097152
[    0.034809] pcpu-alloc: [0] 00 01 02 03 [0] 04 05 06 07 
[    0.034813] pcpu-alloc: [0] 08 09 10 11 [0] 12 13 14 15 
[    0.034835] Kernel command line: BOOT_IMAGE=(hd0,gpt2)/boot/vmlinuz-6.16.11-200.fc42.x86_64 [REDACTED_USER]=UUID=df544e10-90c0-4315-860c-92a58ec8499e ro rhgb quiet
[    0.034891] Unknown kernel command line parameters "rhgb BOOT_IMAGE=(hd0,gpt2)/boot/vmlinuz-6.16.11-200.fc42.x86_64", will be passed to [REDACTED_USER] space.
[    0.035089] printk: log buffer data + meta data: 262144 + 917504 = 1179648 bytes
[    0.036492] Dentry cache hash table entries: 2097152 (order: 12, 16777216 bytes, linear)
[    0.037219] Inode-cache hash table entries: 1048576 (order: 11, 8388608 bytes, linear)
[    0.037354] software IO TLB: area num 16.
[    0.049011] Fallback order for Node 0: 0 
[    0.049020] Built 1 zonelists, mobility grouping on.  Total pages: 3870313
[    0.049021] Policy zone: Normal
[    0.049242] mem auto-init: stack:all(zero), heap alloc:on, heap free:off
[    0.078653] SLUB: HWalign=64, Order=0-3, MinObjects=0, CPUs=16, Nodes=1
[    0.090300] ftrace: allocating 61367 entries in 240 pages
[    0.090303] ftrace: allocated 240 pages with 4 groups
[    0.090912] Dynamic Preempt: lazy
[    0.090987] rcu: Preemptible hierarchical RCU implementation.
[    0.090988] rcu: 	RCU event tracing is enabled.
[    0.090989] rcu: 	RCU restricting CPUs from NR_CPUS=8192 to nr_cpu_ids=16.
[    0.090990] 	Trampoline variant of Tasks RCU enabled.
[    0.090991] 	Rude variant of Tasks RCU enabled.
[    0.090991] 	Tracing variant of Tasks RCU enabled.
[    0.090992] rcu: RCU calculated value of scheduler-enlistment delay is 100 jiffies.
[    0.090992] rcu: Adjusting geometry for rcu_fanout_leaf=16, nr_cpu_ids=16
[    0.091004] RCU Tasks: Setting shift to 4 and lim to 1 rcu_task_cb_adjust=1 rcu_task_cpu_ids=16.
[    0.091007] RCU Tasks Rude: Setting shift to 4 and lim to 1 rcu_task_cb_adjust=1 rcu_task_cpu_ids=16.
[    0.091009] RCU Tasks Trace: Setting shift to 4 and lim to 1 rcu_task_cb_adjust=1 rcu_task_cpu_ids=16.
[    0.094934] NR_IRQS: 524544, nr_irqs: 1096, preallocated irqs: 16
[    0.095163] rcu: srcu_init: Setting srcu_struct sizes based on contention.
[    0.095344] kfence: initialized - using 2097152 bytes for 255 objects at 0x(____ptrval____)-0x(____ptrval____)
[    0.095397] Console: colour dummy device 80x25
[    0.095399] printk: legacy console [tty0] enabled
[    0.095440] ACPI: Core revision 20250404
[    0.095664] clocksource: hpet: mask: 0xffffffff max_cycles: 0xffffffff, max_idle_ns: 133484873504 ns
[    0.095682] APIC: Switch to symmetric I/O mode setup
[    0.096086] AMD-Vi: ivrs, add hid:AMDI0020, uid:\_SB.FUR0, rdevid:0xa0
[    0.096089] AMD-Vi: ivrs, add hid:AMDI0020, uid:\_SB.FUR1, rdevid:0xa0
[    0.096089] AMD-Vi: ivrs, add hid:AMDI0020, uid:\_SB.FUR2, rdevid:0xa0
[    0.096090] AMD-Vi: ivrs, add hid:AMDI0020, uid:\_SB.FUR3, rdevid:0xa0
[    0.096091] AMD-Vi: Using global IVHD EFR:0x246577efa2254afa, EFR2:0x0
[    0.096481] x2apic: IRQ remapping doesn't support X2APIC mode
[    0.097232] ..TIMER: vector=0x30 apic1=0 pin1=2 apic2=-1 pin2=-1
[    0.101687] clocksource: tsc-early: mask: 0xffffffffffffffff max_cycles: 0x2e0a4357acf, max_idle_ns: 440795300663 ns
[    0.101692] Calibrating delay loop (skipped), value calculated using timer frequency.. 6388.06 BogoMIPS (lpj=3194031)
[    0.101706] x86/cpu: [REDACTED_USER] Mode Instruction Prevention (UMIP) activated
[    0.101732] LVT offset 1 assigned for vector 0xf9
[    0.101804] LVT offset 2 assigned for vector 0xf4
[    0.101821] Last level iTLB entries: 4KB 512, 2MB 512, 4MB 256
[    0.101822] Last level dTLB entries: 4KB 2048, 2MB 2048, 4MB 1024, 1GB 0
[    0.101824] process: using mwait in idle threads
[    0.101828] Speculative Store Bypass: Mitigation: Speculative Store Bypass disabled via prctl
[    0.101829] Transient Scheduler Attacks: Mitigation: Clear CPU buffers
[    0.101830] Spectre V2 : Mitigation: Retpolines
[    0.101830] Spectre V2 : [REDACTED_USER] space: Mitigation: STIBP always-on protection
[    0.101831] Speculative Return Stack Overflow: Mitigation: Safe RET
[    0.101832] VMSCAPE: Mitigation: IBPB before exit to userspace
[    0.101833] Spectre V1 : Mitigation: usercopy/swapgs barriers and __user pointer sanitization
[    0.101834] Spectre V2 : Spectre v2 / SpectreRSB: Filling RSB on context switch and VMEXIT
[    0.101835] Spectre V2 : Enabling Restricted Speculation for firmware calls
[    0.101836] Spectre V2 : mitigation: Enabling conditional Indirect Branch Prediction Barrier
[    0.101837] active return thunk: srso_alias_return_thunk
[    0.101844] x86/fpu: Supporting XSAVE feature 0x001: 'x87 floating point registers'
[    0.101845] x86/fpu: Supporting XSAVE feature 0x002: 'SSE registers'
[    0.101846] x86/fpu: Supporting XSAVE feature 0x004: 'AVX registers'
[    0.101846] x86/fpu: Supporting XSAVE feature 0x200: 'Protection Keys [REDACTED_USER] registers'
[    0.101847] x86/fpu: Supporting XSAVE feature 0x800: 'Control-flow [REDACTED_USER] registers'
[    0.101848] x86/fpu: xstate_offset[2]:  576, xstate_sizes[2]:  256
[    0.101849] x86/fpu: xstate_offset[9]:  832, xstate_sizes[9]:    8
[    0.101850] x86/fpu: xstate_offset[11]:  840, xstate_sizes[11]:   16
[    0.101850] x86/fpu: Enabled xstate features 0xa07, context size is 856 bytes, using 'compacted' format.
[    0.131535] Freeing SMP alternatives memory: 56K
[    0.131539] pid_max: default: 32768 minimum: 301
[    0.134642] LSM: initializing lsm=lockdown,capability,yama,selinux,bpf,landlock,ipe,ima,evm
[    0.134684] Yama: becoming mindful.
[    0.134693] SELinux:  Initializing.
[    0.135142] LSM support for eBPF active
[    0.135171] landlock: Up and running.
[    0.135259] Mount-cache hash table entries: 32768 (order: 6, 262144 bytes, linear)
[    0.135279] Mountpoint-cache hash table entries: 32768 (order: 6, 262144 bytes, linear)
[    0.237948] smpboot: CPU0: AMD Ryzen 7 7735HS with Radeon Graphics (family: 0x19, model: 0x44, stepping: 0x1)
[    0.238223] Performance Events: Fam17h+ core perfctr, AMD PMU driver.
[    0.238230] ... version:                0
[    0.238232] ... bit width:              48
[    0.238233] ... generic registers:      6
[    0.238235] ... value mask:             0000ffffffffffff
[    0.238236] ... max period:             00007fffffffffff
[    0.238237] ... fixed-purpose events:   0
[    0.238238] ... event mask:             000000000000003f
[    0.238365] signal: max sigframe size: 3376
[    0.238454] rcu: Hierarchical SRCU implementation.
[    0.238456] rcu: 	Max phase no-delay instances is 400.
[    0.238518] Timer migration: 2 hierarchy levels; 8 children per group; 2 crossnode level
[    0.243039] NMI watchdog: Enabled. Permanently consumes one hw-PMU counter.
[    0.243241] smp: Bringing up secondary CPUs ...
[    0.243391] smpboot: x86: Booting SMP configuration:
[    0.243393] .... node  #0, CPUs:        #2  #4  #6  #8 #10 #12 #14
[    0.245690] TSC synchronization [CPU#0 -> CPU#2]:
[    0.245690] Measured 2726759104 cycles TSC warp between CPUs, turning off TSC clock.
[    0.245697] tsc: Marking TSC unstable due to check_tsc_sync_source failed
[    0.246839]   #1  #3  #5  #7  #9 #11 #13 #15
[    0.248821] Spectre V2 : Update [REDACTED_USER] space SMT mitigation: STIBP always-on
[    0.249771] smp: Brought up 1 node, 16 CPUs
[    0.249771] smpboot: Total of 16 processors activated (102208.99 BogoMIPS)
[    0.250871] Memory: 14984020K/15481252K available (21812K kernel code, 4521K rwdata, 17784K rodata, 5088K init, 6240K bss, 473216K reserved, 0K cma-reserved)
[    0.251835] devtmpfs: initialized
[    0.251835] x86/mm: Memory block size: 128MB
[    0.254329] ACPI: PM: Registering ACPI NVS region [mem 0x09f00000-0x09f11fff] (73728 bytes)
[    0.254329] ACPI: PM: Registering ACPI NVS region [mem 0x4357e000-0x4457dfff] (16777216 bytes)
[    0.254723] clocksource: jiffies: mask: 0xffffffff max_cycles: 0xffffffff, max_idle_ns: 1911260446275000 ns
[    0.254723] posixtimers hash table entries: 8192 (order: 5, 131072 bytes, linear)
[    0.254725] futex hash table entries: 4096 (262144 bytes on 1 NUMA nodes, total 256 KiB, linear).
[    0.254813] pinctrl core: initialized pinctrl subsystem
[    0.254945] PM: RTC time: 18:37:51, date: 2025-10-29
[    0.255403] NET: Registered PF_NETLINK/PF_ROUTE protocol family
[    0.255768] DMA: preallocated 2048 KiB GFP_KERNEL pool for atomic allocations
[    0.255861] DMA: preallocated 2048 KiB GFP_KERNEL|GFP_DMA pool for atomic allocations
[    0.255959] DMA: preallocated 2048 KiB GFP_KERNEL|GFP_DMA32 pool for atomic allocations
[    0.255975] audit: initializing netlink subsys (disabled)
[    0.255992] audit: type=2000 audit(1761763071.159:1): state=initialized audit_enabled=0 res=1
[    0.255992] thermal_sys: Registered thermal governor 'fair_share'
[    0.255992] thermal_sys: Registered thermal governor 'bang_bang'
[    0.255992] thermal_sys: Registered thermal governor 'step_wise'
[    0.255992] thermal_sys: Registered thermal governor 'user_space'
[    0.255992] cpuidle: using governor menu
[    0.255992] ACPI FADT declares the system doesn't support PCIe ASPM, so disable it
[    0.255992] acpiphp: ACPI Hot Plug PCI Controller Driver version: 0.5
[    0.255992] PCI: ECAM [mem 0xe0000000-0xefffffff] (base 0xe0000000) for domain 0000 [bus 00-ff]
[    0.255992] PCI: Using configuration type 1 for base access
[    0.256734] kprobes: kprobe jump-optimization is enabled. All kprobes are optimized if possible.
[    0.261713] HugeTLB: allocation took 0ms with hugepage_allocation_threads=4
[    0.261724] HugeTLB: registered 1.00 GiB page size, pre-allocated 0 pages
[    0.261727] HugeTLB: 16380 KiB vmemmap can be freed for a 1.00 GiB page
[    0.261730] HugeTLB: registered 2.00 MiB page size, pre-allocated 0 pages
[    0.261733] HugeTLB: 28 KiB vmemmap can be freed for a 2.00 MiB page
[    0.265762] raid6: skipped pq benchmark and selected avx2x4
[    0.265762] raid6: using avx2x2 recovery algorithm
[    0.265762] ACPI: Added _OSI(Module Device)
[    0.265762] ACPI: Added _OSI(Processor Device)
[    0.265762] ACPI: Added _OSI(Processor Aggregator Device)
[    0.298053] ACPI BIOS Error (bug): Could not resolve symbol [\_SB.PCI0.GPP0], AE_NOT_FOUND (20250404/dswload2-162)
[    0.298069] ACPI Error: AE_NOT_FOUND, During name lookup/catalog (20250404/psobject-220)
[    0.298073] ACPI: Skipping parse of AML opcode: Scope (0x0010)
[    0.301602] ACPI BIOS Error (bug): Failure creating named object [\_SB.PCI0.GP17.XHC0.PSTA], AE_ALREADY_EXISTS (20250404/dswload2-326)
[    0.301616] ACPI Error: AE_ALREADY_EXISTS, During name lookup/catalog (20250404/psobject-220)
[    0.301620] ACPI: Skipping parse of AML opcode: Method (0x0014)
[    0.303025] ACPI BIOS Error (bug): Failure creating named object [\_SB._OSC], AE_ALREADY_EXISTS (20250404/dswload2-326)
[    0.303030] ACPI Error: AE_ALREADY_EXISTS, During name lookup/catalog (20250404/psobject-220)
[    0.303034] ACPI: Skipping parse of AML opcode: Method (0x0014)
[    0.304032] ACPI: 23 ACPI AML tables successfully acquired and loaded
[    0.307569] ACPI: [Firmware Bug]: BIOS _OSI(Linux) query ignored
[    0.327052] ACPI: USB4 _OSC: OS supports USB3+ DisplayPort+ PCIe+ XDomain+
[    0.327055] ACPI: USB4 _OSC: OS controls USB3+ DisplayPort+ PCIe+ XDomain+
[    0.327825] ACPI: EC: EC started
[    0.327827] ACPI: EC: interrupt blocked
[    0.328894] ACPI: EC: EC_CMD/EC_SC=0x66, EC_DATA=0x62
[    0.328896] ACPI: \_SB_.PCI0.LPC0.EC0_: Boot DSDT EC used to handle transactions
[    0.328898] ACPI: Interpreter enabled
[    0.328919] ACPI: PM: (supports S0 S4 S5)
[    0.328921] ACPI: Using IOAPIC for interrupt routing
[    0.330872] PCI: Using host bridge windows from ACPI; if necessary, use "pci=nocrs" and report a bug
[    0.330874] PCI: Ignoring E820 reservations for host bridge windows
[    0.331312] ACPI: Enabled 2 GPEs in block 00 to 1F
[    0.333776] ACPI: \_SB_.PCI0.GPP1.P0NV: New power resource
[    0.335332] ACPI: \_SB_.PCI0.GPP6.PXSX.WRST: New power resource
[    0.335682] ACPI: \_SB_.PCI0.GPP8.P0NV: New power resource
[    0.337554] ACPI: \_SB_.PCI0.GP11.PWRS: New power resource
[    0.337639] ACPI: \_SB_.PCI0.GP11: Overriding _PRW sleep state (S4) by S0 from power resources
[    0.338536] ACPI: \_SB_.PCI0.GP11.SWUS.PWRS: New power resource
[    0.339460] ACPI: \_SB_.PCI0.GP12.PWRS: New power resource
[    0.339543] ACPI: \_SB_.PCI0.GP12: Overriding _PRW sleep state (S4) by S0 from power resources
[    0.340416] ACPI: \_SB_.PCI0.GP12.SWUS.PWRS: New power resource
[    0.340802] ACPI: \_SB_.PCI0.GP17.PWRS: New power resource
[    0.341198] ACPI: \_SB_.PCI0.GP17.VGA_.PWRS: New power resource
[    0.341725] ACPI: \_SB_.PCI0.GP17.ACP_.PWRS: New power resource
[    0.342391] ACPI: \_SB_.PCI0.GP17.AZAL.PWRS: New power resource
[    0.343058] ACPI: \_SB_.PCI0.GP17.HDAU.PWRS: New power resource
[    0.343475] ACPI: \_SB_.PCI0.GP17.XHC0.PWRS: New power resource
[    0.344214] ACPI: \_SB_.PCI0.GP17.XHC0.RHUB.HS04.BTRT: New power resource
[    0.344821] ACPI: \_SB_.PCI0.GP17.XHC1.PWRS: New power resource
[    0.345563] ACPI: \_SB_.PCI0.GP17.XHC1.BTPR: New power resource
[    0.345751] ACPI: \_SB_.PCI0.GP18.SATA.P0S0: New power resource
[    0.345790] ACPI: \_SB_.PCI0.GP18.SATA.P3S0: New power resource
[    0.346765] ACPI: \_SB_.PCI0.GP19.NHI0.PWRS: New power resource
[    0.346847] ACPI: \_SB_.PCI0.GP19.NHI0: Overriding _PRW sleep state (S3) by S0 from power resources
[    0.347693] ACPI: \_SB_.PCI0.GP19.NHI1.PWRS: New power resource
[    0.347776] ACPI: \_SB_.PCI0.GP19.NHI1: Overriding _PRW sleep state (S3) by S0 from power resources
[    0.348366] ACPI: \_SB_.PCI0.GP19.XHC2.PWRS: New power resource
[    0.349755] ACPI: \_SB_.PCI0.GP19.XHC3.PWRS: New power resource
[    0.351116] ACPI: \_SB_.PCI0.GP19.XHC4.PWRS: New power resource
[    0.362106] ACPI: PCI [REDACTED_USER] Bridge [PCI0] (domain 0000 [bus 00-ff])
[    0.362112] acpi PNP0A08:00: _OSC: OS supports [ExtendedConfig ASPM ClockPM Segments MSI EDR HPX-Type3]
[    0.362352] acpi PNP0A08:00: _OSC: platform does not support [SHPCHotplug AER]
[    0.362808] acpi PNP0A08:00: _OSC: OS now controls [PCIeHotplug PME PCIeCapability LTR DPC]
[    0.362810] acpi PNP0A08:00: FADT indicates ASPM is unsupported, using BIOS configuration
[    0.363350] PCI host bridge to bus 0000:00
[    0.363357] pci_bus 0000:00: [REDACTED_USER] bus resource [mem 0x000a0000-0x000effff window]
[    0.363360] pci_bus 0000:00: [REDACTED_USER] bus resource [mem 0x80000000-0xdfffffff window]
[    0.363362] pci_bus 0000:00: [REDACTED_USER] bus resource [mem 0xf0000000-0xfdbfffff window]
[    0.363364] pci_bus 0000:00: [REDACTED_USER] bus resource [mem 0x480000000-0xffffffffff window]
[    0.363366] pci_bus 0000:00: [REDACTED_USER] bus resource [io  0x0000-0x0cf7 window]
[    0.363367] pci_bus 0000:00: [REDACTED_USER] bus resource [io  0x0d00-0xffff window]
[    0.363370] pci_bus 0000:00: [REDACTED_USER] bus resource [bus 00-ff]
[    0.363382] pci 0000:00:00.0: [1022:14b5] type 00 class 0x060000 conventional PCI endpoint
[    0.363473] pci 0000:00:00.2: [1022:14b6] type 00 class 0x080600 conventional PCI endpoint
[    0.363557] pci 0000:00:01.0: [1022:14b7] type 00 class 0x060000 conventional PCI endpoint
[    0.363632] pci 0000:00:01.2: [1022:14b8] type 01 class 0x060400 PCIe [REDACTED_USER] Port
[    0.363647] pci 0000:00:01.2: PCI bridge to [bus 01]
[    0.363653] pci 0000:00:01.2:   bridge window [mem 0x80a00000-0x80afffff]
[    0.363712] pci 0000:00:01.2: PME# supported from D0 D3hot D3cold
[    0.363871] pci 0000:00:02.0: [1022:14b7] type 00 class 0x060000 conventional PCI endpoint
[    0.363945] pci 0000:00:02.1: [1022:14ba] type 01 class 0x060400 PCIe [REDACTED_USER] Port
[    0.363966] pci 0000:00:02.1: PCI bridge to [bus 02]
[    0.363971] pci 0000:00:02.1:   bridge window [io  0x2000-0x2fff]
[    0.363975] pci 0000:00:02.1:   bridge window [mem 0x80900000-0x809fffff]
[    0.364055] pci 0000:00:02.1: PME# supported from D0 D3hot D3cold
[    0.364238] pci 0000:00:02.2: [1022:14ba] type 01 class 0x060400 PCIe [REDACTED_USER] Port
[    0.364259] pci 0000:00:02.2: PCI bridge to [bus 03]
[    0.364266] pci 0000:00:02.2:   bridge window [mem 0x80800000-0x808fffff]
[    0.364274] pci 0000:00:02.2:   bridge window [mem 0x4c0200000-0x4c02fffff 64bit pref]
[    0.364348] pci 0000:00:02.2: PME# supported from D0 D3hot D3cold
[    0.364526] pci 0000:00:02.4: [1022:14ba] type 01 class 0x060400 PCIe [REDACTED_USER] Port
[    0.364547] pci 0000:00:02.4: PCI bridge to [bus 04]
[    0.364554] pci 0000:00:02.4:   bridge window [mem 0x80700000-0x807fffff]
[    0.364634] pci 0000:00:02.4: PME# supported from D0 D3hot D3cold
[    0.364804] pci 0000:00:03.0: [1022:14b7] type 00 class 0x060000 conventional PCI endpoint
[    0.364879] pci 0000:00:04.0: [1022:14b7] type 00 class 0x060000 conventional PCI endpoint
[    0.364956] pci 0000:00:08.0: [1022:14b7] type 00 class 0x060000 conventional PCI endpoint
[    0.365024] pci 0000:00:08.1: [1022:14b9] type 01 class 0x060400 PCIe [REDACTED_USER] Port
[    0.365039] pci 0000:00:08.1: PCI bridge to [bus 05]
[    0.365043] pci 0000:00:08.1:   bridge window [io  0x1000-0x1fff]
[    0.365046] pci 0000:00:08.1:   bridge window [mem 0x80300000-0x806fffff]
[    0.365052] pci 0000:00:08.1:   bridge window [mem 0x4b0000000-0x4c01fffff 64bit pref]
[    0.365059] pci 0000:00:08.1: enabling Extended Tags
[    0.365099] pci 0000:00:08.1: PME# supported from D0 D3hot D3cold
[    0.365461] pci 0000:00:08.3: [1022:14b9] type 01 class 0x060400 PCIe [REDACTED_USER] Port
[    0.365476] pci 0000:00:08.3: PCI bridge to [bus 06]
[    0.365482] pci 0000:00:08.3:   bridge window [mem 0x80000000-0x802fffff]
[    0.365493] pci 0000:00:08.3: enabling Extended Tags
[    0.365536] pci 0000:00:08.3: PME# supported from D0 D3hot D3cold
[    0.365916] pci 0000:00:14.0: [1022:790b] type 00 class 0x0c0500 conventional PCI endpoint
[    0.366052] pci 0000:00:14.3: [1022:790e] type 00 class 0x060100 conventional PCI endpoint
[    0.366224] pci 0000:00:18.0: [1022:1679] type 00 class 0x060000 conventional PCI endpoint
[    0.366272] pci 0000:00:18.1: [1022:167a] type 00 class 0x060000 conventional PCI endpoint
[    0.366315] pci 0000:00:18.2: [1022:167b] type 00 class 0x060000 conventional PCI endpoint
[    0.366358] pci 0000:00:18.3: [1022:167c] type 00 class 0x060000 conventional PCI endpoint
[    0.366401] pci 0000:00:18.4: [1022:167d] type 00 class 0x060000 conventional PCI endpoint
[    0.366443] pci 0000:00:18.5: [1022:167e] type 00 class 0x060000 conventional PCI endpoint
[    0.366488] pci 0000:00:18.6: [1022:167f] type 00 class 0x060000 conventional PCI endpoint
[    0.366530] pci 0000:00:18.7: [1022:1680] type 00 class 0x060000 conventional PCI endpoint
[    0.366641] pci 0000:01:00.0: [1cc1:627a] type 00 class 0x010802 PCIe Endpoint
[    0.366669] pci 0000:01:00.0: BAR 0 [mem 0x80a00000-0x80a03fff 64bit]
[    0.366857] pci 0000:00:01.2: PCI bridge to [bus 01]
[    0.366936] pci 0000:02:00.0: [10ec:8168] type 00 class 0x020000 PCIe Endpoint
[    0.366983] pci 0000:02:00.0: BAR 0 [io  0x2000-0x20ff]
[    0.366989] pci 0000:02:00.0: BAR 2 [mem 0x80904000-0x80904fff 64bit]
[    0.366993] pci 0000:02:00.0: BAR 4 [mem 0x80900000-0x80903fff 64bit]
[    0.367082] pci 0000:02:00.0: supports D1 D2
[    0.367084] pci 0000:02:00.0: PME# supported from D0 D1 D2 D3hot D3cold
[    0.367305] pci 0000:00:02.1: PCI bridge to [bus 02]
[    0.367802] pci 0000:03:00.0: [14c3:0616] type 00 class 0x028000 PCIe Endpoint
[    0.367893] pci 0000:03:00.0: BAR 0 [mem 0x4c0200000-0x4c02fffff 64bit pref]
[    0.367944] pci 0000:03:00.0: BAR 2 [mem 0x80800000-0x80807fff 64bit]
[    0.368157] pci 0000:03:00.0: PME# supported from D0 D3hot D3cold
[    0.369012] pci 0000:00:02.2: PCI bridge to [bus 03]
[    0.369138] pci 0000:04:00.0: [1c5c:1d59] type 00 class 0x010802 PCIe Endpoint
[    0.369169] pci 0000:04:00.0: BAR 0 [mem 0x80700000-0x80703fff 64bit]
[    0.369438] pci 0000:00:02.4: PCI bridge to [bus 04]
[    0.369558] pci 0000:05:00.0: [1002:1681] type 00 class 0x030000 PCIe Legacy Endpoint
[    0.369583] pci 0000:05:00.0: BAR 0 [mem 0x4b0000000-0x4bfffffff 64bit pref]
[    0.369586] pci 0000:05:00.0: BAR 2 [mem 0x4c0000000-0x4c01fffff 64bit pref]
[    0.369589] pci 0000:05:00.0: BAR 4 [io  0x1000-0x10ff]
[    0.369591] pci 0000:05:00.0: BAR 5 [mem 0x80600000-0x8067ffff]
[    0.369597] pci 0000:05:00.0: enabling Extended Tags
[    0.369738] pci 0000:05:00.0: PME# supported from D1 D2 D3hot D3cold
[    0.370121] pci 0000:05:00.1: [1002:1640] type 00 class 0x040300 PCIe Legacy Endpoint
[    0.370145] pci 0000:05:00.1: BAR 0 [mem 0x806c8000-0x806cbfff]
[    0.370154] pci 0000:05:00.1: enabling Extended Tags
[    0.370190] pci 0000:05:00.1: PME# supported from D1 D2 D3hot D3cold
[    0.370516] pci 0000:05:00.2: [1022:1649] type 00 class 0x108000 PCIe Endpoint
[    0.370609] pci 0000:05:00.2: BAR 2 [mem 0x80500000-0x805fffff]
[    0.370613] pci 0000:05:00.2: BAR 5 [mem 0x806cc000-0x806cdfff]
[    0.370619] pci 0000:05:00.2: enabling Extended Tags
[    0.370772] pci 0000:05:00.3: [1022:161d] type 00 class 0x0c0330 PCIe Endpoint
[    0.370797] pci 0000:05:00.3: BAR 0 [mem 0x80300000-0x803fffff 64bit]
[    0.370806] pci 0000:05:00.3: enabling Extended Tags
[    0.370843] pci 0000:05:00.3: PME# supported from D0 D3hot D3cold
[    0.371184] pci 0000:05:00.4: [1022:161e] type 00 class 0x0c0330 PCIe Endpoint
[    0.371209] pci 0000:05:00.4: BAR 0 [mem 0x80400000-0x804fffff 64bit]
[    0.371218] pci 0000:05:00.4: enabling Extended Tags
[    0.371256] pci 0000:05:00.4: PME# supported from D0 D3hot D3cold
[    0.371594] pci 0000:05:00.5: [1022:15e2] type 00 class 0x048000 PCIe Endpoint
[    0.371618] pci 0000:05:00.5: BAR 0 [mem 0x80680000-0x806bffff]
[    0.371627] pci 0000:05:00.5: enabling Extended Tags
[    0.371663] pci 0000:05:00.5: PME# supported from D0 D3hot D3cold
[    0.371989] pci 0000:05:00.6: [1022:15e3] type 00 class 0x040300 PCIe Endpoint
[    0.372013] pci 0000:05:00.6: BAR 0 [mem 0x806c0000-0x806c7fff]
[    0.372022] pci 0000:05:00.6: enabling Extended Tags
[    0.372058] pci 0000:05:00.6: PME# supported from D0 D3hot D3cold
[    0.372403] pci 0000:00:08.1: PCI bridge to [bus 05]
[    0.372492] pci 0000:06:00.0: [1022:161f] type 00 class 0x0c0330 PCIe Endpoint
[    0.372522] pci 0000:06:00.0: BAR 0 [mem 0x80000000-0x800fffff 64bit]
[    0.372530] pci 0000:06:00.0: enabling Extended Tags
[    0.372577] pci 0000:06:00.0: PME# supported from D0 D3hot D3cold
[    0.372932] pci 0000:06:00.3: [1022:15d6] type 00 class 0x0c0330 PCIe Endpoint
[    0.372958] pci 0000:06:00.3: BAR 0 [mem 0x80100000-0x801fffff 64bit]
[    0.372966] pci 0000:06:00.3: enabling Extended Tags
[    0.373004] pci 0000:06:00.3: PME# supported from D0 D3hot D3cold
[    0.373333] pci 0000:06:00.4: [1022:15d7] type 00 class 0x0c0330 PCIe Endpoint
[    0.373359] pci 0000:06:00.4: BAR 0 [mem 0x80200000-0x802fffff 64bit]
[    0.373368] pci 0000:06:00.4: enabling Extended Tags
[    0.373406] pci 0000:06:00.4: PME# supported from D0 D3hot D3cold
[    0.373749] pci 0000:00:08.3: PCI bridge to [bus 06]
[    0.380126] ACPI: PCI: Interrupt link LNKA configured for IRQ 0
[    0.380222] ACPI: PCI: Interrupt link LNKB configured for IRQ 0
[    0.380296] ACPI: PCI: Interrupt link LNKC configured for IRQ 0
[    0.380389] ACPI: PCI: Interrupt link LNKD configured for IRQ 0
[    0.380477] ACPI: PCI: Interrupt link LNKE configured for IRQ 0
[    0.380545] ACPI: PCI: Interrupt link LNKF configured for IRQ 0
[    0.380613] ACPI: PCI: Interrupt link LNKG configured for IRQ 0
[    0.380681] ACPI: PCI: Interrupt link LNKH configured for IRQ 0
[    0.383467] Low-power S0 idle used by default for system suspend
[    0.383670] ACPI: EC: interrupt unblocked
[    0.383671] ACPI: EC: event unblocked
[    0.383676] ACPI: EC: EC_CMD/EC_SC=0x66, EC_DATA=0x62
[    0.383677] ACPI: EC: GPE=0x7
[    0.383679] ACPI: \_SB_.PCI0.LPC0.EC0_: Boot DSDT EC initialization complete
[    0.383681] ACPI: \_SB_.PCI0.LPC0.EC0_: EC: Used to handle transactions and events
[    0.383797] iommu: Default domain type: Translated
[    0.383797] iommu: DMA domain TLB invalidation policy: lazy mode
[    0.384798] SCSI subsystem initialized
[    0.384806] libata version 3.00 loaded.
[    0.384806] ACPI: bus type USB registered
[    0.384806] usbcore: registered new interface driver usbfs
[    0.384806] usbcore: registered new interface driver hub
[    0.384806] usbcore: registered new device driver usb
[    0.404043] pps_core: LinuxPPS API ver. 1 registered
[    0.404045] pps_core: Software ver. 5.3.6 - Copyright 2005-2007 Rodolfo Giometti <[REDACTED_USER]@linux.it>
[    0.404049] PTP clock support registered
[    0.404705] EDAC MC: Ver: 3.0.0
[    0.405010] efivars: Registered efivars operations
[    0.405010] NetLabel: Initializing
[    0.405010] NetLabel:  domain hash size = 128
[    0.405010] NetLabel:  protocols = UNLABELED CIPSOv4 CALIPSO
[    0.405010] NetLabel:  unlabeled traffic allowed by default
[    0.405010] mctp: management component transport protocol core
[    0.405010] NET: Registered PF_MCTP protocol family
[    0.405012] PCI: Using ACPI for IRQ routing
[    0.413716] PCI: pci_cache_line_size set to 64 bytes
[    0.414215] e820: reserve RAM buffer [mem 0x09c00000-0x0bffffff]
[    0.414217] e820: reserve RAM buffer [mem 0x09f00000-0x0bffffff]
[    0.414218] e820: reserve RAM buffer [mem 0x4357e000-0x43ffffff]
[    0.414220] e820: reserve RAM buffer [mem 0x6e5e8000-0x6fffffff]
[    0.414221] e820: reserve RAM buffer [mem 0x7110c000-0x73ffffff]
[    0.414222] e820: reserve RAM buffer [mem 0x747fe000-0x77ffffff]
[    0.414223] e820: reserve RAM buffer [mem 0x79ffd000-0x7bffffff]
[    0.414225] e820: reserve RAM buffer [mem 0x43e300000-0x43fffffff]
[    0.414732] pci 0000:05:00.0: vgaarb: setting as boot VGA device
[    0.414732] pci 0000:05:00.0: vgaarb: bridge control possible
[    0.414732] pci 0000:05:00.0: vgaarb: VGA device added: decodes=io+mem,owns=none,locks=none
[    0.414732] vgaarb: loaded
[    0.414756] hpet0: at MMIO 0xfed00000, IRQs 2, 8, 0
[    0.414761] hpet0: 3 comparators, 32-bit 14.318180 MHz counter
[    0.416748] clocksource: Switched to clocksource hpet
[    0.418228] VFS: Disk quotas dquot_6.6.0
[    0.418238] VFS: Dquot-cache hash table entries: 512 (order 0, 4096 bytes)
[    0.418353] pnp: PnP ACPI init
[    0.418682] system 00:00: [mem 0xfec00000-0xfec01fff] could not be reserved
[    0.418686] system 00:00: [mem 0xfee00000-0xfee00fff] has been reserved
[    0.418689] system 00:00: [mem 0xe0000000-0xefffffff] has been reserved
[    0.420637] system 00:02: [io  0x0400-0x04cf] has been reserved
[    0.420640] system 00:02: [io  0x04d0-0x04d1] has been reserved
[    0.420642] system 00:02: [io  0x04d6] has been reserved
[    0.420644] system 00:02: [io  0x0c00-0x0c01] has been reserved
[    0.420646] system 00:02: [io  0x0c14] has been reserved
[    0.420648] system 00:02: [io  0x0c50-0x0c52] has been reserved
[    0.420650] system 00:02: [io  0x0c6c] has been reserved
[    0.420651] system 00:02: [io  0x0c6f] has been reserved
[    0.420653] system 00:02: [io  0x0cd0-0x0cdb] has been reserved
[    0.420756] system 00:03: [mem 0x000e0000-0x000fffff] could not be reserved
[    0.420759] system 00:03: [mem 0x00000000-0x01ffffff] could not be reserved
[    0.420761] system 00:03: [mem 0xffffffe0-0xffffffff] has been reserved
[    0.420764] system 00:03: [mem 0xfed00000-0xfed003ff] has been reserved
[    0.420766] system 00:03: [mem 0xfed61000-0xfed613ff] has been reserved
[    0.420769] system 00:03: [mem 0xfed80000-0xfed80fff] has been reserved
[    0.426542] pnp: PnP ACPI: found 6 devices
[    0.433518] clocksource: acpi_pm: mask: 0xffffff max_cycles: 0xffffff, max_idle_ns: 2085701024 ns
[    0.433622] NET: Registered PF_INET protocol family
[    0.433838] IP idents hash table entries: 262144 (order: 9, 2097152 bytes, linear)
[    0.448520] tcp_listen_portaddr_hash hash table entries: 8192 (order: 5, 131072 bytes, linear)
[    0.448550] Table-perturb hash table entries: 65536 (order: 6, 262144 bytes, linear)
[    0.448627] TCP established hash table entries: 131072 (order: 8, 1048576 bytes, linear)
[    0.448832] TCP bind hash table entries: 65536 (order: 9, 2097152 bytes, linear)
[    0.448928] TCP: Hash tables configured (established 131072 bind 65536)
[    0.449043] MPTCP token hash table entries: 16384 (order: 6, 393216 bytes, linear)
[    0.449102] UDP hash table entries: 8192 (order: 7, 524288 bytes, linear)
[    0.449169] UDP-Lite hash table entries: 8192 (order: 7, 524288 bytes, linear)
[    0.449264] NET: Registered PF_UNIX/PF_LOCAL protocol family
[    0.449272] NET: Registered PF_XDP protocol family
[    0.449293] pci 0000:00:01.2: PCI bridge to [bus 01]
[    0.449304] pci 0000:00:01.2:   bridge window [mem 0x80a00000-0x80afffff]
[    0.449310] pci 0000:00:02.1: PCI bridge to [bus 02]
[    0.449313] pci 0000:00:02.1:   bridge window [io  0x2000-0x2fff]
[    0.449317] pci 0000:00:02.1:   bridge window [mem 0x80900000-0x809fffff]
[    0.449324] pci 0000:00:02.2: PCI bridge to [bus 03]
[    0.449328] pci 0000:00:02.2:   bridge window [mem 0x80800000-0x808fffff]
[    0.449331] pci 0000:00:02.2:   bridge window [mem 0x4c0200000-0x4c02fffff 64bit pref]
[    0.449337] pci 0000:00:02.4: PCI bridge to [bus 04]
[    0.449340] pci 0000:00:02.4:   bridge window [mem 0x80700000-0x807fffff]
[    0.449349] pci 0000:00:08.1: PCI bridge to [bus 05]
[    0.449352] pci 0000:00:08.1:   bridge window [io  0x1000-0x1fff]
[    0.449357] pci 0000:00:08.1:   bridge window [mem 0x80300000-0x806fffff]
[    0.449360] pci 0000:00:08.1:   bridge window [mem 0x4b0000000-0x4c01fffff 64bit pref]
[    0.449365] pci 0000:00:08.3: PCI bridge to [bus 06]
[    0.449368] pci 0000:00:08.3:   bridge window [mem 0x80000000-0x802fffff]
[    0.449375] pci_bus 0000:00: resource 4 [mem 0x000a0000-0x000effff window]
[    0.449377] pci_bus 0000:00: resource 5 [mem 0x80000000-0xdfffffff window]
[    0.449379] pci_bus 0000:00: resource 6 [mem 0xf0000000-0xfdbfffff window]
[    0.449381] pci_bus 0000:00: resource 7 [mem 0x480000000-0xffffffffff window]
[    0.449383] pci_bus 0000:00: resource 8 [io  0x0000-0x0cf7 window]
[    0.449385] pci_bus 0000:00: resource 9 [io  0x0d00-0xffff window]
[    0.449387] pci_bus 0000:01: resource 1 [mem 0x80a00000-0x80afffff]
[    0.449389] pci_bus 0000:02: resource 0 [io  0x2000-0x2fff]
[    0.449391] pci_bus 0000:02: resource 1 [mem 0x80900000-0x809fffff]
[    0.449393] pci_bus 0000:03: resource 1 [mem 0x80800000-0x808fffff]
[    0.449395] pci_bus 0000:03: resource 2 [mem 0x4c0200000-0x4c02fffff 64bit pref]
[    0.449397] pci_bus 0000:04: resource 1 [mem 0x80700000-0x807fffff]
[    0.449399] pci_bus 0000:05: resource 0 [io  0x1000-0x1fff]
[    0.449400] pci_bus 0000:05: resource 1 [mem 0x80300000-0x806fffff]
[    0.449402] pci_bus 0000:05: resource 2 [mem 0x4b0000000-0x4c01fffff 64bit pref]
[    0.449404] pci_bus 0000:06: resource 1 [mem 0x80000000-0x802fffff]
[    0.449899] pci 0000:05:00.1: D0 power state depends on 0000:05:00.0
[    0.450940] PCI: CLS 32 bytes, default 64
[    0.450970] pci 0000:00:00.2: AMD-Vi: IOMMU performance counters supported
[    0.451040] Trying to unpack rootfs image as initramfs...
[    0.451058] pci 0000:00:01.0: Adding to iommu group 0
[    0.451075] pci 0000:00:01.2: Adding to iommu group 1
[    0.451100] pci 0000:00:02.0: Adding to iommu group 2
[    0.451117] pci 0000:00:02.1: Adding to iommu group 3
[    0.451134] pci 0000:00:02.2: Adding to iommu group 4
[    0.451150] pci 0000:00:02.4: Adding to iommu group 5
[    0.451171] pci 0000:00:03.0: Adding to iommu group 6
[    0.451192] pci 0000:00:04.0: Adding to iommu group 7
[    0.451220] pci 0000:00:08.0: Adding to iommu group 8
[    0.451236] pci 0000:00:08.1: Adding to iommu group 9
[    0.451253] pci 0000:00:08.3: Adding to iommu group 10
[    0.451284] pci 0000:00:14.0: Adding to iommu group 11
[    0.451299] pci 0000:00:14.3: Adding to iommu group 11
[    0.451364] pci 0000:00:18.0: Adding to iommu group 12
[    0.451381] pci 0000:00:18.1: Adding to iommu group 12
[    0.451395] pci 0000:00:18.2: Adding to iommu group 12
[    0.451410] pci 0000:00:18.3: Adding to iommu group 12
[    0.451426] pci 0000:00:18.4: Adding to iommu group 12
[    0.451443] pci 0000:00:18.5: Adding to iommu group 12
[    0.451458] pci 0000:00:18.6: Adding to iommu group 12
[    0.451474] pci 0000:00:18.7: Adding to iommu group 12
[    0.451512] pci 0000:01:00.0: Adding to iommu group 13
[    0.451530] pci 0000:02:00.0: Adding to iommu group 14
[    0.451548] pci 0000:03:00.0: Adding to iommu group 15
[    0.451569] pci 0000:04:00.0: Adding to iommu group 16
[    0.451599] pci 0000:05:00.0: Adding to iommu group 17
[    0.451617] pci 0000:05:00.1: Adding to iommu group 18
[    0.451638] pci 0000:05:00.2: Adding to iommu group 19
[    0.451656] pci 0000:05:00.3: Adding to iommu group 20
[    0.451676] pci 0000:05:00.4: Adding to iommu group 21
[    0.451696] pci 0000:05:00.5: Adding to iommu group 22
[    0.451714] pci 0000:05:00.6: Adding to iommu group 23
[    0.451736] pci 0000:06:00.0: Adding to iommu group 24
[    0.451756] pci 0000:06:00.3: Adding to iommu group 25
[    0.451775] pci 0000:06:00.4: Adding to iommu group 26
[    0.454673] AMD-Vi: Extended features (0x246577efa2254afa, 0x0): PPR NX GT [5] IA GA PC GA_vAPIC
[    0.454685] AMD-Vi: Interrupt remapping enabled
[    0.454894] AMD-Vi: Virtual APIC enabled
[    0.454906] PCI-DMA: Using software bounce buffering for IO (SWIOTLB)
[    0.454908] software IO TLB: mapped [mem 0x000000006a5e8000-0x000000006e5e8000] (64MB)
[    0.454966] LVT offset 0 assigned for vector 0x400
[    0.458786] perf: AMD IBS detected (0x000003fd)
[    0.464768] amd_uncore: 4 amd_df counters detected
[    0.464781] amd_uncore: 6 amd_l3 counters detected
[    0.465749] perf/amd_iommu: Detected AMD IOMMU #0 (2 banks, 4 counters/bank).
[    0.495038] Initialise system trusted keyrings
[    0.495053] Key type blacklist registered
[    0.495171] workingset: timestamp_bits=36 max_order=22 bucket_order=0
[    0.495931] integrity: Platform Keyring initialized
[    0.495937] integrity: Machine keyring initialized
[    0.496069] cryptd: max_cpu_qlen set to 1000
[    0.506361] NET: Registered PF_ALG protocol family
[    0.506376] xor: automatically using best checksumming function   avx       
[    0.506379] Key type asymmetric registered
[    0.506381] Asymmetric key parser 'x509' registered
[    0.607576] Freeing initrd memory: 63776K
[    0.612862] Block layer SCSI generic (bsg) driver version 0.4 loaded (major 245)
[    0.612974] io scheduler mq-deadline registered
[    0.612978] io scheduler kyber registered
[    0.613002] io scheduler bfq registered
[    0.614443] atomic64_test: passed for x86-64 platform with CX8 and with SSE
[    0.616209] pcieport 0000:00:01.2: PME: Signaling with IRQ 33
[    0.616408] pcieport 0000:00:02.1: PME: Signaling with IRQ 34
[    0.616607] pcieport 0000:00:02.2: PME: Signaling with IRQ 35
[    0.616802] pcieport 0000:00:02.4: PME: Signaling with IRQ 36
[    0.616987] pcieport 0000:00:08.1: PME: Signaling with IRQ 37
[    0.617150] pcieport 0000:00:08.3: PME: Signaling with IRQ 38
[    0.624088] ACPI: AC: AC Adapter [AC] (on-line)
[    0.624146] input: Power Button as /devices/LNXSYSTM:00/LNXSYBUS:00/PNP0C0C:00/input/input0
[    0.624171] ACPI: button: Power Button [PWRB]
[    0.624215] input: Lid Switch as /devices/LNXSYSTM:00/LNXSYBUS:00/PNP0C0D:00/input/input1
[    0.624286] ACPI: button: Lid Switch [LID]
[    0.624319] input: Sleep Button as /devices/LNXSYSTM:00/LNXSYBUS:00/PNP0C0E:00/input/input2
[    0.624368] ACPI: button: Sleep Button [SLPB]
[    0.624405] input: Power Button as /devices/LNXSYSTM:00/LNXPWRBN:00/input/input3
[    0.624462] ACPI: button: Power Button [PWRF]
[    0.624963] Monitor-Mwait will be used to enter C-1 state
[    0.629277] Estimated ratio of average max frequency by base frequency (times 1024): 1284
[    0.645740] ACPI: thermal: [Firmware Bug]: Invalid critical threshold (-274000)
[    0.666177] ACPI: thermal: [Firmware Bug]: No valid trip points!
[    0.677992] thermal LNXTHERM:00: registered as thermal_zone0
[    0.678004] ACPI: thermal: Thermal Zone [THM0] (68 C)
[    0.678527] thermal LNXTHERM:01: registered as thermal_zone1
[    0.678533] ACPI: thermal: Thermal Zone [TZ01] (20 C)
[    0.679021] Serial: 8250/16550 driver, 32 ports, IRQ sharing enabled
[    0.682175] Non-volatile memory driver v1.3
[    0.682181] Linux agpgart interface v0.103
[    0.684669] tpm_tis NTC0702:00: 2.0 TPM (device-id 0xFC, rev-id 1)
[    0.744889] ACPI: battery: Slot [BAT0] (battery present)
[    0.802295] ACPI: bus type drm_connector registered
[    0.805938] xhci_hcd 0000:05:00.3: xHCI Host Controller
[    0.806018] xhci_hcd 0000:05:00.3: new USB bus registered, assigned bus number 1
[    0.806405] xhci_hcd 0000:05:00.3: hcc params 0x0120ffc5 hci version 0x120 quirks 0x0000000200000010
[    0.806674] xhci_hcd 0000:05:00.3: xHCI Host Controller
[    0.806737] xhci_hcd 0000:05:00.3: new USB bus registered, assigned bus number 2
[    0.806740] xhci_hcd 0000:05:00.3: Host supports USB 3.1 Enhanced SuperSpeed
[    0.806795] usb usb1: New USB device found, idVendor=1d6b, idProduct=0002, bcdDevice= 6.16
[    0.806798] usb usb1: New USB device strings: Mfr=3, Product=2, SerialNumber=1
[    0.806800] usb usb1: Product: xHCI Host Controller
[    0.806802] usb usb1: Manufacturer: Linux 6.16.11-200.fc42.x86_64 xhci-hcd
[    0.806803] usb usb1: SerialNumber: 0000:05:00.3
[    0.806950] hub 1-0:1.0: USB hub found
[    0.806964] hub 1-0:1.0: 4 ports detected
[    0.807209] usb usb2: We don't know the algorithms for LPM for this host, disabling LPM.
[    0.807240] usb usb2: New USB device found, idVendor=1d6b, idProduct=0003, bcdDevice= 6.16
[    0.807242] usb usb2: New USB device strings: Mfr=3, Product=2, SerialNumber=1
[    0.807244] usb usb2: Product: xHCI Host Controller
[    0.807246] usb usb2: Manufacturer: Linux 6.16.11-200.fc42.x86_64 xhci-hcd
[    0.807247] usb usb2: SerialNumber: 0000:05:00.3
[    0.807381] hub 2-0:1.0: USB hub found
[    0.807393] hub 2-0:1.0: 2 ports detected
[    0.807747] xhci_hcd 0000:05:00.4: xHCI Host Controller
[    0.807799] xhci_hcd 0000:05:00.4: new USB bus registered, assigned bus number 3
[    0.808165] xhci_hcd 0000:05:00.4: hcc params 0x0120ffc5 hci version 0x120 quirks 0x0000000200000010
[    0.808411] xhci_hcd 0000:05:00.4: xHCI Host Controller
[    0.808452] xhci_hcd 0000:05:00.4: new USB bus registered, assigned bus number 4
[    0.808454] xhci_hcd 0000:05:00.4: Host supports USB 3.1 Enhanced SuperSpeed
[    0.808490] usb usb3: New USB device found, idVendor=1d6b, idProduct=0002, bcdDevice= 6.16
[    0.808492] usb usb3: New USB device strings: Mfr=3, Product=2, SerialNumber=1
[    0.808494] usb usb3: Product: xHCI Host Controller
[    0.808501] usb usb3: Manufacturer: Linux 6.16.11-200.fc42.x86_64 xhci-hcd
[    0.808502] usb usb3: SerialNumber: 0000:05:00.4
[    0.808616] hub 3-0:1.0: USB hub found
[    0.808628] hub 3-0:1.0: 3 ports detected
[    0.808852] usb usb4: We don't know the algorithms for LPM for this host, disabling LPM.
[    0.808879] usb usb4: New USB device found, idVendor=1d6b, idProduct=0003, bcdDevice= 6.16
[    0.808881] usb usb4: New USB device strings: Mfr=3, Product=2, SerialNumber=1
[    0.808883] usb usb4: Product: xHCI Host Controller
[    0.808884] usb usb4: Manufacturer: Linux 6.16.11-200.fc42.x86_64 xhci-hcd
[    0.808885] usb usb4: SerialNumber: 0000:05:00.4
[    0.808994] hub 4-0:1.0: USB hub found
[    0.809006] hub 4-0:1.0: 2 ports detected
[    0.809324] xhci_hcd 0000:06:00.0: xHCI Host Controller
[    0.809367] xhci_hcd 0000:06:00.0: new USB bus registered, assigned bus number 5
[    0.810637] xhci_hcd 0000:06:00.0: USB3 [REDACTED_USER] hub has no ports
[    0.810655] xhci_hcd 0000:06:00.0: hcc params 0x0110ffc5 hci version 0x120 quirks 0x0000000200000010
[    0.810882] xhci_hcd 0000:06:00.0: xHCI Host Controller
[    0.810923] xhci_hcd 0000:06:00.0: new USB bus registered, assigned bus number 6
[    0.810925] xhci_hcd 0000:06:00.0: Host supports USB 3.0 SuperSpeed
[    0.810965] usb usb5: New USB device found, idVendor=1d6b, idProduct=0002, bcdDevice= 6.16
[    0.810967] usb usb5: New USB device strings: Mfr=3, Product=2, SerialNumber=1
[    0.810969] usb usb5: Product: xHCI Host Controller
[    0.810970] usb usb5: Manufacturer: Linux 6.16.11-200.fc42.x86_64 xhci-hcd
[    0.810971] usb usb5: SerialNumber: 0000:06:00.0
[    0.811074] hub 5-0:1.0: USB hub found
[    0.811086] hub 5-0:1.0: 1 port detected
[    0.811202] usb usb6: We don't know the algorithms for LPM for this host, disabling LPM.
[    0.811227] usb usb6: New USB device found, idVendor=1d6b, idProduct=0003, bcdDevice= 6.16
[    0.811229] usb usb6: New USB device strings: Mfr=3, Product=2, SerialNumber=1
[    0.811230] usb usb6: Product: xHCI Host Controller
[    0.811232] usb usb6: Manufacturer: Linux 6.16.11-200.fc42.x86_64 xhci-hcd
[    0.811233] usb usb6: SerialNumber: 0000:06:00.0
[    0.811339] hub 6-0:1.0: USB hub found
[    0.811345] hub 6-0:1.0: config failed, hub doesn't have any ports! (err -19)
[    0.811537] xhci_hcd 0000:06:00.3: xHCI Host Controller
[    0.811593] xhci_hcd 0000:06:00.3: new USB bus registered, assigned bus number 7
[    0.812900] xhci_hcd 0000:06:00.3: hcc params 0x0110ffc5 hci version 0x120 quirks 0x0000000200000010
[    0.813356] xhci_hcd 0000:06:00.3: xHCI Host Controller
[    0.813403] xhci_hcd 0000:06:00.3: new USB bus registered, assigned bus number 8
[    0.813406] xhci_hcd 0000:06:00.3: Host supports USB 3.1 Enhanced SuperSpeed
[    0.813442] usb usb7: New USB device found, idVendor=1d6b, idProduct=0002, bcdDevice= 6.16
[    0.813444] usb usb7: New USB device strings: Mfr=3, Product=2, SerialNumber=1
[    0.813445] usb usb7: Product: xHCI Host Controller
[    0.813447] usb usb7: Manufacturer: Linux 6.16.11-200.fc42.x86_64 xhci-hcd
[    0.813448] usb usb7: SerialNumber: 0000:06:00.3
[    0.813554] hub 7-0:1.0: USB hub found
[    0.813565] hub 7-0:1.0: 1 port detected
[    0.813688] usb usb8: We don't know the algorithms for LPM for this host, disabling LPM.
[    0.813713] usb usb8: New USB device found, idVendor=1d6b, idProduct=0003, bcdDevice= 6.16
[    0.813715] usb usb8: New USB device strings: Mfr=3, Product=2, SerialNumber=1
[    0.813717] usb usb8: Product: xHCI Host Controller
[    0.813718] usb usb8: Manufacturer: Linux 6.16.11-200.fc42.x86_64 xhci-hcd
[    0.813720] usb usb8: SerialNumber: 0000:06:00.3
[    0.813825] hub 8-0:1.0: USB hub found
[    0.813835] hub 8-0:1.0: 1 port detected
[    0.814446] xhci_hcd 0000:06:00.4: xHCI Host Controller
[    0.814493] xhci_hcd 0000:06:00.4: new USB bus registered, assigned bus number 9
[    0.814866] xhci_hcd 0000:06:00.4: hcc params 0x0110ffc5 hci version 0x120 quirks 0x0000000200000010
[    0.815324] xhci_hcd 0000:06:00.4: xHCI Host Controller
[    0.815372] xhci_hcd 0000:06:00.4: new USB bus registered, assigned bus number 10
[    0.815375] xhci_hcd 0000:06:00.4: Host supports USB 3.1 Enhanced SuperSpeed
[    0.815416] usb usb9: New USB device found, idVendor=1d6b, idProduct=0002, bcdDevice= 6.16
[    0.815418] usb usb9: New USB device strings: Mfr=3, Product=2, SerialNumber=1
[    0.815420] usb usb9: Product: xHCI Host Controller
[    0.815422] usb usb9: Manufacturer: Linux 6.16.11-200.fc42.x86_64 xhci-hcd
[    0.815424] usb usb9: SerialNumber: 0000:06:00.4
[    0.815557] hub 9-0:1.0: USB hub found
[    0.815568] hub 9-0:1.0: 1 port detected
[    0.815693] usb usb10: We don't know the algorithms for LPM for this host, disabling LPM.
[    0.815719] usb usb10: New USB device found, idVendor=1d6b, idProduct=0003, bcdDevice= 6.16
[    0.815721] usb usb10: New USB device strings: Mfr=3, Product=2, SerialNumber=1
[    0.815722] usb usb10: Product: xHCI Host Controller
[    0.815724] usb usb10: Manufacturer: Linux 6.16.11-200.fc42.x86_64 xhci-hcd
[    0.815725] usb usb10: SerialNumber: 0000:06:00.4
[    0.815833] hub 10-0:1.0: USB hub found
[    0.815844] hub 10-0:1.0: 1 port detected
[    0.816389] usbcore: registered new interface driver usbserial_generic
[    0.816395] usbserial: USB Serial support registered for generic
[    0.816427] i8042: PNP: PS/2 Controller [PNP0303:KBD,PNP0f13:MOU] at 0x60,0x64 irq 1,12
[    0.823470] serio: i8042 KBD port at 0x60,0x64 irq 1
[    0.823475] serio: i8042 AUX port at 0x60,0x64 irq 12
[    0.823572] mousedev: PS/2 mouse device common for all mice
[    0.823749] rtc_cmos 00:01: RTC can wake from S4
[    0.824119] rtc_cmos 00:01: registered as rtc0
[    0.824182] rtc_cmos 00:01: setting system clock to 2025-10-29T18:37:51 UTC (1761763071)
[    0.824250] rtc_cmos 00:01: alarms up to one month, y3k, 114 bytes nvram
[    0.824308] device-mapper: core: CONFIG_IMA_DISABLE_HTABLE is disabled. Duplicate IMA measurements will not be recorded in the IMA log.
[    0.824323] device-mapper: uevent: version 1.0.3
[    0.824439] device-mapper: ioctl: 4.50.0-ioctl (2025-04-28) initialised: [REDACTED_USER]@lists.linux.dev
[    0.825364] input: AT Translated Set 2 keyboard as /devices/platform/i8042/serio0/input/input4
[    0.827154] simple-framebuffer simple-framebuffer.0: [drm] Registered 1 planes with drm panic
[    0.827158] [drm] Initialized simpledrm 1.0.0 for simple-framebuffer.0 on minor 0
[    0.830157] fbcon: Deferring console take-over
[    0.830161] simple-framebuffer simple-framebuffer.0: [drm] fb0: simpledrmdrmfb frame buffer device
[    0.834183] ccp 0000:05:00.2: enabling device (0000 -> 0002)
[    0.835838] ccp 0000:05:00.2: tee enabled
[    0.836098] ccp 0000:05:00.2: psp enabled
[    0.836156] hid: raw HID events driver (C) Jiri Kosina
[    0.836206] usbcore: registered new interface driver usbhid
[    0.836208] usbhid: USB HID core driver
[    0.836365] drop_monitor: Initializing network drop monitor service
[    0.836468] Initializing XFRM netlink socket
[    0.836519] NET: Registered PF_INET6 protocol family
[    0.840764] Segment Routing with IPv6
[    0.840767] RPL Segment Routing with IPv6
[    0.840779] In-situ OAM (IOAM) with IPv6
[    0.840806] mip6: Mobile IPv6
[    0.840811] NET: Registered PF_PACKET protocol family
[    0.843443] x86/amd: Previous system reset reason [0x00080800]: software wrote 0x6 to reset control register 0xCF9
[    0.843454] microcode: Current revision: 0x0a40410a
[    0.844247] resctrl: L3 allocation detected
[    0.844249] resctrl: MB allocation detected
[    0.844250] resctrl: L3 monitoring detected
[    0.844285] IPI shorthand broadcast: enabled
[    0.847877] registered taskstats version 1
[    0.848872] Loading compiled-in X.509 certificates
[    0.855999] Loaded X.509 cert 'Fedora kernel signing key: 8ab8b941855c145c9980bfac354794686402d927'
[    0.874125] Loaded X.509 cert 'Fedora IMA CA: a8a00c31663f853f9c6ff2564872e378af026b28'
[    0.881056] Demotion targets for Node 0: null
[    0.881059] page_owner is disabled
[    0.881097] Key type .fscrypt registered
[    0.881098] Key type fscrypt-provisioning registered
[    0.881985] Btrfs loaded, zoned=yes, fsverity=yes
[    0.882023] Key type big_key registered
[    0.882034] Key type trusted registered
[    0.882619] Key type encrypted registered
[    0.883145] integrity: Loading X.509 certificate: UEFI:db
[    0.883187] integrity: Loaded X.509 cert 'Lenovo Ltd.: ThinkPad Product CA 2012: 838b1f54c1550463f45f98700640f11069265949'
[    0.883189] integrity: Loading X.509 certificate: UEFI:db
[    0.883203] integrity: Loaded X.509 cert 'Lenovo UEFI CA 2014: 4b91a68732eaefdd2c8ffffc6b027ec3449e9c8f'
[    0.883204] integrity: Loading X.509 certificate: UEFI:db
[    0.883219] integrity: Loaded X.509 cert 'Microsoft Windows Production PCA 2011: a92902398e16c49778cd90f99e4f9ae17c55af53'
[    0.883221] integrity: Loading X.509 certificate: UEFI:db
[    0.883230] integrity: Loaded X.509 cert 'Microsoft Corporation: Windows UEFI CA 2023: aefc5fbbbe055d8f8daa585473499417ab5a5272'
[    0.884426] blacklist: Duplicate blacklisted hash bin:80b4d96931bf0d02fd91a61e19d14f1da452e66db2408ca8604d411f92659f0a
[    0.884430] blacklist: Duplicate blacklisted hash bin:f52f83a3fa9cfbd6920f722824dbe4034534d25b8507246b3b957dac6e1bce7a
[    0.884433] blacklist: Duplicate blacklisted hash bin:c5d9d8a186e2c82d09afaa2a6f7f2e73870d3e64f72c4e08ef67796a840f0fbd
[    0.884436] blacklist: Duplicate blacklisted hash bin:1aec84b84b6c65a51220a9be7181965230210d62d6d33c48999c6b295a2b0a06
[    0.884439] blacklist: Duplicate blacklisted hash bin:c3a99a460da464a057c3586d83cef5f4ae08b7103979ed8932742df0ed530c66
[    0.884443] blacklist: Duplicate blacklisted hash bin:58fb941aef95a25943b3fb5f2510a0df3fe44c58c95e0ab80487297568ab9771
[    0.884446] blacklist: Duplicate blacklisted hash bin:5391c3a2fb112102a6aa1edc25ae77e19f5d6f09cd09eeb2509922bfcd5992ea
[    0.884449] blacklist: Duplicate blacklisted hash bin:d626157e1d6a718bc124ab8da27cbb65072ca03a7b6b257dbdcbbd60f65ef3d1
[    0.884452] blacklist: Duplicate blacklisted hash bin:d063ec28f67eba53f1642dbf7dff33c6a32add869f6013fe162e2c32f1cbe56d
[    0.884455] blacklist: Duplicate blacklisted hash bin:29c6eb52b43c3aa18b2cd8ed6ea8607cef3cfae1bafe1165755cf2e614844a44
[    0.884458] blacklist: Duplicate blacklisted hash bin:90fbe70e69d633408d3e170c6832dbb2d209e0272527dfb63d49d29572a6f44c
[    0.884461] blacklist: Duplicate blacklisted hash bin:106faceacfecfd4e303b74f480a08098e2d0802b936f8ec774ce21f31686689c
[    0.884464] blacklist: Duplicate blacklisted hash bin:174e3a0b5b43c6a607bbd3404f05341e3dcf396267ce94f8b50e2e23a9da920c
[    0.884467] blacklist: Duplicate blacklisted hash bin:2b99cf26422e92fe365fbf4bc30d27086c9ee14b7a6fff44fb2f6b9001699939
[    0.884470] blacklist: Duplicate blacklisted hash bin:2e70916786a6f773511fa7181fab0f1d70b557c6322ea923b2a8d3b92b51af7d
[    0.884473] blacklist: Duplicate blacklisted hash bin:3fce9b9fdf3ef09d5452b0f95ee481c2b7f06d743a737971558e70136ace3e73
[    0.884476] blacklist: Duplicate blacklisted hash bin:47cc086127e2069a86e03a6bef2cd410f8c55a6d6bdb362168c31b2ce32a5adf
[    0.884480] blacklist: Duplicate blacklisted hash bin:71f2906fd222497e54a34662ab2497fcc81020770ff51368e9e3d9bfcbfd6375
[    0.884483] blacklist: Duplicate blacklisted hash bin:82db3bceb4f60843ce9d97c3d187cd9b5941cd3de8100e586f2bda5637575f67
[    0.884486] blacklist: Duplicate blacklisted hash bin:8ad64859f195b5f58dafaa940b6a6167acd67a886e8f469364177221c55945b9
[    0.884490] blacklist: Duplicate blacklisted hash bin:8d8ea289cfe70a1c07ab7365cb28ee51edd33cf2506de888fbadd60ebf80481c
[    0.884502] blacklist: Duplicate blacklisted hash bin:aeebae3151271273ed95aa2e671139ed31a98567303a332298f83709a9d55aa1
[    0.884506] blacklist: Duplicate blacklisted hash bin:c409bdac4775add8db92aa22b5b718fb8c94a1462c1fe9a416b95d8a3388c2fc
[    0.884510] blacklist: Duplicate blacklisted hash bin:c617c1a8b1ee2a811c28b5a81b4c83d7c98b5b0c27281d610207ebe692c2967f
[    0.884515] blacklist: Duplicate blacklisted hash bin:c90f336617b8e7f983975413c997f10b73eb267fd8a10cb9e3bdbfc667abdb8b
[    0.884519] blacklist: Duplicate blacklisted hash bin:64575bd912789a2e14ad56f6341f52af6bf80cf94400785975e9f04e2d64d745
[    0.884523] blacklist: Duplicate blacklisted hash bin:45c7c8ae750acfbb48fc37527d6412dd644daed8913ccd8a24c94d856967df8e
[    0.885858] Loading compiled-in module X.509 certificates
[    0.886206] Loaded X.509 cert 'Fedora kernel signing key: 8ab8b941855c145c9980bfac354794686402d927'
[    0.886211] ima: Allocated hash algorithm: sha256
[    0.950997] ima: No architecture policies found
[    0.951050] evm: Initialising EVM extended attributes:
[    0.951053] evm: security.selinux
[    0.951056] evm: security.SMACK64 (disabled)
[    0.951058] evm: security.SMACK64EXEC (disabled)
[    0.951060] evm: security.SMACK64TRANSMUTE (disabled)
[    0.951062] evm: security.SMACK64MMAP (disabled)
[    0.951064] evm: security.apparmor (disabled)
[    0.951066] evm: security.ima
[    0.951068] evm: security.capability
[    0.951070] evm: HMAC attrs: 0x1
[    0.953511] alg: No test for 842 (842-scomp)
[    0.960655] PM:   Magic number: 13:695:646
[    0.961745] RAS: Correctable Errors collector initialized.
[    0.966234] Unstable clock detected, switching default tracing clock to "global"
               If you want to keep using the local clock, then add:
                 "trace_clock=local"
               on the kernel command line
[    1.042527] usb 1-4: new high-speed USB device number 2 using xhci_hcd
[    1.048565] usb 5-1: new high-speed USB device number 2 using xhci_hcd
[    1.048605] usb 3-3: new full-speed USB device number 2 using xhci_hcd
[    1.107468] clk: Disabling unused clocks
[    1.107479] PM: genpd: Disabling unused power domains
[    1.109238] Freeing unused decrypted memory: 2028K
[    1.110162] Freeing unused kernel image (initmem) memory: 5088K
[    1.110186] Write protecting the kernel read-only data: 40960k
[    1.110747] Freeing unused kernel image (text/rodata gap) memory: 712K
[    1.110952] Freeing unused kernel image (rodata/data gap) memory: 648K
[    1.167666] x86/mm: Checked W+X mappings: passed, no W+X pages found.
[    1.167676] Run /init as init process
[    1.167678]   with arguments:
[    1.167680]     /init
[    1.167682]     rhgb
[    1.167684]   with environment:
[    1.167685]     HOME=/
[    1.167686]     TERM=linux
[    1.167688]     BOOT_IMAGE=(hd0,gpt2)/boot/vmlinuz-6.16.11-200.fc42.x86_64
[    1.169004] usb 1-4: New USB device found, idVendor=0489, idProduct=e0d8, bcdDevice= 1.00
[    1.169012] usb 1-4: New USB device strings: Mfr=5, Product=6, SerialNumber=7
[    1.169015] usb 1-4: Product: Wireless_Device
[    1.169019] usb 1-4: Manufacturer: MediaTek Inc.
[    1.169022] usb 1-4: SerialNumber: 000000000
[    1.171392] psmouse serio1: trackpoint: Elan TrackPoint firmware: 0x00, buttons: 3/3
[    1.185691] usb 5-1: New USB device found, idVendor=174f, idProduct=1820, bcdDevice=11.12
[    1.185860] usb 5-1: New USB device strings: Mfr=3, Product=1, SerialNumber=2
[    1.185863] usb 5-1: Product: Integrated Camera
[    1.185865] usb 5-1: Manufacturer:  
[    1.185867] usb 5-1: SerialNumber: 0001
[    1.187203] input: TPPS/2 Elan TrackPoint as /devices/platform/i8042/serio1/input/input6
[    1.200747] usb 3-3: New USB device found, idVendor=10a5, idProduct=d805, bcdDevice= 0.93
[    1.200750] usb 3-3: New USB device strings: Mfr=1, Product=2, SerialNumber=0
[    1.200752] usb 3-3: Product: FPC L:0005 FW:2127093
[    1.200831] usb 3-3: Manufacturer: FPC
[    1.217530] systemd[1]: Successfully made /usr/ read-only.
[    1.217746] systemd[1]: systemd 257.9-2.fc42 running in system mode (+PAM +AUDIT +SELINUX -APPARMOR +IMA +IPE +SMACK +SECCOMP -GCRYPT +GNUTLS +OPENSSL +ACL +BLKID +CURL +ELFUTILS +FIDO2 +IDN2 -IDN -IPTC +KMOD +LIBCRYPTSETUP +LIBCRYPTSETUP_PLUGINS +LIBFDISK +PCRE2 +PWQUALITY +P11KIT +QRENCODE +TPM2 +BZIP2 +LZ4 +XZ +ZLIB +ZSTD +BPF_FRAMEWORK +BTF +XKBCOMMON +UTMP +SYSVINIT +LIBARCHIVE)
[    1.217753] systemd[1]: Detected architecture x86-64.
[    1.217756] systemd[1]: Running in initrd.
[    1.217917] systemd[1]: No hostname configured, using default hostname.
[    1.217975] systemd[1]: Hostname set to <fedora>.
[    1.291899] usb 4-2: new SuperSpeed USB device number 2 using xhci_hcd
[    1.310809] usb 4-2: New USB device found, idVendor=0bda, idProduct=0031, bcdDevice=20.01
[    1.310816] usb 4-2: New USB device strings: Mfr=1, Product=2, SerialNumber=3
[    1.310820] usb 4-2: Product: 31
[    1.310823] usb 4-2: Manufacturer: M
[    1.310826] usb 4-2: SerialNumber: 012345681722
[    1.348849] systemd[1]: bpf-restrict-fs: LSM BPF program attached
[    1.403180] systemd[1]: Queued start job for default target initrd.target.
[    1.415387] systemd[1]: Expecting device dev-disk-by\x2duuid-df544e10\x2d90c0\x2d4315\x2d860c\x2d92a58ec8499e.device - /dev/disk/by-uuid/df544e10-90c0-4315-860c-92a58ec8499e...
[    1.415516] systemd[1]: Reached target initrd-usr-fs.target - Initrd /usr File System.
[    1.415569] systemd[1]: Reached target slices.target - Slice Units.
[    1.415611] systemd[1]: Reached target swap.target - Swaps.
[    1.415638] systemd[1]: Reached target timers.target - Timer Units.
[    1.415732] systemd[1]: Listening on systemd-journald-dev-log.socket - Journal Socket (/dev/log).
[    1.415810] systemd[1]: Listening on systemd-journald.socket - Journal Sockets.
[    1.415887] systemd[1]: Listening on systemd-udevd-control.socket - udev Control Socket.
[    1.415937] systemd[1]: Listening on systemd-udevd-kernel.socket - udev Kernel Socket.
[    1.415957] systemd[1]: Reached target sockets.target - Socket Units.
[    1.417153] systemd[1]: Starting kmod-static-nodes.service - Create List of Static Device Nodes...
[    1.417226] systemd[1]: memstrack.service - Memstrack Anylazing Service was skipped because no trigger condition checks were met.
[    1.419253] systemd[1]: Starting systemd-journald.service - Journal Service...
[    1.420750] systemd[1]: Starting systemd-modules-load.service - Load Kernel Modules...
[    1.420813] systemd[1]: systemd-pcrphase-initrd.service - TPM PCR Barrier (initrd) was skipped because of an unmet condition check (ConditionSecurity=measured-uki).
[    1.421947] systemd[1]: Starting systemd-vconsole-setup.service - Virtual Console Setup...
[    1.422631] systemd[1]: Finished kmod-static-nodes.service - Create List of Static Device Nodes.
[    1.423778] systemd[1]: Starting systemd-tmpfiles-setup-dev-early.service - Create Static Device Nodes in /dev gracefully...
[    1.430962] systemd-journald[320]: Collecting audit messages is disabled.
[    1.444290] systemd[1]: Finished systemd-tmpfiles-setup-dev-early.service - Create Static Device Nodes in /dev gracefully.
[    1.445442] systemd[1]: Starting systemd-sysusers.service - Create System Users...
[    1.448531] fuse: init (API version 7.44)
[    1.451531] i2c_dev: i2c /dev entries driver
[    1.452719] systemd[1]: Finished systemd-modules-load.service - Load Kernel Modules.
[    1.453654] systemd[1]: Starting systemd-sysctl.service - Apply Kernel Variables...
[    1.457719] systemd[1]: Finished systemd-sysusers.service - Create System Users.
[    1.458587] systemd[1]: Starting systemd-tmpfiles-setup-dev.service - Create Static Device Nodes in /dev...
[    1.460861] systemd[1]: Finished systemd-sysctl.service - Apply Kernel Variables.
[    1.467555] systemd[1]: Finished systemd-vconsole-setup.service - Virtual Console Setup.
[    1.468444] systemd[1]: Starting dracut-cmdline-ask.service - dracut ask for additional cmdline parameters...
[    1.478297] systemd[1]: Finished systemd-tmpfiles-setup-dev.service - Create Static Device Nodes in /dev.
[    1.478423] systemd[1]: Reached target local-fs-pre.target - Preparation for Local File Systems.
[    1.478448] systemd[1]: Reached target local-fs.target - Local File Systems.
[    1.481437] systemd[1]: Finished dracut-cmdline-ask.service - dracut ask for additional cmdline parameters.
[    1.482261] systemd[1]: Starting dracut-cmdline.service - dracut cmdline hook...
[    1.502412] systemd[1]: Started systemd-journald.service - Journal Service.
[    1.799276] sp5100_tco: SP5100/SB800 TCO WatchDog Timer Driver
[    1.804219] sp5100-tco sp5100-tco: Using 0xfeb00000 for watchdog MMIO address
[    1.814284] sp5100-tco sp5100-tco: initialized. heartbeat=60 sec (nowayout=0)
[    1.816476] ACPI: bus type thunderbolt registered
[    1.888622] input: ELAN06C7:00 04F3:3193 Mouse as /devices/platform/AMDI0010:01/i2c-1/i2c-ELAN06C7:00/0018:04F3:3193.0001/input/input7
[    1.888875] input: ELAN06C7:00 04F3:3193 Touchpad as /devices/platform/AMDI0010:01/i2c-1/i2c-ELAN06C7:00/0018:04F3:3193.0001/input/input9
[    1.889078] hid-generic 0018:04F3:3193.0001: input,hidraw0: I2C HID v1.00 Mouse [ELAN06C7:00 04F3:3193] on i2c-ELAN06C7:00
[    1.892449] Key type psk registered
[    1.894862] ACPI: video: Video Device [VGA] (multi-head: yes  rom: no  post: no)
[    1.895245] input: Video Bus as /devices/LNXSYSTM:00/LNXSYBUS:00/PNP0A08:00/device:0e/LNXVIDEO:00/input/input10
[    1.916690] nvme 0000:01:00.0: platform quirk: setting simple suspend
[    1.916690] nvme 0000:04:00.0: platform quirk: setting simple suspend
[    1.916851] nvme nvme0: pci function 0000:04:00.0
[    1.916852] nvme nvme1: pci function 0000:01:00.0
[    1.938779] nvme nvme1: allocated 64 MiB host memory buffer (1 segment).
[    1.951184] nvme nvme0: allocated 64 MiB host memory buffer (1 segment).
[    1.958565] nvme nvme1: 8/0/0 default/read/poll queues
[    1.963436] input: ELAN06C7:00 04F3:3193 Mouse as /devices/platform/AMDI0010:01/i2c-1/i2c-ELAN06C7:00/0018:04F3:3193.0001/input/input11
[    1.963747] input: ELAN06C7:00 04F3:3193 Touchpad as /devices/platform/AMDI0010:01/i2c-1/i2c-ELAN06C7:00/0018:04F3:3193.0001/input/input13
[    1.963967] hid-multitouch 0018:04F3:3193.0001: input,hidraw0: I2C HID v1.00 Mouse [ELAN06C7:00 04F3:3193] on i2c-ELAN06C7:00
[    1.969330]  nvme1n1: p1 p2 p3 p4 p5
[    1.985737] nvme nvme0: 16/0/0 default/read/poll queues
[    1.997136]  nvme0n1: p1 p2 p3 p4
[    2.451213] BTRFS: device fsid df544e10-90c0-4315-860c-92a58ec8499e devid 1 transid 9607 /dev/nvme1n1p2 (259:2) scanned by mount (545)
[    2.459408] BTRFS info (device nvme1n1p2): first mount of filesystem df544e10-90c0-4315-860c-92a58ec8499e
[    2.459421] BTRFS info (device nvme1n1p2): using crc32c (crc32c-x86_64) checksum algorithm
[    2.469792] BTRFS info (device nvme1n1p2): enabling ssd optimizations
[    2.469799] BTRFS info (device nvme1n1p2): turning on async discard
[    2.469802] BTRFS info (device nvme1n1p2): enabling free space tree
[    4.562065] [drm] amdgpu kernel modesetting enabled.
[    4.586405] amdgpu: Virtual CRAT table created for CPU
[    4.586429] amdgpu: Topology: Add CPU node
[    4.586632] amdgpu 0000:05:00.0: enabling device (0006 -> 0007)
[    4.586714] [drm] initializing kernel modesetting (YELLOW_CARP 0x1002:0x1681 0x17AA:0x50EC 0x0A).
[    4.588439] [drm] register mmio base: 0x80600000
[    4.588442] [drm] register mmio size: 524288
[    4.591614] amdgpu 0000:05:00.0: amdgpu: detected ip block number 0 <nv_common>
[    4.591617] amdgpu 0000:05:00.0: amdgpu: detected ip block number 1 <gmc_v10_0>
[    4.591619] amdgpu 0000:05:00.0: amdgpu: detected ip block number 2 <navi10_ih>
[    4.591621] amdgpu 0000:05:00.0: amdgpu: detected ip block number 3 <psp>
[    4.591623] amdgpu 0000:05:00.0: amdgpu: detected ip block number 4 <smu>
[    4.591625] amdgpu 0000:05:00.0: amdgpu: detected ip block number 5 <dm>
[    4.591627] amdgpu 0000:05:00.0: amdgpu: detected ip block number 6 <gfx_v10_0>
[    4.591629] amdgpu 0000:05:00.0: amdgpu: detected ip block number 7 <sdma_v5_2>
[    4.591631] amdgpu 0000:05:00.0: amdgpu: detected ip block number 8 <vcn_v3_0>
[    4.591633] amdgpu 0000:05:00.0: amdgpu: detected ip block number 9 <jpeg_v3_0>
[    4.591657] amdgpu 0000:05:00.0: amdgpu: Fetched VBIOS from VFCT
[    4.591659] amdgpu: ATOM BIOS: 113-REMBRANDT-X37
[    4.671870] amdgpu 0000:05:00.0: vgaarb: deactivate vga console
[    4.671876] amdgpu 0000:05:00.0: amdgpu: Trusted Memory Zone (TMZ) feature disabled as experimental (default)
[    4.671914] [drm] vm size is 262144 GB, 4 levels, block size is 9-bit, fragment size is 9-bit
[    4.671920] amdgpu 0000:05:00.0: amdgpu: VRAM: 1024M 0x000000F400000000 - 0x000000F43FFFFFFF (1024M used)
[    4.671922] amdgpu 0000:05:00.0: amdgpu: GART: 1024M 0x0000000000000000 - 0x000000003FFFFFFF
[    4.671929] [drm] Detected VRAM RAM=1024M, BAR=1024M
[    4.671931] [drm] RAM width 64bits DDR5
[    4.672147] [drm] amdgpu: 1024M of VRAM memory ready
[    4.672150] [drm] amdgpu: 7363M of GTT memory ready.
[    4.672168] [drm] GART: num cpu pages 262144, num gpu pages 262144
[    4.672559] [drm] PCIE GART of 1024M enabled (table at 0x000000F43FC00000).
[    4.672951] amdgpu 0000:05:00.0: amdgpu: [drm] Loading DMUB firmware via PSP: version=0x04000045
[    4.673421] [drm] use_doorbell being set to: [true]
[    4.673448] amdgpu 0000:05:00.0: amdgpu: Found VCN firmware Version ENC: 1.33 DEC: 4 VEP: 0 Revision: 13
[    4.696185] amdgpu 0000:05:00.0: amdgpu: reserve 0xa00000 from 0xf43e000000 for PSP TMR
[    4.827418] amdgpu 0000:05:00.0: amdgpu: RAS: optional ras ta ucode is not available
[    4.837198] amdgpu 0000:05:00.0: amdgpu: RAP: optional rap ta ucode is not available
[    4.837202] amdgpu 0000:05:00.0: amdgpu: SECUREDISPLAY: optional securedisplay ta ucode is not available
[    4.839957] amdgpu 0000:05:00.0: amdgpu: SMU is initialized successfully!
[    4.841213] amdgpu 0000:05:00.0: amdgpu: [drm] Display Core v3.2.334 initialized on DCN 3.1
[    4.841216] amdgpu 0000:05:00.0: amdgpu: [drm] DP-HDMI FRL PCON supported
[    4.842619] amdgpu 0000:05:00.0: amdgpu: [drm] DMUB hardware initialized: version=0x04000045
[    4.941108] amdgpu 0000:05:00.0: amdgpu: [drm] Using ACPI provided EDID for eDP-1
[    4.941983] amdgpu 0000:05:00.0: amdgpu: [drm] PSR support 0, DC PSR ver -1, sink PSR ver 0 DPCD caps 0x0 su_y_granularity 0
[    4.942184] amdgpu 0000:05:00.0: amdgpu: [drm] PSR support 0, DC PSR ver -1, sink PSR ver 0 DPCD caps 0x0 su_y_granularity 0
[    4.942359] amdgpu 0000:05:00.0: amdgpu: [drm] PSR support 0, DC PSR ver -1, sink PSR ver 0 DPCD caps 0x0 su_y_granularity 0
[    4.942527] amdgpu 0000:05:00.0: amdgpu: [drm] PSR support 0, DC PSR ver -1, sink PSR ver 0 DPCD caps 0x0 su_y_granularity 0
[    4.942634] amdgpu 0000:05:00.0: amdgpu: [drm] PSR support 0, DC PSR ver -1, sink PSR ver 0 DPCD caps 0x0 su_y_granularity 0
[    4.942772] amdgpu 0000:05:00.0: amdgpu: [drm] PSR support 0, DC PSR ver -1, sink PSR ver 0 DPCD caps 0x0 su_y_granularity 0
[    4.942894] amdgpu 0000:05:00.0: amdgpu: [drm] PSR support 0, DC PSR ver -1, sink PSR ver 0 DPCD caps 0x0 su_y_granularity 0
[    4.943003] amdgpu 0000:05:00.0: amdgpu: [drm] PSR support 0, DC PSR ver -1, sink PSR ver 0 DPCD caps 0x0 su_y_granularity 0
[    4.943758] [drm] kiq ring mec 2 pipe 1 q 0
[    4.949803] kfd kfd: amdgpu: Allocated 3969056 bytes on gart
[    4.949814] kfd kfd: amdgpu: Total number of KFD nodes to be created: 1
[    4.950099] amdgpu: Virtual CRAT table created for GPU
[    4.950245] amdgpu: Topology: Add dGPU node [0x1681:0x1002]
[    4.950247] kfd kfd: amdgpu: added device 1002:1681
[    4.950259] amdgpu 0000:05:00.0: amdgpu: SE 1, SH per SE 2, CU per SH 6, active_cu_number 12
[    4.950263] amdgpu 0000:05:00.0: amdgpu: ring gfx_0.0.0 uses VM inv eng 0 on hub 0
[    4.950265] amdgpu 0000:05:00.0: amdgpu: ring gfx_0.1.0 uses VM inv eng 1 on hub 0
[    4.950267] amdgpu 0000:05:00.0: amdgpu: ring comp_1.0.0 uses VM inv eng 4 on hub 0
[    4.950268] amdgpu 0000:05:00.0: amdgpu: ring comp_1.1.0 uses VM inv eng 5 on hub 0
[    4.950270] amdgpu 0000:05:00.0: amdgpu: ring comp_1.2.0 uses VM inv eng 6 on hub 0
[    4.950272] amdgpu 0000:05:00.0: amdgpu: ring comp_1.3.0 uses VM inv eng 7 on hub 0
[    4.950273] amdgpu 0000:05:00.0: amdgpu: ring comp_1.0.1 uses VM inv eng 8 on hub 0
[    4.950275] amdgpu 0000:05:00.0: amdgpu: ring comp_1.1.1 uses VM inv eng 9 on hub 0
[    4.950276] amdgpu 0000:05:00.0: amdgpu: ring comp_1.2.1 uses VM inv eng 10 on hub 0
[    4.950278] amdgpu 0000:05:00.0: amdgpu: ring comp_1.3.1 uses VM inv eng 11 on hub 0
[    4.950279] amdgpu 0000:05:00.0: amdgpu: ring kiq_0.2.1.0 uses VM inv eng 12 on hub 0
[    4.950281] amdgpu 0000:05:00.0: amdgpu: ring sdma0 uses VM inv eng 13 on hub 0
[    4.950282] amdgpu 0000:05:00.0: amdgpu: ring vcn_dec_0 uses VM inv eng 0 on hub 8
[    4.950284] amdgpu 0000:05:00.0: amdgpu: ring vcn_enc_0.0 uses VM inv eng 1 on hub 8
[    4.950286] amdgpu 0000:05:00.0: amdgpu: ring vcn_enc_0.1 uses VM inv eng 4 on hub 8
[    4.950287] amdgpu 0000:05:00.0: amdgpu: ring jpeg_dec uses VM inv eng 5 on hub 8
[    4.954021] amdgpu 0000:05:00.0: amdgpu: Runtime PM not available
[    4.956551] amdgpu 0000:05:00.0: amdgpu: [drm] Using custom brightness curve
[    4.958326] amdgpu 0000:05:00.0: [drm] Registered 4 planes with drm panic
[    4.958328] [drm] Initialized amdgpu 3.64.0 for 0000:05:00.0 on minor 1
[    4.966706] fbcon: amdgpudrmfb (fb0) is primary device
[    4.966709] fbcon: Deferring console take-over
[    4.966712] amdgpu 0000:05:00.0: [drm] fb0: amdgpudrmfb frame buffer device
[    5.115456] systemd-journald[320]: Received SIGTERM from PID 1 (systemd).
[    5.186923] audit: type=1404 audit(1761763075.861:2): enforcing=1 old_enforcing=0 auid=4294967295 ses=4294967295 enabled=1 old-enabled=1 lsm=selinux res=1
[    5.235017] SELinux:  Permission firmware_load in class system not defined in policy.
[    5.235020] SELinux:  Permission kexec_image_load in class system not defined in policy.
[    5.235021] SELinux:  Permission kexec_initramfs_load in class system not defined in policy.
[    5.235023] SELinux:  Permission policy_load in class system not defined in policy.
[    5.235024] SELinux:  Permission x509_certificate_load in class system not defined in policy.
[    5.235082] SELinux:  Permission allowed in class io_uring not defined in policy.
[    5.235083] SELinux: the above unknown classes and permissions will be allowed
[    5.238257] SELinux:  policy capability network_peer_controls=1
[    5.238260] SELinux:  policy capability open_perms=1
[    5.238261] SELinux:  policy capability extended_socket_class=1
[    5.238262] SELinux:  policy capability always_check_network=0
[    5.238263] SELinux:  policy capability cgroup_seclabel=1
[    5.238264] SELinux:  policy capability nnp_nosuid_transition=1
[    5.238265] SELinux:  policy capability genfs_seclabel_symlinks=1
[    5.238266] SELinux:  policy capability ioctl_skip_cloexec=0
[    5.238267] SELinux:  policy capability userspace_initial_context=0
[    5.238268] SELinux:  policy capability netlink_xperm=0
[    5.238269] SELinux:  policy capability netif_wildcard=0
[    5.238270] SELinux:  policy capability genfs_seclabel_wildcard=0
[    5.291900] audit: type=1403 audit(1761763075.966:3): auid=4294967295 ses=4294967295 lsm=selinux res=1
[    5.292653] systemd[1]: Successfully loaded SELinux policy in 105.894ms.
[    5.311884] systemd[1]: Relabeled /dev/, /dev/shm/, /run/ in 12.994ms.
[    5.314627] systemd[1]: systemd 257.9-2.fc42 running in system mode (+PAM +AUDIT +SELINUX -APPARMOR +IMA +IPE +SMACK +SECCOMP -GCRYPT +GNUTLS +OPENSSL +ACL +BLKID +CURL +ELFUTILS +FIDO2 +IDN2 -IDN -IPTC +KMOD +LIBCRYPTSETUP +LIBCRYPTSETUP_PLUGINS +LIBFDISK +PCRE2 +PWQUALITY +P11KIT +QRENCODE +TPM2 +BZIP2 +LZ4 +XZ +ZLIB +ZSTD +BPF_FRAMEWORK +BTF +XKBCOMMON +UTMP +SYSVINIT +LIBARCHIVE)
[    5.314634] systemd[1]: Detected architecture x86-64.
[    5.478347] systemd[1]: bpf-restrict-fs: LSM BPF program attached
[    5.551023] zram: Added device: zram0
[    5.730365] systemd[1]: initrd-switch-[REDACTED_USER].service: Deactivated successfully.
[    5.730582] systemd[1]: Stopped initrd-switch-[REDACTED_USER].service - Switch [REDACTED_USER].
[    5.731606] systemd[1]: systemd-journald.service: Scheduled restart job, restart counter is at 1.
[    5.732131] systemd[1]: Created slice machine.slice - Virtual Machine and Container Slice.
[    5.732601] systemd[1]: Created slice system-getty.slice - Slice /system/getty.
[    5.733016] systemd[1]: Created slice system-systemd\x2dfsck.slice - Slice /system/systemd-fsck.
[    5.733392] systemd[1]: Created slice system-systemd\x2dzram\x2dsetup.slice - Slice /system/systemd-zram-setup.
[    5.733826] systemd[1]: Created slice [REDACTED_USER].slice - [REDACTED_USER] and Session Slice.
[    5.733861] systemd[1]: systemd-ask-password-console.path - Dispatch Password Requests to Console Directory Watch was skipped because of an unmet condition check (ConditionPathExists=!/run/plymouth/pid).
[    5.733947] systemd[1]: Started systemd-ask-password-wall.path - Forward Password Requests to Wall Directory Watch.
[    5.734262] systemd[1]: Set up automount proc-sys-fs-binfmt_misc.automount - Arbitrary Executable File Formats File System Automount Point.
[    5.734309] systemd[1]: Expecting device dev-disk-by\x2ddiskseq-1\x2dpart2.device - /dev/disk/by-diskseq/1-part2...
[    5.734327] systemd[1]: Expecting device dev-disk-by\x2duuid-F63D\x2d5318.device - /dev/disk/by-uuid/F63D-5318...
[    5.734354] systemd[1]: Expecting device dev-zram0.device - /dev/zram0...
[    5.734381] systemd[1]: Reached target cryptsetup.target - Local Encrypted Volumes.
[    5.734411] systemd[1]: Reached target getty.target - Login Prompts.
[    5.734441] systemd[1]: Stopped target initrd-switch-[REDACTED_USER].target - Switch [REDACTED_USER].
[    5.734463] systemd[1]: Stopped target initrd-fs.target - Initrd File Systems.
[    5.734483] systemd[1]: Stopped target initrd-[REDACTED_USER]-fs.target - Initrd [REDACTED_USER] File System.
[    5.734519] systemd[1]: Reached target integritysetup.target - Local Integrity Protected Volumes.
[    5.734575] systemd[1]: Reached target slices.target - Slice Units.
[    5.734612] systemd[1]: Reached target veritysetup.target - Local Verity Protected Volumes.
[    5.734941] systemd[1]: Listening on dm-event.socket - Device-mapper event daemon FIFOs.
[    5.735860] systemd[1]: Listening on lvm2-lvmpolld.socket - LVM2 poll daemon socket.
[    5.736961] systemd[1]: Listening on systemd-coredump.socket - Process Core Dump Socket.
[    5.737517] systemd[1]: Listening on systemd-creds.socket - Credential Encryption/Decryption.
[    5.737663] systemd[1]: Listening on systemd-initctl.socket - initctl Compatibility Named Pipe.
[    5.738056] systemd[1]: Listening on systemd-journald-audit.socket - Journal Audit Socket.
[    5.738384] systemd[1]: Listening on systemd-oomd.socket - Userspace Out-Of-Memory (OOM) Killer Socket.
[    5.738445] systemd[1]: systemd-pcrextend.socket - TPM PCR Measurements was skipped because of an unmet condition check (ConditionSecurity=measured-uki).
[    5.738460] systemd[1]: systemd-pcrlock.socket - Make TPM PCR Policy was skipped because of an unmet condition check (ConditionSecurity=measured-uki).
[    5.739379] systemd[1]: Listening on systemd-udevd-control.socket - udev Control Socket.
[    5.739656] systemd[1]: Listening on systemd-udevd-kernel.socket - udev Kernel Socket.
[    5.740194] systemd[1]: Listening on systemd-userdbd.socket - [REDACTED_USER] Database Manager Socket.
[    5.742186] systemd[1]: Mounting dev-hugepages.mount - Huge Pages File System...
[    5.743163] systemd[1]: Mounting dev-mqueue.mount - POSIX Message Queue File System...
[    5.744164] systemd[1]: Mounting sys-kernel-debug.mount - Kernel Debug File System...
[    5.745202] systemd[1]: Mounting sys-kernel-tracing.mount - Kernel Trace File System...
[    5.745310] systemd[1]: auth-rpcgss-module.service - Kernel Module supporting RPCSEC_GSS was skipped because of an unmet condition check (ConditionPathExists=/etc/krb5.keytab).
[    5.745693] systemd[1]: iscsi-starter.service was skipped because of an unmet condition check (ConditionDirectoryNotEmpty=/var/lib/iscsi/nodes).
[    5.767381] systemd[1]: Starting kmod-static-nodes.service - Create List of Static Device Nodes...
[    5.768275] systemd[1]: Starting lvm2-monitor.service - Monitoring of LVM2 mirrors, snapshots etc. using dmeventd or progress polling...
[    5.769301] systemd[1]: Starting [REDACTED_USER]@configfs.service - Load Kernel Module configfs...
[    5.770337] systemd[1]: Starting [REDACTED_USER]@dm_mod.service - Load Kernel Module dm_mod...
[    5.771625] systemd[1]: Starting [REDACTED_USER]@drm.service - Load Kernel Module drm...
[    5.773114] systemd[1]: Starting [REDACTED_USER]@efi_pstore.service - Load Kernel Module efi_pstore...
[    5.774316] systemd[1]: Starting [REDACTED_USER]@fuse.service - Load Kernel Module fuse...
[    5.775421] systemd[1]: Starting [REDACTED_USER]@loop.service - Load Kernel Module loop...
[    5.775477] systemd[1]: plymouth-switch-[REDACTED_USER].service: Deactivated successfully.
[    5.775550] systemd[1]: Stopped plymouth-switch-[REDACTED_USER].service - Plymouth switch [REDACTED_USER] service.
[    5.775709] systemd[1]: systemd-fsck-[REDACTED_USER].service: Deactivated successfully.
[    5.775759] systemd[1]: Stopped systemd-fsck-[REDACTED_USER].service - File System Check on [REDACTED_USER] Device.
[    5.775853] systemd[1]: systemd-hibernate-clear.service - Clear Stale Hibernate Storage Info was skipped because of an unmet condition check (ConditionPathExists=/sys/firmware/efi/efivars/HibernateLocation-8cf2644b-4b0b-428f-9387-6d876050dc67).
[    5.777792] systemd[1]: Starting systemd-journald.service - Journal Service...
[    5.779122] systemd[1]: Starting systemd-modules-load.service - Load Kernel Modules...
[    5.780186] systemd[1]: Starting systemd-network-generator.service - Generate network units from Kernel command line...
[    5.780234] systemd[1]: systemd-pcrmachine.service - TPM PCR Machine ID Measurement was skipped because of an unmet condition check (ConditionSecurity=measured-uki).
[    5.781753] systemd[1]: Starting systemd-remount-fs.service - Remount [REDACTED_USER] and Kernel File Systems...
[    5.781878] systemd[1]: systemd-tpm2-setup-early.service - Early TPM SRK Setup was skipped because of an unmet condition check (ConditionSecurity=measured-uki).
[    5.783421] systemd[1]: Starting systemd-udev-load-credentials.service - Load udev Rules from Credentials...
[    5.784800] loop: module loaded
[    5.784821] systemd[1]: Starting systemd-udev-trigger.service - Coldplug All udev Devices...
[    5.789777] systemd[1]: Mounted dev-hugepages.mount - Huge Pages File System.
[    5.789983] systemd[1]: Mounted dev-mqueue.mount - POSIX Message Queue File System.
[    5.791097] systemd[1]: Mounted sys-kernel-debug.mount - Kernel Debug File System.
[    5.791295] systemd[1]: Mounted sys-kernel-tracing.mount - Kernel Trace File System.
[    5.791675] systemd[1]: Finished kmod-static-nodes.service - Create List of Static Device Nodes.
[    5.792158] systemd[1]: [REDACTED_USER]@configfs.service: Deactivated successfully.
[    5.792418] systemd[1]: Finished [REDACTED_USER]@configfs.service - Load Kernel Module configfs.
[    5.792770] systemd[1]: [REDACTED_USER]@dm_mod.service: Deactivated successfully.
[    5.793017] systemd[1]: Finished [REDACTED_USER]@dm_mod.service - Load Kernel Module dm_mod.
[    5.793405] systemd[1]: [REDACTED_USER]@drm.service: Deactivated successfully.
[    5.793657] systemd[1]: Finished [REDACTED_USER]@drm.service - Load Kernel Module drm.
[    5.794008] systemd[1]: [REDACTED_USER]@efi_pstore.service: Deactivated successfully.
[    5.794246] systemd[1]: Finished [REDACTED_USER]@efi_pstore.service - Load Kernel Module efi_pstore.
[    5.794564] systemd[1]: [REDACTED_USER]@fuse.service: Deactivated successfully.
[    5.794761] systemd[1]: Finished [REDACTED_USER]@fuse.service - Load Kernel Module fuse.
[    5.795020] systemd[1]: [REDACTED_USER]@loop.service: Deactivated successfully.
[    5.795220] systemd[1]: Finished [REDACTED_USER]@loop.service - Load Kernel Module loop.
[    5.795641] systemd[1]: Finished systemd-modules-load.service - Load Kernel Modules.
[    5.796330] systemd[1]: Finished systemd-network-generator.service - Generate network units from Kernel command line.
[    5.797067] systemd[1]: Finished systemd-remount-fs.service - Remount [REDACTED_USER] and Kernel File Systems.
[    5.798877] systemd[1]: Mounting sys-fs-fuse-connections.mount - FUSE Control File System...
[    5.798974] systemd[1]: iscsi-onboot.service - Special handling of early boot iSCSI sessions was skipped because of an unmet condition check (ConditionDirectoryNotEmpty=/sys/class/iscsi_session).
[    5.799524] systemd-journald[684]: Collecting audit messages is enabled.
[    5.799747] systemd[1]: systemd-hwdb-update.service - Rebuild Hardware Database was skipped because of an unmet condition check (ConditionNeedsUpdate=/etc).
[    5.799860] systemd[1]: systemd-pstore.service - Platform Persistent Storage Archival was skipped because of an unmet condition check (ConditionDirectoryNotEmpty=/sys/fs/pstore).
[    5.801112] systemd[1]: Starting systemd-random-seed.service - Load/Save OS Random Seed...
[    5.801178] systemd[1]: systemd-repart.service - Repartition [REDACTED_USER] Disk was skipped because no trigger condition checks were met.
[    5.802296] systemd[1]: Starting systemd-sysctl.service - Apply Kernel Variables...
[    5.803486] systemd[1]: Starting systemd-tmpfiles-setup-dev-early.service - Create Static Device Nodes in /dev gracefully...
[    5.803542] systemd[1]: systemd-tpm2-setup.service - TPM SRK Setup was skipped because of an unmet condition check (ConditionSecurity=measured-uki).
[    5.804186] systemd[1]: Finished systemd-udev-load-credentials.service - Load udev Rules from Credentials.
[    5.804255] audit: type=1130 audit(1761763076.478:4): pid=1 uid=0 auid=4294967295 ses=4294967295 subj=system_u:system_r:init_t:s0 msg='unit=systemd-udev-load-credentials comm="systemd" exe="/usr/lib/systemd/systemd" hostname=? addr=? terminal=? res=success'
[    5.804725] systemd[1]: Mounted sys-fs-fuse-connections.mount - FUSE Control File System.
[    5.806395] systemd[1]: Started systemd-journald.service - Journal Service.
[    5.806529] audit: type=1130 audit(1761763076.480:5): pid=1 uid=0 auid=4294967295 ses=4294967295 subj=system_u:system_r:init_t:s0 msg='unit=systemd-journald comm="systemd" exe="/usr/lib/systemd/systemd" hostname=? addr=? terminal=? res=success'
[    5.833343] audit: type=1130 audit(1761763076.507:6): pid=1 uid=0 auid=4294967295 ses=4294967295 subj=system_u:system_r:init_t:s0 msg='unit=systemd-random-seed comm="systemd" exe="/usr/lib/systemd/systemd" hostname=? addr=? terminal=? res=success'
[    5.835620] systemd-journald[684]: Received client request to flush runtime journal.
[    5.841741] audit: type=1130 audit(1761763076.516:7): pid=1 uid=0 auid=4294967295 ses=4294967295 subj=system_u:system_r:init_t:s0 msg='unit=lvm2-monitor comm="systemd" exe="/usr/lib/systemd/systemd" hostname=? addr=? terminal=? res=success'
[    5.842443] audit: type=1130 audit(1761763076.516:8): pid=1 uid=0 auid=4294967295 ses=4294967295 subj=system_u:system_r:init_t:s0 msg='unit=systemd-sysctl comm="systemd" exe="/usr/lib/systemd/systemd" hostname=? addr=? terminal=? res=success'
[    5.844934] audit: type=1334 audit(1761763076.519:9): prog-id=51 op=LOAD
[    5.845041] audit: type=1334 audit(1761763076.519:10): prog-id=52 op=LOAD
[    5.845077] audit: type=1334 audit(1761763076.519:11): prog-id=53 op=LOAD
[    5.888696] audit: type=1130 audit(1761763076.563:12): pid=1 uid=0 auid=4294967295 ses=4294967295 subj=system_u:system_r:init_t:s0 msg='unit=systemd-userdbd comm="systemd" exe="/usr/lib/systemd/systemd" hostname=? addr=? terminal=? res=success'
[    6.139109] zram0: detected capacity change from 0 to 16777216
[    6.155654] acpi-tad ACPI000E:00: Missing _PRW
[    6.224057] Adding 8388604k swap on /dev/zram0.  Priority:100 extents:1 across:8388604k SSDsc
[    6.239008] piix4_smbus 0000:00:14.0: SMBus Host Controller at 0xb00, revision 0
[    6.239015] piix4_smbus 0000:00:14.0: Using register 0x02 for SMBus port selection
[    6.250615] piix4_smbus 0000:00:14.0: Auxiliary SMBus Host Controller at 0xb20
[    6.257734] i2c i2c-19: Successfully instantiated SPD at 0x50
[    6.286063] r8169 0000:02:00.0: can't disable ASPM; OS doesn't have ASPM control
[    6.325332] thinkpad_acpi: ThinkPad ACPI Extras v0.26
[    6.325338] thinkpad_acpi: http://ibm-acpi.sf.net/
[    6.325340] thinkpad_acpi: ThinkPad BIOS R2KET35W (1.18 ), EC R2KHT35W
[    6.325343] thinkpad_acpi: Lenovo ThinkPad E14 Gen 6, model 21M30030MZ
[    6.334836] thinkpad_acpi: radio switch found; radios are enabled
