[    0.000000] Linux version 6.16.3-100.fc41.x86_64 ([REDACTED_USER]@784fdcfce97747439d34de0d00b7e860) (gcc (GCC) 14.3.1 20250523 (Red Hat 14.3.1-1), GNU ld version 2.43.1-8.fc41) #1 SMP PREEMPT_DYNAMIC Sat Aug 23 18:06:28 UTC 2025
[    0.000000] Command line: BOOT_IMAGE=(hd1,gpt4)/boot/vmlinuz-6.16.3-100.fc41.x86_64 [REDACTED_USER]=UUID=be76e5c9-5972-4a10-83eb-14b62e5de2a5 ro rhgb quiet
[    0.000000] BIOS-provided physical RAM map:
[    0.000000] BIOS-e820: [mem 0x0000000000000000-0x000000000009efff] usable
[    0.000000] BIOS-e820: [mem 0x000000000009f000-0x000000000009ffff] reserved
[    0.000000] BIOS-e820: [mem 0x0000000000100000-0x0000000009efffff] usable
[    0.000000] BIOS-e820: [mem 0x0000000009f00000-0x0000000009f42fff] ACPI NVS
[    0.000000] BIOS-e820: [mem 0x0000000009f43000-0x000000000affffff] usable
[    0.000000] BIOS-e820: [mem 0x000000000b000000-0x000000000b020fff] reserved
[    0.000000] BIOS-e820: [mem 0x000000000b021000-0x000000001079bfff] usable
[    0.000000] BIOS-e820: [mem 0x000000001079c000-0x00000000107abfff] ACPI data
[    0.000000] BIOS-e820: [mem 0x00000000107ac000-0x000000002bd33fff] usable
[    0.000000] BIOS-e820: [mem 0x000000002bd34000-0x000000002dad1fff] reserved
[    0.000000] BIOS-e820: [mem 0x000000002dad2000-0x0000000030c24fff] ACPI NVS
[    0.000000] BIOS-e820: [mem 0x0000000030c25000-0x0000000030ca4fff] ACPI data
[    0.000000] BIOS-e820: [mem 0x0000000030ca5000-0x0000000038aaffff] usable
[    0.000000] BIOS-e820: [mem 0x0000000038ab0000-0x0000000038ab0fff] reserved
[    0.000000] BIOS-e820: [mem 0x0000000038ab1000-0x0000000038adafff] usable
[    0.000000] BIOS-e820: [mem 0x0000000038adb000-0x0000000038adbfff] reserved
[    0.000000] BIOS-e820: [mem 0x0000000038adc000-0x0000000044c8cfff] usable
[    0.000000] BIOS-e820: [mem 0x0000000044c8d000-0x0000000044ca1fff] reserved
[    0.000000] BIOS-e820: [mem 0x0000000044ca2000-0x000000005fffffff] usable
[    0.000000] BIOS-e820: [mem 0x0000000060000000-0x000000007fffffff] reserved
[    0.000000] BIOS-e820: [mem 0x00000000c7200000-0x00000000c72fffff] reserved
[    0.000000] BIOS-e820: [mem 0x00000000e0000000-0x00000000efffffff] reserved
[    0.000000] BIOS-e820: [mem 0x00000000fec00000-0x00000000fec00fff] reserved
[    0.000000] BIOS-e820: [mem 0x00000000fec10000-0x00000000fec10fff] reserved
[    0.000000] BIOS-e820: [mem 0x00000000fed80000-0x00000000fed80fff] reserved
[    0.000000] BIOS-e820: [mem 0x00000000fedf1000-0x00000000fedf1fff] reserved
[    0.000000] BIOS-e820: [mem 0x00000000fee00000-0x00000000fee00fff] reserved
[    0.000000] BIOS-e820: [mem 0x0000000100000000-0x000000107dcbffff] usable
[    0.000000] BIOS-e820: [mem 0x000000107dcc0000-0x000000107fffffff] reserved
[    0.000000] BIOS-e820: [mem 0x000000fd00000000-0x000000fd01ffffff] reserved
[    0.000000] NX (Execute Disable) protection: active
[    0.000000] APIC: Static calls initialized
[    0.000000] efi: EFI v2.7 by HP
[    0.000000] efi: ACPI=0x30ca4000 ACPI 2.0=0x30ca4014 SMBIOS=0x2cff8000 SMBIOS 3.0=0x2cff6000 TPMFinalLog=0x2e4ee000 ESRT=0x2cf7c118 MEMATTR=0x1e382698 MOKvar=0x2d022000 RNG=0x30c8c018 TPMEventLog=0x1079c018 
[    0.000000] random: crng init done
[    0.000000] efi: Remove mem56: MMIO range=[0xc7200000-0xc72fffff] (1MB) from e820 map
[    0.000000] e820: remove [mem 0xc7200000-0xc72fffff] reserved
[    0.000000] efi: Remove mem57: MMIO range=[0xe0000000-0xefffffff] (256MB) from e820 map
[    0.000000] e820: remove [mem 0xe0000000-0xefffffff] reserved
[    0.000000] efi: Not removing mem58: MMIO range=[0xfec00000-0xfec00fff] (4KB) from e820 map
[    0.000000] efi: Not removing mem59: MMIO range=[0xfec10000-0xfec10fff] (4KB) from e820 map
[    0.000000] efi: Not removing mem60: MMIO range=[0xfed80000-0xfed80fff] (4KB) from e820 map
[    0.000000] efi: Not removing mem61: MMIO range=[0xfedf1000-0xfedf1fff] (4KB) from e820 map
[    0.000000] efi: Not removing mem62: MMIO range=[0xfee00000-0xfee00fff] (4KB) from e820 map
[    0.000000] efi: Remove mem64: MMIO range=[0xfd00000000-0xfd01ffffff] (32MB) from e820 map
[    0.000000] e820: remove [mem 0xfd00000000-0xfd01ffffff] reserved
[    0.000000] secureboot: Secure boot disabled
[    0.000000] SMBIOS 3.5.0 present.
[    0.000000] DMI: HP HP Z6 G5 A Workstation Desktop PC/8B24, BIOS U65 Ver. 01.01.21 08/15/2024
[    0.000000] DMI: Memory slots populated: 2/8
[    0.000000] tsc: Fast TSC calibration using PIT
[    0.000000] tsc: Detected 4493.090 MHz processor
[    0.000509] e820: update [mem 0x00000000-0x00000fff] usable ==> reserved
[    0.000520] e820: remove [mem 0x000a0000-0x000fffff] usable
[    0.000563] last_pfn = 0x107dcc0 max_arch_pfn = 0x10000000000
[    0.000575] MTRR map: 6 entries (3 fixed + 3 variable; max 20), built from 9 variable MTRRs
[    0.000583] x86/PAT: Configuration [0-7]: WB  WC  UC- UC  WB  WP  UC- WT  
[    0.000843] x2apic: enabled by BIOS, switching to x2apic ops
[    0.000849] last_pfn = 0x60000 max_arch_pfn = 0x10000000000
[    0.021398] esrt: Reserving ESRT space from 0x000000002cf7c118 to 0x000000002cf7c150.
[    0.021422] Using GB pages for direct mapping
[    0.026314] secureboot: Secure boot disabled
[    0.026317] RAMDISK: [mem 0x01e05000-0x09efffff]
[    0.026334] ACPI: Early table checksum verification disabled
[    0.026339] ACPI: RSDP 0x0000000030CA4014 000024 (v02 HPQOEM)
[    0.026351] ACPI: XSDT 0x0000000030C76188 000154 (v01 HPQOEM SLIC-WKS 00000001 AMD  00000001)
[    0.026368] ACPI: FACP 0x0000000030C82000 00010C (v05 HPQOEM SLIC-WKS 00000001 HP   00000001)
[    0.026386] ACPI: DSDT 0x0000000030C51000 0104D5 (v02 AMD    AMD_EDK2 00000000 INTL 20200717)
[    0.026401] ACPI: FACS 0x0000000030C06000 000040
[    0.026412] ACPI: SSDT 0x0000000030CA2000 00013E (v02 HP     ShmTable 00000001 INTL 20200717)
[    0.026425] ACPI: SSDT 0x0000000030C91000 0009CC (v02 AMD    BOULDERG 00000002 MSFT 04000000)
[    0.026440] ACPI: SSDT 0x0000000030C90000 000065 (v02 AMD    CPMDSM   00000001 INTL 20200717)
[    0.026454] ACPI: SSDT 0x0000000030C8E000 001B53 (v02 AMD    CPMRAS   00000001 INTL 20200717)
[    0.026467] ACPI: BERT 0x0000000030C8D000 000030 (v01 AMD    AMD BERT 00000001 AMD  00000001)
[    0.026481] ACPI: SSDT 0x0000000030C89000 0023DD (v01 HPQOEM Plat_Wmi 00000001 INTL 20200717)
[    0.026495] ACPI: OEMJ 0x0000000030C88000 00003D (v01 HPQOEM SLIC-WKS 00000002 AMD  00000001)
[    0.026510] ACPI: APIC 0x0000000030C87000 00028E (v04 HPQOEM SLIC-WKS 00000000 AMD  00000001)
[    0.026524] ACPI: SSDT 0x0000000030C86000 0004AB (v02 AMD    UcsiAcpi 00001000 INTL 20200717)
[    0.026538] ACPI: OEML 0x0000000030C85000 000028 (v03 HPQOEM SLIC-WKS 00000002 AMD  00000001)
[    0.026552] ACPI: SSDT 0x0000000030C84000 0005FB (v02 HPQOEM Tpm2Tabl 00001000 INTL 20200717)
[    0.026565] ACPI: TPM2 0x0000000030C83000 000034 (v03 HPQOEM SLIC-WKS 00000002 AMD  00000001)
[    0.026577] ACPI: ASF! 0x0000000030C81000 00006E (v32 HPQOEM 8B24     00000001 HP   00000001)
[    0.026590] ACPI: WSMT 0x0000000030C80000 000028 (v01 HPQOEM 8B24     00000001 HP   00000001)
[    0.026603] ACPI: HPET 0x0000000030C7F000 000038 (v01 HPQOEM 8B24     00000001 HP   00000001)
[    0.026615] ACPI: MCFG 0x0000000030C7E000 00003C (v01 HPQOEM 8B24     00000001 HP   00000001)
[    0.026629] ACPI: FPDT 0x0000000030C7D000 000044 (v01 HPQOEM SLIC-WKS 00000002 AMD  00000001)
[    0.026643] ACPI: SSDT 0x0000000030C7A000 002440 (v02 AMD    GPP_PME_ 00000001 INTL 20200717)
[    0.026658] ACPI: SSDT 0x0000000030C77000 002440 (v02 AMD    GPP_PME_ 00000001 INTL 20200717)
[    0.026672] ACPI: SSDT 0x0000000030C73000 002440 (v02 AMD    GPP_PME_ 00000001 INTL 20200717)
[    0.026685] ACPI: SSDT 0x0000000030C70000 002440 (v02 AMD    GPP_PME_ 00000001 INTL 20200717)
[    0.026698] ACPI: SSDT 0x0000000030CA3000 000024 (v01 HP     HPSANIMD 00001000 INTL 20200717)
[    0.026712] ACPI: SSDT 0x0000000030C6F000 000069 (v02 HP     HPCAHWID 00001000 INTL 20200717)
[    0.026725] ACPI: SSDT 0x0000000030C67000 007BAE (v02 AMD    AmdTable 00000001 AMD  00000001)
[    0.026739] ACPI: CRAT 0x0000000030C65000 001D28 (v01 AMD    AmdTable 00000001 AMD  00000001)
[    0.026751] ACPI: CDIT 0x0000000030C64000 000029 (v01 AMD    AmdTable 00000001 AMD  00000001)
[    0.026763] ACPI: HMAT 0x0000000030C63000 0000A4 (v02 AMD    AmdTable 00000001 AMD  00000001)
[    0.026777] ACPI: BDAT 0x0000000030C62000 000030 (v01 AMD    AmdTable 00000000 AMD  00000001)
[    0.026790] ACPI: IVRS 0x0000000030CA1000 0004D4 (v02 AMD    AmdTable 00000001 AMD  00000001)
[    0.026803] ACPI: SSDT 0x0000000030C97000 0097DF (v02 AMD    CPMCMN   00000001 INTL 20200717)
[    0.026816] ACPI: SSDT 0x0000000030C93000 0022A2 (v02 AMD    AOD      00000001 INTL 20200717)
[    0.026827] ACPI: SSDT 0x0000000030C92000 000085 (v02 AMD    AmdTable 00000001 INTL 20200717)
[    0.026840] ACPI: SSDT 0x0000000030C50000 0004F8 (v02 AMD    MEMTOOL0 00000002 INTL 20200717)
[    0.026854] ACPI: SSDT 0x0000000030C4F000 000995 (v02 AMD    CPMMSOSC 00000001 INTL 20200717)
[    0.026867] ACPI: SSDT 0x0000000030C4E000 000B6A (v02 AMD    CPMACPV6 00000001 INTL 20200717)
[    0.026880] ACPI: HEST 0x0000000030C2D000 020A14 (v01 AMD    AMD HEST 00000001 AMD  00000001)
[    0.026893] ACPI: BGRT 0x0000000030C96000 000038 (v01 HPQOEM SLIC-WKS 00000002 AMD  00000001)
[    0.026904] ACPI: Reserving FACP table memory at [mem 0x30c82000-0x30c8210b]
[    0.026909] ACPI: Reserving DSDT table memory at [mem 0x30c51000-0x30c614d4]
[    0.026914] ACPI: Reserving FACS table memory at [mem 0x30c06000-0x30c0603f]
[    0.026919] ACPI: Reserving SSDT table memory at [mem 0x30ca2000-0x30ca213d]
[    0.026922] ACPI: Reserving SSDT table memory at [mem 0x30c91000-0x30c919cb]
[    0.026927] ACPI: Reserving SSDT table memory at [mem 0x30c90000-0x30c90064]
[    0.026932] ACPI: Reserving SSDT table memory at [mem 0x30c8e000-0x30c8fb52]
[    0.026936] ACPI: Reserving BERT table memory at [mem 0x30c8d000-0x30c8d02f]
[    0.026941] ACPI: Reserving SSDT table memory at [mem 0x30c89000-0x30c8b3dc]
[    0.026945] ACPI: Reserving OEMJ table memory at [mem 0x30c88000-0x30c8803c]
[    0.026949] ACPI: Reserving APIC table memory at [mem 0x30c87000-0x30c8728d]
[    0.026953] ACPI: Reserving SSDT table memory at [mem 0x30c86000-0x30c864aa]
[    0.026958] ACPI: Reserving OEML table memory at [mem 0x30c85000-0x30c85027]
[    0.026962] ACPI: Reserving SSDT table memory at [mem 0x30c84000-0x30c845fa]
[    0.026967] ACPI: Reserving TPM2 table memory at [mem 0x30c83000-0x30c83033]
[    0.026972] ACPI: Reserving ASF! table memory at [mem 0x30c81000-0x30c8106d]
[    0.026976] ACPI: Reserving WSMT table memory at [mem 0x30c80000-0x30c80027]
[    0.026981] ACPI: Reserving HPET table memory at [mem 0x30c7f000-0x30c7f037]
[    0.026985] ACPI: Reserving MCFG table memory at [mem 0x30c7e000-0x30c7e03b]
[    0.026990] ACPI: Reserving FPDT table memory at [mem 0x30c7d000-0x30c7d043]
[    0.026994] ACPI: Reserving SSDT table memory at [mem 0x30c7a000-0x30c7c43f]
[    0.026999] ACPI: Reserving SSDT table memory at [mem 0x30c77000-0x30c7943f]
[    0.027004] ACPI: Reserving SSDT table memory at [mem 0x30c73000-0x30c7543f]
[    0.027008] ACPI: Reserving SSDT table memory at [mem 0x30c70000-0x30c7243f]
[    0.027013] ACPI: Reserving SSDT table memory at [mem 0x30ca3000-0x30ca3023]
[    0.027017] ACPI: Reserving SSDT table memory at [mem 0x30c6f000-0x30c6f068]
[    0.027022] ACPI: Reserving SSDT table memory at [mem 0x30c67000-0x30c6ebad]
[    0.027027] ACPI: Reserving CRAT table memory at [mem 0x30c65000-0x30c66d27]
[    0.027032] ACPI: Reserving CDIT table memory at [mem 0x30c64000-0x30c64028]
[    0.027036] ACPI: Reserving HMAT table memory at [mem 0x30c63000-0x30c630a3]
[    0.027041] ACPI: Reserving BDAT table memory at [mem 0x30c62000-0x30c6202f]
[    0.027046] ACPI: Reserving IVRS table memory at [mem 0x30ca1000-0x30ca14d3]
[    0.027051] ACPI: Reserving SSDT table memory at [mem 0x30c97000-0x30ca07de]
[    0.027055] ACPI: Reserving SSDT table memory at [mem 0x30c93000-0x30c952a1]
[    0.027060] ACPI: Reserving SSDT table memory at [mem 0x30c92000-0x30c92084]
[    0.027065] ACPI: Reserving SSDT table memory at [mem 0x30c50000-0x30c504f7]
[    0.027070] ACPI: Reserving SSDT table memory at [mem 0x30c4f000-0x30c4f994]
[    0.027074] ACPI: Reserving SSDT table memory at [mem 0x30c4e000-0x30c4eb69]
[    0.027079] ACPI: Reserving HEST table memory at [mem 0x30c2d000-0x30c4da13]
[    0.027083] ACPI: Reserving BGRT table memory at [mem 0x30c96000-0x30c96037]
[    0.027284] APIC: Switched APIC routing to: cluster x2apic
[    0.027689] No NUMA configuration found
[    0.027692] Faking a node at [mem 0x0000000000000000-0x000000107dcbffff]
[    0.027727] NODE_DATA(0) allocated [mem 0x107dc95280-0x107dcbffff]
[    0.030417] Zone ranges:
[    0.030420]   DMA      [mem 0x0000000000001000-0x0000000000ffffff]
[    0.030426]   DMA32    [mem 0x0000000001000000-0x00000000ffffffff]
[    0.030432]   Normal   [mem 0x0000000100000000-0x000000107dcbffff]
[    0.030439]   Device   empty
[    0.030443] Movable zone start for each node
[    0.030448] Early memory node ranges
[    0.030450]   node   0: [mem 0x0000000000001000-0x000000000009efff]
[    0.030455]   node   0: [mem 0x0000000000100000-0x0000000009efffff]
[    0.030459]   node   0: [mem 0x0000000009f43000-0x000000000affffff]
[    0.030463]   node   0: [mem 0x000000000b021000-0x000000001079bfff]
[    0.030468]   node   0: [mem 0x00000000107ac000-0x000000002bd33fff]
[    0.030472]   node   0: [mem 0x0000000030ca5000-0x0000000038aaffff]
[    0.030477]   node   0: [mem 0x0000000038ab1000-0x0000000038adafff]
[    0.030481]   node   0: [mem 0x0000000038adc000-0x0000000044c8cfff]
[    0.030486]   node   0: [mem 0x0000000044ca2000-0x000000005fffffff]
[    0.030491]   node   0: [mem 0x0000000100000000-0x000000107dcbffff]
[    0.030536] Initmem setup node 0 [mem 0x0000000000001000-0x000000107dcbffff]
[    0.030552] On node 0, zone DMA: 1 pages in unavailable ranges
[    0.030600] On node 0, zone DMA: 97 pages in unavailable ranges
[    0.031040] On node 0, zone DMA32: 67 pages in unavailable ranges
[    0.031289] On node 0, zone DMA32: 33 pages in unavailable ranges
[    0.032490] On node 0, zone DMA32: 16 pages in unavailable ranges
[    0.033072] On node 0, zone DMA32: 20337 pages in unavailable ranges
[    0.033076] On node 0, zone DMA32: 1 pages in unavailable ranges
[    0.033603] On node 0, zone DMA32: 1 pages in unavailable ranges
[    0.034777] On node 0, zone DMA32: 21 pages in unavailable ranges
[    0.208488] On node 0, zone Normal: 9024 pages in unavailable ranges
[    0.208621] ACPI: PM-Timer IO Port: 0x808
[    0.208655] ACPI: X2APIC_NMI (uid[0xffffffff] high level lint[0x1])
[    0.208663] ACPI: LAPIC_NMI (acpi_id[0xff] high level lint[0x1])
[    0.208679] IOAPIC[0]: apic_id 128, version 33, address 0xfec00000, GSI 0-23
[    0.208689] IOAPIC[1]: apic_id 131, version 33, address 0xdf180000, GSI 24-55
[    0.208697] IOAPIC[2]: apic_id 132, version 33, address 0x97180000, GSI 56-87
[    0.208707] IOAPIC[3]: apic_id 130, version 33, address 0xaf180000, GSI 88-119
[    0.208716] IOAPIC[4]: apic_id 129, version 33, address 0xc7180000, GSI 120-151
[    0.208724] ACPI: INT_SRC_OVR (bus 0 bus_irq 0 global_irq 2 dfl dfl)
[    0.208731] ACPI: INT_SRC_OVR (bus 0 bus_irq 9 global_irq 9 low level)
[    0.208747] ACPI: Using ACPI (MADT) for SMP configuration information
[    0.208751] ACPI: HPET id: 0x10228210 base: 0xfed00000
[    0.208773] e820: update [mem 0x1e2ff000-0x1e374fff] usable ==> reserved
[    0.208829] CPU topo: Max. logical packages:   1
[    0.208833] CPU topo: Max. logical dies:       2
[    0.208836] CPU topo: Max. dies per package:   2
[    0.208854] CPU topo: Max. threads per core:   2
[    0.208859] CPU topo: Num. cores per package:    16
[    0.208863] CPU topo: Num. threads per package:  32
[    0.208867] CPU topo: Allowing 32 present CPUs plus 0 hotplug CPUs
[    0.209039] PM: hibernation: Registered nosave memory: [mem 0x00000000-0x00000fff]
[    0.209050] PM: hibernation: Registered nosave memory: [mem 0x0009f000-0x000fffff]
[    0.209061] PM: hibernation: Registered nosave memory: [mem 0x09f00000-0x09f42fff]
[    0.209071] PM: hibernation: Registered nosave memory: [mem 0x0b000000-0x0b020fff]
[    0.209082] PM: hibernation: Registered nosave memory: [mem 0x1079c000-0x107abfff]
[    0.209093] PM: hibernation: Registered nosave memory: [mem 0x1e2ff000-0x1e374fff]
[    0.209104] PM: hibernation: Registered nosave memory: [mem 0x2bd34000-0x30ca4fff]
[    0.209114] PM: hibernation: Registered nosave memory: [mem 0x38ab0000-0x38ab0fff]
[    0.209126] PM: hibernation: Registered nosave memory: [mem 0x38adb000-0x38adbfff]
[    0.209137] PM: hibernation: Registered nosave memory: [mem 0x44c8d000-0x44ca1fff]
[    0.209150] PM: hibernation: Registered nosave memory: [mem 0x60000000-0xffffffff]
[    0.209157] [mem 0x80000000-0xfebfffff] available for PCI devices
[    0.209162] Booting paravirtualized kernel on bare hardware
[    0.209167] clocksource: refined-jiffies: mask: 0xffffffff max_cycles: 0xffffffff, max_idle_ns: 1910969940391419 ns
[    0.223747] setup_percpu: NR_CPUS:8192 nr_cpumask_bits:32 nr_cpu_ids:32 nr_node_ids:1
[    0.226224] percpu: Embedded 83 pages/cpu s217088 r8192 d114688 u524288
[    0.226270] pcpu-alloc: s217088 r8192 d114688 u524288 alloc=1*2097152
[    0.226278] pcpu-alloc: [0] 00 01 02 03 [0] 04 05 06 07 
[    0.226302] pcpu-alloc: [0] 08 09 10 11 [0] 12 13 14 15 
[    0.226328] pcpu-alloc: [0] 16 17 18 19 [0] 20 21 22 23 
[    0.226356] pcpu-alloc: [0] 24 25 26 27 [0] 28 29 30 31 
[    0.226496] Kernel command line: BOOT_IMAGE=(hd1,gpt4)/boot/vmlinuz-6.16.3-100.fc41.x86_64 [REDACTED_USER]=UUID=be76e5c9-5972-4a10-83eb-14b62e5de2a5 ro rhgb quiet
[    0.226892] Unknown kernel command line parameters "rhgb BOOT_IMAGE=(hd1,gpt4)/boot/vmlinuz-6.16.3-100.fc41.x86_64", will be passed to [REDACTED_USER] space.
[    0.226914] printk: log buffer data + meta data: 262144 + 917504 = 1179648 bytes
[    0.235856] Dentry cache hash table entries: 8388608 (order: 14, 67108864 bytes, linear)
[    0.240333] Inode-cache hash table entries: 4194304 (order: 13, 33554432 bytes, linear)
[    0.241713] software IO TLB: area num 32.
[    0.259833] Fallback order for Node 0: 0 
[    0.259848] Built 1 zonelists, mobility grouping on.  Total pages: 16616546
[    0.259853] Policy zone: Normal
[    0.260221] mem auto-init: stack:all(zero), heap alloc:on, heap free:off
[    0.514039] SLUB: HWalign=64, Order=0-3, MinObjects=0, CPUs=32, Nodes=1
[    0.538768] ftrace: allocating 61347 entries in 240 pages
[    0.538772] ftrace: allocated 240 pages with 4 groups
[    0.540690] Dynamic Preempt: lazy
[    0.541093] rcu: Preemptible hierarchical RCU implementation.
[    0.541095] rcu: 	RCU event tracing is enabled.
[    0.541096] rcu: 	RCU restricting CPUs from NR_CPUS=8192 to nr_cpu_ids=32.
[    0.541099] 	Trampoline variant of Tasks RCU enabled.
[    0.541101] 	Rude variant of Tasks RCU enabled.
[    0.541103] 	Tracing variant of Tasks RCU enabled.
[    0.541106] rcu: RCU calculated value of scheduler-enlistment delay is 100 jiffies.
[    0.541108] rcu: Adjusting geometry for rcu_fanout_leaf=16, nr_cpu_ids=32
[    0.541159] RCU Tasks: Setting shift to 5 and lim to 1 rcu_task_cb_adjust=1 rcu_task_cpu_ids=32.
[    0.541166] RCU Tasks Rude: Setting shift to 5 and lim to 1 rcu_task_cb_adjust=1 rcu_task_cpu_ids=32.
[    0.541174] RCU Tasks Trace: Setting shift to 5 and lim to 1 rcu_task_cb_adjust=1 rcu_task_cpu_ids=32.
[    0.576919] NR_IRQS: 524544, nr_irqs: 2856, preallocated irqs: 16
[    0.577387] rcu: srcu_init: Setting srcu_struct sizes based on contention.
[    0.577831] kfence: initialized - using 2097152 bytes for 255 objects at 0x(____ptrval____)-0x(____ptrval____)
[    0.578052] Console: colour dummy device 80x25
[    0.578059] printk: legacy console [tty0] enabled
[    0.578305] ACPI: Core revision 20250404
[    0.580463] clocksource: hpet: mask: 0xffffffff max_cycles: 0xffffffff, max_idle_ns: 133484873504 ns
[    0.580483] APIC: Switch to symmetric I/O mode setup
[    0.581121] AMD-Vi: ivrs, add hid:AMDI0020, uid:\_SB.FUR0, rdevid:0xa0
[    0.581129] AMD-Vi: ivrs, add hid:AMDI0020, uid:\_SB.FUR1, rdevid:0xa0
[    0.581137] AMD-Vi: ivrs, add hid:AMDI0020, uid:\_SB.FUR2, rdevid:0xa0
[    0.581143] AMD-Vi: ivrs, add hid:AMDI0020, uid:\_SB.FUR3, rdevid:0xa0
[    0.581507] AMD-Vi: ivrs, add hid:AMDI0020, uid:\_SB.FUR0, rdevid:0xa0
[    0.581514] AMD-Vi: ivrs, add hid:AMDI0020, uid:\_SB.FUR1, rdevid:0xa0
[    0.581520] AMD-Vi: ivrs, add hid:AMDI0020, uid:\_SB.FUR2, rdevid:0xa0
[    0.581527] AMD-Vi: ivrs, add hid:AMDI0020, uid:\_SB.FUR3, rdevid:0xa0
[    0.581887] AMD-Vi: ivrs, add hid:AMDI0020, uid:\_SB.FUR0, rdevid:0xa0
[    0.581893] AMD-Vi: ivrs, add hid:AMDI0020, uid:\_SB.FUR1, rdevid:0xa0
[    0.581901] AMD-Vi: ivrs, add hid:AMDI0020, uid:\_SB.FUR2, rdevid:0xa0
[    0.581908] AMD-Vi: ivrs, add hid:AMDI0020, uid:\_SB.FUR3, rdevid:0xa0
[    0.582262] AMD-Vi: ivrs, add hid:AMDI0020, uid:\_SB.FUR0, rdevid:0xa0
[    0.582270] AMD-Vi: ivrs, add hid:AMDI0020, uid:\_SB.FUR1, rdevid:0xa0
[    0.582279] AMD-Vi: ivrs, add hid:AMDI0020, uid:\_SB.FUR2, rdevid:0xa0
[    0.582286] AMD-Vi: ivrs, add hid:AMDI0020, uid:\_SB.FUR3, rdevid:0xa0
[    0.582292] AMD-Vi: Using global IVHD EFR:0x25bf732fa2295afe, EFR2:0x1d
[    0.583887] ..TIMER: vector=0x30 apic1=0 pin1=2 apic2=-1 pin2=-1
[    0.588485] clocksource: tsc-early: mask: 0xffffffffffffffff max_cycles: 0x40c3e89abb0, max_idle_ns: 440795307281 ns
[    0.588496] Calibrating delay loop (skipped), value calculated using timer frequency.. 8986.18 BogoMIPS (lpj=4493090)
[    0.588525] x86/cpu: [REDACTED_USER] Mode Instruction Prevention (UMIP) activated
[    0.588675] LVT offset 2 assigned for vector 0xf4
[    0.588713] Last level iTLB entries: 4KB 512, 2MB 512, 4MB 256
[    0.588719] Last level dTLB entries: 4KB 3072, 2MB 3072, 4MB 1536, 1GB 0
[    0.588729] process: using mwait in idle threads
[    0.588740] Speculative Store Bypass: Mitigation: Speculative Store Bypass disabled via prctl
[    0.588746] Transient Scheduler Attacks: Mitigation: Clear CPU buffers
[    0.588751] Spectre V2 : Mitigation: Enhanced / Automatic IBRS
[    0.588755] Spectre V2 : [REDACTED_USER] space: Mitigation: STIBP always-on protection
[    0.588760] Speculative Return Stack Overflow: Mitigation: Safe RET
[    0.588764] Spectre V1 : Mitigation: usercopy/swapgs barriers and __user pointer sanitization
[    0.588772] Spectre V2 : mitigation: Enabling conditional Indirect Branch Prediction Barrier
[    0.588778] active return thunk: srso_alias_return_thunk
[    0.588793] x86/fpu: Supporting XSAVE feature 0x001: 'x87 floating point registers'
[    0.588799] x86/fpu: Supporting XSAVE feature 0x002: 'SSE registers'
[    0.588803] x86/fpu: Supporting XSAVE feature 0x004: 'AVX registers'
[    0.588809] x86/fpu: Supporting XSAVE feature 0x020: 'AVX-512 opmask'
[    0.588814] x86/fpu: Supporting XSAVE feature 0x040: 'AVX-512 Hi256'
[    0.588819] x86/fpu: Supporting XSAVE feature 0x080: 'AVX-512 ZMM_Hi256'
[    0.588824] x86/fpu: Supporting XSAVE feature 0x200: 'Protection Keys [REDACTED_USER] registers'
[    0.588830] x86/fpu: Supporting XSAVE feature 0x800: 'Control-flow [REDACTED_USER] registers'
[    0.588835] x86/fpu: xstate_offset[2]:  576, xstate_sizes[2]:  256
[    0.588841] x86/fpu: xstate_offset[5]:  832, xstate_sizes[5]:   64
[    0.588847] x86/fpu: xstate_offset[6]:  896, xstate_sizes[6]:  512
[    0.588853] x86/fpu: xstate_offset[7]: 1408, xstate_sizes[7]: 1024
[    0.588860] x86/fpu: xstate_offset[9]: 2432, xstate_sizes[9]:    8
[    0.588865] x86/fpu: xstate_offset[11]: 2440, xstate_sizes[11]:   16
[    0.588872] x86/fpu: Enabled xstate features 0xae7, context size is 2456 bytes, using 'compacted' format.
[    0.702523] Freeing SMP alternatives memory: 56K
[    0.702531] pid_max: default: 32768 minimum: 301
[    0.729650] LSM: initializing lsm=lockdown,capability,yama,selinux,bpf,landlock,ipe,ima,evm
[    0.729761] Yama: becoming mindful.
[    0.729777] SELinux:  Initializing.
[    0.731103] LSM support for eBPF active
[    0.731192] landlock: Up and running.
[    0.731443] Mount-cache hash table entries: 131072 (order: 8, 1048576 bytes, linear)
[    0.731483] Mountpoint-cache hash table entries: 131072 (order: 8, 1048576 bytes, linear)
[    0.835342] smpboot: CPU0: AMD Ryzen Threadripper PRO 7955WX 16-Cores (family: 0x19, model: 0x18, stepping: 0x1)
[    0.835493] Performance Events: Fam17h+ 16-deep LBR, core perfctr, AMD PMU driver.
[    0.835493] ... version:                2
[    0.835493] ... bit width:              48
[    0.835493] ... generic registers:      6
[    0.835493] ... value mask:             0000ffffffffffff
[    0.835493] ... max period:             00007fffffffffff
[    0.835493] ... fixed-purpose events:   0
[    0.835493] ... event mask:             000000000000003f
[    0.835837] signal: max sigframe size: 3376
[    0.835975] rcu: Hierarchical SRCU implementation.
[    0.835980] rcu: 	Max phase no-delay instances is 400.
[    0.836112] Timer migration: 2 hierarchy levels; 8 children per group; 2 crossnode level
[    0.850880] NMI watchdog: Enabled. Permanently consumes one hw-PMU counter.
[    0.851449] smp: Bringing up secondary CPUs ...
[    0.851786] smpboot: x86: Booting SMP configuration:
[    0.851792] .... node  #0, CPUs:        #1  #2  #3  #4  #5  #6  #7  #8  #9 #10 #11 #12 #13 #14 #15 #16 #17 #18 #19 #20 #21 #22 #23 #24 #25 #26 #27 #28 #29 #30 #31
[    0.880611] Spectre V2 : Update [REDACTED_USER] space SMT mitigation: STIBP always-on
[    0.897533] smp: Brought up 1 node, 32 CPUs
[    0.897533] smpboot: Total of 32 processors activated (287557.76 BogoMIPS)
[    0.898729] Memory: 65007780K/66466184K available (21428K kernel code, 4497K rwdata, 17788K rodata, 5072K init, 5812K bss, 1417388K reserved, 0K cma-reserved)
[    0.900069] devtmpfs: initialized
[    0.900069] x86/mm: Memory block size: 2048MB
[    0.901528] ACPI: PM: Registering ACPI NVS region [mem 0x09f00000-0x09f42fff] (274432 bytes)
[    0.901534] ACPI: PM: Registering ACPI NVS region [mem 0x2dad2000-0x30c24fff] (51720192 bytes)
[    0.901934] clocksource: jiffies: mask: 0xffffffff max_cycles: 0xffffffff, max_idle_ns: 1911260446275000 ns
[    0.901934] posixtimers hash table entries: 16384 (order: 6, 262144 bytes, linear)
[    0.901934] futex hash table entries: 8192 (524288 bytes on 1 NUMA nodes, total 512 KiB, linear).
[    0.901934] pinctrl core: initialized pinctrl subsystem
[    0.901934] PM: RTC time: 09:51:37, date: 2025-08-30
[    0.902080] NET: Registered PF_NETLINK/PF_ROUTE protocol family
[    0.902540] DMA: preallocated 4096 KiB GFP_KERNEL pool for atomic allocations
[    0.902653] DMA: preallocated 4096 KiB GFP_KERNEL|GFP_DMA pool for atomic allocations
[    0.902769] DMA: preallocated 4096 KiB GFP_KERNEL|GFP_DMA32 pool for atomic allocations
[    0.902781] audit: initializing netlink subsys (disabled)
[    0.902790] audit: type=2000 audit(1756547492.321:1): state=initialized audit_enabled=0 res=1
[    0.902790] thermal_sys: Registered thermal governor 'fair_share'
[    0.902790] thermal_sys: Registered thermal governor 'bang_bang'
[    0.902790] thermal_sys: Registered thermal governor 'step_wise'
[    0.902790] thermal_sys: Registered thermal governor 'user_space'
[    0.903503] cpuidle: using governor menu
[    0.903555] ACPI FADT declares the system doesn't support PCIe ASPM, so disable it
[    0.903557] acpiphp: ACPI Hot Plug PCI Controller Driver version: 0.5
[    0.903638] PCI: ECAM [mem 0xe0000000-0xefffffff] (base 0xe0000000) for domain 0000 [bus 00-ff]
[    0.903652] PCI: Using configuration type 1 for base access
[    0.903731] kprobes: kprobe jump-optimization is enabled. All kprobes are optimized if possible.
[    0.903731] HugeTLB: allocation took 0ms with hugepage_allocation_threads=8
[    0.903731] HugeTLB: registered 1.00 GiB page size, pre-allocated 0 pages
[    0.903731] HugeTLB: 16380 KiB vmemmap can be freed for a 1.00 GiB page
[    0.903731] HugeTLB: registered 2.00 MiB page size, pre-allocated 0 pages
[    0.903731] HugeTLB: 28 KiB vmemmap can be freed for a 2.00 MiB page
[    0.904515] raid6: skipped pq benchmark and selected avx512x4
[    0.904515] raid6: using avx512x2 recovery algorithm
[    0.904774] ACPI: Added _OSI(Module Device)
[    0.904776] ACPI: Added _OSI(Processor Device)
[    0.904777] ACPI: Added _OSI(Processor Aggregator Device)
[    0.924745] ACPI: 21 ACPI AML tables successfully acquired and loaded
[    0.927018] ACPI: [Firmware Bug]: BIOS _OSI(Linux) query ignored
[    0.928673] ACPI: EC: EC started
[    0.928675] ACPI: EC: interrupt blocked
[    0.929224] ACPI: EC: EC_CMD/EC_SC=0x66, EC_DATA=0x62
[    0.929227] ACPI: \_SB_.PCI0.LPCB.EC0_: Boot DSDT EC used to handle transactions
[    0.929228] ACPI: Interpreter enabled
[    0.929243] ACPI: PM: (supports S0 S3 S4 S5)
[    0.929244] ACPI: Using IOAPIC for interrupt routing
[    0.930405] HEST: Table parsing has been initialized.
[    0.930592] GHES: APEI firmware first mode is enabled by APEI bit.
[    0.930595] PCI: Using host bridge windows from ACPI; if necessary, use "pci=nocrs" and report a bug
[    0.930596] PCI: Ignoring E820 reservations for host bridge windows
[    0.931189] ACPI: Enabled 8 GPEs in block 00 to 1F
[    0.963423] ACPI: PCI [REDACTED_USER] Bridge [PCI0] (domain 0000 [bus 00-3f])
[    0.963429] acpi PNP0A08:00: _OSC: OS supports [ExtendedConfig ASPM ClockPM Segments MSI EDR HPX-Type3]
[    0.963550] acpi PNP0A08:00: _OSC: platform does not support [SHPCHotplug LTR DPC]
[    0.963758] acpi PNP0A08:00: _OSC: OS now controls [PCIeHotplug PME AER PCIeCapability]
[    0.963759] acpi PNP0A08:00: FADT indicates ASPM is unsupported, using BIOS configuration
[    0.964127] PCI host bridge to bus 0000:00
[    0.964130] pci_bus 0000:00: [REDACTED_USER] bus resource [mem 0xda000000-0xdeffffff window]
[    0.964132] pci_bus 0000:00: [REDACTED_USER] bus resource [mem 0xc8000000-0xd9ffffff window]
[    0.964133] pci_bus 0000:00: [REDACTED_USER] bus resource [mem 0x5e66c200000-0x63fffffffff window]
[    0.964135] pci_bus 0000:00: [REDACTED_USER] bus resource [mem 0x48020200000-0x5e66c1fffff window]
[    0.964136] pci_bus 0000:00: [REDACTED_USER] bus resource [io  0x1000-0x3fff window]
[    0.964138] pci_bus 0000:00: [REDACTED_USER] bus resource [io  0x0000-0x0cf7 window]
[    0.964139] pci_bus 0000:00: [REDACTED_USER] bus resource [io  0x0d00-0x0fff window]
[    0.964140] pci_bus 0000:00: [REDACTED_USER] bus resource [mem 0xfec00000-0xfec01fff window]
[    0.964142] pci_bus 0000:00: [REDACTED_USER] bus resource [mem 0xfed45000-0xfed811ff window]
[    0.964143] pci_bus 0000:00: [REDACTED_USER] bus resource [mem 0xfed81900-0xfed81fff window]
[    0.964144] pci_bus 0000:00: [REDACTED_USER] bus resource [mem 0xfedc0000-0xfedc0fff window]
[    0.964146] pci_bus 0000:00: [REDACTED_USER] bus resource [mem 0xfee01000-0xffffffff window]
[    0.964147] pci_bus 0000:00: [REDACTED_USER] bus resource [bus 00-3f]
[    0.964160] pci 0000:00:00.0: [1022:14a4] type 00 class 0x060000 conventional PCI endpoint
[    0.964230] pci 0000:00:00.2: [1022:149e] type 00 class 0x080600 conventional PCI endpoint
[    0.964294] pci 0000:00:00.3: [1022:14a6] type 00 class 0x080700 PCIe [REDACTED_USER] Complex Event Collector
[    0.964326] pci 0000:00:00.3: enabling Extended Tags
[    0.964451] pci 0000:00:01.0: [1022:149f] type 00 class 0x060000 conventional PCI endpoint
[    0.964510] pci 0000:00:01.1: [1022:14ab] type 01 class 0x060400 PCIe [REDACTED_USER] Port
[    0.964523] pci 0000:00:01.1: PCI bridge to [bus 01]
[    0.964527] pci 0000:00:01.1:   bridge window [io  0x2000-0x2fff]
[    0.964529] pci 0000:00:01.1:   bridge window [mem 0xda000000-0xdb0fffff]
[    0.964535] pci 0000:00:01.1:   bridge window [mem 0x48030000000-0x48041ffffff 64bit pref]
[    0.964591] pci 0000:00:01.1: PME# supported from D0 D3hot D3cold
[    0.964742] pci 0000:00:02.0: [1022:149f] type 00 class 0x060000 conventional PCI endpoint
[    0.964798] pci 0000:00:03.0: [1022:149f] type 00 class 0x060000 conventional PCI endpoint
[    0.964859] pci 0000:00:03.3: [1022:14a5] type 01 class 0x060400 PCIe [REDACTED_USER] Port
[    0.964874] pci 0000:00:03.3: PCI bridge to [bus 02]
[    0.964880] pci 0000:00:03.3:   bridge window [mem 0xdb600000-0xdb6fffff]
[    0.964954] pci 0000:00:03.3: PME# supported from D0 D3hot D3cold
[    0.965106] pci 0000:00:03.5: [1022:14a5] type 01 class 0x060400 PCIe [REDACTED_USER] Port
[    0.965122] pci 0000:00:03.5: PCI bridge to [bus 03]
[    0.965126] pci 0000:00:03.5:   bridge window [io  0x1000-0x1fff]
[    0.965129] pci 0000:00:03.5:   bridge window [mem 0xdb500000-0xdb5fffff]
[    0.965202] pci 0000:00:03.5: PME# supported from D0 D3hot D3cold
[    0.965358] pci 0000:00:03.6: [1022:14a5] type 01 class 0x060400 PCIe [REDACTED_USER] Port
[    0.965373] pci 0000:00:03.6: PCI bridge to [bus 04]
[    0.965379] pci 0000:00:03.6:   bridge window [mem 0xdb400000-0xdb4fffff]
[    0.965452] pci 0000:00:03.6: PME# supported from D0 D3hot D3cold
[    0.965593] pci 0000:00:04.0: [1022:149f] type 00 class 0x060000 conventional PCI endpoint
[    0.965648] pci 0000:00:05.0: [1022:149f] type 00 class 0x060000 conventional PCI endpoint
[    0.965704] pci 0000:00:07.0: [1022:149f] type 00 class 0x060000 conventional PCI endpoint
[    0.965759] pci 0000:00:07.1: [1022:14a7] type 01 class 0x060400 PCIe [REDACTED_USER] Port
[    0.965770] pci 0000:00:07.1: PCI bridge to [bus 05]
[    0.965774] pci 0000:00:07.1:   bridge window [mem 0xdb100000-0xdb3fffff]
[    0.965782] pci 0000:00:07.1: enabling Extended Tags
[    0.965820] pci 0000:00:07.1: PME# supported from D0 D3hot D3cold
[    0.965939] pci 0000:00:14.0: [1022:790b] type 00 class 0x0c0500 conventional PCI endpoint
[    0.966018] pci 0000:00:14.3: [1022:790e] type 00 class 0x060100 conventional PCI endpoint
[    0.966129] pci 0000:00:18.0: [1022:14ad] type 00 class 0x060000 conventional PCI endpoint
[    0.966171] pci 0000:00:18.1: [1022:14ae] type 00 class 0x060000 conventional PCI endpoint
[    0.966212] pci 0000:00:18.2: [1022:14af] type 00 class 0x060000 conventional PCI endpoint
[    0.966253] pci 0000:00:18.3: [1022:14b0] type 00 class 0x060000 conventional PCI endpoint
[    0.966296] pci 0000:00:18.4: [1022:14b1] type 00 class 0x060000 conventional PCI endpoint
[    0.966338] pci 0000:00:18.5: [1022:14b2] type 00 class 0x060000 conventional PCI endpoint
[    0.966379] pci 0000:00:18.6: [1022:14b3] type 00 class 0x060000 conventional PCI endpoint
[    0.966420] pci 0000:00:18.7: [1022:14b4] type 00 class 0x060000 conventional PCI endpoint
[    0.966524] pci 0000:01:00.0: [10de:24b0] type 00 class 0x030000 PCIe Legacy Endpoint
[    0.966547] pci 0000:01:00.0: BAR 0 [mem 0xda000000-0xdaffffff]
[    0.966551] pci 0000:01:00.0: BAR 1 [mem 0x48030000000-0x4803fffffff 64bit pref]
[    0.966553] pci 0000:01:00.0: BAR 3 [mem 0x48040000000-0x48041ffffff 64bit pref]
[    0.966555] pci 0000:01:00.0: BAR 5 [io  0x2000-0x207f]
[    0.966558] pci 0000:01:00.0: ROM [mem 0xfff80000-0xffffffff pref]
[    0.966604] pci 0000:01:00.0: PME# supported from D0 D3hot
[    0.966752] pci 0000:01:00.1: [10de:228b] type 00 class 0x040300 PCIe Endpoint
[    0.966776] pci 0000:01:00.1: BAR 0 [mem 0xdb000000-0xdb003fff]
[    0.966893] pci 0000:00:01.1: PCI bridge to [bus 01]
[    0.966951] pci 0000:00:03.3: PCI bridge to [bus 02]
[    0.967030] pci 0000:03:00.0: [10ec:8168] type 00 class 0x020000 PCIe Endpoint
[    0.967077] pci 0000:03:00.0: BAR 0 [io  0x1000-0x10ff]
[    0.967082] pci 0000:03:00.0: BAR 2 [mem 0xdb504000-0xdb504fff 64bit]
[    0.967086] pci 0000:03:00.0: BAR 4 [mem 0xdb500000-0xdb503fff 64bit]
[    0.967176] pci 0000:03:00.0: supports D1 D2
[    0.967177] pci 0000:03:00.0: PME# supported from D0 D1 D2 D3hot D3cold
[    0.967357] pci 0000:00:03.5: PCI bridge to [bus 03]
[    0.967419] pci 0000:00:03.6: PCI bridge to [bus 04]
[    0.967486] pci 0000:05:00.0: [1022:14ac] type 00 class 0x130000 PCIe Endpoint
[    0.967514] pci 0000:05:00.0: enabling Extended Tags
[    0.967603] pci 0000:05:00.4: [1022:14c9] type 00 class 0x0c0330 PCIe Endpoint
[    0.967621] pci 0000:05:00.4: BAR 0 [mem 0xdb100000-0xdb1fffff 64bit]
[    0.967627] pci 0000:05:00.4: enabling Extended Tags
[    0.967652] pci 0000:05:00.4: PME# supported from D0 D3hot D3cold
[    0.967731] pci 0000:05:00.5: [1022:14ca] type 00 class 0x108000 PCIe Endpoint
[    0.967749] pci 0000:05:00.5: BAR 2 [mem 0xdb200000-0xdb2fffff]
[    0.967752] pci 0000:05:00.5: BAR 5 [mem 0xdb348000-0xdb349fff]
[    0.967756] pci 0000:05:00.5: enabling Extended Tags
[    0.967853] pci 0000:05:00.6: [1022:14cb] type 00 class 0x048000 PCIe Endpoint
[    0.967870] pci 0000:05:00.6: BAR 0 [mem 0xdb300000-0xdb33ffff]
[    0.967877] pci 0000:05:00.6: enabling Extended Tags
[    0.967899] pci 0000:05:00.6: PME# supported from D0 D3hot D3cold
[    0.967971] pci 0000:05:00.7: [1022:14cc] type 00 class 0x040300 PCIe Endpoint
[    0.967988] pci 0000:05:00.7: BAR 0 [mem 0xdb340000-0xdb347fff]
[    0.967995] pci 0000:05:00.7: enabling Extended Tags
[    0.968017] pci 0000:05:00.7: PME# supported from D0 D3hot D3cold
[    0.968117] pci 0000:00:07.1: PCI bridge to [bus 05]
[    0.968874] ACPI: PCI [REDACTED_USER] Bridge [PCI1] (domain 0000 [bus 40-7f])
[    0.968878] acpi PNP0A08:01: _OSC: OS supports [ExtendedConfig ASPM ClockPM Segments MSI EDR HPX-Type3]
[    0.968990] acpi PNP0A08:01: _OSC: platform does not support [SHPCHotplug LTR DPC]
[    0.969198] acpi PNP0A08:01: _OSC: OS now controls [PCIeHotplug PME AER PCIeCapability]
[    0.969199] acpi PNP0A08:01: FADT indicates ASPM is unsupported, using BIOS configuration
[    0.969485] PCI host bridge to bus 0000:40
[    0.969488] pci_bus 0000:40: [REDACTED_USER] bus resource [mem 0x92000000-0x96ffffff window]
[    0.969490] pci_bus 0000:40: [REDACTED_USER] bus resource [mem 0x80000000-0x91ffffff window]
[    0.969491] pci_bus 0000:40: [REDACTED_USER] bus resource [mem 0x7a66c200000-0x7ffffffffff window]
[    0.969494] pci_bus 0000:40: [REDACTED_USER] bus resource [mem 0x64020200000-0x7a66c1fffff window]
[    0.969496] pci_bus 0000:40: [REDACTED_USER] bus resource [io  0x4000-0x6fff window]
[    0.969497] pci_bus 0000:40: [REDACTED_USER] bus resource [bus 40-7f]
[    0.969505] pci 0000:40:00.0: [1022:14a4] type 00 class 0x060000 conventional PCI endpoint
[    0.969565] pci 0000:40:00.2: [1022:149e] type 00 class 0x080600 conventional PCI endpoint
[    0.969625] pci 0000:40:00.3: [1022:14a6] type 00 class 0x080700 PCIe [REDACTED_USER] Complex Event Collector
[    0.969656] pci 0000:40:00.3: enabling Extended Tags
[    0.969775] pci 0000:40:01.0: [1022:149f] type 00 class 0x060000 conventional PCI endpoint
[    0.969831] pci 0000:40:01.1: [1022:14ab] type 01 class 0x060400 PCIe [REDACTED_USER] Port
[    0.969844] pci 0000:40:01.1: PCI bridge to [bus 41]
[    0.969849] pci 0000:40:01.1:   bridge window [mem 0x92000000-0x921fffff]
[    0.969912] pci 0000:40:01.1: PME# supported from D0 D3hot D3cold
[    0.970053] pci 0000:40:02.0: [1022:149f] type 00 class 0x060000 conventional PCI endpoint
[    0.970103] pci 0000:40:03.0: [1022:149f] type 00 class 0x060000 conventional PCI endpoint
[    0.970152] pci 0000:40:04.0: [1022:149f] type 00 class 0x060000 conventional PCI endpoint
[    0.970205] pci 0000:40:05.0: [1022:149f] type 00 class 0x060000 conventional PCI endpoint
[    0.970255] pci 0000:40:07.0: [1022:149f] type 00 class 0x060000 conventional PCI endpoint
[    0.970308] pci 0000:40:07.1: [1022:14a7] type 01 class 0x060400 PCIe [REDACTED_USER] Port
[    0.970318] pci 0000:40:07.1: PCI bridge to [bus 42]
[    0.970329] pci 0000:40:07.1: enabling Extended Tags
[    0.970363] pci 0000:40:07.1: PME# supported from D0 D3hot D3cold
[    0.970510] pci 0000:41:00.0: [8086:125b] type 00 class 0x020000 PCIe Endpoint
[    0.970548] pci 0000:41:00.0: BAR 0 [mem 0x92000000-0x920fffff]
[    0.970553] pci 0000:41:00.0: BAR 3 [mem 0x92100000-0x92103fff]
[    0.970622] pci 0000:41:00.0: PME# supported from D0 D3hot D3cold
[    0.970767] pci 0000:40:01.1: PCI bridge to [bus 41]
[    0.970815] pci 0000:42:00.0: [1022:14ac] type 00 class 0x130000 PCIe Endpoint
[    0.970837] pci 0000:42:00.0: enabling Extended Tags
[    0.970942] pci 0000:40:07.1: PCI bridge to [bus 42]
[    0.971223] ACPI: PCI [REDACTED_USER] Bridge [PCI2] (domain 0000 [bus 80-bf])
[    0.971226] acpi PNP0A08:02: _OSC: OS supports [ExtendedConfig ASPM ClockPM Segments MSI EDR HPX-Type3]
[    0.971338] acpi PNP0A08:02: _OSC: platform does not support [SHPCHotplug LTR DPC]
[    0.971546] acpi PNP0A08:02: _OSC: OS now controls [PCIeHotplug PME AER PCIeCapability]
[    0.971549] acpi PNP0A08:02: FADT indicates ASPM is unsupported, using BIOS configuration
[    0.971865] PCI host bridge to bus 0000:80
[    0.971868] pci_bus 0000:80: [REDACTED_USER] bus resource [mem 0xaa000000-0xaeffffff window]
[    0.971870] pci_bus 0000:80: [REDACTED_USER] bus resource [mem 0x98000000-0xa9ffffff window]
[    0.971871] pci_bus 0000:80: [REDACTED_USER] bus resource [mem 0x4266c200000-0x47fffffffff window]
[    0.971873] pci_bus 0000:80: [REDACTED_USER] bus resource [mem 0x2c020200000-0x4266c1fffff window]
[    0.971874] pci_bus 0000:80: [REDACTED_USER] bus resource [io  0x7000-0x9fff window]
[    0.971875] pci_bus 0000:80: [REDACTED_USER] bus resource [bus 80-bf]
[    0.971882] pci 0000:80:00.0: [1022:14a4] type 00 class 0x060000 conventional PCI endpoint
[    0.971940] pci 0000:80:00.2: [1022:149e] type 00 class 0x080600 conventional PCI endpoint
[    0.972000] pci 0000:80:00.3: [1022:14a6] type 00 class 0x080700 PCIe [REDACTED_USER] Complex Event Collector
[    0.972031] pci 0000:80:00.3: enabling Extended Tags
[    0.972149] pci 0000:80:01.0: [1022:149f] type 00 class 0x060000 conventional PCI endpoint
[    0.972206] pci 0000:80:01.1: [1022:14ab] type 01 class 0x060400 PCIe [REDACTED_USER] Port
[    0.972219] pci 0000:80:01.1: PCI bridge to [bus 81]
[    0.972224] pci 0000:80:01.1:   bridge window [mem 0xaa500000-0xaa5fffff]
[    0.972287] pci 0000:80:01.1: PME# supported from D0 D3hot D3cold
[    0.972432] pci 0000:80:01.2: [1022:14ab] type 01 class 0x060400 PCIe [REDACTED_USER] Port
[    0.972446] pci 0000:80:01.2: PCI bridge to [bus 82]
[    0.972450] pci 0000:80:01.2:   bridge window [mem 0xaa400000-0xaa4fffff]
[    0.972514] pci 0000:80:01.2: PME# supported from D0 D3hot D3cold
[    0.972659] pci 0000:80:01.3: [1022:14ab] type 01 class 0x060400 PCIe [REDACTED_USER] Port
[    0.972672] pci 0000:80:01.3: PCI bridge to [bus 83-86]
[    0.972677] pci 0000:80:01.3:   bridge window [mem 0xaa200000-0xaa3fffff]
[    0.972739] pci 0000:80:01.3: PME# supported from D0 D3hot D3cold
[    0.972909] pci 0000:80:02.0: [1022:149f] type 00 class 0x060000 conventional PCI endpoint
[    0.972959] pci 0000:80:03.0: [1022:149f] type 00 class 0x060000 conventional PCI endpoint
[    0.973017] pci 0000:80:03.3: [1022:14a5] type 01 class 0x060400 PCIe [REDACTED_USER] Port
[    0.973032] pci 0000:80:03.3: PCI bridge to [bus 87]
[    0.973037] pci 0000:80:03.3:   bridge window [mem 0xaa100000-0xaa1fffff]
[    0.973107] pci 0000:80:03.3: PME# supported from D0 D3hot D3cold
[    0.973249] pci 0000:80:03.4: [1022:14a5] type 01 class 0x060400 PCIe [REDACTED_USER] Port
[    0.973264] pci 0000:80:03.4: PCI bridge to [bus 88]
[    0.973269] pci 0000:80:03.4:   bridge window [mem 0xaa000000-0xaa0fffff]
[    0.973338] pci 0000:80:03.4: PME# supported from D0 D3hot D3cold
[    0.973472] pci 0000:80:04.0: [1022:149f] type 00 class 0x060000 conventional PCI endpoint
[    0.973524] pci 0000:80:05.0: [1022:149f] type 00 class 0x060000 conventional PCI endpoint
[    0.973575] pci 0000:80:07.0: [1022:149f] type 00 class 0x060000 conventional PCI endpoint
[    0.973628] pci 0000:80:07.1: [1022:14a7] type 01 class 0x060400 PCIe [REDACTED_USER] Port
[    0.973638] pci 0000:80:07.1: PCI bridge to [bus 89]
[    0.973649] pci 0000:80:07.1: enabling Extended Tags
[    0.973685] pci 0000:80:07.1: PME# supported from D0 D3hot D3cold
[    0.973818] pci 0000:81:00.0: [1344:5407] type 00 class 0x010802 PCIe Endpoint
[    0.973841] pci 0000:81:00.0: BAR 0 [mem 0xaa500000-0xaa503fff 64bit]
[    0.973995] pci 0000:80:01.1: PCI bridge to [bus 81]
[    0.974055] pci 0000:82:00.0: [1344:5407] type 00 class 0x010802 PCIe Endpoint
[    0.974077] pci 0000:82:00.0: BAR 0 [mem 0xaa400000-0xaa403fff 64bit]
[    0.974230] pci 0000:80:01.2: PCI bridge to [bus 82]
[    0.974300] pci 0000:83:00.0: [1022:43f4] type 01 class 0x060400 PCIe Switch Upstream Port
[    0.974320] pci 0000:83:00.0: PCI bridge to [bus 84-86]
[    0.974326] pci 0000:83:00.0:   bridge window [mem 0xaa200000-0xaa3fffff]
[    0.974392] pci 0000:83:00.0: PME# supported from D0 D3hot D3cold
[    0.976530] pci 0000:80:01.3: PCI bridge to [bus 83-86]
[    0.976749] pci 0000:84:0c.0: [1022:43f5] type 01 class 0x060400 PCIe Switch Downstream Port
[    0.976774] pci 0000:84:0c.0: PCI bridge to [bus 85]
[    0.976781] pci 0000:84:0c.0:   bridge window [mem 0xaa300000-0xaa3fffff]
[    0.976849] pci 0000:84:0c.0: PME# supported from D0 D3hot D3cold
[    0.977029] pci 0000:84:0d.0: [1022:43f5] type 01 class 0x060400 PCIe Switch Downstream Port
[    0.977048] pci 0000:84:0d.0: PCI bridge to [bus 86]
[    0.977053] pci 0000:84:0d.0:   bridge window [mem 0xaa200000-0xaa2fffff]
[    0.977105] pci 0000:84:0d.0: PME# supported from D0 D3hot D3cold
[    0.977204] pci 0000:83:00.0: PCI bridge to [bus 84-86]
[    0.977260] pci 0000:85:00.0: [1022:43fb] type 00 class 0x0c0330 PCIe Legacy Endpoint
[    0.977289] pci 0000:85:00.0: BAR 0 [mem 0xaa300000-0xaa307fff 64bit]
[    0.977337] pci 0000:85:00.0: PME# supported from D0 D3hot D3cold
[    0.977468] pci 0000:84:0c.0: PCI bridge to [bus 85]
[    0.977525] pci 0000:86:00.0: [1022:43f6] type 00 class 0x010601 PCIe Legacy Endpoint
[    0.977557] pci 0000:86:00.0: BAR 5 [mem 0xaa200000-0xaa2003ff]
[    0.977559] pci 0000:86:00.0: ROM [mem 0xfff80000-0xffffffff pref]
[    0.977597] pci 0000:86:00.0: PME# supported from D0 D3hot D3cold
[    0.977700] pci 0000:84:0d.0: PCI bridge to [bus 86]
[    0.977772] pci 0000:80:03.3: PCI bridge to [bus 87]
[    0.977828] pci 0000:80:03.4: PCI bridge to [bus 88]
[    0.977877] pci 0000:89:00.0: [1022:14ac] type 00 class 0x130000 PCIe Endpoint
[    0.977899] pci 0000:89:00.0: enabling Extended Tags
[    0.978004] pci 0000:80:07.1: PCI bridge to [bus 89]
[    0.978432] ACPI: PCI [REDACTED_USER] Bridge [PCI3] (domain 0000 [bus c0-ff])
[    0.978435] acpi PNP0A08:03: _OSC: OS supports [ExtendedConfig ASPM ClockPM Segments MSI EDR HPX-Type3]
[    0.978552] acpi PNP0A08:03: _OSC: platform does not support [SHPCHotplug LTR DPC]
[    0.978758] acpi PNP0A08:03: _OSC: OS now controls [PCIeHotplug PME AER PCIeCapability]
[    0.978760] acpi PNP0A08:03: FADT indicates ASPM is unsupported, using BIOS configuration
[    0.979055] PCI host bridge to bus 0000:c0
[    0.979058] pci_bus 0000:c0: [REDACTED_USER] bus resource [mem 0xc2000000-0xc6ffffff window]
[    0.979059] pci_bus 0000:c0: [REDACTED_USER] bus resource [mem 0xb0000000-0xc1ffffff window]
[    0.979061] pci_bus 0000:c0: [REDACTED_USER] bus resource [mem 0x2666c200000-0x2bfffffffff window]
[    0.979062] pci_bus 0000:c0: [REDACTED_USER] bus resource [mem 0x10020200000-0x2666c1fffff window]
[    0.979064] pci_bus 0000:c0: [REDACTED_USER] bus resource [io  0xa000-0xffff window]
[    0.979065] pci_bus 0000:c0: [REDACTED_USER] bus resource [bus c0-ff]
[    0.979072] pci 0000:c0:00.0: [1022:14a4] type 00 class 0x060000 conventional PCI endpoint
[    0.979130] pci 0000:c0:00.2: [1022:149e] type 00 class 0x080600 conventional PCI endpoint
[    0.979206] pci 0000:c0:00.3: [1022:14a6] type 00 class 0x080700 PCIe [REDACTED_USER] Complex Event Collector
[    0.979238] pci 0000:c0:00.3: enabling Extended Tags
[    0.979361] pci 0000:c0:01.0: [1022:149f] type 00 class 0x060000 conventional PCI endpoint
[    0.979413] pci 0000:c0:02.0: [1022:149f] type 00 class 0x060000 conventional PCI endpoint
[    0.979464] pci 0000:c0:03.0: [1022:149f] type 00 class 0x060000 conventional PCI endpoint
[    0.979517] pci 0000:c0:04.0: [1022:149f] type 00 class 0x060000 conventional PCI endpoint
[    0.979568] pci 0000:c0:05.0: [1022:149f] type 00 class 0x060000 conventional PCI endpoint
[    0.979618] pci 0000:c0:07.0: [1022:149f] type 00 class 0x060000 conventional PCI endpoint
[    0.979673] pci 0000:c0:07.1: [1022:14a7] type 01 class 0x060400 PCIe [REDACTED_USER] Port
[    0.979684] pci 0000:c0:07.1: PCI bridge to [bus c1]
[    0.979688] pci 0000:c0:07.1:   bridge window [mem 0xc2000000-0xc20fffff]
[    0.979696] pci 0000:c0:07.1: enabling Extended Tags
[    0.979732] pci 0000:c0:07.1: PME# supported from D0 D3hot D3cold
[    0.979875] pci 0000:c1:00.0: [1022:14ac] type 00 class 0x130000 PCIe Endpoint
[    0.979897] pci 0000:c1:00.0: enabling Extended Tags
[    0.979984] pci 0000:c1:00.4: [1022:14c9] type 00 class 0x0c0330 PCIe Endpoint
[    0.980002] pci 0000:c1:00.4: BAR 0 [mem 0xc2000000-0xc20fffff 64bit]
[    0.980008] pci 0000:c1:00.4: enabling Extended Tags
[    0.980032] pci 0000:c1:00.4: PME# supported from D0 D3hot D3cold
[    0.980130] pci 0000:c0:07.1: PCI bridge to [bus c1]
[    0.981274] ACPI: EC: interrupt unblocked
[    0.981275] ACPI: EC: event unblocked
[    0.981279] ACPI: EC: EC_CMD/EC_SC=0x66, EC_DATA=0x62
[    0.981280] ACPI: EC: GPE=0x16
[    0.981281] ACPI: \_SB_.PCI0.LPCB.EC0_: Boot DSDT EC initialization complete
[    0.981283] ACPI: \_SB_.PCI0.LPCB.EC0_: EC: Used to handle transactions and events
[    0.981503] iommu: Default domain type: Translated
[    0.981503] iommu: DMA domain TLB invalidation policy: lazy mode
[    0.982570] SCSI subsystem initialized
[    0.982579] libata version 3.00 loaded.
[    0.982579] ACPI: bus type USB registered
[    0.982579] usbcore: registered new interface driver usbfs
[    0.982579] usbcore: registered new interface driver hub
[    0.982579] usbcore: registered new device driver usb
[    0.984784] pps_core: LinuxPPS API ver. 1 registered
[    0.984786] pps_core: Software ver. 5.3.6 - Copyright 2005-2007 Rodolfo Giometti <[REDACTED_USER]@linux.it>
[    0.984789] PTP clock support registered
[    0.985514] EDAC MC: Ver: 3.0.0
[    0.985615] efivars: Registered efivars operations
[    0.985729] NetLabel: Initializing
[    0.985730] NetLabel:  domain hash size = 128
[    0.985731] NetLabel:  protocols = UNLABELED CIPSOv4 CALIPSO
[    0.985747] NetLabel:  unlabeled traffic allowed by default
[    0.985751] mctp: management component transport protocol core
[    0.985752] NET: Registered PF_MCTP protocol family
[    0.985763] PCI: Using ACPI for IRQ routing
[    0.988518] PCI: pci_cache_line_size set to 64 bytes
[    0.988600] e820: reserve RAM buffer [mem 0x0009f000-0x0009ffff]
[    0.988602] e820: reserve RAM buffer [mem 0x09f00000-0x0bffffff]
[    0.988603] e820: reserve RAM buffer [mem 0x0b000000-0x0bffffff]
[    0.988604] e820: reserve RAM buffer [mem 0x1079c000-0x13ffffff]
[    0.988605] e820: reserve RAM buffer [mem 0x1e2ff000-0x1fffffff]
[    0.988606] e820: reserve RAM buffer [mem 0x2bd34000-0x2bffffff]
[    0.988607] e820: reserve RAM buffer [mem 0x38ab0000-0x3bffffff]
[    0.988609] e820: reserve RAM buffer [mem 0x38adb000-0x3bffffff]
[    0.988610] e820: reserve RAM buffer [mem 0x44c8d000-0x47ffffff]
[    0.988611] e820: reserve RAM buffer [mem 0x107dcc0000-0x107fffffff]
[    0.988661] pci 0000:01:00.0: vgaarb: setting as boot VGA device
[    0.988661] pci 0000:01:00.0: vgaarb: bridge control possible
[    0.988661] pci 0000:01:00.0: vgaarb: VGA device added: decodes=io+mem,owns=none,locks=none
[    0.988661] vgaarb: loaded
[    0.989536] hpet0: at MMIO 0xfed00000, IRQs 2, 8, 0
[    0.989541] hpet0: 3 comparators, 32-bit 14.318180 MHz counter
[    0.991554] clocksource: Switched to clocksource tsc-early
[    0.992755] VFS: Disk quotas dquot_6.6.0
[    0.992762] VFS: Dquot-cache hash table entries: 512 (order 0, 4096 bytes)
[    0.992842] pnp: PnP ACPI init
[    0.993063] system 00:00: [mem 0xe0000000-0xefffffff] has been reserved
[    0.993373] system 00:03: [io  0x0200-0x023f] has been reserved
[    0.993376] system 00:03: [mem 0xfedf1000-0xfedf1fff] has been reserved
[    0.994282] pnp: PnP ACPI: found 4 devices
[    1.000188] clocksource: acpi_pm: mask: 0xffffff max_cycles: 0xffffff, max_idle_ns: 2085701024 ns
[    1.000235] NET: Registered PF_INET protocol family
[    1.000331] IP idents hash table entries: 262144 (order: 9, 2097152 bytes, linear)
[    1.011564] tcp_listen_portaddr_hash hash table entries: 32768 (order: 7, 524288 bytes, linear)
[    1.011593] Table-perturb hash table entries: 65536 (order: 6, 262144 bytes, linear)
[    1.011742] TCP established hash table entries: 524288 (order: 10, 4194304 bytes, linear)
[    1.012055] TCP bind hash table entries: 65536 (order: 9, 2097152 bytes, linear)
[    1.012112] TCP: Hash tables configured (established 524288 bind 65536)
[    1.012253] MPTCP token hash table entries: 65536 (order: 8, 1572864 bytes, linear)
[    1.012369] UDP hash table entries: 32768 (order: 9, 2097152 bytes, linear)
[    1.012513] UDP-Lite hash table entries: 32768 (order: 9, 2097152 bytes, linear)
[    1.012636] NET: Registered PF_UNIX/PF_LOCAL protocol family
[    1.012641] NET: Registered PF_XDP protocol family
[    1.012644] pci 0000:01:00.0: ROM [mem 0xfff80000-0xffffffff pref]: can't claim; no compatible bridge window
[    1.012647] pci 0000:86:00.0: ROM [mem 0xfff80000-0xffffffff pref]: can't claim; no compatible bridge window
[    1.012650] pci 0000:00:03.3: bridge window [io  0x1000-0x0fff] to [bus 02] add_size 1000
[    1.012652] pci 0000:00:03.3: bridge window [mem 0x00100000-0x000fffff 64bit pref] to [bus 02] add_size 200000 add_align 100000
[    1.012655] pci 0000:00:03.6: bridge window [io  0x1000-0x0fff] to [bus 04] add_size 1000
[    1.012657] pci 0000:00:03.6: bridge window [mem 0x00100000-0x000fffff 64bit pref] to [bus 04] add_size 200000 add_align 100000
[    1.012664] pci 0000:00:03.3: bridge window [mem 0x5e66c200000-0x5e66c3fffff 64bit pref]: assigned
[    1.012666] pci 0000:00:03.6: bridge window [mem 0x5e66c400000-0x5e66c5fffff 64bit pref]: assigned
[    1.012668] pci 0000:00:03.3: bridge window [io  0x3000-0x3fff]: assigned
[    1.012670] pci 0000:00:03.6: bridge window [io  size 0x1000]: can't assign; no space
[    1.012672] pci 0000:00:03.6: bridge window [io  size 0x1000]: failed to assign
[    1.012674] pci 0000:00:03.6: bridge window [io  0x3000-0x3fff]: assigned
[    1.012676] pci 0000:00:03.3: bridge window [io  size 0x1000]: can't assign; no space
[    1.012677] pci 0000:00:03.3: bridge window [io  size 0x1000]: failed to assign
[    1.012680] pci 0000:01:00.0: ROM [mem 0xdb080000-0xdb0fffff pref]: assigned
[    1.012682] pci 0000:00:01.1: PCI bridge to [bus 01]
[    1.012683] pci 0000:00:01.1:   bridge window [io  0x2000-0x2fff]
[    1.012686] pci 0000:00:01.1:   bridge window [mem 0xda000000-0xdb0fffff]
[    1.012689] pci 0000:00:01.1:   bridge window [mem 0x48030000000-0x48041ffffff 64bit pref]
[    1.012703] pci 0000:00:03.3: PCI bridge to [bus 02]
[    1.012706] pci 0000:00:03.3:   bridge window [mem 0xdb600000-0xdb6fffff]
[    1.012708] pci 0000:00:03.3:   bridge window [mem 0x5e66c200000-0x5e66c3fffff 64bit pref]
[    1.012721] pci 0000:00:03.5: PCI bridge to [bus 03]
[    1.012722] pci 0000:00:03.5:   bridge window [io  0x1000-0x1fff]
[    1.012725] pci 0000:00:03.5:   bridge window [mem 0xdb500000-0xdb5fffff]
[    1.012739] pci 0000:00:03.6: PCI bridge to [bus 04]
[    1.012741] pci 0000:00:03.6:   bridge window [io  0x3000-0x3fff]
[    1.012744] pci 0000:00:03.6:   bridge window [mem 0xdb400000-0xdb4fffff]
[    1.012746] pci 0000:00:03.6:   bridge window [mem 0x5e66c400000-0x5e66c5fffff 64bit pref]
[    1.012759] pci 0000:00:07.1: PCI bridge to [bus 05]
[    1.012761] pci 0000:00:07.1:   bridge window [mem 0xdb100000-0xdb3fffff]
[    1.012772] pci_bus 0000:00: Some PCI device resources are unassigned, try booting with pci=realloc
[    1.012773] pci_bus 0000:00: resource 4 [mem 0xda000000-0xdeffffff window]
[    1.012775] pci_bus 0000:00: resource 5 [mem 0xc8000000-0xd9ffffff window]
[    1.012776] pci_bus 0000:00: resource 6 [mem 0x5e66c200000-0x63fffffffff window]
[    1.012778] pci_bus 0000:00: resource 7 [mem 0x48020200000-0x5e66c1fffff window]
[    1.012779] pci_bus 0000:00: resource 8 [io  0x1000-0x3fff window]
[    1.012780] pci_bus 0000:00: resource 9 [io  0x0000-0x0cf7 window]
[    1.012782] pci_bus 0000:00: resource 10 [io  0x0d00-0x0fff window]
[    1.012783] pci_bus 0000:00: resource 11 [mem 0xfec00000-0xfec01fff window]
[    1.012785] pci_bus 0000:00: resource 12 [mem 0xfed45000-0xfed811ff window]
[    1.012786] pci_bus 0000:00: resource 13 [mem 0xfed81900-0xfed81fff window]
[    1.012787] pci_bus 0000:00: resource 14 [mem 0xfedc0000-0xfedc0fff window]
[    1.012789] pci_bus 0000:00: resource 15 [mem 0xfee01000-0xffffffff window]
[    1.012790] pci_bus 0000:01: resource 0 [io  0x2000-0x2fff]
[    1.012792] pci_bus 0000:01: resource 1 [mem 0xda000000-0xdb0fffff]
[    1.012793] pci_bus 0000:01: resource 2 [mem 0x48030000000-0x48041ffffff 64bit pref]
[    1.012794] pci_bus 0000:02: resource 1 [mem 0xdb600000-0xdb6fffff]
[    1.012796] pci_bus 0000:02: resource 2 [mem 0x5e66c200000-0x5e66c3fffff 64bit pref]
[    1.012797] pci_bus 0000:03: resource 0 [io  0x1000-0x1fff]
[    1.012798] pci_bus 0000:03: resource 1 [mem 0xdb500000-0xdb5fffff]
[    1.012800] pci_bus 0000:04: resource 0 [io  0x3000-0x3fff]
[    1.012801] pci_bus 0000:04: resource 1 [mem 0xdb400000-0xdb4fffff]
[    1.012802] pci_bus 0000:04: resource 2 [mem 0x5e66c400000-0x5e66c5fffff 64bit pref]
[    1.012804] pci_bus 0000:05: resource 1 [mem 0xdb100000-0xdb3fffff]
[    1.012850] pci 0000:40:01.1: PCI bridge to [bus 41]
[    1.012853] pci 0000:40:01.1:   bridge window [mem 0x92000000-0x921fffff]
[    1.012868] pci 0000:40:07.1: PCI bridge to [bus 42]
[    1.012879] pci_bus 0000:40: resource 4 [mem 0x92000000-0x96ffffff window]
[    1.012880] pci_bus 0000:40: resource 5 [mem 0x80000000-0x91ffffff window]
[    1.012882] pci_bus 0000:40: resource 6 [mem 0x7a66c200000-0x7ffffffffff window]
[    1.012883] pci_bus 0000:40: resource 7 [mem 0x64020200000-0x7a66c1fffff window]
[    1.012884] pci_bus 0000:40: resource 8 [io  0x4000-0x6fff window]
[    1.012886] pci_bus 0000:41: resource 1 [mem 0x92000000-0x921fffff]
[    1.012912] pci 0000:80:03.3: bridge window [io  0x1000-0x0fff] to [bus 87] add_size 1000
[    1.012914] pci 0000:80:03.3: bridge window [mem 0x00100000-0x000fffff 64bit pref] to [bus 87] add_size 200000 add_align 100000
[    1.012916] pci 0000:80:03.4: bridge window [io  0x1000-0x0fff] to [bus 88] add_size 1000
[    1.012918] pci 0000:80:03.4: bridge window [mem 0x00100000-0x000fffff 64bit pref] to [bus 88] add_size 200000 add_align 100000
[    1.012922] pci 0000:80:03.3: bridge window [mem 0x4266c200000-0x4266c3fffff 64bit pref]: assigned
[    1.012924] pci 0000:80:03.4: bridge window [mem 0x4266c400000-0x4266c5fffff 64bit pref]: assigned
[    1.012925] pci 0000:80:03.3: bridge window [io  0x7000-0x7fff]: assigned
[    1.012927] pci 0000:80:03.4: bridge window [io  0x8000-0x8fff]: assigned
[    1.012929] pci 0000:80:01.1: PCI bridge to [bus 81]
[    1.012932] pci 0000:80:01.1:   bridge window [mem 0xaa500000-0xaa5fffff]
[    1.012957] pci 0000:80:01.2: PCI bridge to [bus 82]
[    1.012960] pci 0000:80:01.2:   bridge window [mem 0xaa400000-0xaa4fffff]
[    1.012973] pci 0000:84:0c.0: PCI bridge to [bus 85]
[    1.012976] pci 0000:84:0c.0:   bridge window [mem 0xaa300000-0xaa3fffff]
[    1.012982] pci 0000:86:00.0: ROM [mem 0xaa280000-0xaa2fffff pref]: assigned
[    1.012984] pci 0000:84:0d.0: PCI bridge to [bus 86]
[    1.012987] pci 0000:84:0d.0:   bridge window [mem 0xaa200000-0xaa2fffff]
[    1.012993] pci 0000:83:00.0: PCI bridge to [bus 84-86]
[    1.012997] pci 0000:83:00.0:   bridge window [mem 0xaa200000-0xaa3fffff]
[    1.013002] pci 0000:80:01.3: PCI bridge to [bus 83-86]
[    1.013005] pci 0000:80:01.3:   bridge window [mem 0xaa200000-0xaa3fffff]
[    1.013018] pci 0000:80:03.3: PCI bridge to [bus 87]
[    1.013020] pci 0000:80:03.3:   bridge window [io  0x7000-0x7fff]
[    1.013022] pci 0000:80:03.3:   bridge window [mem 0xaa100000-0xaa1fffff]
[    1.013025] pci 0000:80:03.3:   bridge window [mem 0x4266c200000-0x4266c3fffff 64bit pref]
[    1.013036] pci 0000:80:03.4: PCI bridge to [bus 88]
[    1.013038] pci 0000:80:03.4:   bridge window [io  0x8000-0x8fff]
[    1.013041] pci 0000:80:03.4:   bridge window [mem 0xaa000000-0xaa0fffff]
[    1.013043] pci 0000:80:03.4:   bridge window [mem 0x4266c400000-0x4266c5fffff 64bit pref]
[    1.013056] pci 0000:80:07.1: PCI bridge to [bus 89]
[    1.013067] pci_bus 0000:80: resource 4 [mem 0xaa000000-0xaeffffff window]
[    1.013068] pci_bus 0000:80: resource 5 [mem 0x98000000-0xa9ffffff window]
[    1.013070] pci_bus 0000:80: resource 6 [mem 0x4266c200000-0x47fffffffff window]
[    1.013071] pci_bus 0000:80: resource 7 [mem 0x2c020200000-0x4266c1fffff window]
[    1.013073] pci_bus 0000:80: resource 8 [io  0x7000-0x9fff window]
[    1.013074] pci_bus 0000:81: resource 1 [mem 0xaa500000-0xaa5fffff]
[    1.013075] pci_bus 0000:82: resource 1 [mem 0xaa400000-0xaa4fffff]
[    1.013077] pci_bus 0000:83: resource 1 [mem 0xaa200000-0xaa3fffff]
[    1.013078] pci_bus 0000:84: resource 1 [mem 0xaa200000-0xaa3fffff]
[    1.013079] pci_bus 0000:85: resource 1 [mem 0xaa300000-0xaa3fffff]
[    1.013081] pci_bus 0000:86: resource 1 [mem 0xaa200000-0xaa2fffff]
[    1.013082] pci_bus 0000:87: resource 0 [io  0x7000-0x7fff]
[    1.013083] pci_bus 0000:87: resource 1 [mem 0xaa100000-0xaa1fffff]
[    1.013085] pci_bus 0000:87: resource 2 [mem 0x4266c200000-0x4266c3fffff 64bit pref]
[    1.013086] pci_bus 0000:88: resource 0 [io  0x8000-0x8fff]
[    1.013087] pci_bus 0000:88: resource 1 [mem 0xaa000000-0xaa0fffff]
[    1.013089] pci_bus 0000:88: resource 2 [mem 0x4266c400000-0x4266c5fffff 64bit pref]
[    1.013135] pci 0000:c0:07.1: PCI bridge to [bus c1]
[    1.013138] pci 0000:c0:07.1:   bridge window [mem 0xc2000000-0xc20fffff]
[    1.013149] pci_bus 0000:c0: resource 4 [mem 0xc2000000-0xc6ffffff window]
[    1.013150] pci_bus 0000:c0: resource 5 [mem 0xb0000000-0xc1ffffff window]
[    1.013151] pci_bus 0000:c0: resource 6 [mem 0x2666c200000-0x2bfffffffff window]
[    1.013153] pci_bus 0000:c0: resource 7 [mem 0x10020200000-0x2666c1fffff window]
[    1.013154] pci_bus 0000:c0: resource 8 [io  0xa000-0xffff window]
[    1.013156] pci_bus 0000:c1: resource 1 [mem 0xc2000000-0xc20fffff]
[    1.013211] pci 0000:01:00.1: extending delay after power-on from D3hot to 20 msec
[    1.013233] pci 0000:01:00.1: D0 power state depends on 0000:01:00.0
[    1.013415] pci 0000:86:00.0: CLS mismatch (128 != 64), using 64 bytes
[    1.013506] pci 0000:c0:00.2: AMD-Vi: IOMMU performance counters supported
[    1.013560] Trying to unpack rootfs image as initramfs...
[    1.013606] pci 0000:c0:00.3: Adding to iommu group 0
[    1.013632] pci 0000:c0:01.0: Adding to iommu group 1
[    1.013658] pci 0000:c0:02.0: Adding to iommu group 2
[    1.013684] pci 0000:c0:03.0: Adding to iommu group 3
[    1.013713] pci 0000:c0:04.0: Adding to iommu group 4
[    1.013740] pci 0000:c0:05.0: Adding to iommu group 5
[    1.013776] pci 0000:c0:07.0: Adding to iommu group 6
[    1.013801] pci 0000:c0:07.1: Adding to iommu group 6
[    1.013806] pci 0000:c1:00.0: Adding to iommu group 6
[    1.013811] pci 0000:c1:00.4: Adding to iommu group 6
[    1.014406] pci 0000:80:00.2: AMD-Vi: IOMMU performance counters supported
[    1.014495] pci 0000:80:00.3: Adding to iommu group 7
[    1.014552] pci 0000:80:01.0: Adding to iommu group 8
[    1.014573] pci 0000:80:01.1: Adding to iommu group 8
[    1.014593] pci 0000:80:01.2: Adding to iommu group 8
[    1.014657] pci 0000:80:01.3: Adding to iommu group 8
[    1.014684] pci 0000:80:02.0: Adding to iommu group 9
[    1.014730] pci 0000:80:03.0: Adding to iommu group 10
[    1.014752] pci 0000:80:03.3: Adding to iommu group 10
[    1.014774] pci 0000:80:03.4: Adding to iommu group 10
[    1.014802] pci 0000:80:04.0: Adding to iommu group 11
[    1.014828] pci 0000:80:05.0: Adding to iommu group 12
[    1.014865] pci 0000:80:07.0: Adding to iommu group 13
[    1.014887] pci 0000:80:07.1: Adding to iommu group 13
[    1.014893] pci 0000:81:00.0: Adding to iommu group 8
[    1.014898] pci 0000:82:00.0: Adding to iommu group 8
[    1.014904] pci 0000:83:00.0: Adding to iommu group 8
[    1.014909] pci 0000:84:0c.0: Adding to iommu group 8
[    1.014914] pci 0000:84:0d.0: Adding to iommu group 8
[    1.014919] pci 0000:85:00.0: Adding to iommu group 8
[    1.014924] pci 0000:86:00.0: Adding to iommu group 8
[    1.014929] pci 0000:89:00.0: Adding to iommu group 13
[    1.015595] pci 0000:00:00.2: AMD-Vi: IOMMU performance counters supported
[    1.015672] pci 0000:00:00.3: Adding to iommu group 14
[    1.015709] pci 0000:00:01.0: Adding to iommu group 15
[    1.015725] pci 0000:00:01.1: Adding to iommu group 15
[    1.015752] pci 0000:00:02.0: Adding to iommu group 16
[    1.015809] pci 0000:00:03.0: Adding to iommu group 17
[    1.015825] pci 0000:00:03.3: Adding to iommu group 17
[    1.015842] pci 0000:00:03.5: Adding to iommu group 17
[    1.015858] pci 0000:00:03.6: Adding to iommu group 17
[    1.015885] pci 0000:00:04.0: Adding to iommu group 18
[    1.015914] pci 0000:00:05.0: Adding to iommu group 19
[    1.015952] pci 0000:00:07.0: Adding to iommu group 20
[    1.015970] pci 0000:00:07.1: Adding to iommu group 20
[    1.016007] pci 0000:00:14.0: Adding to iommu group 21
[    1.016024] pci 0000:00:14.3: Adding to iommu group 21
[    1.016120] pci 0000:00:18.0: Adding to iommu group 22
[    1.016137] pci 0000:00:18.1: Adding to iommu group 22
[    1.016154] pci 0000:00:18.2: Adding to iommu group 22
[    1.016171] pci 0000:00:18.3: Adding to iommu group 22
[    1.016189] pci 0000:00:18.4: Adding to iommu group 22
[    1.016206] pci 0000:00:18.5: Adding to iommu group 22
[    1.016223] pci 0000:00:18.6: Adding to iommu group 22
[    1.016240] pci 0000:00:18.7: Adding to iommu group 22
[    1.016246] pci 0000:01:00.0: Adding to iommu group 15
[    1.016250] pci 0000:01:00.1: Adding to iommu group 15
[    1.016256] pci 0000:03:00.0: Adding to iommu group 17
[    1.016262] pci 0000:05:00.0: Adding to iommu group 20
[    1.016267] pci 0000:05:00.4: Adding to iommu group 20
[    1.016272] pci 0000:05:00.5: Adding to iommu group 20
[    1.016278] pci 0000:05:00.6: Adding to iommu group 20
[    1.016284] pci 0000:05:00.7: Adding to iommu group 20
[    1.017099] pci 0000:40:00.2: AMD-Vi: IOMMU performance counters supported
[    1.017154] pci 0000:00:00.0: Adding to iommu group 14
[    1.017206] pci 0000:40:00.3: Adding to iommu group 23
[    1.017242] pci 0000:40:01.0: Adding to iommu group 24
[    1.017262] pci 0000:40:01.1: Adding to iommu group 24
[    1.017290] pci 0000:40:02.0: Adding to iommu group 25
[    1.017317] pci 0000:40:03.0: Adding to iommu group 26
[    1.017343] pci 0000:40:04.0: Adding to iommu group 27
[    1.017374] pci 0000:40:05.0: Adding to iommu group 28
[    1.017411] pci 0000:40:07.0: Adding to iommu group 29
[    1.017431] pci 0000:40:07.1: Adding to iommu group 29
[    1.017437] pci 0000:41:00.0: Adding to iommu group 24
[    1.017442] pci 0000:42:00.0: Adding to iommu group 29
[    1.018171] AMD-Vi: Extended features (0x25bf732fa2295afe, 0x1d): PPR X2APIC NX GT [5] IA GA PC GA_vAPIC
[    1.018180] AMD-Vi: Interrupt remapping enabled
[    1.018181] AMD-Vi: X2APIC enabled
[    1.018771] AMD-Vi: Virtual APIC enabled
[    1.018783] PCI-DMA: Using software bounce buffering for IO (SWIOTLB)
[    1.018784] software IO TLB: mapped [mem 0x000000005c000000-0x0000000060000000] (64MB)
[    1.018832] LVT offset 0 assigned for vector 0x400
[    1.021285] perf: AMD IBS detected (0x00000bff)
[    1.022211] amd_uncore: 16 amd_df counters detected
[    1.022219] amd_uncore: 6 amd_l3 counters detected
[    1.022231] amd_uncore: 4 amd_umc_0 counters detected
[    1.022236] amd_uncore: 4 amd_umc_1 counters detected
[    1.023215] perf/amd_iommu: Detected AMD IOMMU #0 (2 banks, 4 counters/bank).
[    1.023220] perf/amd_iommu: Detected AMD IOMMU #1 (2 banks, 4 counters/bank).
[    1.023224] perf/amd_iommu: Detected AMD IOMMU #2 (2 banks, 4 counters/bank).
[    1.023229] perf/amd_iommu: Detected AMD IOMMU #3 (2 banks, 4 counters/bank).
[    1.023258] platform rtc_cmos: registered platform RTC device (no PNP device found)
[    1.045505] Initialise system trusted keyrings
[    1.045519] Key type blacklist registered
[    1.045570] workingset: timestamp_bits=36 max_order=24 bucket_order=0
[    1.046149] integrity: Platform Keyring initialized
[    1.046154] integrity: Machine keyring initialized
[    1.046223] cryptd: max_cpu_qlen set to 1000
[    1.053940] NET: Registered PF_ALG protocol family
[    1.053949] xor: automatically using best checksumming function   avx       
[    1.053951] Key type asymmetric registered
[    1.053952] Asymmetric key parser 'x509' registered
[    1.126431] Freeing initrd memory: 132076K
[    1.129850] Block layer SCSI generic (bsg) driver version 0.4 loaded (major 245)
[    1.129910] io scheduler mq-deadline registered
[    1.129912] io scheduler kyber registered
[    1.129925] io scheduler bfq registered
[    1.130619] atomic64_test: passed for x86-64 platform with CX8 and with SSE
[    1.131757] pcieport 0000:00:00.3: PME: Signaling with IRQ 40
[    1.131844] pcieport 0000:00:00.3: AER: enabled with IRQ 40
[    1.131963] pcieport 0000:00:01.1: PME: Signaling with IRQ 41
[    1.132022] pcieport 0000:00:01.1: AER: enabled with IRQ 41
[    1.132064] pcieport 0000:00:01.1: DPC: enabled with IRQ 41
[    1.132066] pcieport 0000:00:01.1: DPC: error containment capabilities: Int Msg #0, RPExt+ PoisonedTLP+ SwTrigger+ RP PIO Log 6, DL_ActiveErr+
[    1.132234] pcieport 0000:00:03.3: PME: Signaling with IRQ 42
[    1.132279] pcieport 0000:00:03.3: AER: enabled with IRQ 42
[    1.132311] pcieport 0000:00:03.3: pciehp: Slot #9 AttnBtn- PwrCtrl- MRL- AttnInd- PwrInd- HotPlug+ Surprise- Interlock- NoCompl+ IbPresDis- LLActRep+
[    1.132403] pcieport 0000:00:03.3: DPC: enabled with IRQ 42
[    1.132405] pcieport 0000:00:03.3: DPC: error containment capabilities: Int Msg #0, RPExt+ PoisonedTLP+ SwTrigger+ RP PIO Log 6, DL_ActiveErr+
[    1.132569] pcieport 0000:00:03.5: PME: Signaling with IRQ 43
[    1.132615] pcieport 0000:00:03.5: AER: enabled with IRQ 43
[    1.132653] pcieport 0000:00:03.5: DPC: enabled with IRQ 43
[    1.132655] pcieport 0000:00:03.5: DPC: error containment capabilities: Int Msg #0, RPExt+ PoisonedTLP+ SwTrigger+ RP PIO Log 6, DL_ActiveErr+
[    1.132812] pcieport 0000:00:03.6: PME: Signaling with IRQ 44
[    1.132858] pcieport 0000:00:03.6: AER: enabled with IRQ 44
[    1.132886] pcieport 0000:00:03.6: pciehp: Slot #9 AttnBtn- PwrCtrl- MRL- AttnInd- PwrInd- HotPlug+ Surprise- Interlock- NoCompl+ IbPresDis- LLActRep+
[    1.132971] pcieport 0000:00:03.6: DPC: enabled with IRQ 44
[    1.132972] pcieport 0000:00:03.6: DPC: error containment capabilities: Int Msg #0, RPExt+ PoisonedTLP+ SwTrigger+ RP PIO Log 6, DL_ActiveErr+
[    1.133116] pcieport 0000:00:07.1: PME: Signaling with IRQ 45
[    1.133305] pcieport 0000:40:00.3: PME: Signaling with IRQ 47
[    1.133384] pcieport 0000:40:00.3: AER: enabled with IRQ 47
[    1.133469] pcieport 0000:40:01.1: PME: Signaling with IRQ 48
[    1.133515] pcieport 0000:40:01.1: AER: enabled with IRQ 48
[    1.133556] pcieport 0000:40:01.1: DPC: enabled with IRQ 48
[    1.133557] pcieport 0000:40:01.1: DPC: error containment capabilities: Int Msg #0, RPExt+ PoisonedTLP+ SwTrigger+ RP PIO Log 6, DL_ActiveErr+
[    1.133719] pcieport 0000:40:07.1: PME: Signaling with IRQ 50
[    1.133882] pcieport 0000:80:00.3: PME: Signaling with IRQ 52
[    1.133964] pcieport 0000:80:00.3: AER: enabled with IRQ 52
[    1.134051] pcieport 0000:80:01.1: PME: Signaling with IRQ 53
[    1.134100] pcieport 0000:80:01.1: AER: enabled with IRQ 53
[    1.134140] pcieport 0000:80:01.1: DPC: enabled with IRQ 53
[    1.134142] pcieport 0000:80:01.1: DPC: error containment capabilities: Int Msg #0, RPExt+ PoisonedTLP+ SwTrigger+ RP PIO Log 6, DL_ActiveErr+
[    1.134289] pcieport 0000:80:01.2: PME: Signaling with IRQ 54
[    1.134338] pcieport 0000:80:01.2: AER: enabled with IRQ 54
[    1.134378] pcieport 0000:80:01.2: DPC: enabled with IRQ 54
[    1.134380] pcieport 0000:80:01.2: DPC: error containment capabilities: Int Msg #0, RPExt+ PoisonedTLP+ SwTrigger+ RP PIO Log 6, DL_ActiveErr+
[    1.134522] pcieport 0000:80:01.3: PME: Signaling with IRQ 55
[    1.134565] pcieport 0000:80:01.3: AER: enabled with IRQ 55
[    1.134608] pcieport 0000:80:01.3: DPC: enabled with IRQ 55
[    1.134610] pcieport 0000:80:01.3: DPC: error containment capabilities: Int Msg #0, RPExt+ PoisonedTLP+ SwTrigger+ RP PIO Log 6, DL_ActiveErr+
[    1.134757] pcieport 0000:80:03.3: PME: Signaling with IRQ 56
[    1.134800] pcieport 0000:80:03.3: AER: enabled with IRQ 56
[    1.134826] pcieport 0000:80:03.3: pciehp: Slot #8 AttnBtn- PwrCtrl- MRL- AttnInd- PwrInd- HotPlug+ Surprise- Interlock- NoCompl+ IbPresDis- LLActRep+
[    1.134905] pcieport 0000:80:03.3: DPC: enabled with IRQ 56
[    1.134906] pcieport 0000:80:03.3: DPC: error containment capabilities: Int Msg #0, RPExt+ PoisonedTLP+ SwTrigger+ RP PIO Log 6, DL_ActiveErr+
[    1.135057] pcieport 0000:80:03.4: PME: Signaling with IRQ 57
[    1.135104] pcieport 0000:80:03.4: AER: enabled with IRQ 57
[    1.135128] pcieport 0000:80:03.4: pciehp: Slot #8 AttnBtn- PwrCtrl- MRL- AttnInd- PwrInd- HotPlug+ Surprise- Interlock- NoCompl+ IbPresDis- LLActRep+
[    1.135207] pcieport 0000:80:03.4: DPC: enabled with IRQ 57
[    1.135208] pcieport 0000:80:03.4: DPC: error containment capabilities: Int Msg #0, RPExt+ PoisonedTLP+ SwTrigger+ RP PIO Log 6, DL_ActiveErr+
[    1.135378] pcieport 0000:80:07.1: PME: Signaling with IRQ 59
[    1.135675] pcieport 0000:c0:00.3: PME: Signaling with IRQ 62
[    1.135764] pcieport 0000:c0:00.3: AER: enabled with IRQ 62
[    1.135845] pcieport 0000:c0:07.1: PME: Signaling with IRQ 63
[    1.136148] input: Power Button as /devices/LNXSYSTM:00/LNXSYBUS:00/PNP0C0C:00/input/input0
[    1.136169] ACPI: button: Power Button [PWRB]
[    1.136212] input: Power Button as /devices/LNXSYSTM:00/LNXPWRBN:00/input/input1
[    1.136255] ACPI: button: Power Button [PWRF]
[    1.136952] Monitor-Mwait will be used to enter C-1 state
[    1.140463] Estimated ratio of average max frequency by base frequency (times 1024): 1123
[    1.140737] Serial: 8250/16550 driver, 32 ports, IRQ sharing enabled
[    1.140860] serial8250: ttyS0 at I/O 0x3f8 (irq = 4, base_baud = 115200) is a 16550A
[    1.142712] Non-volatile memory driver v1.3
[    1.142718] Linux agpgart interface v0.103
[    1.145828] tpm_tis IFX1523:00: 2.0 TPM (device-id 0x1D, rev-id 54)
[    1.266270] ACPI: bus type drm_connector registered
[    1.268851] ahci 0000:86:00.0: SSS flag set, parallel bus scan disabled
[    1.268878] ahci 0000:86:00.0: AHCI vers 0001.0301, 32 command slots, 6 Gbps, SATA mode
[    1.268881] ahci 0000:86:00.0: 4/6 ports implemented (port mask 0xf)
[    1.268882] ahci 0000:86:00.0: flags: 64bit ncq sntf stag pm led clo only pmp pio slum part sxs deso sadm sds apst 
[    1.269286] scsi host0: ahci
[    1.269400] scsi host1: ahci
[    1.269485] scsi host2: ahci
[    1.269569] scsi host3: ahci
[    1.269655] scsi host4: ahci
[    1.269732] scsi host5: ahci
[    1.269764] ata1: SATA max UDMA/133 abar [REDACTED_USER]@0xaa200000 port 0xaa200100 irq 64 lpm-pol 3
[    1.269767] ata2: SATA max UDMA/133 abar [REDACTED_USER]@0xaa200000 port 0xaa200180 irq 64 lpm-pol 3
[    1.269768] ata3: SATA max UDMA/133 abar [REDACTED_USER]@0xaa200000 port 0xaa200200 irq 64 lpm-pol 3
[    1.269770] ata4: SATA max UDMA/133 abar [REDACTED_USER]@0xaa200000 port 0xaa200280 irq 64 lpm-pol 3
[    1.269771] ata5: DUMMY
[    1.269772] ata6: DUMMY
[    1.270081] xhci_hcd 0000:05:00.4: xHCI Host Controller
[    1.270109] xhci_hcd 0000:05:00.4: new USB bus registered, assigned bus number 1
[    1.270484] xhci_hcd 0000:05:00.4: hcc params 0x0118ffc5 hci version 0x120 quirks 0x0000000200000010
[    1.270770] xhci_hcd 0000:05:00.4: xHCI Host Controller
[    1.270796] xhci_hcd 0000:05:00.4: new USB bus registered, assigned bus number 2
[    1.270798] xhci_hcd 0000:05:00.4: Host supports USB 3.1 Enhanced SuperSpeed
[    1.270857] usb usb1: New USB device found, idVendor=1d6b, idProduct=0002, bcdDevice= 6.16
[    1.270859] usb usb1: New USB device strings: Mfr=3, Product=2, SerialNumber=1
[    1.270860] usb usb1: Product: xHCI Host Controller
[    1.270862] usb usb1: Manufacturer: Linux 6.16.3-100.fc41.x86_64 xhci-hcd
[    1.270863] usb usb1: SerialNumber: 0000:05:00.4
[    1.270957] hub 1-0:1.0: USB hub found
[    1.270970] hub 1-0:1.0: 2 ports detected
[    1.272491] usb usb2: We don't know the algorithms for LPM for this host, disabling LPM.
[    1.272515] usb usb2: New USB device found, idVendor=1d6b, idProduct=0003, bcdDevice= 6.16
[    1.272517] usb usb2: New USB device strings: Mfr=3, Product=2, SerialNumber=1
[    1.272518] usb usb2: Product: xHCI Host Controller
[    1.272519] usb usb2: Manufacturer: Linux 6.16.3-100.fc41.x86_64 xhci-hcd
[    1.272520] usb usb2: SerialNumber: 0000:05:00.4
[    1.272595] hub 2-0:1.0: USB hub found
[    1.272601] hub 2-0:1.0: 2 ports detected
[    1.274071] xhci_hcd 0000:85:00.0: xHCI Host Controller
[    1.274097] xhci_hcd 0000:85:00.0: new USB bus registered, assigned bus number 3
[    1.330075] xhci_hcd 0000:85:00.0: hcc params 0x0200ef81 hci version 0x110 quirks 0x0000000000000010
[    1.330326] xhci_hcd 0000:85:00.0: xHCI Host Controller
[    1.330356] xhci_hcd 0000:85:00.0: new USB bus registered, assigned bus number 4
[    1.330358] xhci_hcd 0000:85:00.0: Host supports USB 3.2 Enhanced SuperSpeed
[    1.331021] usb usb3: New USB device found, idVendor=1d6b, idProduct=0002, bcdDevice= 6.16
[    1.331023] usb usb3: New USB device strings: Mfr=3, Product=2, SerialNumber=1
[    1.331025] usb usb3: Product: xHCI Host Controller
[    1.331026] usb usb3: Manufacturer: Linux 6.16.3-100.fc41.x86_64 xhci-hcd
[    1.331027] usb usb3: SerialNumber: 0000:85:00.0
[    1.331144] hub 3-0:1.0: USB hub found
[    1.331156] hub 3-0:1.0: 12 ports detected
[    1.339055] usb usb4: We don't know the algorithms for LPM for this host, disabling LPM.
[    1.339077] usb usb4: New USB device found, idVendor=1d6b, idProduct=0003, bcdDevice= 6.16
[    1.339078] usb usb4: New USB device strings: Mfr=3, Product=2, SerialNumber=1
[    1.339080] usb usb4: Product: xHCI Host Controller
[    1.339081] usb usb4: Manufacturer: Linux 6.16.3-100.fc41.x86_64 xhci-hcd
[    1.339082] usb usb4: SerialNumber: 0000:85:00.0
[    1.339149] hub 4-0:1.0: USB hub found
[    1.339157] hub 4-0:1.0: 5 ports detected
[    1.342566] xhci_hcd 0000:c1:00.4: xHCI Host Controller
[    1.342593] xhci_hcd 0000:c1:00.4: new USB bus registered, assigned bus number 5
[    1.342954] xhci_hcd 0000:c1:00.4: hcc params 0x0118ffc5 hci version 0x120 quirks 0x0000000200000010
[    1.343152] xhci_hcd 0000:c1:00.4: xHCI Host Controller
[    1.343174] xhci_hcd 0000:c1:00.4: new USB bus registered, assigned bus number 6
[    1.343176] xhci_hcd 0000:c1:00.4: Host supports USB 3.1 Enhanced SuperSpeed
[    1.343206] usb usb5: New USB device found, idVendor=1d6b, idProduct=0002, bcdDevice= 6.16
[    1.343208] usb usb5: New USB device strings: Mfr=3, Product=2, SerialNumber=1
[    1.343209] usb usb5: Product: xHCI Host Controller
[    1.343210] usb usb5: Manufacturer: Linux 6.16.3-100.fc41.x86_64 xhci-hcd
[    1.343212] usb usb5: SerialNumber: 0000:c1:00.4
[    1.343283] hub 5-0:1.0: USB hub found
[    1.343289] hub 5-0:1.0: 2 ports detected
[    1.344662] usb usb6: We don't know the algorithms for LPM for this host, disabling LPM.
[    1.344684] usb usb6: New USB device found, idVendor=1d6b, idProduct=0003, bcdDevice= 6.16
[    1.344686] usb usb6: New USB device strings: Mfr=3, Product=2, SerialNumber=1
[    1.344687] usb usb6: Product: xHCI Host Controller
[    1.344688] usb usb6: Manufacturer: Linux 6.16.3-100.fc41.x86_64 xhci-hcd
[    1.344690] usb usb6: SerialNumber: 0000:c1:00.4
[    1.344761] hub 6-0:1.0: USB hub found
[    1.344767] hub 6-0:1.0: 2 ports detected
[    1.346164] usbcore: registered new interface driver usbserial_generic
[    1.346170] usbserial: USB Serial support registered for generic
[    1.346207] i8042: PNP: PS/2 Controller [PNP0303:PS2K,PNP0f03:PS2M] at 0x60,0x64 irq 1,12
[    1.349118] serio: i8042 KBD port at 0x60,0x64 irq 1
[    1.349122] serio: i8042 AUX port at 0x60,0x64 irq 12
[    1.349178] mousedev: PS/2 mouse device common for all mice
[    1.349256] rtc_cmos rtc_cmos: RTC can wake from S4
[    1.349432] rtc_cmos rtc_cmos: registered as rtc0
[    1.349454] rtc_cmos rtc_cmos: setting system clock to 2025-08-30T09:51:37 UTC (1756547497)
[    1.349476] rtc_cmos rtc_cmos: alarms up to one month, y3k, 114 bytes nvram
[    1.349498] device-mapper: core: CONFIG_IMA_DISABLE_HTABLE is disabled. Duplicate IMA measurements will not be recorded in the IMA log.
[    1.349501] device-mapper: uevent: version 1.0.3
[    1.349534] device-mapper: ioctl: 4.50.0-ioctl (2025-04-28) initialised: [REDACTED_USER]@lists.linux.dev
[    1.351557] simple-framebuffer simple-framebuffer.0: [drm] Registered 1 planes with drm panic
[    1.351560] [drm] Initialized simpledrm 1.0.0 for simple-framebuffer.0 on minor 0
[    1.353193] fbcon: Deferring console take-over
[    1.353195] simple-framebuffer simple-framebuffer.0: [drm] fb0: simpledrmdrmfb frame buffer device
[    1.354907] ccp 0000:05:00.5: tee enabled
[    1.354909] ccp 0000:05:00.5: psp: TSME enabled
[    1.354911] ccp 0000:05:00.5: psp enabled
[    1.354948] hid: raw HID events driver (C) Jiri Kosina
[    1.354979] usbcore: registered new interface driver usbhid
[    1.354980] usbhid: USB HID core driver
[    1.355092] drop_monitor: Initializing network drop monitor service
[    1.355170] Initializing XFRM netlink socket
[    1.355194] NET: Registered PF_INET6 protocol family
[    1.358293] Segment Routing with IPv6
[    1.358295] RPL Segment Routing with IPv6
[    1.358303] In-situ OAM (IOAM) with IPv6
[    1.358329] mip6: Mobile IPv6
[    1.358333] NET: Registered PF_PACKET protocol family
[    1.359858] x86/amd: Previous system reset reason [0x00180800]: software wrote 0x6 to reset control register 0xCF9
[    1.359860] x86/amd: Previous system reset reason [0x00180800]: software wrote 0xE to reset control register 0xCF9
[    1.359871] microcode: Current revision: 0x0a108109
[    1.359872] microcode: Updated early from: 0x0a108108
[    1.360449] resctrl: L3 allocation detected
[    1.360451] resctrl: MB allocation detected
[    1.360452] resctrl: SMBA allocation detected
[    1.360453] resctrl: L3 monitoring detected
[    1.360485] IPI shorthand broadcast: enabled
[    1.362855] sched_clock: Marking stable (1358295429, 4083049)->(5480476905, -4118098427)
[    1.363029] registered taskstats version 1
[    1.363726] Loading compiled-in X.509 certificates
[    1.368534] Loaded X.509 cert 'Fedora kernel signing key: 4adb04941ed48a1da7e0b62648c8e0c0842ef482'
[    1.382077] Loaded X.509 cert 'Fedora IMA CA: a8a00c31663f853f9c6ff2564872e378af026b28'
[    1.387738] Demotion targets for Node 0: null
[    1.387741] page_owner is disabled
[    1.387819] Key type .fscrypt registered
[    1.387820] Key type fscrypt-provisioning registered
[    1.388390] Btrfs loaded, zoned=yes, fsverity=yes
[    1.388417] Key type big_key registered
[    1.388422] Key type trusted registered
[    1.388609] Key type encrypted registered
[    1.388681] integrity: Loading X.509 certificate: UEFI:db
[    1.388697] integrity: Loaded X.509 cert 'HP Inc.: HP UEFI Secure Boot DB 2017: d9c01b50cfcae89d3b05345c163aa76e5dd589e7'
[    1.388698] integrity: Loading X.509 certificate: UEFI:db
[    1.388708] integrity: Loaded X.509 cert 'Microsoft Windows Production PCA 2011: a92902398e16c49778cd90f99e4f9ae17c55af53'
[    1.388709] integrity: Loading X.509 certificate: UEFI:db
[    1.388718] integrity: Loaded X.509 cert 'Microsoft Corporation UEFI CA 2011: 13adbf4309bd82709c8cd54f316ed522988a1bd4'
[    1.389509] Loading compiled-in module X.509 certificates
[    1.389789] Loaded X.509 cert 'Fedora kernel signing key: 4adb04941ed48a1da7e0b62648c8e0c0842ef482'
[    1.389791] ima: Allocated hash algorithm: sha256
[    1.443628] ima: No architecture policies found
[    1.443658] evm: Initialising EVM extended attributes:
[    1.443659] evm: security.selinux
[    1.443660] evm: security.SMACK64 (disabled)
[    1.443661] evm: security.SMACK64EXEC (disabled)
[    1.443662] evm: security.SMACK64TRANSMUTE (disabled)
[    1.443663] evm: security.SMACK64MMAP (disabled)
[    1.443664] evm: security.apparmor (disabled)
[    1.443665] evm: security.ima
[    1.443666] evm: security.capability
[    1.443666] evm: HMAC attrs: 0x1
[    1.444331] alg: No test for 842 (842-scomp)
[    1.448358] PM:   Magic number: 5:560:880
[    1.448362] misc btrfs-control: hash matches
[    1.449459] RAS: Correctable Errors collector initialized.
[    1.452659] clk: Disabling unused clocks
[    1.452662] PM: genpd: Disabling unused power domains
[    1.509791] usb 1-1: new high-speed USB device number 2 using xhci_hcd
[    1.580118] ata1: SATA link down (SStatus 0 SControl 300)
[    1.634212] usb 3-2: new high-speed USB device number 2 using xhci_hcd
[    1.644078] usb 1-1: New USB device found, idVendor=0bda, idProduct=5411, bcdDevice= 1.01
[    1.644087] usb 1-1: New USB device strings: Mfr=1, Product=2, SerialNumber=0
[    1.644089] usb 1-1: Product: 4-Port USB 2.1 Hub
[    1.644090] usb 1-1: Manufacturer: Generic
[    1.687996] hub 1-1:1.0: USB hub found
[    1.688799] hub 1-1:1.0: 4 ports detected
[    1.751029] usb 2-1: new SuperSpeed USB device number 2 using xhci_hcd
[    1.769859] usb 2-1: New USB device found, idVendor=0bda, idProduct=0411, bcdDevice= 1.01
[    1.769864] usb 2-1: New USB device strings: Mfr=1, Product=2, SerialNumber=0
[    1.769866] usb 2-1: Product: 4-Port USB 3.1 Hub
[    1.769867] usb 2-1: Manufacturer: Generic
[    1.802309] hub 2-1:1.0: USB hub found
[    1.803057] hub 2-1:1.0: 4 ports detected
[    1.850016] usb 3-2: New USB device found, idVendor=0bda, idProduct=5411, bcdDevice= 1.01
[    1.850023] usb 3-2: New USB device strings: Mfr=1, Product=2, SerialNumber=0
[    1.850027] usb 3-2: Product: 4-Port USB 2.1 Hub
[    1.850030] usb 3-2: Manufacturer: Generic
[    1.859463] hub 3-2:1.0: USB hub found
[    1.861902] hub 3-2:1.0: 4 ports detected
[    1.891679] ata2: SATA link down (SStatus 0 SControl 300)
[    1.944152] usb 4-2: new SuperSpeed USB device number 2 using xhci_hcd
[    1.966521] usb 4-2: New USB device found, idVendor=0bda, idProduct=0411, bcdDevice= 1.01
[    1.966530] usb 4-2: New USB device strings: Mfr=1, Product=2, SerialNumber=0
[    1.966534] usb 4-2: Product: 4-Port USB 3.1 Hub
[    1.966537] usb 4-2: Manufacturer: Generic
[    1.978078] hub 4-2:1.0: USB hub found
[    1.978977] hub 4-2:1.0: 4 ports detected
[    2.085581] tsc: Refined TSC clocksource calibration: 4493.247 MHz
[    2.085599] clocksource: tsc: mask: 0xffffffffffffffff max_cycles: 0x40c47c12e6d, max_idle_ns: 440795235586 ns
[    2.085764] clocksource: Switched to clocksource tsc
[    2.133335] usb 3-4: new low-speed USB device number 3 using xhci_hcd
[    2.198687] ata3: SATA link down (SStatus 0 SControl 300)
[    2.430824] usb 3-4: New USB device found, idVendor=03f0, idProduct=134a, bcdDevice= 1.00
[    2.430834] usb 3-4: New USB device strings: Mfr=1, Product=2, SerialNumber=0
[    2.430838] usb 3-4: Product: HP USB Optical Mouse
[    2.430841] usb 3-4: Manufacturer: PixArt
[    2.450474] input: PixArt HP USB Optical Mouse as /devices/pci0000:80/0000:80:01.3/0000:83:00.0/0000:84:0c.0/0000:85:00.0/usb3/3-4/3-4:1.0/0003:03F0:134A.0001/input/input5
[    2.450656] hid-generic 0003:03F0:134A.0001: input,hidraw0: USB HID v1.11 Mouse [PixArt HP USB Optical Mouse] on usb-0000:85:00.0-4/input0
[    2.485328] usb 3-2.1: new full-speed USB device number 4 using xhci_hcd
[    2.509154] ata4: SATA link down (SStatus 0 SControl 300)
[    2.511469] Freeing unused decrypted memory: 2028K
[    2.511804] Freeing unused kernel image (initmem) memory: 5072K
[    2.511815] Write protecting the kernel read-only data: 40960k
[    2.512148] Freeing unused kernel image (text/rodata gap) memory: 1096K
[    2.512240] Freeing unused kernel image (rodata/data gap) memory: 644K
[    2.545850] x86/mm: Checked W+X mappings: passed, no W+X pages found.
[    2.545857] Run /init as init process
[    2.545859]   with arguments:
[    2.545860]     /init
[    2.545861]     rhgb
[    2.545862]   with environment:
[    2.545863]     HOME=/
[    2.545864]     TERM=linux
[    2.545865]     BOOT_IMAGE=(hd1,gpt4)/boot/vmlinuz-6.16.3-100.fc41.x86_64
[    2.555609] systemd[1]: Successfully made /usr/ read-only.
[    2.555751] systemd[1]: systemd 256.17-1.fc41 running in system mode (+PAM +AUDIT +SELINUX -APPARMOR +IMA +SMACK +SECCOMP -GCRYPT +GNUTLS +OPENSSL +ACL +BLKID +CURL +ELFUTILS +FIDO2 +IDN2 -IDN -IPTC +KMOD +LIBCRYPTSETUP +LIBCRYPTSETUP_PLUGINS +LIBFDISK +PCRE2 +PWQUALITY +P11KIT +QRENCODE +TPM2 +BZIP2 +LZ4 +XZ +ZLIB +ZSTD +BPF_FRAMEWORK +XKBCOMMON +UTMP +SYSVINIT +LIBARCHIVE)
[    2.555755] systemd[1]: Detected architecture x86-64.
[    2.555757] systemd[1]: Running in initrd.
[    2.555887] systemd[1]: No hostname configured, using default hostname.
[    2.555936] systemd[1]: Hostname set to <fedora>.
[    2.616019] systemd[1]: Queued start job for default target initrd.target.
[    2.630566] systemd[1]: Expecting device dev-disk-by\x2duuid-be76e5c9\x2d5972\x2d4a10\x2d83eb\x2d14b62e5de2a5.device - /dev/disk/by-uuid/be76e5c9-5972-4a10-83eb-14b62e5de2a5...
[    2.630605] systemd[1]: Reached target initrd-usr-fs.target - Initrd /usr File System.
[    2.630619] systemd[1]: Reached target slices.target - Slice Units.
[    2.630626] systemd[1]: Reached target swap.target - Swaps.
[    2.630634] systemd[1]: Reached target timers.target - Timer Units.
[    2.630704] systemd[1]: Listening on systemd-journald-dev-log.socket - Journal Socket (/dev/log).
[    2.630760] systemd[1]: Listening on systemd-journald.socket - Journal Sockets.
[    2.630814] systemd[1]: Listening on systemd-udevd-control.socket - udev Control Socket.
[    2.630846] systemd[1]: Listening on systemd-udevd-kernel.socket - udev Kernel Socket.
[    2.630854] systemd[1]: Reached target sockets.target - Socket Units.
[    2.631675] systemd[1]: Starting kmod-static-nodes.service - Create List of Static Device Nodes...
[    2.631700] systemd[1]: memstrack.service - Memstrack Anylazing Service was skipped because no trigger condition checks were met.
[    2.633165] systemd[1]: Starting systemd-journald.service - Journal Service...
[    2.633867] systemd[1]: Starting systemd-modules-load.service - Load Kernel Modules...
[    2.634851] systemd[1]: Starting systemd-vconsole-setup.service - Virtual Console Setup...
[    2.635472] systemd[1]: Finished kmod-static-nodes.service - Create List of Static Device Nodes.
[    2.636249] systemd[1]: Starting systemd-tmpfiles-setup-dev-early.service - Create Static Device Nodes in /dev gracefully...
[    2.643326] systemd-journald[491]: Collecting audit messages is disabled.
[    2.648885] systemd[1]: Finished systemd-tmpfiles-setup-dev-early.service - Create Static Device Nodes in /dev gracefully.
[    2.649594] systemd[1]: Starting systemd-sysusers.service - Create System Users...
[    2.655948] systemd[1]: Finished systemd-sysusers.service - Create System Users.
[    2.656103] fuse: init (API version 7.44)
[    2.656576] systemd[1]: Starting systemd-tmpfiles-setup-dev.service - Create Static Device Nodes in /dev...
[    2.656851] systemd[1]: Finished systemd-modules-load.service - Load Kernel Modules.
[    2.657537] systemd[1]: Starting systemd-sysctl.service - Apply Kernel Variables...
[    2.662932] systemd[1]: Finished systemd-sysctl.service - Apply Kernel Variables.
[    2.668728] systemd[1]: Finished systemd-tmpfiles-setup-dev.service - Create Static Device Nodes in /dev.
[    2.668787] systemd[1]: Reached target local-fs-pre.target - Preparation for Local File Systems.
[    2.668796] systemd[1]: Reached target local-fs.target - Local File Systems.
[    2.669596] systemd[1]: Finished systemd-vconsole-setup.service - Virtual Console Setup.
[    2.669676] systemd[1]: dracut-cmdline-ask.service - dracut ask for additional cmdline parameters was skipped because no trigger condition checks were met.
[    2.670208] systemd[1]: Starting dracut-cmdline.service - dracut cmdline hook...
[    2.701332] systemd[1]: Started systemd-journald.service - Journal Service.
[    2.797885] usb 3-2.1: New USB device found, idVendor=047f, idProduct=0127, bcdDevice= 7.13
[    2.797893] usb 3-2.1: New USB device strings: Mfr=1, Product=2, SerialNumber=3
[    2.797897] usb 3-2.1: Product: Plantronics Voyager Focus UC
[    2.797900] usb 3-2.1: Manufacturer: Plantronics
[    2.797903] usb 3-2.1: SerialNumber: fb257bdcbdca40cda01cafdf198ce59c
[    2.842099] usb 3-5: new low-speed USB device number 5 using xhci_hcd
[    2.843586] input: Plantronics Plantronics Voyager Focus UC as /devices/pci0000:80/0000:80:01.3/0000:83:00.0/0000:84:0c.0/0000:85:00.0/usb3/3-2/3-2.1/3-2.1:1.0/0003:047F:0127.0002/input/input6
[    2.894344] plantronics 0003:047F:0127.0002: input,hiddev96,hidraw1: USB HID v1.11 Device [Plantronics Plantronics Voyager Focus UC] on usb-0000:85:00.0-2.1/input0
[    2.923996] wmi_bus wmi_bus-PNP0C14:00: [Firmware Info]: DF4E63B6-3BBC-4858-9737-C74F82F821F3 has zero instances
[    2.924046] wmi_bus wmi_bus-PNP0C14:00: [Firmware Info]: 8F1F6436-9F42-42C8-BADC-0E9424F20C9A has zero instances
[    2.924328] sp5100_tco: SP5100/SB800 TCO WatchDog Timer Driver
[    2.924409] sp5100-tco sp5100-tco: Using 0xfeb00000 for watchdog MMIO address
[    2.924611] sp5100-tco sp5100-tco: initialized. heartbeat=60 sec (nowayout=0)
[    2.927782] Key type psk registered
[    2.941774] ACPI: bus type thunderbolt registered
[    2.948272] nvme nvme0: pci function 0000:81:00.0
[    2.948273] nvme nvme1: pci function 0000:82:00.0
[    3.003012] nvme nvme1: 31/0/0 default/read/poll queues
[    3.005326] nvme nvme0: 31/0/0 default/read/poll queues
[    3.007324]  nvme1n1: p1 p2 p3
[    3.009210]  nvme0n1: p1 p2 p3 p4 p5
[    3.207127] usb 3-5: New USB device found, idVendor=046a, idProduct=0023, bcdDevice= 2.20
[    3.207132] usb 3-5: New USB device strings: Mfr=0, Product=0, SerialNumber=0
[    3.294563] usb 3-2.2: new high-speed USB device number 6 using xhci_hcd
[    3.421403] input: HID 046a:0023 as /devices/pci0000:80/0000:80:01.3/0000:83:00.0/0000:84:0c.0/0000:85:00.0/usb3/3-5/3-5:1.0/0003:046A:0023.0003/input/input7
[    3.495876] usb 3-2.2: New USB device found, idVendor=05ac, idProduct=12a8, bcdDevice=12.01
[    3.495883] usb 3-2.2: New USB device strings: Mfr=1, Product=2, SerialNumber=3
[    3.495887] usb 3-2.2: Product: iPhone
[    3.495891] usb 3-2.2: Manufacturer: Apple Inc.
[    3.495894] usb 3-2.2: SerialNumber: 0000803000020DA10120802E
[    3.556145] nouveau 0000:01:00.0: NVIDIA GA104 (b74000a1)
[    3.599200] cherry 0003:046A:0023.0003: input,hidraw2: USB HID v1.11 Keyboard [HID 046a:0023] on usb-0000:85:00.0-5/input0
[    3.599340] input: HID 046a:0023 as /devices/pci0000:80/0000:80:01.3/0000:83:00.0/0000:84:0c.0/0000:85:00.0/usb3/3-5/3-5:1.1/0003:046A:0023.0004/input/input8
[    3.650260] cherry 0003:046A:0023.0004: input,hidraw3: USB HID v1.11 Device [HID 046a:0023] on usb-0000:85:00.0-5/input1
[    4.020659] nouveau 0000:01:00.0: gsp: RM version: 570.144
[    4.121108] nouveau 0000:01:00.0: bios: version [REDACTED_IP].0b
[    4.147501] nouveau 0000:01:00.0: vgaarb: deactivate vga console
[    4.220616] EXT4-fs (nvme0n1p4): orphan cleanup on readonly fs
[    4.220845] EXT4-fs (nvme0n1p4): mounted filesystem be76e5c9-5972-4a10-83eb-14b62e5de2a5 ro with ordered data mode. Quota mode: none.
[    5.801570] nouveau 0000:01:00.0: drm: VRAM: 16376 MiB
[    5.801575] nouveau 0000:01:00.0: drm: GART: 536870912 MiB
[    5.872824] nouveau 0000:01:00.0: drm: MM: using COPY for buffer copies
[    5.987095] nouveau 0000:01:00.0: [drm] Registered 4 planes with drm panic
[    5.987098] [drm] Initialized nouveau 1.4.0 for 0000:01:00.0 on minor 0
[    6.033521] fbcon: nouveaudrmfb (fb0) is primary device
[    6.033523] fbcon: Deferring console take-over
[    6.033525] nouveau 0000:01:00.0: [drm] fb0: nouveaudrmfb frame buffer device
[    6.137969] systemd-journald[491]: Received SIGTERM from PID 1 (systemd).
[    6.192079] audit: type=1404 audit(1756547502.341:2): enforcing=1 old_enforcing=0 auid=4294967295 ses=4294967295 enabled=1 old-enabled=1 lsm=selinux res=1
[    6.228237] SELinux:  Permission firmware_load in class system not defined in policy.
[    6.228240] SELinux:  Permission kexec_image_load in class system not defined in policy.
[    6.228241] SELinux:  Permission kexec_initramfs_load in class system not defined in policy.
[    6.228242] SELinux:  Permission policy_load in class system not defined in policy.
[    6.228243] SELinux:  Permission x509_certificate_load in class system not defined in policy.
[    6.228250] SELinux:  Permission watch_mountns in class file not defined in policy.
[    6.228251] SELinux:  Permission watch_mountns in class dir not defined in policy.
[    6.228253] SELinux:  Permission watch_mountns in class lnk_file not defined in policy.
[    6.228255] SELinux:  Permission watch_mountns in class chr_file not defined in policy.
[    6.228256] SELinux:  Permission watch_mountns in class blk_file not defined in policy.
[    6.228258] SELinux:  Permission watch_mountns in class sock_file not defined in policy.
[    6.228259] SELinux:  Permission watch_mountns in class fifo_file not defined in policy.
[    6.228269] SELinux:  Permission nlmsg in class netlink_route_socket not defined in policy.
[    6.228271] SELinux:  Permission nlmsg in class netlink_tcpdiag_socket not defined in policy.
[    6.228273] SELinux:  Permission nlmsg in class netlink_xfrm_socket not defined in policy.
[    6.228275] SELinux:  Permission nlmsg in class netlink_audit_socket not defined in policy.
[    6.228302] SELinux:  Permission watch_mountns in class anon_inode not defined in policy.
[    6.228303] SELinux:  Permission allowed in class io_uring not defined in policy.
[    6.228304] SELinux: the above unknown classes and permissions will be allowed
[    6.230523] SELinux:  policy capability network_peer_controls=1
[    6.230524] SELinux:  policy capability open_perms=1
[    6.230525] SELinux:  policy capability extended_socket_class=1
[    6.230526] SELinux:  policy capability always_check_network=0
[    6.230527] SELinux:  policy capability cgroup_seclabel=1
[    6.230528] SELinux:  policy capability nnp_nosuid_transition=1
[    6.230529] SELinux:  policy capability genfs_seclabel_symlinks=1
[    6.230530] SELinux:  policy capability ioctl_skip_cloexec=0
[    6.230530] SELinux:  policy capability userspace_initial_context=0
[    6.230531] SELinux:  policy capability netlink_xperm=0
[    6.230532] SELinux:  policy capability netif_wildcard=0
[    6.230533] SELinux:  policy capability genfs_seclabel_wildcard=0
[    6.275118] audit: type=1403 audit(1756547502.425:3): auid=4294967295 ses=4294967295 lsm=selinux res=1
[    6.276273] systemd[1]: Successfully loaded SELinux policy in 84.442ms.
[    6.280893] systemd[1]: RTC configured in localtime, applying delta of 120 minutes to system time.
[    6.301691] systemd[1]: Relabeled /dev/, /dev/shm/, /run/ in 18.484ms.
