[    0.000000] Linux version 6.17.5-200.fc42.x86_64 ([REDACTED_USER]@9edae6326863476d862c1282a6a0db2c) (gcc (GCC) 15.2.1 20250808 (Red Hat 15.2.1-1), GNU ld version 2.44-6.fc42) #1 SMP PREEMPT_DYNAMIC Fri Oct 24 14:10:01 UTC 2025
[    0.000000] Command line: BOOT_IMAGE=(hd1,gpt2)/boot/vmlinuz-6.17.5-200.fc42.x86_64 [REDACTED_USER]=UUID=df544e10-90c0-4315-860c-92a58ec8499e ro rhgb quiet
[    0.000000] BIOS-provided physical RAM map:
[    0.000000] BIOS-e820: [mem 0x0000000000000000-0x000000000009ffff] usable
[    0.000000] BIOS-e820: [mem 0x0000000000100000-0x0000000009bfffff] usable
[    0.000000] BIOS-e820: [mem 0x0000000009c00000-0x0000000009da0fff] reserved
[    0.000000] BIOS-e820: [mem 0x0000000009da1000-0x0000000009efffff] usable
[    0.000000] BIOS-e820: [mem 0x0000000009f00000-0x0000000009f11fff] ACPI NVS
[    0.000000] BIOS-e820: [mem 0x0000000009f12000-0x000000004357dfff] usable
[    0.000000] BIOS-e820: [mem 0x000000004357e000-0x000000004457dfff] ACPI NVS
[    0.000000] BIOS-e820: [mem 0x000000004457e000-0x00000000445fdfff] ACPI data
[    0.000000] BIOS-e820: [mem 0x00000000445fe000-0x00000000477fdfff] reserved
[    0.000000] BIOS-e820: [mem 0x00000000477fe000-0x00000000747fdfff] usable
[    0.000000] BIOS-e820: [mem 0x00000000747fe000-0x00000000777fdfff] reserved
[    0.000000] BIOS-e820: [mem 0x00000000777fe000-0x0000000079ffcfff] usable
[    0.000000] BIOS-e820: [mem 0x0000000079ffd000-0x000000007bffffff] reserved
[    0.000000] BIOS-e820: [mem 0x000000007ce00000-0x000000007fffffff] reserved
[    0.000000] BIOS-e820: [mem 0x00000000e0000000-0x00000000efffffff] reserved
[    0.000000] BIOS-e820: [mem 0x00000000fde00000-0x00000000fdefffff] reserved
[    0.000000] BIOS-e820: [mem 0x00000000fed80000-0x00000000fed80fff] reserved
[    0.000000] BIOS-e820: [mem 0x0000000100000000-0x000000043e2fffff] usable
[    0.000000] BIOS-e820: [mem 0x000000043f340000-0x00000004a01fffff] reserved
[    0.000000] NX (Execute Disable) protection: active
[    0.000000] APIC: Static calls initialized
[    0.000000] efi: EFI v2.7 by Lenovo
[    0.000000] efi: ACPI=0x445fd000 ACPI 2.0=0x445fd014 SMBIOS=0x4756d000 SMBIOS 3.0=0x47560000 TPMFinalLog=0x44555000 MEMATTR=0x70a2e018 ESRT=0x70ab4e18 MOKvar=0x475ad000 RNG=0x445fc018 TPMEventLog=0x445e9018 
[    0.000000] random: crng init done
[    0.000000] efi: Remove mem52: MMIO range=[0xfde00000-0xfdefffff] (1MB) from e820 map
[    0.000000] e820: remove [mem 0xfde00000-0xfdefffff] reserved
[    0.000000] efi: Not removing mem53: MMIO range=[0xfed80000-0xfed80fff] (4KB) from e820 map
[    0.000000] efi: Remove mem55: MMIO range=[0x480000000-0x4a01fffff] (514MB) from e820 map
[    0.000000] e820: remove [mem 0x480000000-0x4a01fffff] reserved
[    0.000000] secureboot: Secure boot disabled
[    0.000000] SMBIOS 3.3.0 present.
[    0.000000] DMI: LENOVO 21M30030MZ/21M30030MZ, BIOS R2KET35W (1.18 ) 07/24/2025
[    0.000000] DMI: Memory slots populated: 1/2
[    0.000000] tsc: Fast TSC calibration using PIT
[    0.000000] tsc: Detected 3194.164 MHz processor
[    0.000192] e820: update [mem 0x00000000-0x00000fff] usable ==> reserved
[    0.000194] e820: remove [mem 0x000a0000-0x000fffff] usable
[    0.000199] last_pfn = 0x43e300 max_arch_pfn = 0x400000000
[    0.000205] MTRR map: 7 entries (3 fixed + 4 variable; max 20), built from 9 variable MTRRs
[    0.000206] x86/PAT: Configuration [0-7]: WB  WC  UC- UC  WB  WP  UC- WT  
[    0.000702] last_pfn = 0x79ffd max_arch_pfn = 0x400000000
[    0.003704] esrt: Reserving ESRT space from 0x0000000070ab4e18 to 0x0000000070ab4f18.
[    0.003709] e820: update [mem 0x70ab4000-0x70ab4fff] usable ==> reserved
[    0.003723] Using GB pages for direct mapping
[    0.004030] secureboot: Secure boot disabled
[    0.004031] RAMDISK: [mem 0x35ef4000-0x39e04fff]
[    0.004036] ACPI: Early table checksum verification disabled
[    0.004039] ACPI: RSDP 0x00000000445FD014 000024 (v02 LENOVO)
[    0.004042] ACPI: XSDT 0x00000000445FB188 00015C (v01 LENOVO TP-R2K   00001180 PTEC 00000002)
[    0.004046] ACPI: FACP 0x0000000045210000 000114 (v06 LENOVO TP-R2K   00001180 PTEC 00000002)
[    0.004049] ACPI: DSDT 0x00000000451F7000 013652 (v01 LENOVO TP-R2K   00001180 INTL 20180313)
[    0.004051] ACPI: FACS 0x000000004454E000 000040
[    0.004053] ACPI: SSDT 0x00000000475B2000 0000A2 (v01 LENOVO PID0Ssdt 00000001 INTL 20180313)
[    0.004055] ACPI: SSDT 0x00000000475B1000 0008AC (v01 LENOVO UsbCTabl 00000001 INTL 20180313)
[    0.004056] ACPI: SSDT 0x0000000047574000 00808B (v02 LENOVO TP-R2K   00000002 MSFT 02000002)
[    0.004058] ACPI: SSDT 0x0000000047573000 000586 (v01 LENOVO ACDC     00000001 INTL 20180313)
[    0.004060] ACPI: SSDT 0x0000000047572000 0001D8 (v01 LENOVO STD3     00000001 INTL 20180313)
[    0.004061] ACPI: SSDT 0x000000004742E000 00062A (v02 LENOVO Tpm2Tabl 00001000 INTL 20180313)
[    0.004063] ACPI: TPM2 0x000000004742D000 000034 (v03 LENOVO TP-R2K   00001180 PTEC 00000002)
[    0.004065] ACPI: MSDM 0x000000004742C000 000055 (v03 LENOVO TP-R2K   00001180 PTEC 00000002)
[    0.004066] ACPI: BATB 0x0000000047416000 00004A (v02 LENOVO TP-R2K   00001180 PTEC 00000002)
[    0.004068] ACPI: HPET 0x000000004520F000 000038 (v01 LENOVO TP-R2K   00001180 PTEC 00000002)
[    0.004069] ACPI: APIC 0x000000004520E000 000138 (v05 LENOVO TP-R2K   00001180 PTEC 00000002)
[    0.004071] ACPI: MCFG 0x000000004520D000 00003C (v01 LENOVO TP-R2K   00001180 PTEC 00000002)
[    0.004072] ACPI: SBST 0x000000004520C000 000030 (v01 LENOVO TP-R2K   00001180 PTEC 00000002)
[    0.004074] ACPI: WSMT 0x000000004520B000 000028 (v01 LENOVO TP-R2K   00001180 PTEC 00000002)
[    0.004076] ACPI: VFCT 0x00000000451EC000 00AE84 (v01 LENOVO TP-R2K   00001180 PTEC 00000002)
[    0.004077] ACPI: SSDT 0x00000000451E6000 005354 (v02 LENOVO TP-R2K   00000001 AMD  00000001)
[    0.004079] ACPI: CRAT 0x00000000451E5000 000EC0 (v01 LENOVO TP-R2K   00001180 PTEC 00000002)
[    0.004080] ACPI: CDIT 0x00000000451E4000 000029 (v01 LENOVO TP-R2K   00001180 PTEC 00000002)
[    0.004082] ACPI: SDEV 0x00000000451E3000 00014E (v01 LENOVO TP-R2K   00001180 PTEC 00000002)
[    0.004084] ACPI: FPDT 0x00000000451E2000 000034 (v01 LENOVO TP-R2K   00001180 PTEC 00000002)
[    0.004085] ACPI: SSDT 0x0000000045194000 0015D7 (v01 LENOVO TP-R2K   00000001 INTL 20180313)
[    0.004087] ACPI: SSDT 0x0000000045191000 002B60 (v01 LENOVO TP-R2K   00000001 INTL 20180313)
[    0.004088] ACPI: SSDT 0x0000000045188000 0085B7 (v01 LENOVO TP-R2K   00000001 INTL 20180313)
[    0.004090] ACPI: BGRT 0x0000000047418000 000038 (v01 LENOVO TP-R2K   00001180 PTEC 00000002)
[    0.004091] ACPI: SSDT 0x0000000045187000 000AEB (v01 LENOVO TP-R2K   00000001 INTL 20180313)
[    0.004093] ACPI: SSDT 0x0000000045186000 000AEB (v01 LENOVO TP-R2K   00000001 INTL 20180313)
[    0.004095] ACPI: SSDT 0x0000000045185000 00042A (v01 LENOVO TP-R2K   00000001 INTL 20180313)
[    0.004096] ACPI: SSDT 0x0000000045184000 000058 (v01 LENOVO TP-R2K   00000001 INTL 20180313)
[    0.004098] ACPI: SSDT 0x0000000045182000 00164E (v01 LENOVO TP-R2K   00000001 INTL 20180313)
[    0.004099] ACPI: SSDT 0x0000000045181000 0007B7 (v01 LENOVO TP-R2K   00000001 INTL 20180313)
[    0.004101] ACPI: SSDT 0x0000000045177000 009CD7 (v01 LENOVO TP-R2K   00000001 INTL 20180313)
[    0.004102] ACPI: SSDT 0x0000000045171000 0051CC (v01 LENOVO TP-R2K   00000001 INTL 20180313)
[    0.004104] ACPI: SSDT 0x0000000045170000 000DF3 (v01 LENOVO TP-R2K   00000001 INTL 20180313)
[    0.004106] ACPI: SSDT 0x000000004516F000 0007F8 (v01 LENOVO TP-R2K   00000001 INTL 20180313)
[    0.004107] ACPI: UEFI 0x000000004454D000 00009E (v01 LENOVO TP-R2K   00001180 PTEC 00000002)
[    0.004109] ACPI: IVRS 0x000000004516E000 000218 (v02 LENOVO TP-R2K   00001180 PTEC 00000002)
[    0.004110] ACPI: SSDT 0x00000000475B0000 000090 (v01 LENOVO TP-R2K   00000001 INTL 20180313)
[    0.004112] ACPI: SSDT 0x00000000475AE000 00120B (v01 LENOVO TP-R2K   00000001 INTL 20180313)
[    0.004113] ACPI: Reserving FACP table memory at [mem 0x45210000-0x45210113]
[    0.004114] ACPI: Reserving DSDT table memory at [mem 0x451f7000-0x4520a651]
[    0.004115] ACPI: Reserving FACS table memory at [mem 0x4454e000-0x4454e03f]
[    0.004116] ACPI: Reserving SSDT table memory at [mem 0x475b2000-0x475b20a1]
[    0.004116] ACPI: Reserving SSDT table memory at [mem 0x475b1000-0x475b18ab]
[    0.004117] ACPI: Reserving SSDT table memory at [mem 0x47574000-0x4757c08a]
[    0.004117] ACPI: Reserving SSDT table memory at [mem 0x47573000-0x47573585]
[    0.004117] ACPI: Reserving SSDT table memory at [mem 0x47572000-0x475721d7]
[    0.004118] ACPI: Reserving SSDT table memory at [mem 0x4742e000-0x4742e629]
[    0.004118] ACPI: Reserving TPM2 table memory at [mem 0x4742d000-0x4742d033]
[    0.004119] ACPI: Reserving MSDM table memory at [mem 0x4742c000-0x4742c054]
[    0.004119] ACPI: Reserving BATB table memory at [mem 0x47416000-0x47416049]
[    0.004120] ACPI: Reserving HPET table memory at [mem 0x4520f000-0x4520f037]
[    0.004120] ACPI: Reserving APIC table memory at [mem 0x4520e000-0x4520e137]
[    0.004121] ACPI: Reserving MCFG table memory at [mem 0x4520d000-0x4520d03b]
[    0.004121] ACPI: Reserving SBST table memory at [mem 0x4520c000-0x4520c02f]
[    0.004122] ACPI: Reserving WSMT table memory at [mem 0x4520b000-0x4520b027]
[    0.004122] ACPI: Reserving VFCT table memory at [mem 0x451ec000-0x451f6e83]
[    0.004123] ACPI: Reserving SSDT table memory at [mem 0x451e6000-0x451eb353]
[    0.004123] ACPI: Reserving CRAT table memory at [mem 0x451e5000-0x451e5ebf]
[    0.004124] ACPI: Reserving CDIT table memory at [mem 0x451e4000-0x451e4028]
[    0.004124] ACPI: Reserving SDEV table memory at [mem 0x451e3000-0x451e314d]
[    0.004125] ACPI: Reserving FPDT table memory at [mem 0x451e2000-0x451e2033]
[    0.004125] ACPI: Reserving SSDT table memory at [mem 0x45194000-0x451955d6]
[    0.004126] ACPI: Reserving SSDT table memory at [mem 0x45191000-0x45193b5f]
[    0.004126] ACPI: Reserving SSDT table memory at [mem 0x45188000-0x451905b6]
[    0.004127] ACPI: Reserving BGRT table memory at [mem 0x47418000-0x47418037]
[    0.004128] ACPI: Reserving SSDT table memory at [mem 0x45187000-0x45187aea]
[    0.004128] ACPI: Reserving SSDT table memory at [mem 0x45186000-0x45186aea]
[    0.004129] ACPI: Reserving SSDT table memory at [mem 0x45185000-0x45185429]
[    0.004129] ACPI: Reserving SSDT table memory at [mem 0x45184000-0x45184057]
[    0.004130] ACPI: Reserving SSDT table memory at [mem 0x45182000-0x4518364d]
[    0.004130] ACPI: Reserving SSDT table memory at [mem 0x45181000-0x451817b6]
[    0.004131] ACPI: Reserving SSDT table memory at [mem 0x45177000-0x45180cd6]
[    0.004131] ACPI: Reserving SSDT table memory at [mem 0x45171000-0x451761cb]
[    0.004132] ACPI: Reserving SSDT table memory at [mem 0x45170000-0x45170df2]
[    0.004132] ACPI: Reserving SSDT table memory at [mem 0x4516f000-0x4516f7f7]
[    0.004133] ACPI: Reserving UEFI table memory at [mem 0x4454d000-0x4454d09d]
[    0.004133] ACPI: Reserving IVRS table memory at [mem 0x4516e000-0x4516e217]
[    0.004134] ACPI: Reserving SSDT table memory at [mem 0x475b0000-0x475b008f]
[    0.004134] ACPI: Reserving SSDT table memory at [mem 0x475ae000-0x475af20a]
[    0.004292] No NUMA configuration found
[    0.004292] Faking a node at [mem 0x0000000000000000-0x000000043e2fffff]
[    0.004302] NODE_DATA(0) allocated [mem 0x43e2d52c0-0x43e2fffff]
[    0.004476] Zone ranges:
[    0.004477]   DMA      [mem 0x0000000000001000-0x0000000000ffffff]
[    0.004478]   DMA32    [mem 0x0000000001000000-0x00000000ffffffff]
[    0.004479]   Normal   [mem 0x0000000100000000-0x000000043e2fffff]
[    0.004479]   Device   empty
[    0.004480] Movable zone start for each node
[    0.004482] Early memory node ranges
[    0.004482]   node   0: [mem 0x0000000000001000-0x000000000009ffff]
[    0.004483]   node   0: [mem 0x0000000000100000-0x0000000009bfffff]
[    0.004484]   node   0: [mem 0x0000000009da1000-0x0000000009efffff]
[    0.004484]   node   0: [mem 0x0000000009f12000-0x000000004357dfff]
[    0.004485]   node   0: [mem 0x00000000477fe000-0x00000000747fdfff]
[    0.004486]   node   0: [mem 0x00000000777fe000-0x0000000079ffcfff]
[    0.004486]   node   0: [mem 0x0000000100000000-0x000000043e2fffff]
[    0.004488] Initmem setup node 0 [mem 0x0000000000001000-0x000000043e2fffff]
[    0.004493] On node 0, zone DMA: 1 pages in unavailable ranges
[    0.004506] On node 0, zone DMA: 96 pages in unavailable ranges
[    0.004620] On node 0, zone DMA32: 417 pages in unavailable ranges
[    0.005448] On node 0, zone DMA32: 18 pages in unavailable ranges
[    0.006641] On node 0, zone DMA32: 17024 pages in unavailable ranges
[    0.006780] On node 0, zone DMA32: 12288 pages in unavailable ranges
[    0.027676] On node 0, zone Normal: 24579 pages in unavailable ranges
[    0.027726] On node 0, zone Normal: 7424 pages in unavailable ranges
[    0.027933] ACPI: PM-Timer IO Port: 0x408
[    0.027943] ACPI: LAPIC_NMI (acpi_id[0x00] high edge lint[0x1])
[    0.027945] ACPI: LAPIC_NMI (acpi_id[0x01] high edge lint[0x1])
[    0.027945] ACPI: LAPIC_NMI (acpi_id[0x02] high edge lint[0x1])
[    0.027946] ACPI: LAPIC_NMI (acpi_id[0x03] high edge lint[0x1])
[    0.027946] ACPI: LAPIC_NMI (acpi_id[0x04] high edge lint[0x1])
[    0.027947] ACPI: LAPIC_NMI (acpi_id[0x05] high edge lint[0x1])
[    0.027947] ACPI: LAPIC_NMI (acpi_id[0x06] high edge lint[0x1])
[    0.027948] ACPI: LAPIC_NMI (acpi_id[0x07] high edge lint[0x1])
[    0.027948] ACPI: LAPIC_NMI (acpi_id[0x08] high edge lint[0x1])
[    0.027949] ACPI: LAPIC_NMI (acpi_id[0x09] high edge lint[0x1])
[    0.027949] ACPI: LAPIC_NMI (acpi_id[0x0a] high edge lint[0x1])
[    0.027950] ACPI: LAPIC_NMI (acpi_id[0x0b] high edge lint[0x1])
[    0.027950] ACPI: LAPIC_NMI (acpi_id[0x0c] high edge lint[0x1])
[    0.027951] ACPI: LAPIC_NMI (acpi_id[0x0d] high edge lint[0x1])
[    0.027951] ACPI: LAPIC_NMI (acpi_id[0x0e] high edge lint[0x1])
[    0.027952] ACPI: LAPIC_NMI (acpi_id[0x0f] high edge lint[0x1])
[    0.027964] IOAPIC[0]: apic_id 32, version 33, address 0xfec00000, GSI 0-23
[    0.027969] IOAPIC[1]: apic_id 33, version 33, address 0xfec01000, GSI 24-55
[    0.027971] ACPI: INT_SRC_OVR (bus 0 bus_irq 0 global_irq 2 dfl dfl)
[    0.027973] ACPI: INT_SRC_OVR (bus 0 bus_irq 9 global_irq 9 low level)
[    0.027976] ACPI: Using ACPI (MADT) for SMP configuration information
[    0.027977] ACPI: HPET id: 0x43538210 base: 0xfed00000
[    0.027986] e820: update [mem 0x703f5000-0x70485fff] usable ==> reserved
[    0.028000] CPU topo: Max. logical packages:   1
[    0.028001] CPU topo: Max. logical dies:       1
[    0.028001] CPU topo: Max. dies per package:   1
[    0.028005] CPU topo: Max. threads per core:   2
[    0.028006] CPU topo: Num. cores per package:     8
[    0.028007] CPU topo: Num. threads per package:  16
[    0.028007] CPU topo: Allowing 16 present CPUs plus 0 hotplug CPUs
[    0.028025] PM: hibernation: Registered nosave memory: [mem 0x00000000-0x00000fff]
[    0.028026] PM: hibernation: Registered nosave memory: [mem 0x000a0000-0x000fffff]
[    0.028028] PM: hibernation: Registered nosave memory: [mem 0x09c00000-0x09da0fff]
[    0.028029] PM: hibernation: Registered nosave memory: [mem 0x09f00000-0x09f11fff]
[    0.028030] PM: hibernation: Registered nosave memory: [mem 0x4357e000-0x477fdfff]
[    0.028031] PM: hibernation: Registered nosave memory: [mem 0x703f5000-0x70485fff]
[    0.028033] PM: hibernation: Registered nosave memory: [mem 0x70ab4000-0x70ab4fff]
[    0.028034] PM: hibernation: Registered nosave memory: [mem 0x747fe000-0x777fdfff]
[    0.028035] PM: hibernation: Registered nosave memory: [mem 0x79ffd000-0xffffffff]
[    0.028036] [mem 0x80000000-0xdfffffff] available for PCI devices
[    0.028037] Booting paravirtualized kernel on bare hardware
[    0.028040] clocksource: refined-jiffies: mask: 0xffffffff max_cycles: 0xffffffff, max_idle_ns: 1910969940391419 ns
[    0.033573] setup_percpu: NR_CPUS:8192 nr_cpumask_bits:16 nr_cpu_ids:16 nr_node_ids:1
[    0.034453] percpu: Embedded 83 pages/cpu s217088 r8192 d114688 u524288
[    0.034460] pcpu-alloc: s217088 r8192 d114688 u524288 alloc=1*2097152
[    0.034462] pcpu-alloc: [0] 00 01 02 03 [0] 04 05 06 07 
[    0.034466] pcpu-alloc: [0] 08 09 10 11 [0] 12 13 14 15 
[    0.034483] Kernel command line: BOOT_IMAGE=(hd1,gpt2)/boot/vmlinuz-6.17.5-200.fc42.x86_64 [REDACTED_USER]=UUID=df544e10-90c0-4315-860c-92a58ec8499e ro rhgb quiet
[    0.034537] Unknown kernel command line parameters "rhgb", will be passed to [REDACTED_USER] space.
[    0.034736] printk: log buffer data + meta data: 262144 + 917504 = 1179648 bytes
[    0.036156] Dentry cache hash table entries: 2097152 (order: 12, 16777216 bytes, linear)
[    0.036891] Inode-cache hash table entries: 1048576 (order: 11, 8388608 bytes, linear)
[    0.037032] software IO TLB: area num 16.
[    0.048787] Fallback order for Node 0: 0 
[    0.048795] Built 1 zonelists, mobility grouping on.  Total pages: 3870313
[    0.048796] Policy zone: Normal
[    0.049018] mem auto-init: stack:all(zero), heap alloc:on, heap free:off
[    0.078481] SLUB: HWalign=64, Order=0-3, MinObjects=0, CPUs=16, Nodes=1
[    0.090284] ftrace: allocating 61918 entries in 244 pages
[    0.090286] ftrace: allocated 244 pages with 5 groups
[    0.090898] Dynamic Preempt: lazy
[    0.090977] rcu: Preemptible hierarchical RCU implementation.
[    0.090978] rcu: 	RCU event tracing is enabled.
[    0.090978] rcu: 	RCU restricting CPUs from NR_CPUS=8192 to nr_cpu_ids=16.
[    0.090980] 	Trampoline variant of Tasks RCU enabled.
[    0.090980] 	Rude variant of Tasks RCU enabled.
[    0.090980] 	Tracing variant of Tasks RCU enabled.
[    0.090981] rcu: RCU calculated value of scheduler-enlistment delay is 100 jiffies.
[    0.090982] rcu: Adjusting geometry for rcu_fanout_leaf=16, nr_cpu_ids=16
[    0.090993] RCU Tasks: Setting shift to 4 and lim to 1 rcu_task_cb_adjust=1 rcu_task_cpu_ids=16.
[    0.090995] RCU Tasks Rude: Setting shift to 4 and lim to 1 rcu_task_cb_adjust=1 rcu_task_cpu_ids=16.
[    0.090997] RCU Tasks Trace: Setting shift to 4 and lim to 1 rcu_task_cb_adjust=1 rcu_task_cpu_ids=16.
[    0.095005] NR_IRQS: 524544, nr_irqs: 1096, preallocated irqs: 16
[    0.095233] rcu: srcu_init: Setting srcu_struct sizes based on contention.
[    0.095416] kfence: initialized - using 2097152 bytes for 255 objects at 0x(____ptrval____)-0x(____ptrval____)
[    0.095465] Console: colour dummy device 80x25
[    0.095467] printk: legacy console [tty0] enabled
[    0.095509] ACPI: Core revision 20250404
[    0.095731] clocksource: hpet: mask: 0xffffffff max_cycles: 0xffffffff, max_idle_ns: 133484873504 ns
[    0.095749] APIC: Switch to symmetric I/O mode setup
[    0.096163] AMD-Vi: ivrs, add hid:AMDI0020, uid:\_SB.FUR0, rdevid:0xa0
[    0.096166] AMD-Vi: ivrs, add hid:AMDI0020, uid:\_SB.FUR1, rdevid:0xa0
[    0.096166] AMD-Vi: ivrs, add hid:AMDI0020, uid:\_SB.FUR2, rdevid:0xa0
[    0.096167] AMD-Vi: ivrs, add hid:AMDI0020, uid:\_SB.FUR3, rdevid:0xa0
[    0.096168] AMD-Vi: Using global IVHD EFR:0x246577efa2254afa, EFR2:0x0
[    0.096558] x2apic: IRQ remapping doesn't support X2APIC mode
[    0.097308] ..TIMER: vector=0x30 apic1=0 pin1=2 apic2=-1 pin2=-1
[    0.101753] clocksource: tsc-early: mask: 0xffffffffffffffff max_cycles: 0x2e0ac119cec, max_idle_ns: 440795285376 ns
[    0.101757] Calibrating delay loop (skipped), value calculated using timer frequency.. 6388.32 BogoMIPS (lpj=3194164)
[    0.101772] x86/cpu: [REDACTED_USER] Mode Instruction Prevention (UMIP) activated
[    0.101798] LVT offset 1 assigned for vector 0xf9
[    0.101872] LVT offset 2 assigned for vector 0xf4
[    0.101910] Last level iTLB entries: 4KB 512, 2MB 512, 4MB 256
[    0.101911] Last level dTLB entries: 4KB 2048, 2MB 2048, 4MB 1024, 1GB 0
[    0.101918] process: using mwait in idle threads
[    0.101920] mitigations: Enabled attack vectors: user_kernel, user_user, guest_host, guest_guest, SMT mitigations: auto
[    0.101926] Speculative Store Bypass: Mitigation: Speculative Store Bypass disabled via prctl
[    0.101927] Transient Scheduler Attacks: Mitigation: Clear CPU buffers
[    0.101928] Spectre V2 : Mitigation: Retpolines
[    0.101929] Spectre V2 : [REDACTED_USER] space: Mitigation: STIBP always-on protection
[    0.101930] Speculative Return Stack Overflow: Mitigation: Safe RET
[    0.101931] VMSCAPE: Mitigation: IBPB before exit to userspace
[    0.101932] Spectre V1 : Mitigation: usercopy/swapgs barriers and __user pointer sanitization
[    0.101933] Spectre V2 : Spectre v2 / SpectreRSB: Filling RSB on context switch and VMEXIT
[    0.101934] Spectre V2 : Enabling Restricted Speculation for firmware calls
[    0.101936] Spectre V2 : mitigation: Enabling conditional Indirect Branch Prediction Barrier
[    0.101937] active return thunk: srso_alias_return_thunk
[    0.101948] x86/fpu: Supporting XSAVE feature 0x001: 'x87 floating point registers'
[    0.101949] x86/fpu: Supporting XSAVE feature 0x002: 'SSE registers'
[    0.101950] x86/fpu: Supporting XSAVE feature 0x004: 'AVX registers'
[    0.101951] x86/fpu: Supporting XSAVE feature 0x200: 'Protection Keys [REDACTED_USER] registers'
[    0.101952] x86/fpu: Supporting XSAVE feature 0x800: 'Control-flow [REDACTED_USER] registers'
[    0.101952] x86/fpu: Supporting XSAVE feature 0x1000: 'Control-flow Kernel registers (KVM only)'
[    0.101953] x86/fpu: xstate_offset[2]:  576, xstate_sizes[2]:  256
[    0.101954] x86/fpu: xstate_offset[9]:  832, xstate_sizes[9]:    8
[    0.101955] x86/fpu: xstate_offset[11]:  840, xstate_sizes[11]:   16
[    0.101956] x86/fpu: xstate_offset[12]:  856, xstate_sizes[12]:   24
[    0.101956] x86/fpu: Enabled xstate features 0x1a07, context size is 880 bytes, using 'compacted' format.
[    0.133704] Freeing SMP alternatives memory: 56K
[    0.133708] pid_max: default: 32768 minimum: 301
[    0.133770] LSM: initializing lsm=lockdown,capability,yama,selinux,bpf,landlock,ipe,ima,evm
[    0.133811] Yama: becoming mindful.
[    0.133817] SELinux:  Initializing.
[    0.134263] LSM support for eBPF active
[    0.134292] landlock: Up and running.
[    0.134379] Mount-cache hash table entries: 32768 (order: 6, 262144 bytes, linear)
[    0.134401] Mountpoint-cache hash table entries: 32768 (order: 6, 262144 bytes, linear)
[    0.237764] smpboot: CPU0: AMD Ryzen 7 7735HS with Radeon Graphics (family: 0x19, model: 0x44, stepping: 0x1)
[    0.238028] Performance Events: Fam17h+ core perfctr, AMD PMU driver.
[    0.238035] ... version:                0
[    0.238037] ... bit width:              48
[    0.238038] ... generic registers:      6
[    0.238039] ... value mask:             0000ffffffffffff
[    0.238040] ... max period:             00007fffffffffff
[    0.238042] ... fixed-purpose events:   0
[    0.238043] ... event mask:             000000000000003f
[    0.238169] signal: max sigframe size: 3376
[    0.238257] rcu: Hierarchical SRCU implementation.
[    0.238259] rcu: 	Max phase no-delay instances is 400.
[    0.238326] Timer migration: 2 hierarchy levels; 8 children per group; 2 crossnode level
[    0.243063] NMI watchdog: Enabled. Permanently consumes one hw-PMU counter.
[    0.243258] smp: Bringing up secondary CPUs ...
[    0.243396] smpboot: x86: Booting SMP configuration:
[    0.243398] .... node  #0, CPUs:        #2  #4  #6  #8 #10 #12 #14
[    0.245755] TSC synchronization [CPU#0 -> CPU#2]:
[    0.245755] Measured 2719638944 cycles TSC warp between CPUs, turning off TSC clock.
[    0.245763] tsc: Marking TSC unstable due to check_tsc_sync_source failed
[    0.246866]   #1  #3  #5  #7  #9 #11 #13 #15
[    0.248476] Spectre V2 : Update [REDACTED_USER] space SMT mitigation: STIBP always-on
[    0.248841] smp: Brought up 1 node, 16 CPUs
[    0.248841] smpboot: Total of 16 processors activated (102213.24 BogoMIPS)
[    0.249950] Memory: 14982708K/15481252K available (22029K kernel code, 4542K rwdata, 17984K rodata, 5112K init, 6144K bss, 474032K reserved, 0K cma-reserved)
[    0.250201] devtmpfs: initialized
[    0.250201] x86/mm: Memory block size: 128MB
[    0.252901] ACPI: PM: Registering ACPI NVS region [mem 0x09f00000-0x09f11fff] (73728 bytes)
[    0.252901] ACPI: PM: Registering ACPI NVS region [mem 0x4357e000-0x4457dfff] (16777216 bytes)
[    0.253126] clocksource: jiffies: mask: 0xffffffff max_cycles: 0xffffffff, max_idle_ns: 1911260446275000 ns
[    0.253126] posixtimers hash table entries: 8192 (order: 5, 131072 bytes, linear)
[    0.253126] futex hash table entries: 4096 (262144 bytes on 1 NUMA nodes, total 256 KiB, linear).
[    0.253126] pinctrl core: initialized pinctrl subsystem
[    0.253126] PM: RTC time: 19:25:39, date: 2025-10-29
[    0.254081] NET: Registered PF_NETLINK/PF_ROUTE protocol family
[    0.254345] DMA: preallocated 2048 KiB GFP_KERNEL pool for atomic allocations
[    0.254437] DMA: preallocated 2048 KiB GFP_KERNEL|GFP_DMA pool for atomic allocations
[    0.254536] DMA: preallocated 2048 KiB GFP_KERNEL|GFP_DMA32 pool for atomic allocations
[    0.254552] audit: initializing netlink subsys (disabled)
[    0.254564] audit: type=2000 audit(1761765939.157:1): state=initialized audit_enabled=0 res=1
[    0.254564] thermal_sys: Registered thermal governor 'fair_share'
[    0.254564] thermal_sys: Registered thermal governor 'bang_bang'
[    0.254564] thermal_sys: Registered thermal governor 'step_wise'
[    0.254564] thermal_sys: Registered thermal governor 'user_space'
[    0.254564] cpuidle: using governor menu
[    0.254845] ACPI FADT declares the system doesn't support PCIe ASPM, so disable it
[    0.254845] acpiphp: ACPI Hot Plug PCI Controller Driver version: 0.5
[    0.254948] PCI: ECAM [mem 0xe0000000-0xefffffff] (base 0xe0000000) for domain 0000 [bus 00-ff]
[    0.254964] PCI: Using configuration type 1 for base access
[    0.255112] kprobes: kprobe jump-optimization is enabled. All kprobes are optimized if possible.
[    0.255848] HugeTLB: registered 1.00 GiB page size, pre-allocated 0 pages
[    0.255848] HugeTLB: 16380 KiB vmemmap can be freed for a 1.00 GiB page
[    0.255848] HugeTLB: registered 2.00 MiB page size, pre-allocated 0 pages
[    0.255848] HugeTLB: 28 KiB vmemmap can be freed for a 2.00 MiB page
[    0.256999] raid6: skipped pq benchmark and selected avx2x4
[    0.257002] raid6: using avx2x2 recovery algorithm
[    0.257116] ACPI: Added _OSI(Module Device)
[    0.257118] ACPI: Added _OSI(Processor Device)
[    0.257119] ACPI: Added _OSI(Processor Aggregator Device)
[    0.288864] ACPI BIOS Error (bug): Could not resolve symbol [\_SB.PCI0.GPP0], AE_NOT_FOUND (20250404/dswload2-162)
[    0.288873] ACPI Error: AE_NOT_FOUND, During name lookup/catalog (20250404/psobject-220)
[    0.288877] ACPI: Skipping parse of AML opcode: Scope (0x0010)
[    0.292479] ACPI BIOS Error (bug): Failure creating named object [\_SB.PCI0.GP17.XHC0.PSTA], AE_ALREADY_EXISTS (20250404/dswload2-326)
[    0.292486] ACPI Error: AE_ALREADY_EXISTS, During name lookup/catalog (20250404/psobject-220)
[    0.292489] ACPI: Skipping parse of AML opcode: Method (0x0014)
[    0.293918] ACPI BIOS Error (bug): Failure creating named object [\_SB._OSC], AE_ALREADY_EXISTS (20250404/dswload2-326)
[    0.293926] ACPI Error: AE_ALREADY_EXISTS, During name lookup/catalog (20250404/psobject-220)
[    0.293929] ACPI: Skipping parse of AML opcode: Method (0x0014)
[    0.294950] ACPI: 23 ACPI AML tables successfully acquired and loaded
[    0.298599] ACPI: [Firmware Bug]: BIOS _OSI(Linux) query ignored
[    0.319104] ACPI: USB4 _OSC: OS supports USB3+ DisplayPort+ PCIe+ XDomain+
[    0.319107] ACPI: USB4 _OSC: OS controls USB3+ DisplayPort+ PCIe+ XDomain+
[    0.319876] ACPI: EC: EC started
[    0.319878] ACPI: EC: interrupt blocked
[    0.320997] ACPI: EC: EC_CMD/EC_SC=0x66, EC_DATA=0x62
[    0.321000] ACPI: \_SB_.PCI0.LPC0.EC0_: Boot DSDT EC used to handle transactions
[    0.321002] ACPI: Interpreter enabled
[    0.321025] ACPI: PM: (supports S0 S4 S5)
[    0.321026] ACPI: Using IOAPIC for interrupt routing
[    0.323043] PCI: Using host bridge windows from ACPI; if necessary, use "pci=nocrs" and report a bug
[    0.323045] PCI: Ignoring E820 reservations for host bridge windows
[    0.323489] ACPI: Enabled 2 GPEs in block 00 to 1F
[    0.325972] ACPI: \_SB_.PCI0.GPP1.P0NV: New power resource
[    0.327527] ACPI: \_SB_.PCI0.GPP6.PXSX.WRST: New power resource
[    0.327878] ACPI: \_SB_.PCI0.GPP8.P0NV: New power resource
[    0.329777] ACPI: \_SB_.PCI0.GP11.PWRS: New power resource
[    0.329863] ACPI: \_SB_.PCI0.GP11: Overriding _PRW sleep state (S4) by S0 from power resources
[    0.330765] ACPI: \_SB_.PCI0.GP11.SWUS.PWRS: New power resource
[    0.331687] ACPI: \_SB_.PCI0.GP12.PWRS: New power resource
[    0.331773] ACPI: \_SB_.PCI0.GP12: Overriding _PRW sleep state (S4) by S0 from power resources
[    0.332652] ACPI: \_SB_.PCI0.GP12.SWUS.PWRS: New power resource
[    0.333039] ACPI: \_SB_.PCI0.GP17.PWRS: New power resource
[    0.333435] ACPI: \_SB_.PCI0.GP17.VGA_.PWRS: New power resource
[    0.333957] ACPI: \_SB_.PCI0.GP17.ACP_.PWRS: New power resource
[    0.334619] ACPI: \_SB_.PCI0.GP17.AZAL.PWRS: New power resource
[    0.335285] ACPI: \_SB_.PCI0.GP17.HDAU.PWRS: New power resource
[    0.335701] ACPI: \_SB_.PCI0.GP17.XHC0.PWRS: New power resource
[    0.336427] ACPI: \_SB_.PCI0.GP17.XHC0.RHUB.HS04.BTRT: New power resource
[    0.337046] ACPI: \_SB_.PCI0.GP17.XHC1.PWRS: New power resource
[    0.337792] ACPI: \_SB_.PCI0.GP17.XHC1.BTPR: New power resource
[    0.337969] ACPI: \_SB_.PCI0.GP18.SATA.P0S0: New power resource
[    0.338007] ACPI: \_SB_.PCI0.GP18.SATA.P3S0: New power resource
[    0.338979] ACPI: \_SB_.PCI0.GP19.NHI0.PWRS: New power resource
[    0.339061] ACPI: \_SB_.PCI0.GP19.NHI0: Overriding _PRW sleep state (S3) by S0 from power resources
[    0.339906] ACPI: \_SB_.PCI0.GP19.NHI1.PWRS: New power resource
[    0.339989] ACPI: \_SB_.PCI0.GP19.NHI1: Overriding _PRW sleep state (S3) by S0 from power resources
[    0.340579] ACPI: \_SB_.PCI0.GP19.XHC2.PWRS: New power resource
[    0.341965] ACPI: \_SB_.PCI0.GP19.XHC3.PWRS: New power resource
[    0.343324] ACPI: \_SB_.PCI0.GP19.XHC4.PWRS: New power resource
[    0.355528] ACPI: PCI [REDACTED_USER] Bridge [PCI0] (domain 0000 [bus 00-ff])
[    0.355535] acpi PNP0A08:00: _OSC: OS supports [ExtendedConfig ASPM ClockPM Segments MSI EDR HPX-Type3]
[    0.355777] acpi PNP0A08:00: _OSC: platform does not support [SHPCHotplug AER]
[    0.356231] acpi PNP0A08:00: _OSC: OS now controls [PCIeHotplug PME PCIeCapability LTR DPC]
[    0.356233] acpi PNP0A08:00: FADT indicates ASPM is unsupported, using BIOS configuration
[    0.356778] PCI host bridge to bus 0000:00
[    0.356784] pci_bus 0000:00: [REDACTED_USER] bus resource [mem 0x000a0000-0x000effff window]
[    0.356786] pci_bus 0000:00: [REDACTED_USER] bus resource [mem 0x80000000-0xdfffffff window]
[    0.356788] pci_bus 0000:00: [REDACTED_USER] bus resource [mem 0xf0000000-0xfdbfffff window]
[    0.356790] pci_bus 0000:00: [REDACTED_USER] bus resource [mem 0x480000000-0xffffffffff window]
[    0.356792] pci_bus 0000:00: [REDACTED_USER] bus resource [io  0x0000-0x0cf7 window]
[    0.356794] pci_bus 0000:00: [REDACTED_USER] bus resource [io  0x0d00-0xffff window]
[    0.356796] pci_bus 0000:00: [REDACTED_USER] bus resource [bus 00-ff]
[    0.356812] pci 0000:00:00.0: [1022:14b5] type 00 class 0x060000 conventional PCI endpoint
[    0.356904] pci 0000:00:00.2: [1022:14b6] type 00 class 0x080600 conventional PCI endpoint
[    0.356989] pci 0000:00:01.0: [1022:14b7] type 00 class 0x060000 conventional PCI endpoint
[    0.357066] pci 0000:00:01.2: [1022:14b8] type 01 class 0x060400 PCIe [REDACTED_USER] Port
[    0.357081] pci 0000:00:01.2: PCI bridge to [bus 01]
[    0.357087] pci 0000:00:01.2:   bridge window [mem 0x80a00000-0x80afffff]
[    0.357145] pci 0000:00:01.2: PME# supported from D0 D3hot D3cold
[    0.357301] pci 0000:00:02.0: [1022:14b7] type 00 class 0x060000 conventional PCI endpoint
[    0.357376] pci 0000:00:02.1: [1022:14ba] type 01 class 0x060400 PCIe [REDACTED_USER] Port
[    0.357396] pci 0000:00:02.1: PCI bridge to [bus 02]
[    0.357402] pci 0000:00:02.1:   bridge window [io  0x2000-0x2fff]
[    0.357406] pci 0000:00:02.1:   bridge window [mem 0x80900000-0x809fffff]
[    0.357487] pci 0000:00:02.1: PME# supported from D0 D3hot D3cold
[    0.357669] pci 0000:00:02.2: [1022:14ba] type 01 class 0x060400 PCIe [REDACTED_USER] Port
[    0.357689] pci 0000:00:02.2: PCI bridge to [bus 03]
[    0.357697] pci 0000:00:02.2:   bridge window [mem 0x80800000-0x808fffff]
[    0.357705] pci 0000:00:02.2:   bridge window [mem 0x4c0200000-0x4c02fffff 64bit pref]
[    0.357780] pci 0000:00:02.2: PME# supported from D0 D3hot D3cold
[    0.357957] pci 0000:00:02.4: [1022:14ba] type 01 class 0x060400 PCIe [REDACTED_USER] Port
[    0.357977] pci 0000:00:02.4: PCI bridge to [bus 04]
[    0.357984] pci 0000:00:02.4:   bridge window [mem 0x80700000-0x807fffff]
[    0.358065] pci 0000:00:02.4: PME# supported from D0 D3hot D3cold
[    0.358233] pci 0000:00:03.0: [1022:14b7] type 00 class 0x060000 conventional PCI endpoint
[    0.358309] pci 0000:00:04.0: [1022:14b7] type 00 class 0x060000 conventional PCI endpoint
[    0.358387] pci 0000:00:08.0: [1022:14b7] type 00 class 0x060000 conventional PCI endpoint
[    0.358455] pci 0000:00:08.1: [1022:14b9] type 01 class 0x060400 PCIe [REDACTED_USER] Port
[    0.358470] pci 0000:00:08.1: PCI bridge to [bus 05]
[    0.358474] pci 0000:00:08.1:   bridge window [io  0x1000-0x1fff]
[    0.358477] pci 0000:00:08.1:   bridge window [mem 0x80300000-0x806fffff]
[    0.358483] pci 0000:00:08.1:   bridge window [mem 0x4b0000000-0x4c01fffff 64bit pref]
[    0.358490] pci 0000:00:08.1: enabling Extended Tags
[    0.358530] pci 0000:00:08.1: PME# supported from D0 D3hot D3cold
[    0.358899] pci 0000:00:08.3: [1022:14b9] type 01 class 0x060400 PCIe [REDACTED_USER] Port
[    0.358915] pci 0000:00:08.3: PCI bridge to [bus 06]
[    0.358921] pci 0000:00:08.3:   bridge window [mem 0x80000000-0x802fffff]
[    0.358932] pci 0000:00:08.3: enabling Extended Tags
[    0.358975] pci 0000:00:08.3: PME# supported from D0 D3hot D3cold
[    0.359759] pci 0000:00:14.0: [1022:790b] type 00 class 0x0c0500 conventional PCI endpoint
[    0.359759] pci 0000:00:14.3: [1022:790e] type 00 class 0x060100 conventional PCI endpoint
[    0.359759] pci 0000:00:18.0: [1022:1679] type 00 class 0x060000 conventional PCI endpoint
[    0.359759] pci 0000:00:18.1: [1022:167a] type 00 class 0x060000 conventional PCI endpoint
[    0.359773] pci 0000:00:18.2: [1022:167b] type 00 class 0x060000 conventional PCI endpoint
[    0.359819] pci 0000:00:18.3: [1022:167c] type 00 class 0x060000 conventional PCI endpoint
[    0.359862] pci 0000:00:18.4: [1022:167d] type 00 class 0x060000 conventional PCI endpoint
[    0.359906] pci 0000:00:18.5: [1022:167e] type 00 class 0x060000 conventional PCI endpoint
[    0.359950] pci 0000:00:18.6: [1022:167f] type 00 class 0x060000 conventional PCI endpoint
[    0.359994] pci 0000:00:18.7: [1022:1680] type 00 class 0x060000 conventional PCI endpoint
[    0.360104] pci 0000:01:00.0: [1cc1:627a] type 00 class 0x010802 PCIe Endpoint
[    0.360132] pci 0000:01:00.0: BAR 0 [mem 0x80a00000-0x80a03fff 64bit]
[    0.360319] pci 0000:00:01.2: PCI bridge to [bus 01]
[    0.360399] pci 0000:02:00.0: [10ec:8168] type 00 class 0x020000 PCIe Endpoint
[    0.360444] pci 0000:02:00.0: BAR 0 [io  0x2000-0x20ff]
[    0.360450] pci 0000:02:00.0: BAR 2 [mem 0x80904000-0x80904fff 64bit]
[    0.360454] pci 0000:02:00.0: BAR 4 [mem 0x80900000-0x80903fff 64bit]
[    0.360546] pci 0000:02:00.0: supports D1 D2
[    0.360547] pci 0000:02:00.0: PME# supported from D0 D1 D2 D3hot D3cold
[    0.360772] pci 0000:00:02.1: PCI bridge to [bus 02]
[    0.360876] pci 0000:03:00.0: [14c3:0616] type 00 class 0x028000 PCIe Endpoint
[    0.360923] pci 0000:03:00.0: BAR 0 [mem 0x4c0200000-0x4c02fffff 64bit pref]
[    0.360927] pci 0000:03:00.0: BAR 2 [mem 0x80800000-0x80807fff 64bit]
[    0.361005] pci 0000:03:00.0: PME# supported from D0 D3hot D3cold
[    0.361218] pci 0000:00:02.2: PCI bridge to [bus 03]
[    0.361342] pci 0000:04:00.0: [1c5c:1d59] type 00 class 0x010802 PCIe Endpoint
[    0.361374] pci 0000:04:00.0: BAR 0 [mem 0x80700000-0x80703fff 64bit]
[    0.361641] pci 0000:00:02.4: PCI bridge to [bus 04]
[    0.361762] pci 0000:05:00.0: [1002:1681] type 00 class 0x030000 PCIe Legacy Endpoint
[    0.361788] pci 0000:05:00.0: BAR 0 [mem 0x4b0000000-0x4bfffffff 64bit pref]
[    0.361791] pci 0000:05:00.0: BAR 2 [mem 0x4c0000000-0x4c01fffff 64bit pref]
[    0.361794] pci 0000:05:00.0: BAR 4 [io  0x1000-0x10ff]
[    0.361796] pci 0000:05:00.0: BAR 5 [mem 0x80600000-0x8067ffff]
[    0.361802] pci 0000:05:00.0: enabling Extended Tags
[    0.361859] pci 0000:05:00.0: PME# supported from D1 D2 D3hot D3cold
[    0.362235] pci 0000:05:00.1: [1002:1640] type 00 class 0x040300 PCIe Legacy Endpoint
[    0.362259] pci 0000:05:00.1: BAR 0 [mem 0x806c8000-0x806cbfff]
[    0.362269] pci 0000:05:00.1: enabling Extended Tags
[    0.362305] pci 0000:05:00.1: PME# supported from D1 D2 D3hot D3cold
[    0.362632] pci 0000:05:00.2: [1022:1649] type 00 class 0x108000 PCIe Endpoint
[    0.362713] pci 0000:05:00.2: BAR 2 [mem 0x80500000-0x805fffff]
[    0.362716] pci 0000:05:00.2: BAR 5 [mem 0x806cc000-0x806cdfff]
[    0.362722] pci 0000:05:00.2: enabling Extended Tags
[    0.362882] pci 0000:05:00.3: [1022:161d] type 00 class 0x0c0330 PCIe Endpoint
[    0.362907] pci 0000:05:00.3: BAR 0 [mem 0x80300000-0x803fffff 64bit]
[    0.362916] pci 0000:05:00.3: enabling Extended Tags
[    0.362955] pci 0000:05:00.3: PME# supported from D0 D3hot D3cold
[    0.363299] pci 0000:05:00.4: [1022:161e] type 00 class 0x0c0330 PCIe Endpoint
[    0.363325] pci 0000:05:00.4: BAR 0 [mem 0x80400000-0x804fffff 64bit]
[    0.363334] pci 0000:05:00.4: enabling Extended Tags
[    0.363372] pci 0000:05:00.4: PME# supported from D0 D3hot D3cold
[    0.363711] pci 0000:05:00.5: [1022:15e2] type 00 class 0x048000 PCIe Endpoint
[    0.363735] pci 0000:05:00.5: BAR 0 [mem 0x80680000-0x806bffff]
[    0.363744] pci 0000:05:00.5: enabling Extended Tags
[    0.363788] pci 0000:05:00.5: PME# supported from D0 D3hot D3cold
[    0.364117] pci 0000:05:00.6: [1022:15e3] type 00 class 0x040300 PCIe Endpoint
[    0.364141] pci 0000:05:00.6: BAR 0 [mem 0x806c0000-0x806c7fff]
[    0.364150] pci 0000:05:00.6: enabling Extended Tags
[    0.364187] pci 0000:05:00.6: PME# supported from D0 D3hot D3cold
[    0.364533] pci 0000:00:08.1: PCI bridge to [bus 05]
[    0.364622] pci 0000:06:00.0: [1022:161f] type 00 class 0x0c0330 PCIe Endpoint
[    0.364652] pci 0000:06:00.0: BAR 0 [mem 0x80000000-0x800fffff 64bit]
[    0.364660] pci 0000:06:00.0: enabling Extended Tags
[    0.364708] pci 0000:06:00.0: PME# supported from D0 D3hot D3cold
[    0.365062] pci 0000:06:00.3: [1022:15d6] type 00 class 0x0c0330 PCIe Endpoint
[    0.365088] pci 0000:06:00.3: BAR 0 [mem 0x80100000-0x801fffff 64bit]
[    0.365097] pci 0000:06:00.3: enabling Extended Tags
[    0.365136] pci 0000:06:00.3: PME# supported from D0 D3hot D3cold
[    0.365468] pci 0000:06:00.4: [1022:15d7] type 00 class 0x0c0330 PCIe Endpoint
[    0.365493] pci 0000:06:00.4: BAR 0 [mem 0x80200000-0x802fffff 64bit]
[    0.365502] pci 0000:06:00.4: enabling Extended Tags
[    0.365541] pci 0000:06:00.4: PME# supported from D0 D3hot D3cold
[    0.365882] pci 0000:00:08.3: PCI bridge to [bus 06]
[    0.372278] ACPI: PCI: Interrupt link LNKA configured for IRQ 0
[    0.372375] ACPI: PCI: Interrupt link LNKB configured for IRQ 0
[    0.372449] ACPI: PCI: Interrupt link LNKC configured for IRQ 0
[    0.372543] ACPI: PCI: Interrupt link LNKD configured for IRQ 0
[    0.372631] ACPI: PCI: Interrupt link LNKE configured for IRQ 0
[    0.372699] ACPI: PCI: Interrupt link LNKF configured for IRQ 0
[    0.372766] ACPI: PCI: Interrupt link LNKG configured for IRQ 0
[    0.372834] ACPI: PCI: Interrupt link LNKH configured for IRQ 0
[    0.376567] Low-power S0 idle used by default for system suspend
[    0.376765] ACPI: EC: interrupt unblocked
[    0.376767] ACPI: EC: event unblocked
[    0.376772] ACPI: EC: EC_CMD/EC_SC=0x66, EC_DATA=0x62
[    0.376773] ACPI: EC: GPE=0x7
[    0.376775] ACPI: \_SB_.PCI0.LPC0.EC0_: Boot DSDT EC initialization complete
[    0.376777] ACPI: \_SB_.PCI0.LPC0.EC0_: EC: Used to handle transactions and events
[    0.376891] iommu: Default domain type: Translated
[    0.376891] iommu: DMA domain TLB invalidation policy: lazy mode
[    0.376891] SCSI subsystem initialized
[    0.377773] libata version 3.00 loaded.
[    0.377797] ACPI: bus type USB registered
[    0.377817] usbcore: registered new interface driver usbfs
[    0.377827] usbcore: registered new interface driver hub
[    0.377838] usbcore: registered new device driver usb
[    0.396378] pps_core: LinuxPPS API ver. 1 registered
[    0.396380] pps_core: Software ver. 5.3.6 - Copyright 2005-2007 Rodolfo Giometti <[REDACTED_USER]@linux.it>
[    0.396385] PTP clock support registered
[    0.396774] EDAC MC: Ver: 3.0.0
[    0.396887] efivars: Registered efivars operations
[    0.397030] NetLabel: Initializing
[    0.397031] NetLabel:  domain hash size = 128
[    0.397033] NetLabel:  protocols = UNLABELED CIPSOv4 CALIPSO
[    0.397054] NetLabel:  unlabeled traffic allowed by default
[    0.397059] mctp: management component transport protocol core
[    0.397061] NET: Registered PF_MCTP protocol family
[    0.397073] PCI: Using ACPI for IRQ routing
[    0.405816] PCI: pci_cache_line_size set to 64 bytes
[    0.405873] e820: reserve RAM buffer [mem 0x09c00000-0x0bffffff]
[    0.405876] e820: reserve RAM buffer [mem 0x09f00000-0x0bffffff]
[    0.405877] e820: reserve RAM buffer [mem 0x4357e000-0x43ffffff]
[    0.405878] e820: reserve RAM buffer [mem 0x703f5000-0x73ffffff]
[    0.405880] e820: reserve RAM buffer [mem 0x70ab4000-0x73ffffff]
[    0.405881] e820: reserve RAM buffer [mem 0x747fe000-0x77ffffff]
[    0.405882] e820: reserve RAM buffer [mem 0x79ffd000-0x7bffffff]
[    0.405884] e820: reserve RAM buffer [mem 0x43e300000-0x43fffffff]
[    0.405934] pci 0000:05:00.0: vgaarb: setting as boot VGA device
[    0.405934] pci 0000:05:00.0: vgaarb: bridge control possible
[    0.405934] pci 0000:05:00.0: vgaarb: VGA device added: decodes=io+mem,owns=none,locks=none
[    0.405934] vgaarb: loaded
[    0.405934] hpet0: at MMIO 0xfed00000, IRQs 2, 8, 0
[    0.405934] hpet0: 3 comparators, 32-bit 14.318180 MHz counter
[    0.407805] clocksource: Switched to clocksource hpet
[    0.407995] VFS: Disk quotas dquot_6.6.0
[    0.408004] VFS: Dquot-cache hash table entries: 512 (order 0, 4096 bytes)
[    0.408096] pnp: PnP ACPI init
[    0.408424] system 00:00: [mem 0xfec00000-0xfec01fff] could not be reserved
[    0.408428] system 00:00: [mem 0xfee00000-0xfee00fff] has been reserved
[    0.408430] system 00:00: [mem 0xe0000000-0xefffffff] has been reserved
[    0.410364] system 00:02: [io  0x0400-0x04cf] has been reserved
[    0.410367] system 00:02: [io  0x04d0-0x04d1] has been reserved
[    0.410369] system 00:02: [io  0x04d6] has been reserved
[    0.410371] system 00:02: [io  0x0c00-0x0c01] has been reserved
[    0.410373] system 00:02: [io  0x0c14] has been reserved
[    0.410375] system 00:02: [io  0x0c50-0x0c52] has been reserved
[    0.410377] system 00:02: [io  0x0c6c] has been reserved
[    0.410379] system 00:02: [io  0x0c6f] has been reserved
[    0.410380] system 00:02: [io  0x0cd0-0x0cdb] has been reserved
[    0.410483] system 00:03: [mem 0x000e0000-0x000fffff] could not be reserved
[    0.410485] system 00:03: [mem 0x00000000-0x01ffffff] could not be reserved
[    0.410488] system 00:03: [mem 0xffffffe0-0xffffffff] has been reserved
[    0.410501] system 00:03: [mem 0xfed00000-0xfed003ff] has been reserved
[    0.410503] system 00:03: [mem 0xfed61000-0xfed613ff] has been reserved
[    0.410506] system 00:03: [mem 0xfed80000-0xfed80fff] has been reserved
[    0.416471] pnp: PnP ACPI: found 6 devices
[    0.423208] clocksource: acpi_pm: mask: 0xffffff max_cycles: 0xffffff, max_idle_ns: 2085701024 ns
[    0.423309] NET: Registered PF_INET protocol family
[    0.423551] IP idents hash table entries: 262144 (order: 9, 2097152 bytes, linear)
[    0.438135] tcp_listen_portaddr_hash hash table entries: 8192 (order: 5, 131072 bytes, linear)
[    0.438163] Table-perturb hash table entries: 65536 (order: 6, 262144 bytes, linear)
[    0.438237] TCP established hash table entries: 131072 (order: 8, 1048576 bytes, linear)
[    0.438448] TCP bind hash table entries: 65536 (order: 9, 2097152 bytes, linear)
[    0.438582] TCP: Hash tables configured (established 131072 bind 65536)
[    0.438693] MPTCP token hash table entries: 16384 (order: 6, 393216 bytes, linear)
[    0.438752] UDP hash table entries: 8192 (order: 7, 524288 bytes, linear)
[    0.438818] UDP-Lite hash table entries: 8192 (order: 7, 524288 bytes, linear)
[    0.438913] NET: Registered PF_UNIX/PF_LOCAL protocol family
[    0.438924] NET: Registered PF_XDP protocol family
[    0.438946] pci 0000:00:01.2: PCI bridge to [bus 01]
[    0.438956] pci 0000:00:01.2:   bridge window [mem 0x80a00000-0x80afffff]
[    0.438963] pci 0000:00:02.1: PCI bridge to [bus 02]
[    0.438966] pci 0000:00:02.1:   bridge window [io  0x2000-0x2fff]
[    0.438970] pci 0000:00:02.1:   bridge window [mem 0x80900000-0x809fffff]
[    0.438977] pci 0000:00:02.2: PCI bridge to [bus 03]
[    0.438981] pci 0000:00:02.2:   bridge window [mem 0x80800000-0x808fffff]
[    0.438985] pci 0000:00:02.2:   bridge window [mem 0x4c0200000-0x4c02fffff 64bit pref]
[    0.438990] pci 0000:00:02.4: PCI bridge to [bus 04]
[    0.438995] pci 0000:00:02.4:   bridge window [mem 0x80700000-0x807fffff]
[    0.439004] pci 0000:00:08.1: PCI bridge to [bus 05]
[    0.439006] pci 0000:00:08.1:   bridge window [io  0x1000-0x1fff]
[    0.439012] pci 0000:00:08.1:   bridge window [mem 0x80300000-0x806fffff]
[    0.439015] pci 0000:00:08.1:   bridge window [mem 0x4b0000000-0x4c01fffff 64bit pref]
[    0.439019] pci 0000:00:08.3: PCI bridge to [bus 06]
[    0.439022] pci 0000:00:08.3:   bridge window [mem 0x80000000-0x802fffff]
[    0.439030] pci_bus 0000:00: resource 4 [mem 0x000a0000-0x000effff window]
[    0.439032] pci_bus 0000:00: resource 5 [mem 0x80000000-0xdfffffff window]
[    0.439034] pci_bus 0000:00: resource 6 [mem 0xf0000000-0xfdbfffff window]
[    0.439036] pci_bus 0000:00: resource 7 [mem 0x480000000-0xffffffffff window]
[    0.439037] pci_bus 0000:00: resource 8 [io  0x0000-0x0cf7 window]
[    0.439039] pci_bus 0000:00: resource 9 [io  0x0d00-0xffff window]
[    0.439042] pci_bus 0000:01: resource 1 [mem 0x80a00000-0x80afffff]
[    0.439044] pci_bus 0000:02: resource 0 [io  0x2000-0x2fff]
[    0.439046] pci_bus 0000:02: resource 1 [mem 0x80900000-0x809fffff]
[    0.439048] pci_bus 0000:03: resource 1 [mem 0x80800000-0x808fffff]
[    0.439050] pci_bus 0000:03: resource 2 [mem 0x4c0200000-0x4c02fffff 64bit pref]
[    0.439052] pci_bus 0000:04: resource 1 [mem 0x80700000-0x807fffff]
[    0.439054] pci_bus 0000:05: resource 0 [io  0x1000-0x1fff]
[    0.439056] pci_bus 0000:05: resource 1 [mem 0x80300000-0x806fffff]
[    0.439057] pci_bus 0000:05: resource 2 [mem 0x4b0000000-0x4c01fffff 64bit pref]
[    0.439059] pci_bus 0000:06: resource 1 [mem 0x80000000-0x802fffff]
[    0.439322] pci 0000:05:00.1: D0 power state depends on 0000:05:00.0
[    0.440382] PCI: CLS 32 bytes, default 64
[    0.440412] pci 0000:00:00.2: AMD-Vi: IOMMU performance counters supported
[    0.440482] Trying to unpack rootfs image as initramfs...
[    0.440518] pci 0000:00:01.0: Adding to iommu group 0
[    0.440535] pci 0000:00:01.2: Adding to iommu group 1
[    0.440560] pci 0000:00:02.0: Adding to iommu group 2
[    0.440576] pci 0000:00:02.1: Adding to iommu group 3
[    0.440594] pci 0000:00:02.2: Adding to iommu group 4
[    0.440610] pci 0000:00:02.4: Adding to iommu group 5
[    0.440631] pci 0000:00:03.0: Adding to iommu group 6
[    0.440653] pci 0000:00:04.0: Adding to iommu group 7
[    0.440681] pci 0000:00:08.0: Adding to iommu group 8
[    0.440698] pci 0000:00:08.1: Adding to iommu group 9
[    0.440715] pci 0000:00:08.3: Adding to iommu group 10
[    0.440747] pci 0000:00:14.0: Adding to iommu group 11
[    0.440762] pci 0000:00:14.3: Adding to iommu group 11
[    0.440825] pci 0000:00:18.0: Adding to iommu group 12
[    0.440843] pci 0000:00:18.1: Adding to iommu group 12
[    0.440860] pci 0000:00:18.2: Adding to iommu group 12
[    0.440875] pci 0000:00:18.3: Adding to iommu group 12
[    0.440891] pci 0000:00:18.4: Adding to iommu group 12
[    0.440907] pci 0000:00:18.5: Adding to iommu group 12
[    0.440922] pci 0000:00:18.6: Adding to iommu group 12
[    0.440939] pci 0000:00:18.7: Adding to iommu group 12
[    0.440964] pci 0000:01:00.0: Adding to iommu group 13
[    0.440982] pci 0000:02:00.0: Adding to iommu group 14
[    0.441001] pci 0000:03:00.0: Adding to iommu group 15
[    0.441019] pci 0000:04:00.0: Adding to iommu group 16
[    0.441053] pci 0000:05:00.0: Adding to iommu group 17
[    0.441073] pci 0000:05:00.1: Adding to iommu group 18
[    0.441091] pci 0000:05:00.2: Adding to iommu group 19
[    0.441110] pci 0000:05:00.3: Adding to iommu group 20
[    0.441127] pci 0000:05:00.4: Adding to iommu group 21
[    0.441147] pci 0000:05:00.5: Adding to iommu group 22
[    0.441165] pci 0000:05:00.6: Adding to iommu group 23
[    0.441183] pci 0000:06:00.0: Adding to iommu group 24
[    0.441200] pci 0000:06:00.3: Adding to iommu group 25
[    0.441218] pci 0000:06:00.4: Adding to iommu group 26
[    0.444132] AMD-Vi: Extended features (0x246577efa2254afa, 0x0): PPR NX GT [5] IA GA PC GA_vAPIC
[    0.444145] AMD-Vi: Interrupt remapping enabled
[    0.444328] AMD-Vi: Virtual APIC enabled
[    0.444341] PCI-DMA: Using software bounce buffering for IO (SWIOTLB)
[    0.444342] software IO TLB: mapped [mem 0x000000006b0ac000-0x000000006f0ac000] (64MB)
[    0.444399] LVT offset 0 assigned for vector 0x400
[    0.444748] perf: AMD IBS detected (0x000003fd)
[    0.446520] amd_uncore: 4 amd_df counters detected
[    0.446531] amd_uncore: 6 amd_l3 counters detected
[    0.450726] perf/amd_iommu: Detected AMD IOMMU #0 (2 banks, 4 counters/bank).
[    0.484423] Initialise system trusted keyrings
[    0.484438] Key type blacklist registered
[    0.484558] workingset: timestamp_bits=36 max_order=22 bucket_order=0
[    0.485320] integrity: Platform Keyring initialized
[    0.485326] integrity: Machine keyring initialized
[    0.485445] cryptd: max_cpu_qlen set to 1000
[    0.495915] NET: Registered PF_ALG protocol family
[    0.495930] xor: automatically using best checksumming function   avx       
[    0.495933] Key type asymmetric registered
[    0.495935] Asymmetric key parser 'x509' registered
[    0.496546] Block layer SCSI generic (bsg) driver version 0.4 loaded (major 244)
[    0.496638] io scheduler mq-deadline registered
[    0.496641] io scheduler kyber registered
[    0.496655] io scheduler bfq registered
[    0.498624] atomic64_test: passed for x86-64 platform with CX8 and with SSE
[    0.500738] pcieport 0000:00:01.2: PME: Signaling with IRQ 33
[    0.500948] pcieport 0000:00:02.1: PME: Signaling with IRQ 34
[    0.501147] pcieport 0000:00:02.2: PME: Signaling with IRQ 35
[    0.501343] pcieport 0000:00:02.4: PME: Signaling with IRQ 36
[    0.501556] pcieport 0000:00:08.1: PME: Signaling with IRQ 37
[    0.501745] pcieport 0000:00:08.3: PME: Signaling with IRQ 38
[    0.506948] ACPI: AC: AC Adapter [AC] (on-line)
[    0.507022] input: Power Button as /devices/LNXSYSTM:00/LNXSYBUS:00/PNP0C0C:00/input/input0
[    0.507051] ACPI: button: Power Button [PWRB]
[    0.507109] input: Lid Switch as /devices/LNXSYSTM:00/LNXSYBUS:00/PNP0C0D:00/input/input1
[    0.507183] ACPI: button: Lid Switch [LID]
[    0.507219] input: Sleep Button as /devices/LNXSYSTM:00/LNXSYBUS:00/PNP0C0E:00/input/input2
[    0.507270] ACPI: button: Sleep Button [SLPB]
[    0.507315] input: Power Button as /devices/LNXSYSTM:00/LNXPWRBN:00/input/input3
[    0.507370] ACPI: button: Power Button [PWRF]
[    0.507946] Monitor-Mwait will be used to enter C-1 state
[    0.514465] Estimated ratio of average max frequency by base frequency (times 1024): 1284
[    0.536747] ACPI: thermal: [Firmware Bug]: Invalid critical threshold (-274000)
[    0.548728] ACPI: thermal: [Firmware Bug]: No valid trip points!
[    0.560951] thermal LNXTHERM:00: registered as thermal_zone0
[    0.560959] ACPI: thermal: Thermal Zone [THM0] (70 C)
[    0.561349] thermal LNXTHERM:01: registered as thermal_zone1
[    0.561353] ACPI: thermal: Thermal Zone [TZ01] (20 C)
[    0.561846] Serial: 8250/16550 driver, 32 ports, IRQ sharing enabled
[    0.565661] Non-volatile memory driver v1.3
[    0.565668] Linux agpgart interface v0.103
[    0.568707] tpm_tis NTC0702:00: 2.0 TPM (device-id 0xFC, rev-id 1)
[    0.595796] Freeing initrd memory: 64580K
[    0.628822] ACPI: battery: Slot [BAT0] (battery present)
[    0.685353] ACPI: bus type drm_connector registered
[    0.689540] xhci_hcd 0000:05:00.3: xHCI Host Controller
[    0.689648] xhci_hcd 0000:05:00.3: new USB bus registered, assigned bus number 1
[    0.690056] xhci_hcd 0000:05:00.3: hcc params 0x0120ffc5 hci version 0x120 quirks 0x0000000200000010
[    0.690318] xhci_hcd 0000:05:00.3: xHCI Host Controller
[    0.690404] xhci_hcd 0000:05:00.3: new USB bus registered, assigned bus number 2
[    0.690404] xhci_hcd 0000:05:00.3: Host supports USB 3.1 Enhanced SuperSpeed
[    0.690473] usb usb1: New USB device found, idVendor=1d6b, idProduct=0002, bcdDevice= 6.17
[    0.690475] usb usb1: New USB device strings: Mfr=3, Product=2, SerialNumber=1
[    0.690477] usb usb1: Product: xHCI Host Controller
[    0.690479] usb usb1: Manufacturer: Linux 6.17.5-200.fc42.x86_64 xhci-hcd
[    0.690480] usb usb1: SerialNumber: 0000:05:00.3
[    0.690659] hub 1-0:1.0: USB hub found
[    0.690677] hub 1-0:1.0: 4 ports detected
[    0.690913] usb usb2: We don't know the algorithms for LPM for this host, disabling LPM.
[    0.690939] usb usb2: New USB device found, idVendor=1d6b, idProduct=0003, bcdDevice= 6.17
[    0.690941] usb usb2: New USB device strings: Mfr=3, Product=2, SerialNumber=1
[    0.690942] usb usb2: Product: xHCI Host Controller
[    0.690944] usb usb2: Manufacturer: Linux 6.17.5-200.fc42.x86_64 xhci-hcd
[    0.690945] usb usb2: SerialNumber: 0000:05:00.3
[    0.691096] hub 2-0:1.0: USB hub found
[    0.691107] hub 2-0:1.0: 2 ports detected
[    0.691420] xhci_hcd 0000:05:00.4: xHCI Host Controller
[    0.691505] xhci_hcd 0000:05:00.4: new USB bus registered, assigned bus number 3
[    0.691880] xhci_hcd 0000:05:00.4: hcc params 0x0120ffc5 hci version 0x120 quirks 0x0000000200000010
[    0.692123] xhci_hcd 0000:05:00.4: xHCI Host Controller
[    0.692169] xhci_hcd 0000:05:00.4: new USB bus registered, assigned bus number 4
[    0.692172] xhci_hcd 0000:05:00.4: Host supports USB 3.1 Enhanced SuperSpeed
[    0.692212] usb usb3: New USB device found, idVendor=1d6b, idProduct=0002, bcdDevice= 6.17
[    0.692215] usb usb3: New USB device strings: Mfr=3, Product=2, SerialNumber=1
[    0.692217] usb usb3: Product: xHCI Host Controller
[    0.692219] usb usb3: Manufacturer: Linux 6.17.5-200.fc42.x86_64 xhci-hcd
[    0.692220] usb usb3: SerialNumber: 0000:05:00.4
[    0.692348] hub 3-0:1.0: USB hub found
[    0.692361] hub 3-0:1.0: 3 ports detected
[    0.692620] usb usb4: We don't know the algorithms for LPM for this host, disabling LPM.
[    0.692646] usb usb4: New USB device found, idVendor=1d6b, idProduct=0003, bcdDevice= 6.17
[    0.692648] usb usb4: New USB device strings: Mfr=3, Product=2, SerialNumber=1
[    0.692649] usb usb4: Product: xHCI Host Controller
[    0.692651] usb usb4: Manufacturer: Linux 6.17.5-200.fc42.x86_64 xhci-hcd
[    0.692652] usb usb4: SerialNumber: 0000:05:00.4
[    0.692763] hub 4-0:1.0: USB hub found
[    0.692774] hub 4-0:1.0: 2 ports detected
[    0.693098] xhci_hcd 0000:06:00.0: xHCI Host Controller
[    0.693142] xhci_hcd 0000:06:00.0: new USB bus registered, assigned bus number 5
[    0.694415] xhci_hcd 0000:06:00.0: USB3 [REDACTED_USER] hub has no ports
[    0.694433] xhci_hcd 0000:06:00.0: hcc params 0x0110ffc5 hci version 0x120 quirks 0x0000000200000010
[    0.694693] xhci_hcd 0000:06:00.0: xHCI Host Controller
[    0.694736] xhci_hcd 0000:06:00.0: new USB bus registered, assigned bus number 6
[    0.694739] xhci_hcd 0000:06:00.0: Host supports USB 3.0 SuperSpeed
[    0.694785] usb usb5: New USB device found, idVendor=1d6b, idProduct=0002, bcdDevice= 6.17
[    0.694787] usb usb5: New USB device strings: Mfr=3, Product=2, SerialNumber=1
[    0.694789] usb usb5: Product: xHCI Host Controller
[    0.694790] usb usb5: Manufacturer: Linux 6.17.5-200.fc42.x86_64 xhci-hcd
[    0.694792] usb usb5: SerialNumber: 0000:06:00.0
[    0.694912] hub 5-0:1.0: USB hub found
[    0.694924] hub 5-0:1.0: 1 port detected
[    0.695046] usb usb6: We don't know the algorithms for LPM for this host, disabling LPM.
[    0.695071] usb usb6: New USB device found, idVendor=1d6b, idProduct=0003, bcdDevice= 6.17
[    0.695073] usb usb6: New USB device strings: Mfr=3, Product=2, SerialNumber=1
[    0.695075] usb usb6: Product: xHCI Host Controller
[    0.695076] usb usb6: Manufacturer: Linux 6.17.5-200.fc42.x86_64 xhci-hcd
[    0.695077] usb usb6: SerialNumber: 0000:06:00.0
[    0.695182] hub 6-0:1.0: USB hub found
[    0.695188] hub 6-0:1.0: config failed, hub doesn't have any ports! (err -19)
[    0.695379] xhci_hcd 0000:06:00.3: xHCI Host Controller
[    0.695424] xhci_hcd 0000:06:00.3: new USB bus registered, assigned bus number 7
[    0.696739] xhci_hcd 0000:06:00.3: hcc params 0x0110ffc5 hci version 0x120 quirks 0x0000000200000010
[    0.697221] xhci_hcd 0000:06:00.3: xHCI Host Controller
[    0.697264] xhci_hcd 0000:06:00.3: new USB bus registered, assigned bus number 8
[    0.697267] xhci_hcd 0000:06:00.3: Host supports USB 3.1 Enhanced SuperSpeed
[    0.697303] usb usb7: New USB device found, idVendor=1d6b, idProduct=0002, bcdDevice= 6.17
[    0.697305] usb usb7: New USB device strings: Mfr=3, Product=2, SerialNumber=1
[    0.697307] usb usb7: Product: xHCI Host Controller
[    0.697308] usb usb7: Manufacturer: Linux 6.17.5-200.fc42.x86_64 xhci-hcd
[    0.697310] usb usb7: SerialNumber: 0000:06:00.3
[    0.697414] hub 7-0:1.0: USB hub found
[    0.697425] hub 7-0:1.0: 1 port detected
[    0.697568] usb usb8: We don't know the algorithms for LPM for this host, disabling LPM.
[    0.697593] usb usb8: New USB device found, idVendor=1d6b, idProduct=0003, bcdDevice= 6.17
[    0.697595] usb usb8: New USB device strings: Mfr=3, Product=2, SerialNumber=1
[    0.697597] usb usb8: Product: xHCI Host Controller
[    0.697598] usb usb8: Manufacturer: Linux 6.17.5-200.fc42.x86_64 xhci-hcd
[    0.697600] usb usb8: SerialNumber: 0000:06:00.3
[    0.697706] hub 8-0:1.0: USB hub found
[    0.697716] hub 8-0:1.0: 1 port detected
[    0.698307] xhci_hcd 0000:06:00.4: xHCI Host Controller
[    0.698348] xhci_hcd 0000:06:00.4: new USB bus registered, assigned bus number 9
[    0.698715] xhci_hcd 0000:06:00.4: hcc params 0x0110ffc5 hci version 0x120 quirks 0x0000000200000010
[    0.699163] xhci_hcd 0000:06:00.4: xHCI Host Controller
[    0.699207] xhci_hcd 0000:06:00.4: new USB bus registered, assigned bus number 10
[    0.699210] xhci_hcd 0000:06:00.4: Host supports USB 3.1 Enhanced SuperSpeed
[    0.699250] usb usb9: New USB device found, idVendor=1d6b, idProduct=0002, bcdDevice= 6.17
[    0.699253] usb usb9: New USB device strings: Mfr=3, Product=2, SerialNumber=1
[    0.699255] usb usb9: Product: xHCI Host Controller
[    0.699256] usb usb9: Manufacturer: Linux 6.17.5-200.fc42.x86_64 xhci-hcd
[    0.699258] usb usb9: SerialNumber: 0000:06:00.4
[    0.699386] hub 9-0:1.0: USB hub found
[    0.699398] hub 9-0:1.0: 1 port detected
[    0.699557] usb usb10: We don't know the algorithms for LPM for this host, disabling LPM.
[    0.699589] usb usb10: New USB device found, idVendor=1d6b, idProduct=0003, bcdDevice= 6.17
[    0.699591] usb usb10: New USB device strings: Mfr=3, Product=2, SerialNumber=1
[    0.699593] usb usb10: Product: xHCI Host Controller
[    0.699594] usb usb10: Manufacturer: Linux 6.17.5-200.fc42.x86_64 xhci-hcd
[    0.699596] usb usb10: SerialNumber: 0000:06:00.4
[    0.699711] hub 10-0:1.0: USB hub found
[    0.699722] hub 10-0:1.0: 1 port detected
[    0.700260] usbcore: registered new interface driver usbserial_generic
[    0.700266] usbserial: USB Serial support registered for generic
[    0.700298] i8042: PNP: PS/2 Controller [PNP0303:KBD,PNP0f13:MOU] at 0x60,0x64 irq 1,12
[    0.706538] serio: i8042 KBD port at 0x60,0x64 irq 1
[    0.706549] serio: i8042 AUX port at 0x60,0x64 irq 12
[    0.706634] mousedev: PS/2 mouse device common for all mice
[    0.706805] rtc_cmos 00:01: RTC can wake from S4
[    0.707061] rtc_cmos 00:01: registered as rtc0
[    0.707113] rtc_cmos 00:01: setting system clock to 2025-10-29T19:25:40 UTC (1761765940)
[    0.707145] rtc_cmos 00:01: alarms up to one month, y3k, 114 bytes nvram
[    0.707170] device-mapper: core: CONFIG_IMA_DISABLE_HTABLE is disabled. Duplicate IMA measurements will not be recorded in the IMA log.
[    0.707175] device-mapper: uevent: version 1.0.3
[    0.707236] device-mapper: ioctl: 4.50.0-ioctl (2025-04-28) initialised: [REDACTED_USER]@lists.linux.dev
[    0.708285] input: AT Translated Set 2 keyboard as /devices/platform/i8042/serio0/input/input4
[    0.709835] simple-framebuffer simple-framebuffer.0: [drm] Registered 1 planes with drm panic
[    0.709838] [drm] Initialized simpledrm 1.0.0 for simple-framebuffer.0 on minor 0
[    0.713348] fbcon: Deferring console take-over
[    0.713352] simple-framebuffer simple-framebuffer.0: [drm] fb0: simpledrmdrmfb frame buffer device
[    0.714627] ccp 0000:05:00.2: enabling device (0000 -> 0002)
[    0.716090] ccp 0000:05:00.2: tee enabled
[    0.716394] ccp 0000:05:00.2: psp enabled
[    0.716528] hid: raw HID events driver (C) Jiri Kosina
[    0.716620] usbcore: registered new interface driver usbhid
[    0.716624] usbhid: USB HID core driver
[    0.716860] drop_monitor: Initializing network drop monitor service
[    0.717024] Initializing XFRM netlink socket
[    0.717086] NET: Registered PF_INET6 protocol family
[    0.718651] Segment Routing with IPv6
[    0.718654] RPL Segment Routing with IPv6
[    0.718665] In-situ OAM (IOAM) with IPv6
[    0.718695] mip6: Mobile IPv6
[    0.718700] NET: Registered PF_PACKET protocol family
[    0.722132] x86/amd: Previous system reset reason [0x00080800]: software wrote 0x6 to reset control register 0xCF9
[    0.722147] microcode: Current revision: 0x0a40410a
[    0.722812] resctrl: L3 allocation detected
[    0.722815] resctrl: MB allocation detected
[    0.722817] resctrl: L3 monitoring detected
[    0.722866] IPI shorthand broadcast: enabled
[    0.728398] registered taskstats version 1
[    0.729724] Loading compiled-in X.509 certificates
[    0.739472] Loaded X.509 cert 'Fedora kernel signing key: cec7e6b78ba00edcbdb5cf9f12e3a91a480e7483'
[    0.768267] Loaded X.509 cert 'Fedora IMA CA: a8a00c31663f853f9c6ff2564872e378af026b28'
[    0.779948] Demotion targets for Node 0: null
[    0.779954] page_owner is disabled
[    0.780004] Key type .fscrypt registered
[    0.780006] Key type fscrypt-provisioning registered
[    0.781213] Btrfs loaded, zoned=yes, fsverity=yes
[    0.781273] Key type big_key registered
[    0.781286] Key type trusted registered
[    0.782512] Key type encrypted registered
[    0.783059] integrity: Loading X.509 certificate: UEFI:db
[    0.783083] integrity: Loaded X.509 cert 'Lenovo Ltd.: ThinkPad Product CA 2012: 838b1f54c1550463f45f98700640f11069265949'
[    0.783085] integrity: Loading X.509 certificate: UEFI:db
[    0.783102] integrity: Loaded X.509 cert 'Lenovo UEFI CA 2014: 4b91a68732eaefdd2c8ffffc6b027ec3449e9c8f'
[    0.783104] integrity: Loading X.509 certificate: UEFI:db
[    0.783120] integrity: Loaded X.509 cert 'Microsoft Windows Production PCA 2011: a92902398e16c49778cd90f99e4f9ae17c55af53'
[    0.783122] integrity: Loading X.509 certificate: UEFI:db
[    0.783137] integrity: Loaded X.509 cert 'Microsoft Corporation: Windows UEFI CA 2023: aefc5fbbbe055d8f8daa585473499417ab5a5272'
[    0.784298] blacklist: Duplicate blacklisted hash bin:80b4d96931bf0d02fd91a61e19d14f1da452e66db2408ca8604d411f92659f0a
[    0.784301] blacklist: Duplicate blacklisted hash bin:f52f83a3fa9cfbd6920f722824dbe4034534d25b8507246b3b957dac6e1bce7a
[    0.784305] blacklist: Duplicate blacklisted hash bin:c5d9d8a186e2c82d09afaa2a6f7f2e73870d3e64f72c4e08ef67796a840f0fbd
[    0.784308] blacklist: Duplicate blacklisted hash bin:1aec84b84b6c65a51220a9be7181965230210d62d6d33c48999c6b295a2b0a06
[    0.784311] blacklist: Duplicate blacklisted hash bin:c3a99a460da464a057c3586d83cef5f4ae08b7103979ed8932742df0ed530c66
[    0.784314] blacklist: Duplicate blacklisted hash bin:58fb941aef95a25943b3fb5f2510a0df3fe44c58c95e0ab80487297568ab9771
[    0.784317] blacklist: Duplicate blacklisted hash bin:5391c3a2fb112102a6aa1edc25ae77e19f5d6f09cd09eeb2509922bfcd5992ea
[    0.784319] blacklist: Duplicate blacklisted hash bin:d626157e1d6a718bc124ab8da27cbb65072ca03a7b6b257dbdcbbd60f65ef3d1
[    0.784322] blacklist: Duplicate blacklisted hash bin:d063ec28f67eba53f1642dbf7dff33c6a32add869f6013fe162e2c32f1cbe56d
[    0.784325] blacklist: Duplicate blacklisted hash bin:29c6eb52b43c3aa18b2cd8ed6ea8607cef3cfae1bafe1165755cf2e614844a44
[    0.784328] blacklist: Duplicate blacklisted hash bin:90fbe70e69d633408d3e170c6832dbb2d209e0272527dfb63d49d29572a6f44c
[    0.784331] blacklist: Duplicate blacklisted hash bin:106faceacfecfd4e303b74f480a08098e2d0802b936f8ec774ce21f31686689c
[    0.784335] blacklist: Duplicate blacklisted hash bin:174e3a0b5b43c6a607bbd3404f05341e3dcf396267ce94f8b50e2e23a9da920c
[    0.784338] blacklist: Duplicate blacklisted hash bin:2b99cf26422e92fe365fbf4bc30d27086c9ee14b7a6fff44fb2f6b9001699939
[    0.784341] blacklist: Duplicate blacklisted hash bin:2e70916786a6f773511fa7181fab0f1d70b557c6322ea923b2a8d3b92b51af7d
[    0.784343] blacklist: Duplicate blacklisted hash bin:3fce9b9fdf3ef09d5452b0f95ee481c2b7f06d743a737971558e70136ace3e73
[    0.784346] blacklist: Duplicate blacklisted hash bin:47cc086127e2069a86e03a6bef2cd410f8c55a6d6bdb362168c31b2ce32a5adf
[    0.784349] blacklist: Duplicate blacklisted hash bin:71f2906fd222497e54a34662ab2497fcc81020770ff51368e9e3d9bfcbfd6375
[    0.784353] blacklist: Duplicate blacklisted hash bin:82db3bceb4f60843ce9d97c3d187cd9b5941cd3de8100e586f2bda5637575f67
[    0.784356] blacklist: Duplicate blacklisted hash bin:8ad64859f195b5f58dafaa940b6a6167acd67a886e8f469364177221c55945b9
[    0.784359] blacklist: Duplicate blacklisted hash bin:8d8ea289cfe70a1c07ab7365cb28ee51edd33cf2506de888fbadd60ebf80481c
[    0.784362] blacklist: Duplicate blacklisted hash bin:aeebae3151271273ed95aa2e671139ed31a98567303a332298f83709a9d55aa1
[    0.784365] blacklist: Duplicate blacklisted hash bin:c409bdac4775add8db92aa22b5b718fb8c94a1462c1fe9a416b95d8a3388c2fc
[    0.784368] blacklist: Duplicate blacklisted hash bin:c617c1a8b1ee2a811c28b5a81b4c83d7c98b5b0c27281d610207ebe692c2967f
[    0.784371] blacklist: Duplicate blacklisted hash bin:c90f336617b8e7f983975413c997f10b73eb267fd8a10cb9e3bdbfc667abdb8b
[    0.784374] blacklist: Duplicate blacklisted hash bin:64575bd912789a2e14ad56f6341f52af6bf80cf94400785975e9f04e2d64d745
[    0.784377] blacklist: Duplicate blacklisted hash bin:45c7c8ae750acfbb48fc37527d6412dd644daed8913ccd8a24c94d856967df8e
[    0.786006] Loading compiled-in module X.509 certificates
[    0.786443] Loaded X.509 cert 'Fedora kernel signing key: cec7e6b78ba00edcbdb5cf9f12e3a91a480e7483'
[    0.786446] ima: Allocated hash algorithm: sha256
[    0.829041] ima: No architecture policies found
[    0.829069] evm: Initialising EVM extended attributes:
[    0.829072] evm: security.selinux
[    0.829074] evm: security.SMACK64 (disabled)
[    0.829077] evm: security.SMACK64EXEC (disabled)
[    0.829079] evm: security.SMACK64TRANSMUTE (disabled)
[    0.829081] evm: security.SMACK64MMAP (disabled)
[    0.829083] evm: security.apparmor (disabled)
[    0.829085] evm: security.ima
[    0.829086] evm: security.capability
[    0.829089] evm: HMAC attrs: 0x1
[    0.831802] alg: No test for 842 (842-scomp)
[    0.834331] PM:   Magic number: 13:595:446
[    0.835684] RAS: Correctable Errors collector initialized.
[    0.841767] Unstable clock detected, switching default tracing clock to "global"
               If you want to keep using the local clock, then add:
                 "trace_clock=local"
               on the kernel command line
[    0.929575] usb 3-1: new full-speed USB device number 2 using xhci_hcd
[    0.929608] usb 5-1: new high-speed USB device number 2 using xhci_hcd
[    0.929623] usb 1-4: new high-speed USB device number 2 using xhci_hcd
[    0.945349] clk: Disabling unused clocks
[    0.945354] PM: genpd: Disabling unused power domains
[    0.947577] Freeing unused decrypted memory: 2028K
[    0.948607] Freeing unused kernel image (initmem) memory: 5112K
[    0.948631] Write protecting the kernel read-only data: 40960k
[    0.949294] Freeing unused kernel image (text/rodata gap) memory: 496K
[    0.949528] Freeing unused kernel image (rodata/data gap) memory: 448K
[    1.013315] x86/mm: Checked W+X mappings: passed, no W+X pages found.
[    1.013326] Run /init as init process
[    1.013329]   with arguments:
[    1.013331]     /init
[    1.013333]     rhgb
[    1.013335]   with environment:
[    1.013336]     HOME=/
[    1.013338]     TERM=linux
[    1.057152] usb 1-4: New USB device found, idVendor=0489, idProduct=e0d8, bcdDevice= 1.00
[    1.057240] usb 1-4: New USB device strings: Mfr=5, Product=6, SerialNumber=7
[    1.057243] usb 1-4: Product: Wireless_Device
[    1.057246] usb 1-4: Manufacturer: MediaTek Inc.
[    1.057248] usb 1-4: SerialNumber: 000000000
[    1.060846] usb 5-1: New USB device found, idVendor=174f, idProduct=1820, bcdDevice=11.12
[    1.060851] usb 5-1: New USB device strings: Mfr=3, Product=1, SerialNumber=2
[    1.060854] usb 5-1: Product: Integrated Camera
[    1.060856] usb 5-1: Manufacturer:  
[    1.060859] usb 5-1: SerialNumber: 0001
[    1.069167] systemd[1]: Successfully made /usr/ read-only.
[    1.069402] systemd[1]: systemd 257.10-1.fc42 running in system mode (+PAM +AUDIT +SELINUX -APPARMOR +IMA +IPE +SMACK +SECCOMP -GCRYPT +GNUTLS +OPENSSL +ACL +BLKID +CURL +ELFUTILS +FIDO2 +IDN2 -IDN -IPTC +KMOD +LIBCRYPTSETUP +LIBCRYPTSETUP_PLUGINS +LIBFDISK +PCRE2 +PWQUALITY +P11KIT +QRENCODE +TPM2 +BZIP2 +LZ4 +XZ +ZLIB +ZSTD +BPF_FRAMEWORK +BTF +XKBCOMMON +UTMP +SYSVINIT +LIBARCHIVE)
[    1.069411] systemd[1]: Detected architecture x86-64.
[    1.069417] systemd[1]: Running in initrd.
[    1.069641] systemd[1]: No hostname configured, using default hostname.
[    1.069727] systemd[1]: Hostname set to <fedora>.
[    1.077110] usb 3-1: New USB device found, idVendor=046d, idProduct=c52b, bcdDevice=24.10
[    1.077116] usb 3-1: New USB device strings: Mfr=1, Product=2, SerialNumber=0
[    1.077120] usb 3-1: Product: USB Receiver
[    1.077123] usb 3-1: Manufacturer: Logitech
[    1.080707] psmouse serio1: trackpoint: Elan TrackPoint firmware: 0x00, buttons: 3/3
[    1.102567] input: TPPS/2 Elan TrackPoint as /devices/platform/i8042/serio1/input/input6
[    1.117750] input: Logitech USB Receiver as /devices/pci0000:00/0000:00:08.1/0000:05:00.4/usb3/3-1/3-1:1.0/0003:046D:C52B.0001/input/input7
[    1.169899] usb 4-2: new SuperSpeed USB device number 2 using xhci_hcd
[    1.188739] usb 4-2: New USB device found, idVendor=0bda, idProduct=0031, bcdDevice=20.01
[    1.188747] usb 4-2: New USB device strings: Mfr=1, Product=2, SerialNumber=3
[    1.188751] usb 4-2: Product: 31
[    1.188754] usb 4-2: Manufacturer: M
[    1.188757] usb 4-2: SerialNumber: 012345681722
[    1.195681] hid-generic 0003:046D:C52B.0001: input,hidraw0: USB HID v1.11 Keyboard [Logitech USB Receiver] on usb-0000:05:00.4-1/input0
[    1.200439] input: Logitech USB Receiver Mouse as /devices/pci0000:00/0000:00:08.1/0000:05:00.4/usb3/3-1/3-1:1.1/0003:046D:C52B.0002/input/input8
[    1.200708] input: Logitech USB Receiver Consumer Control as /devices/pci0000:00/0000:00:08.1/0000:05:00.4/usb3/3-1/3-1:1.1/0003:046D:C52B.0002/input/input9
[    1.252156] input: Logitech USB Receiver System Control as /devices/pci0000:00/0000:00:08.1/0000:05:00.4/usb3/3-1/3-1:1.1/0003:046D:C52B.0002/input/input10
[    1.252710] hid-generic 0003:046D:C52B.0002: input,hiddev96,hidraw1: USB HID v1.11 Mouse [Logitech USB Receiver] on usb-0000:05:00.4-1/input1
[    1.259245] hid-generic 0003:046D:C52B.0003: hiddev97,hidraw2: USB HID v1.11 Device [Logitech USB Receiver] on usb-0000:05:00.4-1/input2
[    1.333950] systemd[1]: bpf-restrict-fs: LSM BPF program attached
[    1.371540] usb 3-3: new full-speed USB device number 3 using xhci_hcd
[    1.404985] systemd[1]: Queued start job for default target initrd.target.
[    1.419410] systemd[1]: Expecting device dev-disk-by\x2duuid-df544e10\x2d90c0\x2d4315\x2d860c\x2d92a58ec8499e.device - /dev/disk/by-uuid/df544e10-90c0-4315-860c-92a58ec8499e...
[    1.419575] systemd[1]: Reached target initrd-usr-fs.target - Initrd /usr File System.
[    1.419631] systemd[1]: Reached target slices.target - Slice Units.
[    1.419665] systemd[1]: Reached target swap.target - Swaps.
[    1.419693] systemd[1]: Reached target timers.target - Timer Units.
[    1.419830] systemd[1]: Listening on systemd-journald-dev-log.socket - Journal Socket (/dev/log).
[    1.419961] systemd[1]: Listening on systemd-journald.socket - Journal Sockets.
[    1.420065] systemd[1]: Listening on systemd-udevd-control.socket - udev Control Socket.
[    1.420139] systemd[1]: Listening on systemd-udevd-kernel.socket - udev Kernel Socket.
[    1.420165] systemd[1]: Reached target sockets.target - Socket Units.
[    1.421786] systemd[1]: Starting kmod-static-nodes.service - Create List of Static Device Nodes...
[    1.421841] systemd[1]: memstrack.service - Memstrack Anylazing Service was skipped because no trigger condition checks were met.
[    1.424139] systemd[1]: Starting systemd-journald.service - Journal Service...
[    1.425412] systemd[1]: Starting systemd-modules-load.service - Load Kernel Modules...
[    1.425518] systemd[1]: systemd-pcrphase-initrd.service - TPM PCR Barrier (initrd) was skipped because of an unmet condition check (ConditionSecurity=measured-uki).
[    1.427306] systemd[1]: Starting systemd-vconsole-setup.service - Virtual Console Setup...
[    1.428439] systemd[1]: Finished kmod-static-nodes.service - Create List of Static Device Nodes.
[    1.429648] systemd[1]: Starting systemd-tmpfiles-setup-dev-early.service - Create Static Device Nodes in /dev gracefully...
[    1.439880] systemd-journald[303]: Collecting audit messages is disabled.
[    1.453057] systemd[1]: Finished systemd-tmpfiles-setup-dev-early.service - Create Static Device Nodes in /dev gracefully.
[    1.453942] fuse: init (API version 7.44)
[    1.454606] systemd[1]: Starting systemd-sysusers.service - Create System Users...
[    1.459422] i2c_dev: i2c /dev entries driver
[    1.460834] systemd[1]: Finished systemd-modules-load.service - Load Kernel Modules.
[    1.462207] systemd[1]: Starting systemd-sysctl.service - Apply Kernel Variables...
[    1.467597] systemd[1]: Finished systemd-sysusers.service - Create System Users.
[    1.468646] systemd[1]: Starting systemd-tmpfiles-setup-dev.service - Create Static Device Nodes in /dev...
[    1.471431] systemd[1]: Finished systemd-sysctl.service - Apply Kernel Variables.
[    1.481300] systemd[1]: Finished systemd-vconsole-setup.service - Virtual Console Setup.
[    1.482646] systemd[1]: Starting dracut-cmdline-ask.service - dracut ask for additional cmdline parameters...
[    1.494438] systemd[1]: Finished systemd-tmpfiles-setup-dev.service - Create Static Device Nodes in /dev.
[    1.494623] systemd[1]: Reached target local-fs-pre.target - Preparation for Local File Systems.
[    1.494652] systemd[1]: Reached target local-fs.target - Local File Systems.
[    1.503890] systemd[1]: Finished dracut-cmdline-ask.service - dracut ask for additional cmdline parameters.
[    1.505197] systemd[1]: Starting dracut-cmdline.service - dracut cmdline hook...
[    1.521115] usb 3-3: New USB device found, idVendor=10a5, idProduct=d805, bcdDevice= 0.93
[    1.521121] usb 3-3: New USB device strings: Mfr=1, Product=2, SerialNumber=0
[    1.521125] usb 3-3: Product: FPC L:0005 FW:2127093
[    1.521129] usb 3-3: Manufacturer: FPC
[    1.532939] systemd[1]: Started systemd-journald.service - Journal Service.
[    1.901206] sp5100_tco: SP5100/SB800 TCO WatchDog Timer Driver
[    1.907936] sp5100-tco sp5100-tco: Using 0xfeb00000 for watchdog MMIO address
[    1.908546] sp5100-tco sp5100-tco: initialized. heartbeat=60 sec (nowayout=0)
[    1.923636] ACPI: bus type thunderbolt registered
[    1.954344] input: ELAN06C7:00 04F3:3193 Mouse as /devices/platform/AMDI0010:01/i2c-1/i2c-ELAN06C7:00/0018:04F3:3193.0004/input/input12
[    1.963804] input: ELAN06C7:00 04F3:3193 Touchpad as /devices/platform/AMDI0010:01/i2c-1/i2c-ELAN06C7:00/0018:04F3:3193.0004/input/input14
[    1.963933] hid-generic 0018:04F3:3193.0004: input,hidraw0: I2C HID v1.00 Mouse [ELAN06C7:00 04F3:3193] on i2c-ELAN06C7:00
[    1.964824] logitech-djreceiver 0003:046D:C52B.0003: hiddev97,hidraw2: USB HID v1.11 Device [Logitech USB Receiver] on usb-0000:05:00.4-1/input2
[    1.968033] Key type psk registered
[    1.969564] ACPI: video: Video Device [VGA] (multi-head: yes  rom: no  post: no)
[    1.969955] input: Video Bus as /devices/LNXSYSTM:00/LNXSYBUS:00/PNP0A08:00/device:0e/LNXVIDEO:00/input/input15
[    1.991431] nvme 0000:01:00.0: platform quirk: setting simple suspend
[    1.991441] nvme 0000:04:00.0: platform quirk: setting simple suspend
[    1.991600] nvme nvme1: pci function 0000:04:00.0
[    1.991602] nvme nvme0: pci function 0000:01:00.0
[    2.013207] nvme nvme0: allocated 64 MiB host memory buffer (1 segment).
[    2.025276] nvme nvme1: allocated 64 MiB host memory buffer (1 segment).
[    2.034116] nvme nvme0: 8/0/0 default/read/poll queues
[    2.043790]  nvme0n1: p1 p2 p3 p4 p5
[    2.059848] nvme nvme1: 16/0/0 default/read/poll queues
[    2.070427] input: Logitech Wireless Device PID:401b Mouse as /devices/pci0000:00/0000:00:08.1/0000:05:00.4/usb3/3-1/3-1:1.2/0003:046D:C52B.0003/0003:046D:401B.0005/input/input16
[    2.071735]  nvme1n1: p1 p2 p3 p4
[    2.096874] hid-generic 0003:046D:401B.0005: input,hidraw0: USB HID v1.11 Mouse [Logitech Wireless Device PID:401b] on usb-0000:05:00.4-1/input2:1
[    2.097344] input: Logitech Wireless Device PID:4016 Keyboard as /devices/pci0000:00/0000:00:08.1/0000:05:00.4/usb3/3-1/3-1:1.2/0003:046D:C52B.0003/0003:046D:4016.0006/input/input20
[    2.099919] usb 4-2: reset SuperSpeed USB device number 2 using xhci_hcd
[    2.106690] input: ELAN06C7:00 04F3:3193 Mouse as /devices/platform/AMDI0010:01/i2c-1/i2c-ELAN06C7:00/0018:04F3:3193.0004/input/input24
[    2.127964] usbcore: registered new interface driver usb-storage
[    2.148812] hid-generic 0003:046D:4016.0006: input,hidraw1: USB HID v1.11 Keyboard [Logitech Wireless Device PID:4016] on usb-0000:05:00.4-1/input2:2
[    2.148948] input: ELAN06C7:00 04F3:3193 Touchpad as /devices/platform/AMDI0010:01/i2c-1/i2c-ELAN06C7:00/0018:04F3:3193.0004/input/input26
[    2.149138] hid-multitouch 0018:04F3:3193.0004: input,hidraw3: I2C HID v1.00 Mouse [ELAN06C7:00 04F3:3193] on i2c-ELAN06C7:00
[    2.212228] input: Logitech M215 2nd Gen as /devices/pci0000:00/0000:00:08.1/0000:05:00.4/usb3/3-1/3-1:1.2/0003:046D:C52B.0003/0003:046D:401B.0005/input/input27
[    2.212417] logitech-hidpp-device 0003:046D:401B.0005: input,hidraw0: USB HID v1.11 Mouse [Logitech M215 2nd Gen] on usb-0000:05:00.4-1/input2:1
[    2.326379] input: Logitech K330 as /devices/pci0000:00/0000:00:08.1/0000:05:00.4/usb3/3-1/3-1:1.2/0003:046D:C52B.0003/0003:046D:4016.0006/input/input28
[    2.360130] logitech-hidpp-device 0003:046D:4016.0006: input,hidraw1: USB HID v1.11 Keyboard [Logitech K330] on usb-0000:05:00.4-1/input2:2
[    2.454731] BTRFS: device fsid df544e10-90c0-4315-860c-92a58ec8499e devid 1 transid 9698 /dev/nvme0n1p2 (259:2) scanned by mount (540)
[    2.455004] BTRFS info (device nvme0n1p2): first mount of filesystem df544e10-90c0-4315-860c-92a58ec8499e
[    2.455031] BTRFS info (device nvme0n1p2): using crc32c (crc32c-lib) checksum algorithm
[    2.461855] BTRFS info (device nvme0n1p2): enabling ssd optimizations
[    2.461858] BTRFS info (device nvme0n1p2): turning on async discard
[    2.461860] BTRFS info (device nvme0n1p2): enabling free space tree
[    2.570544] scsi host0: uas
[    2.570747] usbcore: registered new interface driver uas
[    2.575194] scsi 0:0:0:0: Direct-Access     M        31CG             1.00 PQ: 0 ANSI: 6
[    2.621517] sd 0:0:0:0: Attached scsi generic sg0 type 0
[    2.626587] sd 0:0:0:0: [sda] 1000215216 512-byte logical blocks: (512 GB/477 GiB)
[    2.628515] sd 0:0:0:0: [sda] Write Protect is off
[    2.628522] sd 0:0:0:0: [sda] Mode Sense: 37 00 00 08
[    2.633190] sd 0:0:0:0: [sda] Write cache: enabled, read cache: enabled, doesn't support DPO or FUA
[    2.663722] sd 0:0:0:0: [sda] Preferred minimum I/O size 512 bytes
[    2.663730] sd 0:0:0:0: [sda] Optimal transfer size 33553920 bytes
[    2.941527]  sda: sda1 sda2 sda3
[    2.941842] sd 0:0:0:0: [sda] Attached SCSI disk
[    4.584061] [drm] amdgpu kernel modesetting enabled.
[    4.608337] amdgpu: Virtual CRAT table created for CPU
[    4.608356] amdgpu: Topology: Add CPU node
[    4.608469] amdgpu 0000:05:00.0: enabling device (0006 -> 0007)
[    4.608565] amdgpu 0000:05:00.0: amdgpu: initializing kernel modesetting (YELLOW_CARP 0x1002:0x1681 0x17AA:0x50EC 0x0A).
[    4.609808] amdgpu 0000:05:00.0: amdgpu: register mmio base: 0x80600000
[    4.609812] amdgpu 0000:05:00.0: amdgpu: register mmio size: 524288
[    4.612956] amdgpu 0000:05:00.0: amdgpu: detected ip block number 0 <nv_common>
[    4.612960] amdgpu 0000:05:00.0: amdgpu: detected ip block number 1 <gmc_v10_0>
[    4.612962] amdgpu 0000:05:00.0: amdgpu: detected ip block number 2 <navi10_ih>
[    4.612964] amdgpu 0000:05:00.0: amdgpu: detected ip block number 3 <psp>
[    4.612966] amdgpu 0000:05:00.0: amdgpu: detected ip block number 4 <smu>
[    4.612968] amdgpu 0000:05:00.0: amdgpu: detected ip block number 5 <dm>
[    4.612970] amdgpu 0000:05:00.0: amdgpu: detected ip block number 6 <gfx_v10_0>
[    4.612972] amdgpu 0000:05:00.0: amdgpu: detected ip block number 7 <sdma_v5_2>
[    4.612974] amdgpu 0000:05:00.0: amdgpu: detected ip block number 8 <vcn_v3_0>
[    4.612975] amdgpu 0000:05:00.0: amdgpu: detected ip block number 9 <jpeg_v3_0>
[    4.612990] amdgpu 0000:05:00.0: amdgpu: Fetched VBIOS from VFCT
[    4.612993] amdgpu: ATOM BIOS: 113-REMBRANDT-X37
[    4.684298] amdgpu 0000:05:00.0: vgaarb: deactivate vga console
[    4.684303] amdgpu 0000:05:00.0: amdgpu: Trusted Memory Zone (TMZ) feature disabled as experimental (default)
[    4.684422] amdgpu 0000:05:00.0: amdgpu: vm size is 262144 GB, 4 levels, block size is 9-bit, fragment size is 9-bit
[    4.684431] amdgpu 0000:05:00.0: amdgpu: VRAM: 1024M 0x000000F400000000 - 0x000000F43FFFFFFF (1024M used)
[    4.684434] amdgpu 0000:05:00.0: amdgpu: GART: 1024M 0x0000000000000000 - 0x000000003FFFFFFF
[    4.684442] [drm] Detected VRAM RAM=1024M, BAR=1024M
[    4.684443] [drm] RAM width 64bits DDR5
[    4.684722] amdgpu 0000:05:00.0: amdgpu: amdgpu: 1024M of VRAM memory ready
[    4.684726] amdgpu 0000:05:00.0: amdgpu: amdgpu: 7363M of GTT memory ready.
[    4.684749] [drm] GART: num cpu pages 262144, num gpu pages 262144
[    4.685163] [drm] PCIE GART of 1024M enabled (table at 0x000000F43FC00000).
[    4.685603] amdgpu 0000:05:00.0: amdgpu: [drm] Loading DMUB firmware via PSP: version=0x04000045
[    4.686216] [drm] use_doorbell being set to: [true]
[    4.686245] amdgpu 0000:05:00.0: amdgpu: Found VCN firmware Version ENC: 1.33 DEC: 4 VEP: 0 Revision: 13
[    4.709178] amdgpu 0000:05:00.0: amdgpu: reserve 0xa00000 from 0xf43e000000 for PSP TMR
[    4.841503] amdgpu 0000:05:00.0: amdgpu: RAS: optional ras ta ucode is not available
[    4.851279] amdgpu 0000:05:00.0: amdgpu: RAP: optional rap ta ucode is not available
[    4.851283] amdgpu 0000:05:00.0: amdgpu: SECUREDISPLAY: optional securedisplay ta ucode is not available
[    4.854650] amdgpu 0000:05:00.0: amdgpu: SMU is initialized successfully!
[    4.855728] amdgpu 0000:05:00.0: amdgpu: [drm] Display Core v3.2.340 initialized on DCN 3.1
[    4.855731] amdgpu 0000:05:00.0: amdgpu: [drm] DP-HDMI FRL PCON supported
[    4.857058] amdgpu 0000:05:00.0: amdgpu: [drm] DMUB hardware initialized: version=0x04000045
[    4.956106] amdgpu 0000:05:00.0: amdgpu: [drm] Using ACPI provided EDID for eDP-1
[    4.956985] amdgpu 0000:05:00.0: amdgpu: [drm] PSR support 0, DC PSR ver -1, sink PSR ver 0 DPCD caps 0x0 su_y_granularity 0
[    4.957198] amdgpu 0000:05:00.0: amdgpu: [drm] PSR support 0, DC PSR ver -1, sink PSR ver 0 DPCD caps 0x0 su_y_granularity 0
[    4.957348] amdgpu 0000:05:00.0: amdgpu: [drm] PSR support 0, DC PSR ver -1, sink PSR ver 0 DPCD caps 0x0 su_y_granularity 0
[    4.957479] amdgpu 0000:05:00.0: amdgpu: [drm] PSR support 0, DC PSR ver -1, sink PSR ver 0 DPCD caps 0x0 su_y_granularity 0
[    4.957631] amdgpu 0000:05:00.0: amdgpu: [drm] PSR support 0, DC PSR ver -1, sink PSR ver 0 DPCD caps 0x0 su_y_granularity 0
[    4.957760] amdgpu 0000:05:00.0: amdgpu: [drm] PSR support 0, DC PSR ver -1, sink PSR ver 0 DPCD caps 0x0 su_y_granularity 0
[    4.957895] amdgpu 0000:05:00.0: amdgpu: [drm] PSR support 0, DC PSR ver -1, sink PSR ver 0 DPCD caps 0x0 su_y_granularity 0
[    4.958016] amdgpu 0000:05:00.0: amdgpu: [drm] PSR support 0, DC PSR ver -1, sink PSR ver 0 DPCD caps 0x0 su_y_granularity 0
[    4.958835] amdgpu 0000:05:00.0: amdgpu: kiq ring mec 2 pipe 1 q 0
[    4.964635] kfd kfd: amdgpu: Allocated 3969056 bytes on gart
[    4.964646] kfd kfd: amdgpu: Total number of KFD nodes to be created: 1
[    4.964952] amdgpu: Virtual CRAT table created for GPU
[    4.965100] amdgpu: Topology: Add dGPU node [0x1681:0x1002]
[    4.965102] kfd kfd: amdgpu: added device 1002:1681
[    4.965114] amdgpu 0000:05:00.0: amdgpu: SE 1, SH per SE 2, CU per SH 6, active_cu_number 12
[    4.965118] amdgpu 0000:05:00.0: amdgpu: ring gfx_0.0.0 uses VM inv eng 0 on hub 0
[    4.965120] amdgpu 0000:05:00.0: amdgpu: ring gfx_0.1.0 uses VM inv eng 1 on hub 0
[    4.965122] amdgpu 0000:05:00.0: amdgpu: ring comp_1.0.0 uses VM inv eng 4 on hub 0
[    4.965123] amdgpu 0000:05:00.0: amdgpu: ring comp_1.1.0 uses VM inv eng 5 on hub 0
[    4.965125] amdgpu 0000:05:00.0: amdgpu: ring comp_1.2.0 uses VM inv eng 6 on hub 0
[    4.965126] amdgpu 0000:05:00.0: amdgpu: ring comp_1.3.0 uses VM inv eng 7 on hub 0
[    4.965128] amdgpu 0000:05:00.0: amdgpu: ring comp_1.0.1 uses VM inv eng 8 on hub 0
[    4.965129] amdgpu 0000:05:00.0: amdgpu: ring comp_1.1.1 uses VM inv eng 9 on hub 0
[    4.965131] amdgpu 0000:05:00.0: amdgpu: ring comp_1.2.1 uses VM inv eng 10 on hub 0
[    4.965132] amdgpu 0000:05:00.0: amdgpu: ring comp_1.3.1 uses VM inv eng 11 on hub 0
[    4.965134] amdgpu 0000:05:00.0: amdgpu: ring kiq_0.2.1.0 uses VM inv eng 12 on hub 0
[    4.965135] amdgpu 0000:05:00.0: amdgpu: ring sdma0 uses VM inv eng 13 on hub 0
[    4.965137] amdgpu 0000:05:00.0: amdgpu: ring vcn_dec_0 uses VM inv eng 0 on hub 8
[    4.965138] amdgpu 0000:05:00.0: amdgpu: ring vcn_enc_0.0 uses VM inv eng 1 on hub 8
[    4.965140] amdgpu 0000:05:00.0: amdgpu: ring vcn_enc_0.1 uses VM inv eng 4 on hub 8
[    4.965141] amdgpu 0000:05:00.0: amdgpu: ring jpeg_dec uses VM inv eng 5 on hub 8
[    4.967680] amdgpu 0000:05:00.0: amdgpu: Runtime PM not available
[    4.970021] amdgpu 0000:05:00.0: amdgpu: [drm] Using custom brightness curve
[    4.971573] amdgpu 0000:05:00.0: [drm] Registered 4 planes with drm panic
[    4.971577] [drm] Initialized amdgpu 3.64.0 for 0000:05:00.0 on minor 1
[    4.980385] fbcon: amdgpudrmfb (fb0) is primary device
[    4.980389] fbcon: Deferring console take-over
[    4.980391] amdgpu 0000:05:00.0: [drm] fb0: amdgpudrmfb frame buffer device
[    5.108110] systemd-journald[303]: Received SIGTERM from PID 1 (systemd).
[    5.174608] audit: type=1404 audit(1761765944.966:2): enforcing=1 old_enforcing=0 auid=4294967295 ses=4294967295 enabled=1 old-enabled=1 lsm=selinux res=1
[    5.208485] SELinux:  Permission firmware_load in class system not defined in policy.
[    5.208488] SELinux:  Permission kexec_image_load in class system not defined in policy.
[    5.208511] SELinux:  Permission kexec_initramfs_load in class system not defined in policy.
[    5.208512] SELinux:  Permission policy_load in class system not defined in policy.
[    5.208513] SELinux:  Permission x509_certificate_load in class system not defined in policy.
[    5.208574] SELinux:  Permission allowed in class io_uring not defined in policy.
[    5.208575] SELinux: the above unknown classes and permissions will be allowed
[    5.211728] SELinux:  policy capability network_peer_controls=1
[    5.211731] SELinux:  policy capability open_perms=1
[    5.211732] SELinux:  policy capability extended_socket_class=1
[    5.211733] SELinux:  policy capability always_check_network=0
[    5.211735] SELinux:  policy capability cgroup_seclabel=1
[    5.211736] SELinux:  policy capability nnp_nosuid_transition=1
[    5.211737] SELinux:  policy capability genfs_seclabel_symlinks=1
[    5.211738] SELinux:  policy capability ioctl_skip_cloexec=0
[    5.211739] SELinux:  policy capability userspace_initial_context=0
[    5.211740] SELinux:  policy capability netlink_xperm=0
[    5.211741] SELinux:  policy capability netif_wildcard=0
[    5.211742] SELinux:  policy capability genfs_seclabel_wildcard=0
[    5.261160] audit: type=1403 audit(1761765945.052:3): auid=4294967295 ses=4294967295 lsm=selinux res=1
[    5.261879] systemd[1]: Successfully loaded SELinux policy in 87.481ms.
[    5.278131] systemd[1]: Relabeled /dev/, /dev/shm/, /run/ in 11.671ms.
[    5.280966] systemd[1]: systemd 257.10-1.fc42 running in system mode (+PAM +AUDIT +SELINUX -APPARMOR +IMA +IPE +SMACK +SECCOMP -GCRYPT +GNUTLS +OPENSSL +ACL +BLKID +CURL +ELFUTILS +FIDO2 +IDN2 -IDN -IPTC +KMOD +LIBCRYPTSETUP +LIBCRYPTSETUP_PLUGINS +LIBFDISK +PCRE2 +PWQUALITY +P11KIT +QRENCODE +TPM2 +BZIP2 +LZ4 +XZ +ZLIB +ZSTD +BPF_FRAMEWORK +BTF +XKBCOMMON +UTMP +SYSVINIT +LIBARCHIVE)
[    5.280973] systemd[1]: Detected architecture x86-64.
[    5.455924] systemd[1]: bpf-restrict-fs: LSM BPF program attached
[    5.516999] zram: Added device: zram0
[    5.684352] systemd[1]: initrd-switch-[REDACTED_USER].service: Deactivated successfully.
[    5.684561] systemd[1]: Stopped initrd-switch-[REDACTED_USER].service - Switch [REDACTED_USER].
[    5.685547] systemd[1]: systemd-journald.service: Scheduled restart job, restart counter is at 1.
[    5.686061] systemd[1]: Created slice machine.slice - Virtual Machine and Container Slice.
[    5.686530] systemd[1]: Created slice system-getty.slice - Slice /system/getty.
[    5.686949] systemd[1]: Created slice system-systemd\x2dfsck.slice - Slice /system/systemd-fsck.
[    5.687359] systemd[1]: Created slice system-systemd\x2dzram\x2dsetup.slice - Slice /system/systemd-zram-setup.
[    5.687808] systemd[1]: Created slice [REDACTED_USER].slice - [REDACTED_USER] and Session Slice.
[    5.687844] systemd[1]: systemd-ask-password-console.path - Dispatch Password Requests to Console Directory Watch was skipped because of an unmet condition check (ConditionPathExists=!/run/plymouth/pid).
[    5.687941] systemd[1]: Started systemd-ask-password-wall.path - Forward Password Requests to Wall Directory Watch.
[    5.688290] systemd[1]: Set up automount proc-sys-fs-binfmt_misc.automount - Arbitrary Executable File Formats File System Automount Point.
[    5.688318] systemd[1]: Expecting device dev-disk-by\x2ddiskseq-1\x2dpart2.device - /dev/disk/by-diskseq/1-part2...
[    5.688336] systemd[1]: Expecting device dev-disk-by\x2duuid-F63D\x2d5318.device - /dev/disk/by-uuid/F63D-5318...
[    5.688363] systemd[1]: Expecting device dev-zram0.device - /dev/zram0...
[    5.688391] systemd[1]: Reached target cryptsetup.target - Local Encrypted Volumes.
[    5.688420] systemd[1]: Reached target getty.target - Login Prompts.
[    5.688445] systemd[1]: Stopped target initrd-switch-[REDACTED_USER].target - Switch [REDACTED_USER].
[    5.688470] systemd[1]: Stopped target initrd-fs.target - Initrd File Systems.
[    5.688500] systemd[1]: Stopped target initrd-[REDACTED_USER]-fs.target - Initrd [REDACTED_USER] File System.
[    5.688527] systemd[1]: Reached target integritysetup.target - Local Integrity Protected Volumes.
[    5.688583] systemd[1]: Reached target slices.target - Slice Units.
[    5.688623] systemd[1]: Reached target veritysetup.target - Local Verity Protected Volumes.
[    5.689009] systemd[1]: Listening on dm-event.socket - Device-mapper event daemon FIFOs.
[    5.689867] systemd[1]: Listening on lvm2-lvmpolld.socket - LVM2 poll daemon socket.
[    5.690946] systemd[1]: Listening on systemd-coredump.socket - Process Core Dump Socket.
[    5.691483] systemd[1]: Listening on systemd-creds.socket - Credential Encryption/Decryption.
[    5.691624] systemd[1]: Listening on systemd-initctl.socket - initctl Compatibility Named Pipe.
[    5.691937] systemd[1]: Listening on systemd-journald-audit.socket - Journal Audit Socket.
[    5.692257] systemd[1]: Listening on systemd-oomd.socket - Userspace Out-Of-Memory (OOM) Killer Socket.
[    5.692317] systemd[1]: systemd-pcrextend.socket - TPM PCR Measurements was skipped because of an unmet condition check (ConditionSecurity=measured-uki).
[    5.692333] systemd[1]: systemd-pcrlock.socket - Make TPM PCR Policy was skipped because of an unmet condition check (ConditionSecurity=measured-uki).
[    5.693008] systemd[1]: Listening on systemd-udevd-control.socket - udev Control Socket.
[    5.693251] systemd[1]: Listening on systemd-udevd-kernel.socket - udev Kernel Socket.
[    5.693663] systemd[1]: Listening on systemd-userdbd.socket - [REDACTED_USER] Database Manager Socket.
[    5.695238] systemd[1]: Mounting dev-hugepages.mount - Huge Pages File System...
[    5.696223] systemd[1]: Mounting dev-mqueue.mount - POSIX Message Queue File System...
[    5.697170] systemd[1]: Mounting sys-kernel-debug.mount - Kernel Debug File System...
[    5.698448] systemd[1]: Mounting sys-kernel-tracing.mount - Kernel Trace File System...
[    5.698668] systemd[1]: auth-rpcgss-module.service - Kernel Module supporting RPCSEC_GSS was skipped because of an unmet condition check (ConditionPathExists=/etc/krb5.keytab).
[    5.699063] systemd[1]: iscsi-starter.service was skipped because of an unmet condition check (ConditionDirectoryNotEmpty=/var/lib/iscsi/nodes).
[    5.705746] systemd[1]: Starting kmod-static-nodes.service - Create List of Static Device Nodes...
[    5.706996] systemd[1]: Starting lvm2-monitor.service - Monitoring of LVM2 mirrors, snapshots etc. using dmeventd or progress polling...
[    5.708294] systemd[1]: Starting [REDACTED_USER]@configfs.service - Load Kernel Module configfs...
[    5.709335] systemd[1]: Starting [REDACTED_USER]@dm_mod.service - Load Kernel Module dm_mod...
[    5.710320] systemd[1]: Starting [REDACTED_USER]@drm.service - Load Kernel Module drm...
[    5.711499] systemd[1]: Starting [REDACTED_USER]@efi_pstore.service - Load Kernel Module efi_pstore...
[    5.712483] systemd[1]: Starting [REDACTED_USER]@fuse.service - Load Kernel Module fuse...
[    5.713652] systemd[1]: Starting [REDACTED_USER]@loop.service - Load Kernel Module loop...
[    5.713702] systemd[1]: plymouth-switch-[REDACTED_USER].service: Deactivated successfully.
[    5.713759] systemd[1]: Stopped plymouth-switch-[REDACTED_USER].service - Plymouth switch [REDACTED_USER] service.
[    5.713904] systemd[1]: systemd-fsck-[REDACTED_USER].service: Deactivated successfully.
[    5.713949] systemd[1]: Stopped systemd-fsck-[REDACTED_USER].service - File System Check on [REDACTED_USER] Device.
[    5.714029] systemd[1]: systemd-hibernate-clear.service - Clear Stale Hibernate Storage Info was skipped because of an unmet condition check (ConditionPathExists=/sys/firmware/efi/efivars/HibernateLocation-8cf2644b-4b0b-428f-9387-6d876050dc67).
[    5.716127] systemd[1]: Starting systemd-journald.service - Journal Service...
[    5.717696] systemd[1]: Starting systemd-modules-load.service - Load Kernel Modules...
[    5.718917] systemd[1]: Starting systemd-network-generator.service - Generate network units from Kernel command line...
[    5.719000] systemd[1]: systemd-pcrmachine.service - TPM PCR Machine ID Measurement was skipped because of an unmet condition check (ConditionSecurity=measured-uki).
[    5.720380] systemd[1]: Starting systemd-remount-fs.service - Remount [REDACTED_USER] and Kernel File Systems...
[    5.720482] systemd[1]: systemd-tpm2-setup-early.service - Early TPM SRK Setup was skipped because of an unmet condition check (ConditionSecurity=measured-uki).
[    5.721655] systemd[1]: Starting systemd-udev-load-credentials.service - Load udev Rules from Credentials...
[    5.722102] loop: module loaded
[    5.723113] systemd[1]: Starting systemd-udev-trigger.service - Coldplug All udev Devices...
[    5.727987] systemd[1]: Mounted dev-hugepages.mount - Huge Pages File System.
[    5.728182] systemd[1]: Mounted dev-mqueue.mount - POSIX Message Queue File System.
[    5.728750] systemd[1]: Mounted sys-kernel-debug.mount - Kernel Debug File System.
[    5.729674] systemd[1]: Mounted sys-kernel-tracing.mount - Kernel Trace File System.
[    5.730196] systemd[1]: Finished kmod-static-nodes.service - Create List of Static Device Nodes.
[    5.730557] systemd[1]: [REDACTED_USER]@configfs.service: Deactivated successfully.
[    5.730799] systemd[1]: Finished [REDACTED_USER]@configfs.service - Load Kernel Module configfs.
[    5.731195] systemd[1]: [REDACTED_USER]@dm_mod.service: Deactivated successfully.
[    5.731420] systemd[1]: Finished [REDACTED_USER]@dm_mod.service - Load Kernel Module dm_mod.
[    5.731792] systemd[1]: [REDACTED_USER]@drm.service: Deactivated successfully.
[    5.732064] systemd[1]: Finished [REDACTED_USER]@drm.service - Load Kernel Module drm.
[    5.732389] systemd[1]: [REDACTED_USER]@efi_pstore.service: Deactivated successfully.
[    5.732636] systemd[1]: Finished [REDACTED_USER]@efi_pstore.service - Load Kernel Module efi_pstore.
[    5.732938] systemd[1]: [REDACTED_USER]@fuse.service: Deactivated successfully.
[    5.733151] systemd[1]: Finished [REDACTED_USER]@fuse.service - Load Kernel Module fuse.
[    5.733456] systemd[1]: [REDACTED_USER]@loop.service: Deactivated successfully.
[    5.733685] systemd[1]: Finished [REDACTED_USER]@loop.service - Load Kernel Module loop.
[    5.734109] systemd[1]: Finished systemd-modules-load.service - Load Kernel Modules.
[    5.734689] systemd[1]: Finished systemd-network-generator.service - Generate network units from Kernel command line.
[    5.735814] systemd[1]: Finished systemd-remount-fs.service - Remount [REDACTED_USER] and Kernel File Systems.
[    5.736191] systemd-journald[681]: Collecting audit messages is enabled.
[    5.736376] systemd[1]: Finished systemd-udev-load-credentials.service - Load udev Rules from Credentials.
[    5.736440] audit: type=1130 audit(1761765945.527:4): pid=1 uid=0 auid=4294967295 ses=4294967295 subj=system_u:system_r:init_t:s0 msg='unit=systemd-udev-load-credentials comm="systemd" exe="/usr/lib/systemd/systemd" hostname=? addr=? terminal=? res=success'
