[300943.400680] [  49738]     0 49738     2940      270      192       78         0    69632        0             0 sshd
[300943.400682] [  49739]     0 49739     2940      270      192       78         0    69632        0             0 sshd
[300943.400686] [  49740]     0 49740     3005      329      256       73         0    69632        0             0 sshd
[300943.400688] [  49741]     0 49741     3005      332      256       76         0    73728        0             0 sshd
[300943.400690] [  49742]     0 49742     3005      323      256       67         0    69632        0             0 sshd
[300943.400694] [  49743]     0 49743     3037      321      256       65         0    65536        0             0 sshd
[300943.400696] [  49744]     0 49744     3005      300      256       44         0    65536        0             0 sshd
[300943.400699] [  49745]     0 49745     2940      270      192       78         0    69632        0             0 sshd
[300943.400701] [  49746]     0 49746     3037      318      256       62         0    65536        0             0 sshd
[300943.400704] [  49747]     0 49747     3037      335      256       79         0    65536        0             0 sshd
[300943.400706] [  49748]     0 49748     3005      322      256       66         0    65536        0             0 sshd
[300943.400709] [  49749]     0 49749     3005      320      256       64         0    69632        0             0 sshd
[300943.400711] [  49750]     0 49750     3005      332      256       76         0    69632        0             0 sshd
[300943.400714] [  49751]     0 49751     3005      313      256       57         0    69632        0             0 sshd
[300943.400717] [  49752]     0 49752     3005      323      256       67         0    65536        0             0 sshd
[300943.400719] [  49753]     0 49753     3037      320      256       64         0    73728        0             0 sshd
[300943.400722] [  49754]     0 49754     3005      334      256       78         0    65536        0             0 sshd
[300943.400724] [  49755]     0 49755     2940      270      192       78         0    65536        0             0 sshd
[300943.400727] [  49756]     0 49756     3037      318      256       62         0    73728        0             0 sshd
[300943.400729] [  49757]     0 49757     3005      329      256       73         0    65536        0             0 sshd
[300943.400732] [  49758]     0 49758     3005      324      256       68         0    65536        0             0 sshd
[300943.400735] [  49759]     0 49759     3005      332      256       76         0    69632        0             0 sshd
[300943.400737] [  49760]     0 49760     2940      270      192       78         0    65536        0             0 sshd
[300943.400740] [  49761]     0 49761     2940      270      192       78         0    65536        0             0 sshd
[300943.400742] [  49762]     0 49762     3005      309      256       53         0    65536        0             0 sshd
[300943.400744] [  49763]     0 49763     3005      323      256       67         0    73728        0             0 sshd
[300943.400746] [  49764]     0 49764     2940      270      192       78         0    61440        0             0 sshd
[300943.400749] [  49765]     0 49765     3005      332      256       76         0    69632        0             0 sshd
[300943.400751] [  49766]     0 49766     3005      331      256       75         0    69632        0             0 sshd
[300943.400755] [  49767]     0 49767     3037      319      256       63         0    65536        0             0 sshd
[300943.400757] [  49768]     0 49768     2940      253      192       61         0    69632        0             0 sshd
[300943.400760] [  49769]     0 49769     3005      320      256       64         0    73728        0             0 sshd
[300943.400762] [  49770]     0 49770     3005      322      256       66         0    65536        0             0 sshd
[300943.400765] [  49771]     0 49771     3005      311      256       55         0    69632        0             0 sshd
[300943.400767] [  49772]     0 49772     3005      325      256       69         0    61440        0             0 sshd
[300943.400770] [  49773]     0 49773     3037      320      256       64         0    65536        0             0 sshd
[300943.400772] [  49774]     0 49774     3005      316      256       60         0    69632        0             0 sshd
[300943.400775] [  49775]     0 49775     2940      270      192       78         0    65536        0             0 sshd
[300943.400777] [  49776]     0 49776     2940      270      192       78         0    61440        0             0 sshd
[300943.400779] [  49777]     0 49777     3005      331      256       75         0    65536        0             0 sshd
[300943.400782] [  49778]     0 49778     3005      325      256       69         0    65536        0             0 sshd
[300943.400784] [  49779]     0 49779     3005      318      256       62         0    69632        0             0 sshd
[300943.400787] [  49780]     0 49780     3005      325      256       69         0    65536        0             0 sshd
[300943.400789] [  49781]     0 49781     3005      331      256       75         0    69632        0             0 sshd
[300943.400792] [  49782]     0 49782     3005      307      256       51         0    69632        0             0 sshd
[300943.400794] [  49783]     0 49783     3005      332      256       76         0    65536        0             0 sshd
[300943.400797] [  49784]     0 49784     2940      253      192       61         0    69632        0             0 sshd
[300943.400799] [  49785]     0 49785     3005      317      256       61         0    65536        0             0 sshd
[300943.400802] [  49786]     0 49786     3005      323      256       67         0    69632        0             0 sshd
[300943.400804] [  49787]     0 49787     3037      317      256       61         0    65536        0             0 sshd
[300943.400806] [  49788]     0 49788     3037      308      256       52         0    61440        0             0 sshd
[300943.400809] [  49789]     0 49789     3037      335      256       79         0    69632        0             0 sshd
[300943.400812] [  49790]     0 49790     3005      332      256       76         0    69632        0             0 sshd
[300943.400814] [  49791]     0 49791     2940      253      192       61         0    73728        0             0 sshd
[300943.400817] [  49792]     0 49792     3005      331      256       75         0    65536        0             0 sshd
[300943.400819] [  49793]     0 49793     3005      323      256       67         0    69632        0             0 sshd
[300943.400821] [  49794]     0 49794     3005      304      256       48         0    73728        0             0 sshd
[300943.400824] [  49795]     0 49795     2940      253      192       61         0    65536        0             0 sshd
[300943.400827] [  49796]     0 49796     2940      270      192       78         0    65536        0             0 sshd
[300943.400830] [  49797]     0 49797     3037      323      256       67         0    65536        0             0 sshd
[300943.400832] [  49798]     0 49798     3005      313      256       57         0    73728        0             0 sshd
[300943.400835] [  49799]     0 49799     3005      325      256       69         0    73728        0             0 sshd
[300943.400837] [  49800]     0 49800     3037      306      256       50         0    69632        0             0 sshd
[300943.400840] [  49801]     0 49801     3005      321      256       65         0    69632        0             0 sshd
[300943.400843] [  49802]     0 49802     3005      325      256       69         0    77824        0             0 sshd
[300943.400845] [  49803]     0 49803     3005      323      256       67         0    69632        0             0 sshd
[300943.400848] [  49812]     0 49812     4864      124       64       60         0    73728        0             0 9
[300943.400851] [  49813]     0 49813     5092     2241     2208       33         0    77824        0             0 apport
[300943.400853] [  49815]     0 49815     2915      192      160       32         0    57344        0             0 sshd
[300943.400856] [  49817]     0 49817     2487      694      163      531         0    61440        0             0 cron
[300943.400858] [  49818]     0 49818     2915      193      160       33         0    57344        0             0 sshd
[300943.400860] [  49820]     0 49820     2915      182      160       22         0    61440        0             0 sshd
[300943.400863] [  49822]     0 49822     2915      156      128       28         0    57344        0             0 sshd
[300943.400866] [  49824]     0 49824     2487      680      163      517         0    61440        0             0 cron
[300943.400868] [  49825]     0 49825     2915       50       32       18         0    57344        0             0 sshd
[300943.400871] [  49830]     0 49830     2915       68       32       36         0    57344        0             0 sshd
[300943.400874] [  49831]     0 49831     2915       68       32       36         0    61440        0             0 sshd
[300943.400877] [  49832]     0 49832     3038      278      251       27         0    65536        0             0 sshd
[300943.400879] [  49833]     0 49833     3038      278      251       27         0    69632        0             0 sshd
[300943.400882] [  49834]     0 49834     3038      282      255       27         0    65536        0             0 sshd
[300943.400884] [  49835]     0 49835     3037      285      258       27         0    61440        0             0 sshd
[300943.400887] [  49836]     0 49836     3038      278      251       27         0    73728        0             0 sshd
[300943.400890] [  49837]     0 49837     3038      284      257       27         0    61440        0             0 sshd
[300943.400892] [  49838]     0 49838     3037      279      252       27         0    65536        0             0 sshd
[300943.400895] [  49839]     0 49839     3038      278      251       27         0    65536        0             0 sshd
[300943.400897] [  49840]     0 49840     3037      278      251       27         0    69632        0             0 sshd
[300943.400899] [  49841]     0 49841     3038      278      251       27         0    65536        0             0 sshd
[300943.400902] [  49842]     0 49842     3038      278      251       27         0    69632        0             0 sshd
[300943.400905] [  49843]     0 49843     3038      280      253       27         0    69632        0             0 sshd
[300943.400907] [  49844]     0 49844     3037      278      251       27         0    73728        0             0 sshd
[300943.400910] [  49845]     0 49845     3038      278      251       27         0    65536        0             0 sshd
[300943.400912] [  49846]     0 49846     3038      280      253       27         0    73728        0             0 sshd
[300943.400914] [  49847]     0 49847     3038      278      251       27         0    69632        0             0 sshd
[300943.400917] [  49848]     0 49848     3038      278      251       27         0    69632        0             0 sshd
[300943.400919] [  49849]     0 49849     3038      278      251       27         0    69632        0             0 sshd
[300943.400922] [  49850]     0 49850     3038      278      251       27         0    69632        0             0 sshd
[300943.400924] [  49851]     0 49851     3038      278      251       27         0    65536        0             0 sshd
[300943.400926] [  49852]     0 49852     3038      278      251       27         0    77824        0             0 sshd
[300943.400929] [  49853]     0 49853     3038      278      251       27         0    69632        0             0 sshd
[300943.400931] [  49854]     0 49854     3038      278      251       27         0    69632        0             0 sshd
[300943.400934] [  49855]     0 49855     3038      282      255       27         0    61440        0             0 sshd
[300943.400937] [  49856]     0 49856     3037      278      251       27         0    73728        0             0 sshd
[300943.400939] [  49857]     0 49857     3038      278      251       27         0    69632        0             0 sshd
[300943.400941] [  49858]     0 49858     3038      287      260       27         0    65536        0             0 sshd
[300943.400944] [  49859]     0 49859     3038      278      251       27         0    65536        0             0 sshd
[300943.400946] [  49860]     0 49860     3037      279      252       27         0    65536        0             0 sshd
[300943.400948] [  49861]     0 49861     3037      279      252       27         0    73728        0             0 sshd
[300943.400951] [  49862]     0 49862     3037      278      251       27         0    73728        0             0 sshd
[300943.400954] [  49863]     0 49863     3038      278      251       27         0    69632        0             0 sshd
[300943.400956] [  49864]     0 49864     3037      279      252       27         0    69632        0             0 sshd
[300943.400959] [  49865]     0 49865     3037      288      261       27         0    65536        0             0 sshd
[300943.400961] [  49866]     0 49866     3037      278      251       27         0    69632        0             0 sshd
[300943.400963] [  49867]     0 49867     3037      279      252       27         0    65536        0             0 sshd
[300943.400966] [  49868]     0 49868     3037      279      252       27         0    65536        0             0 sshd
[300943.400968] [  49869]     0 49869     3037      278      251       27         0    69632        0             0 sshd
[300943.400971] [  49870]     0 49870     3038      282      255       27         0    65536        0             0 sshd
[300943.400973] [  49871]     0 49871     3037      283      256       27         0    73728        0             0 sshd
[300943.400976] [  49872]     0 49872     3037      279      252       27         0    69632        0             0 sshd
[300943.400978] [  49873]     0 49873     3037      279      252       27         0    65536        0             0 sshd
[300943.400980] [  49874]     0 49874     3038      278      251       27         0    73728        0             0 sshd
[300943.400983] [  49875]     0 49875     3038      278      251       27         0    65536        0             0 sshd
[300943.400985] [  49876]     0 49876     3037      279      252       27         0    65536        0             0 sshd
[300943.400987] [  49877]     0 49877     3038      278      251       27         0    65536        0             0 sshd
[300943.400989] [  49878]     0 49878     3037      278      251       27         0    73728        0             0 sshd
[300943.400992] [  49879]     0 49879     3038      278      251       27         0    69632        0             0 sshd
[300943.400994] [  49880]     0 49880     3038      278      251       27         0    65536        0             0 sshd
[300943.400996] [  49881]     0 49881     3037      278      251       27         0    65536        0             0 sshd
[300943.401000] [  49882]     0 49882     3037      278      251       27         0    69632        0             0 sshd
[300943.401002] [  49883]     0 49883     3037      279      252       27         0    65536        0             0 sshd
[300943.401004] [  49884]     0 49884     3038      287      260       27         0    69632        0             0 sshd
[300943.401007] [  49885]     0 49885     3037      278      251       27         0    73728        0             0 sshd
[300943.401010] [  49886]     0 49886     3038      277      257       20         0    65536        0             0 sshd
[300943.401012] [  49887]     0 49887     3038      278      251       27         0    65536        0             0 sshd
[300943.401014] [  49888]     0 49888     3038      278      251       27         0    69632        0             0 sshd
[300943.401016] [  49889]     0 49889     3037      278      251       27         0    69632        0             0 sshd
[300943.401018] [  49890]     0 49890     3038      278      251       27         0    69632        0             0 sshd
[300943.401021] [  49891]     0 49891     3037      278      251       27         0    69632        0             0 sshd
[300943.401023] [  49892]     0 49892     3037      278      251       27         0    65536        0             0 sshd
[300943.401025] [  49893]     0 49893     3038      278      251       27         0    65536        0             0 sshd
[300943.401028] [  49894]     0 49894     3038      278      251       27         0    69632        0             0 sshd
[300943.401030] [  49895]     0 49895     3037      279      252       27         0    73728        0             0 sshd
[300943.401032] [  49896]     0 49896     3037      279      252       27         0    69632        0             0 sshd
[300943.401034] [  49897]     0 49897     3038      278      251       27         0    65536        0             0 sshd
[300943.401037] [  49898]     0 49898     3037      282      255       27         0    65536        0             0 sshd
[300943.401039] [  49899]     0 49899     3038      278      251       27         0    65536        0             0 sshd
[300943.401041] [  49900]     0 49900      700        6        0        6         0    45056        0             0 sh
[300943.401044] [  49901]     0 49901     2487      542      177      365         0    61440        0             0 cron
[300943.401046] oom-kill:constraint=CONSTRAINT_NONE,nodemask=(null),cpuset=/,mems_allowed=0,global_oom,task_memcg=/azure.slice/walinuxagent.service,task=python3,pid=729,uid=0
[300943.401063] Out of memory: Killed process 729 (python3) total-vm:44032kB, anon-rss:22784kB, file-rss:2676kB, shmem-rss:0kB, UID:0 pgtables:120kB oom_score_adj:0
[300944.321812] systemd[1]: walinuxagent.service: A process of this unit has been killed by the OOM killer.
[300944.323530] systemd[1]: walinuxagent.service: Killing process 729 (python3) with signal SIGKILL.
[300944.328281] systemd[1]: walinuxagent.service: Main process exited, code=killed, status=9/KILL
[300944.328353] systemd[1]: walinuxagent.service: Failed with result 'oom-kill'.
[300944.368222] systemd[1]: walinuxagent.service: Consumed 6min 38.592s CPU time, 124.8M memory peak, 0B memory swap peak.
[300944.375826] systemd[1]: [REDACTED_USER]@1000.service: Main process exited, code=killed, status=9/KILL
[300944.376166] systemd[1]: [REDACTED_USER]@1000.service: Failed with result 'signal'.
[300944.377556] systemd[1]: [REDACTED_USER]@1000.service: Consumed 4.854s CPU time.
[300944.378599] systemd[1]: [REDACTED_USER]-1000.slice: A process of this unit has been killed by the OOM killer.
[300944.386166] systemd[1]: azure.slice: A process of this unit has been killed by the OOM killer.
[300944.386297] systemd[1]: systemd-journald.service: State 'stop-watchdog' timed out. Killing.
[300944.386330] systemd[1]: systemd-journald.service: Killing process 42301 (systemd-journal) with signal SIGKILL.
[300944.389148] systemd[1]: systemd-journald.service: Main process exited, code=killed, status=9/KILL
[300944.389212] systemd[1]: systemd-journald.service: Failed with result 'watchdog'.
[300944.389610] systemd[1]: systemd-journald.service: Consumed 6.331s CPU time.
[300944.390165] systemd[1]: systemd-journald.service: Scheduled restart job, restart counter is at 4.
[300944.429675] systemd[1]: Starting systemd-journald.service - Journal Service...
[300944.431130] systemd[1]: walinuxagent.service: Scheduled restart job, restart counter is at 1.
[300944.437575] systemd[1]: Started walinuxagent.service - Azure Linux Agent.
[300944.669642] systemd[1]: sysstat-collect.service: Deactivated successfully.
[300944.670455] systemd[1]: Finished sysstat-collect.service - system activity accounting tool.
[300944.670707] systemd[1]: sysstat-collect.service: Consumed 1.607s CPU time.
[300944.679275] systemd-journald[49935]: Collecting audit messages is disabled.
[300944.683141] systemd[1]: Starting sysstat-collect.service - system activity accounting tool...
[300944.685064] systemd-journald[49935]: File /var/log/journal/f7c668be9d344fe7a7e95b7211f5dc87/system.journal corrupted or uncleanly shut down, renaming and replacing.
[300944.736347] systemd[1]: sysstat-collect.service: Deactivated successfully.
[300944.736536] systemd[1]: Finished sysstat-collect.service - system activity accounting tool.
[300945.136457] systemd[1]: Started systemd-journald.service - Journal Service.
[303468.762349] sshd invoked oom-killer: gfp_mask=0x140cca(GFP_HIGHUSER_MOVABLE|__GFP_COMP), order=0, oom_score_adj=0
[303468.762359] CPU: 0 UID: 1000 PID: 25908 Comm: sshd Not tainted 6.11.0-1018-azure #18~24.04.1-[REDACTED_USER]
[303468.762363] Hardware name: Microsoft Corporation Virtual Machine/Virtual Machine, BIOS Hyper-V UEFI Release v4.1 05/13/2024
[303468.762365] Call Trace:
[303468.762367]  <TASK>
[303468.762372]  dump_stack_lvl+0x5b/0x70
[303468.762378]  dump_stack+0x10/0x20
[303468.762380]  dump_header+0x48/0x1d0
[303468.762385]  oom_kill_process+0x10f/0x250
[303468.762388]  ? oom_evaluate_task+0x145/0x1d0
[303468.762391]  out_of_memory+0x102/0x330
[303468.762395]  __alloc_pages_may_oom+0x103/0x1d0
[303468.762399]  __alloc_pages_slowpath.constprop.0+0x3ff/0xa20
[303468.762403]  __alloc_pages_noprof+0x2eb/0x320
[303468.762406]  alloc_pages_mpol_noprof+0xd9/0x1e0
[303468.762411]  folio_alloc_noprof+0x61/0xe0
[303468.762413]  filemap_alloc_folio_noprof+0xe8/0xf0
[303468.762417]  __filemap_get_folio+0x191/0x2e0
[303468.762420]  filemap_fault+0x159/0x9a0
[303468.762421]  ? folio_add_file_rmap_ptes+0x40/0xb0
[303468.762426]  __do_fault+0x39/0x190
[303468.762429]  do_read_fault+0x111/0x1d0
[303468.762430]  do_fault+0x136/0x260
[303468.762432]  handle_pte_fault+0x74/0x1b0
[303468.762436]  __handle_mm_fault+0x31f/0x760
[303468.762439]  handle_mm_fault+0x107/0x2c0
[303468.762441]  do_user_addr_fault+0x1b9/0x800
[303468.762445]  exc_page_fault+0x82/0x180
[303468.762450]  asm_exc_page_fault+0x27/0x30
[303468.762453] RIP: 0033:0x7b704531b9dd
[303468.762459] Code: Unable to access opcode bytes at 0x7b704531b9b3.
[303468.762461] RSP: 002b:00007fff96dd9bf0 EFLAGS: 00010202
[303468.762463] RAX: 0000000000000001 RBX: 0000000000000001 RCX: 00007b704531b9dd
[303468.762465] RDX: 00007fff96dd9c10 RSI: 0000000000000004 RDI: 00005eef895782f0
[303468.762466] RBP: 00007fff96dd9c40 R08: 0000000000000008 R09: 00fca75622785cc0
[303468.762468] R10: 00007fff96dd9d70 R11: 0000000000000202 R12: 00005eef895782f0
[303468.762469] R13: 00007fff96dd9c10 R14: 0000000000000004 R15: 0000000000000004
[303468.762472]  </TASK>
[303468.762473] Mem-Info:
[303468.762474] active_anon:23711 inactive_anon:31751 isolated_anon:0
                 active_file:12 inactive_file:554 isolated_file:0
                 unevictable:7597 dirty:0 writeback:0
                 slab_reclaimable:2681 slab_unreclaimable:10526
                 mapped:2192 shmem:1021 pagetables:857
                 sec_pagetables:0 bounce:0
                 kernel_misc_reclaimable:0
                 free:1143 free_pcp:83 free_cma:0
[303468.762480] Node 0 active_anon:94844kB inactive_anon:127004kB active_file:48kB inactive_file:2216kB unevictable:30388kB isolated(anon):0kB isolated(file):0kB mapped:8768kB dirty:0kB writeback:0kB shmem:4084kB shmem_thp:0kB shmem_pmdmapped:0kB anon_thp:0kB writeback_tmp:0kB kernel_stack:2256kB pagetables:3428kB sec_pagetables:0kB all_unreclaimable? yes
[303468.762484] Node 0 DMA free:1396kB boost:0kB min:104kB low:128kB high:152kB reserved_highatomic:0KB active_anon:1276kB inactive_anon:11184kB active_file:0kB inactive_file:0kB unevictable:0kB writepending:0kB present:15996kB managed:15360kB mlocked:0kB bounce:0kB free_pcp:0kB local_pcp:0kB free_cma:0kB
[303468.762490] lowmem_reserve[]: 0 323 323 323 323
[303468.762494] Node 0 DMA32 free:3176kB boost:5044kB min:7288kB low:7848kB high:8408kB reserved_highatomic:0KB active_anon:93568kB inactive_anon:115820kB active_file:48kB inactive_file:2216kB unevictable:30388kB writepending:0kB present:455844kB managed:337996kB mlocked:27316kB bounce:0kB free_pcp:332kB local_pcp:332kB free_cma:0kB
[303468.762500] lowmem_reserve[]: 0 0 0 0 0
[303468.762504] Node 0 DMA: 15*4kB (UM) 11*8kB (UM) 8*16kB (UM) 1*32kB (U) 1*64kB (M) 0*128kB 0*256kB 2*512kB (M) 0*1024kB 0*2048kB 0*4096kB = 1396kB
[303468.762516] Node 0 DMA32: 1*4kB (U) 7*8kB (U) 81*16kB (UE) 57*32kB (UE) 0*64kB 0*128kB 0*256kB 0*512kB 0*1024kB 0*2048kB 0*4096kB = 3180kB
[303468.762527] Node 0 hugepages_total=0 hugepages_free=0 hugepages_surp=0 hugepages_size=1048576kB
[303468.762530] Node 0 hugepages_total=0 hugepages_free=0 hugepages_surp=0 hugepages_size=2048kB
[303468.762531] 3772 total pagecache pages
[303468.762532] 0 pages in swap cache
[303468.762534] Free swap  = 0kB
[303468.762535] Total swap = 0kB
[303468.762536] 117960 pages RAM
[303468.762537] 0 pages HighMem/MovableOnly
[303468.762538] 29621 pages reserved
[303468.762538] 0 pages hwpoisoned
[303468.762539] Tasks state (memory values in pages):
[303468.762540] [  pid  ]   uid  tgid total_vm      rss rss_anon rss_file rss_shmem pgtables_bytes swapents oom_score_adj name
[303468.762548] [    196]     0   196    72247     6828     4640     2188         0   114688        0         -1000 multipathd
[303468.762552] [    199]     0   199     6422     1192      534      658         0    65536        0         -1000 systemd-udevd
[303468.762555] [    360]     0   360      929      656      160      496         0    49152        0             0 hv_kvp_daemon
[303468.762559] [    604]   991   604     5377     1333      576      757         0    81920        0             0 systemd-resolve
[303468.762562] [    652]   998   652     4749     1046      288      758         0    81920        0             0 systemd-network
[303468.762565] [    698]   101   698     2479     1163      256      907         0    57344        0          -900 dbus-daemon
[303468.762568] [    704]     0   704     8106     3386     2560      826         0   102400        0             0 networkd-dispat
[303468.762570] [    706]   989   706    77041     1120      224      896         0   106496        0             0 polkitd
[303468.762573] [    724]     0   724     4478     1057      256      801         0    77824        0             0 systemd-logind
[303468.762576] [    728]     0   728   117293     1490      576      914         0   147456        0             0 udisksd
[303468.762579] [    737]   102   737    55627     1387      544      843         0    86016        0             0 rsyslogd
[303468.762581] [    767]     0   767     1806      625       64      561         0    53248        0             0 cron
[303468.762584] [    775]     0   775    27505     3215     2336      879         0   114688        0             0 unattended-upgr
[303468.762587] [    792]     0   792    98022     1366      512      854         0   131072        0             0 ModemManager
[303468.762589] [    801]     0   801     1537      488       32      456         0    49152        0             0 agetty
[303468.762592] [    803]   109   803     2801      770      149      621         0    69632        0             0 chronyd
[303468.762594] [    812]   109   812     2768      251      126      125         0    69632        0             0 chronyd
[303468.762597] [    850]     0   850     1526      486       32      454         0    49152        0             0 agetty
[303468.762600] [    911]     0   911     3005      852      256      596         0    65536        0         -1000 sshd
[303468.762602] [  25774]     0 25774     3684      502      416       86         0    73728        0             0 sshd
[303468.762605] [  25908]  1000 25908     3812      549      488       61         0    77824        0             0 sshd
[303468.762607] [  49935]     0 49935    12582      473      256      217         0    98304        0          -250 systemd-journal
[303468.762610] [  49936]     0 49936    10246     5735     5696       39         0   118784        0             0 python3
[303468.762614] [  49963]     0 49963   102381     5801     5745       56         0   167936        0             0 python3
[303468.762616] [  50280]   990 50280    90604      724      512      212         0   167936        0             0 fwupdmgr
[303468.762619] [  50285]     0 50285    74240    31629    31253      376         0   425984        0             0 fwupd
[303468.762622] [  50287]     0 50287     2913       60       32       28         0    61440        0             0 sshd
[303468.762625] [  50288]     0 50288     2487      687      163      524         0    61440        0             0 cron
[303468.762627] [  50289]     0 50289     2885       67       32       35         0    57344        0             0 sshd
[303468.762630] [  50291]     0 50291     2828       59       32       27         0    57344        0             0 sshd
[303468.762632] [  50293]     0 50293     2674       55       32       23         0    61440        0             0 sshd
[303468.762634] [  50294]     0 50294      677       18        0       18         0    40960        0             0 sh
[303468.762637] [  50295]     0 50295     2134       24        0       24         0    45056        0             0 sshd
[303468.762640] [  50296]     0 50296      452       32        0       32         0    40960        0             0 sshd
[303468.762642] oom-kill:constraint=CONSTRAINT_NONE,nodemask=(null),cpuset=/,mems_allowed=0,global_oom,task_memcg=/system.slice/fwupd.service,task=fwupd,pid=50285,uid=0
[303468.762661] Out of memory: Killed process 50285 (fwupd) total-vm:296960kB, anon-rss:125012kB, file-rss:1504kB, shmem-rss:0kB, UID:0 pgtables:416kB oom_score_adj:0
[303469.848729] systemd[1]: fwupd-refresh.service: Main process exited, code=exited, status=1/FAILURE
[303469.848855] systemd[1]: fwupd-refresh.service: Failed with result 'exit-code'.
[303469.853106] systemd[1]: Failed to start fwupd-refresh.service - Refresh fwupd metadata and update motd.
[303470.035596] systemd[1]: fwupd-refresh.service: Consumed 4.432s CPU time.
[303470.051503] systemd[1]: sysstat-collect.service: Deactivated successfully.
[303470.051659] systemd[1]: Finished sysstat-collect.service - system activity accounting tool.
[303470.153658] systemd[1]: systemd-journald.service: Main process exited, code=dumped, status=6/ABRT
[303470.153736] systemd[1]: systemd-journald.service: Failed with result 'watchdog'.
[303470.153973] systemd[1]: systemd-journald.service: Consumed 2.997s CPU time.
[303470.156174] systemd[1]: systemd-journald.service: Scheduled restart job, restart counter is at 5.
[303470.163669] systemd[1]: Starting systemd-journald.service - Journal Service...
[303470.185707] systemd-journald[50374]: Collecting audit messages is disabled.
[303470.187092] systemd-journald[50374]: File /var/log/journal/f7c668be9d344fe7a7e95b7211f5dc87/system.journal corrupted or uncleanly shut down, renaming and replacing.
[303470.290326] systemd[1]: Started systemd-journald.service - Journal Service.
[305309.961572] systemd invoked oom-killer: gfp_mask=0x140cca(GFP_HIGHUSER_MOVABLE|__GFP_COMP), order=0, oom_score_adj=0
[305309.961581] CPU: 0 UID: 0 PID: 1 Comm: systemd Not tainted 6.11.0-1018-azure #18~24.04.1-[REDACTED_USER]
[305309.961584] Hardware name: Microsoft Corporation Virtual Machine/Virtual Machine, BIOS Hyper-V UEFI Release v4.1 05/13/2024
[305309.961586] Call Trace:
[305309.961590]  <TASK>
[305309.961593]  dump_stack_lvl+0x5b/0x70
[305309.961598]  dump_stack+0x10/0x20
[305309.961601]  dump_header+0x48/0x1d0
[305309.961606]  oom_kill_process+0x10f/0x250
[305309.961609]  ? oom_evaluate_task+0x145/0x1d0
[305309.961613]  out_of_memory+0x102/0x330
[305309.961616]  __alloc_pages_may_oom+0x103/0x1d0
[305309.961620]  __alloc_pages_slowpath.constprop.0+0x3ff/0xa20
[305309.961623]  __alloc_pages_noprof+0x2eb/0x320
[305309.961626]  alloc_pages_mpol_noprof+0xd9/0x1e0
[305309.961632]  folio_alloc_noprof+0x61/0xe0
[305309.961635]  filemap_alloc_folio_noprof+0xe8/0xf0
[305309.961640]  __filemap_get_folio+0x191/0x2e0
[305309.961642]  filemap_fault+0x159/0x9a0
[305309.961644]  ? folio_add_file_rmap_ptes+0x40/0xb0
[305309.961649]  __do_fault+0x39/0x190
[305309.961651]  do_read_fault+0x111/0x1d0
[305309.961653]  do_fault+0x136/0x260
[305309.961655]  handle_pte_fault+0x74/0x1b0
[305309.961657]  __handle_mm_fault+0x31f/0x760
[305309.961661]  handle_mm_fault+0x107/0x2c0
[305309.961663]  do_user_addr_fault+0x1b9/0x800
[305309.961667]  exc_page_fault+0x82/0x180
[305309.961672]  asm_exc_page_fault+0x27/0x30
[305309.961676] RIP: 0033:0x70510e99af18
[305309.961682] Code: Unable to access opcode bytes at 0x70510e99aeee.
[305309.961683] RSP: 002b:00007ffcacb39478 EFLAGS: 00010283
[305309.961686] RAX: 0000000000000d4b RBX: 0000000000000000 RCX: 0000000000000032
[305309.961688] RDX: fffffffffffffffd RSI: 0000000000000025 RDI: 000070510f161d4b
[305309.961690] RBP: 00007ffcacb399a0 R08: 0000000000000075 R09: 0000000000000000
[305309.961691] R10: 0000000000000000 R11: 0000000000000000 R12: 000070510f161d4b
[305309.961693] R13: 00007ffcacb399b0 R14: 00007ffcacb39a80 R15: 000070510f161d4a
[305309.961696]  </TASK>
[305309.961697] Mem-Info:
[305309.961698] active_anon:34047 inactive_anon:22095 isolated_anon:0
                 active_file:0 inactive_file:167 isolated_file:0
                 unevictable:7597 dirty:0 writeback:0
                 slab_reclaimable:2667 slab_unreclaimable:10492
                 mapped:2192 shmem:1021 pagetables:752
                 sec_pagetables:0 bounce:0
                 kernel_misc_reclaimable:0
                 free:1173 free_pcp:14 free_cma:0
[305309.961704] Node 0 active_anon:136188kB inactive_anon:88380kB active_file:0kB inactive_file:668kB unevictable:30388kB isolated(anon):0kB isolated(file):0kB mapped:8768kB dirty:0kB writeback:0kB shmem:4084kB shmem_thp:0kB shmem_pmdmapped:0kB anon_thp:0kB writeback_tmp:0kB kernel_stack:2192kB pagetables:3008kB sec_pagetables:0kB all_unreclaimable? yes
[305309.961709] Node 0 DMA free:1396kB boost:0kB min:104kB low:128kB high:152kB reserved_highatomic:0KB active_anon:8952kB inactive_anon:3448kB active_file:0kB inactive_file:4kB unevictable:0kB writepending:0kB present:15996kB managed:15360kB mlocked:0kB bounce:0kB free_pcp:0kB local_pcp:0kB free_cma:0kB
[305309.961714] lowmem_reserve[]: 0 323 323 323 323
[305309.961718] Node 0 DMA32 free:3296kB boost:5044kB min:7288kB low:7848kB high:8408kB reserved_highatomic:0KB active_anon:127236kB inactive_anon:84932kB active_file:0kB inactive_file:660kB unevictable:30388kB writepending:0kB present:455844kB managed:337996kB mlocked:27316kB bounce:0kB free_pcp:56kB local_pcp:56kB free_cma:0kB
[305309.961724] lowmem_reserve[]: 0 0 0 0 0
[305309.961728] Node 0 DMA: 17*4kB (U) 11*8kB (UM) 8*16kB (UM) 1*32kB (U) 1*64kB (M) 0*128kB 0*256kB 2*512kB (M) 0*1024kB 0*2048kB 0*4096kB = 1404kB
[305309.961740] Node 0 DMA32: 79*4kB (UE) 3*8kB (E) 74*16kB (U) 55*32kB (UE) 0*64kB 0*128kB 0*256kB 0*512kB 0*1024kB 0*2048kB 0*4096kB = 3284kB
[305309.961752] Node 0 hugepages_total=0 hugepages_free=0 hugepages_surp=0 hugepages_size=1048576kB
[305309.961754] Node 0 hugepages_total=0 hugepages_free=0 hugepages_surp=0 hugepages_size=2048kB
[305309.961756] 3371 total pagecache pages
[305309.961757] 0 pages in swap cache
[305309.961758] Free swap  = 0kB
[305309.961759] Total swap = 0kB
[305309.961759] 117960 pages RAM
[305309.961760] 0 pages HighMem/MovableOnly
[305309.961761] 29621 pages reserved
[305309.961762] 0 pages hwpoisoned
[305309.961763] Tasks state (memory values in pages):
[305309.961764] [  pid  ]   uid  tgid total_vm      rss rss_anon rss_file rss_shmem pgtables_bytes swapents oom_score_adj name
[305309.961771] [    196]     0   196    72247     6828     4640     2188         0   114688        0         -1000 multipathd
[305309.961775] [    199]     0   199     6422     1169      534      635         0    65536        0         -1000 systemd-udevd
[305309.961779] [    360]     0   360      929      656      160      496         0    49152        0             0 hv_kvp_daemon
[305309.961781] [    604]   991   604     5409     1311      576      735         0    81920        0             0 systemd-resolve
[305309.961784] [    652]   998   652     4749     1038      288      750         0    81920        0             0 systemd-network
[305309.961787] [    698]   101   698     2479     1144      256      888         0    57344        0          -900 dbus-daemon
[305309.961789] [    704]     0   704     8106     3386     2560      826         0   102400        0             0 networkd-dispat
[305309.961792] [    706]   989   706    77041     1113      224      889         0   106496        0             0 polkitd
[305309.961795] [    724]     0   724     4478     1045      256      789         0    77824        0             0 systemd-logind
[305309.961797] [    728]     0   728   117293     1500      576      924         0   147456        0             0 udisksd
[305309.961800] [    737]   102   737    55627     1408      544      864         0    86016        0             0 rsyslogd
[305309.961803] [    767]     0   767     1806      625       64      561         0    53248        0             0 cron
[305309.961805] [    775]     0   775    27505     3215     2336      879         0   114688        0             0 unattended-upgr
[305309.961808] [    792]     0   792    98022     1366      512      854         0   131072        0             0 ModemManager
[305309.961810] [    801]     0   801     1537      488       32      456         0    49152        0             0 agetty
[305309.961813] [    803]   109   803     2801      772      149      623         0    69632        0             0 chronyd
[305309.961815] [    812]   109   812     2768      251      126      125         0    69632        0             0 chronyd
[305309.961818] [    850]     0   850     1526      486       32      454         0    49152        0             0 agetty
[305309.961820] [    911]     0   911     3005      840      256      584         0    65536        0         -1000 sshd
[305309.961837] [  25774]     0 25774     3684      502      416       86         0    73728        0             0 sshd
[305309.961840] [  25908]  1000 25908     3812      522      488       34         0    77824        0             0 sshd
[305309.961843] [  49936]     0 49936    10246     5735     5696       39         0   118784        0             0 python3
[305309.961846] [  49963]     0 49963   102381     5802     5757       45         0   167936        0             0 python3
[305309.961848] [  50374]     0 50374     8480      462      256      206         0    86016        0          -250 systemd-journal
[305309.961851] [  50538]   990 50538    90604      725      512      213         0   163840        0             0 fwupdmgr
[305309.961854] [  50543]     0 50543    74801    32715    32341      374         0   438272        0             0 fwupd
[305309.961856] oom-kill:constraint=CONSTRAINT_NONE,nodemask=(null),cpuset=/,mems_allowed=0,global_oom,task_memcg=/system.slice/fwupd.service,task=fwupd,pid=50543,uid=0
[305309.961875] Out of memory: Killed process 50543 (fwupd) total-vm:299204kB, anon-rss:129364kB, file-rss:1496kB, shmem-rss:0kB, UID:0 pgtables:428kB oom_score_adj:0
[308726.087701] python3 invoked oom-killer: gfp_mask=0x140cca(GFP_HIGHUSER_MOVABLE|__GFP_COMP), order=0, oom_score_adj=0
[308726.087712] CPU: 0 UID: 0 PID: 49963 Comm: python3 Not tainted 6.11.0-1018-azure #18~24.04.1-[REDACTED_USER]
[308726.087715] Hardware name: Microsoft Corporation Virtual Machine/Virtual Machine, BIOS Hyper-V UEFI Release v4.1 05/13/2024
[308726.087717] Call Trace:
[308726.087720]  <TASK>
[308726.087723]  dump_stack_lvl+0x5b/0x70
[308726.087729]  dump_stack+0x10/0x20
[308726.087731]  dump_header+0x48/0x1d0
[308726.087736]  oom_kill_process+0x10f/0x250
[308726.087739]  ? oom_evaluate_task+0x145/0x1d0
[308726.087743]  out_of_memory+0x102/0x330
[308726.087746]  __alloc_pages_may_oom+0x103/0x1d0
[308726.087751]  __alloc_pages_slowpath.constprop.0+0x3ff/0xa20
[308726.087754]  __alloc_pages_noprof+0x2eb/0x320
[308726.087758]  alloc_pages_mpol_noprof+0xd9/0x1e0
[308726.087763]  folio_alloc_noprof+0x61/0xe0
[308726.087766]  filemap_alloc_folio_noprof+0xe8/0xf0
[308726.087770]  __filemap_get_folio+0x191/0x2e0
[308726.087772]  filemap_fault+0x159/0x9a0
[308726.087775]  __do_fault+0x39/0x190
[308726.087777]  do_read_fault+0x111/0x1d0
[308726.087779]  do_fault+0x136/0x260
[308726.087781]  handle_pte_fault+0x74/0x1b0
[308726.087784]  __handle_mm_fault+0x31f/0x760
[308726.087787]  handle_mm_fault+0x107/0x2c0
[308726.087789]  do_user_addr_fault+0x1b9/0x800
[308726.087793]  exc_page_fault+0x82/0x180
[308726.087798]  asm_exc_page_fault+0x27/0x30
[308726.087801] RIP: 0033:0x715f102986b0
[308726.087807] Code: Unable to access opcode bytes at 0x715f10298686.
[308726.087809] RSP: 002b:00007ffe15c135c8 EFLAGS: 00010206
[308726.087811] RAX: 0000000000000000 RBX: 0000000000b495d8 RCX: 0000715f10298fd7
[308726.087814] RDX: 00007ffe15c13640 RSI: 0000715f1029b4b0 RDI: 00007ffe15c13620
[308726.087815] RBP: 00007ffe15c136a0 R08: 0019191b1947b553 R09: 0000000000000001
[308726.087817] R10: 00007ffe15c13620 R11: 0000000000b495ec R12: 0000000000b495fc
[308726.087818] R13: 0000000000000000 R14: 0000000000b49608 R15: 0000000000b49604
[308726.087820]  </TASK>
[308726.087822] Mem-Info:
[308726.087823] active_anon:26316 inactive_anon:29910 isolated_anon:0
                 active_file:28 inactive_file:90 isolated_file:0
                 unevictable:7597 dirty:0 writeback:0
                 slab_reclaimable:2659 slab_unreclaimable:10465
                 mapped:2192 shmem:1021 pagetables:754
                 sec_pagetables:0 bounce:0
                 kernel_misc_reclaimable:0
                 free:1114 free_pcp:59 free_cma:0
[308726.087828] Node 0 active_anon:105264kB inactive_anon:119640kB active_file:112kB inactive_file:360kB unevictable:30388kB isolated(anon):0kB isolated(file):0kB mapped:8768kB dirty:0kB writeback:0kB shmem:4084kB shmem_thp:0kB shmem_pmdmapped:0kB anon_thp:0kB writeback_tmp:0kB kernel_stack:2192kB pagetables:3016kB sec_pagetables:0kB all_unreclaimable? no
[308726.087833] Node 0 DMA free:1388kB boost:0kB min:104kB low:128kB high:152kB reserved_highatomic:0KB active_anon:9680kB inactive_anon:2740kB active_file:0kB inactive_file:4kB unevictable:0kB writepending:0kB present:15996kB managed:15360kB mlocked:0kB bounce:0kB free_pcp:8kB local_pcp:8kB free_cma:0kB
[308726.087838] lowmem_reserve[]: 0 323 323 323 323
[308726.087842] Node 0 DMA32 free:3068kB boost:5044kB min:7288kB low:7848kB high:8408kB reserved_highatomic:0KB active_anon:95584kB inactive_anon:116900kB active_file:112kB inactive_file:356kB unevictable:30388kB writepending:0kB present:455844kB managed:337996kB mlocked:27316kB bounce:0kB free_pcp:228kB local_pcp:228kB free_cma:0kB
[308726.087848] lowmem_reserve[]: 0 0 0 0 0
[308726.087857] Node 0 DMA: 18*4kB (U) 11*8kB (U) 7*16kB (U) 1*32kB (U) 1*64kB (M) 0*128kB 0*256kB 0*512kB 1*1024kB (M) 0*2048kB 0*4096kB = 1392kB
[308726.087869] Node 0 DMA32: 1*4kB (U) 9*8kB (UE) 77*16kB (U) 55*32kB (UE) 0*64kB 0*128kB 0*256kB 0*512kB 0*1024kB 0*2048kB 0*4096kB = 3068kB
[308726.087880] Node 0 hugepages_total=0 hugepages_free=0 hugepages_surp=0 hugepages_size=1048576kB
[308726.087882] Node 0 hugepages_total=0 hugepages_free=0 hugepages_surp=0 hugepages_size=2048kB
[308726.087884] 3340 total pagecache pages
[308726.087885] 0 pages in swap cache
[308726.087886] Free swap  = 0kB
[308726.087887] Total swap = 0kB
[308726.087888] 117960 pages RAM
[308726.087889] 0 pages HighMem/MovableOnly
[308726.087890] 29621 pages reserved
[308726.087891] 0 pages hwpoisoned
[308726.087892] Tasks state (memory values in pages):
[308726.087893] [  pid  ]   uid  tgid total_vm      rss rss_anon rss_file rss_shmem pgtables_bytes swapents oom_score_adj name
[308726.087901] [    196]     0   196    72247     6828     4640     2188         0   114688        0         -1000 multipathd
[308726.087904] [    199]     0   199     6422     1188      534      654         0    65536        0         -1000 systemd-udevd
[308726.087908] [    360]     0   360      929      656      160      496         0    49152        0             0 hv_kvp_daemon
[308726.087911] [    604]   991   604     5409     1331      576      755         0    81920        0             0 systemd-resolve
[308726.087914] [    652]   998   652     4749     1039      288      751         0    81920        0             0 systemd-network
[308726.087916] [    698]   101   698     2479     1160      256      904         0    57344        0          -900 dbus-daemon
[308726.087919] [    704]     0   704     8106     3386     2560      826         0   102400        0             0 networkd-dispat
[308726.087921] [    706]   989   706    77041     1110      224      886         0   106496        0             0 polkitd
[308726.087924] [    724]     0   724     4478     1038      256      782         0    77824        0             0 systemd-logind
[308726.087927] [    728]     0   728   117293     1476      576      900         0   147456        0             0 udisksd
[308726.087929] [    737]   102   737    55627     1416      576      840         0    86016        0             0 rsyslogd
[308726.087933] [    767]     0   767     1806      625       64      561         0    53248        0             0 cron
[308726.087935] [    775]     0   775    27505     3215     2336      879         0   114688        0             0 unattended-upgr
[308726.087938] [    792]     0   792    98022     1366      512      854         0   131072        0             0 ModemManager
[308726.087940] [    801]     0   801     1537      488       32      456         0    49152        0             0 agetty
[308726.087942] [    803]   109   803     2801      773      149      624         0    69632        0             0 chronyd
[308726.087944] [    812]   109   812     2768      251      126      125         0    69632        0             0 chronyd
[308726.087947] [    850]     0   850     1526      486       32      454         0    49152        0             0 agetty
[308726.087949] [    911]     0   911     3005      841      256      585         0    65536        0         -1000 sshd
[308726.087953] [  25774]     0 25774     3684      502      416       86         0    73728        0             0 sshd
[308726.087955] [  25908]  1000 25908     3812      550      488       62         0    77824        0             0 sshd
[308726.087958] [  49936]     0 49936    10246     5735     5696       39         0   118784        0             0 python3
[308726.087961] [  49963]     0 49963   102381     5801     5767       34         0   167936        0             0 python3
[308726.087963] [  50374]     0 50374     8480      461      256      205         0    90112        0          -250 systemd-journal
[308726.087966] [  51358]   990 51358    90604      707      512      195         0   167936        0             0 fwupdmgr
[308726.087969] [  51363]     0 51363    74834    32787    32407      380         0   438272        0             0 fwupd
[308726.087971] oom-kill:constraint=CONSTRAINT_NONE,nodemask=(null),cpuset=/,mems_allowed=0,global_oom,task_memcg=/system.slice/fwupd.service,task=fwupd,pid=51363,uid=0
[308726.087987] Out of memory: Killed process 51363 (fwupd) total-vm:299336kB, anon-rss:129628kB, file-rss:1520kB, shmem-rss:0kB, UID:0 pgtables:428kB oom_score_adj:0
[313328.668610] gmain invoked oom-killer: gfp_mask=0x140cca(GFP_HIGHUSER_MOVABLE|__GFP_COMP), order=0, oom_score_adj=0
[313328.668622] CPU: 0 UID: 0 PID: 51749 Comm: gmain Not tainted 6.11.0-1018-azure #18~24.04.1-[REDACTED_USER]
[313328.668625] Hardware name: Microsoft Corporation Virtual Machine/Virtual Machine, BIOS Hyper-V UEFI Release v4.1 05/13/2024
[313328.668628] Call Trace:
[313328.668630]  <TASK>
[313328.668633]  dump_stack_lvl+0x5b/0x70
[313328.668639]  dump_stack+0x10/0x20
[313328.668641]  dump_header+0x48/0x1d0
[313328.668647]  oom_kill_process+0x10f/0x250
[313328.668650]  ? oom_evaluate_task+0x145/0x1d0
[313328.668653]  out_of_memory+0x102/0x330
[313328.668656]  __alloc_pages_may_oom+0x103/0x1d0
[313328.668660]  __alloc_pages_slowpath.constprop.0+0x3ff/0xa20
[313328.668663]  __alloc_pages_noprof+0x2eb/0x320
[313328.668667]  alloc_pages_mpol_noprof+0xd9/0x1e0
[313328.668672]  folio_alloc_noprof+0x61/0xe0
[313328.668675]  filemap_alloc_folio_noprof+0xe8/0xf0
[313328.668679]  __filemap_get_folio+0x191/0x2e0
[313328.668682]  filemap_fault+0x159/0x9a0
[313328.668683]  ? folio_add_file_rmap_ptes+0x40/0xb0
[313328.668688]  __do_fault+0x39/0x190
[313328.668690]  do_read_fault+0x111/0x1d0
[313328.668692]  do_fault+0x136/0x260
[313328.668694]  handle_pte_fault+0x74/0x1b0
[313328.668697]  __handle_mm_fault+0x31f/0x760
[313328.668699]  handle_mm_fault+0x107/0x2c0
[313328.668702]  do_user_addr_fault+0x1b9/0x800
[313328.668705]  exc_page_fault+0x82/0x180
[313328.668711]  asm_exc_page_fault+0x27/0x30
[313328.668714] RIP: 0033:0x750d76d1b4fd
[313328.668719] Code: Unable to access opcode bytes at 0x750d76d1b4d3.
[313328.668721] RSP: 002b:0000750d72bfe9a0 EFLAGS: 00010293
[313328.668723] RAX: 0000000000000000 RBX: 000063a2530f3dd0 RCX: 0000750d76d1b4fd
[313328.668725] RDX: 00000000000008de RSI: 0000000000000002 RDI: 000063a2530f3f60
[313328.668727] RBP: 0000750d72bfe9c0 R08: 0000000000000000 R09: 000000007fffffff
[313328.668728] R10: 000063a2530f3dd0 R11: 0000000000000293 R12: 000000007fffffff
[313328.668730] R13: 0000750d76ea0c10 R14: 0000000000000002 R15: 000063a2530f3f60
[313328.668732]  </TASK>
[313328.668733] Mem-Info:
[313328.668735] active_anon:31459 inactive_anon:24764 isolated_anon:0
                 active_file:48 inactive_file:136 isolated_file:0
                 unevictable:7597 dirty:0 writeback:0
                 slab_reclaimable:2656 slab_unreclaimable:10463
                 mapped:2192 shmem:1021 pagetables:752
                 sec_pagetables:0 bounce:0
                 kernel_misc_reclaimable:0
                 free:1113 free_pcp:29 free_cma:0
[313328.668741] Node 0 active_anon:125836kB inactive_anon:99056kB active_file:192kB inactive_file:544kB unevictable:30388kB isolated(anon):0kB isolated(file):0kB mapped:8768kB dirty:0kB writeback:0kB shmem:4084kB shmem_thp:0kB shmem_pmdmapped:0kB anon_thp:0kB writeback_tmp:0kB kernel_stack:2144kB pagetables:3008kB sec_pagetables:0kB all_unreclaimable? yes
[313328.668745] Node 0 DMA free:1396kB boost:0kB min:104kB low:128kB high:152kB reserved_highatomic:0KB active_anon:3236kB inactive_anon:9196kB active_file:0kB inactive_file:0kB unevictable:0kB writepending:0kB present:15996kB managed:15360kB mlocked:0kB bounce:0kB free_pcp:0kB local_pcp:0kB free_cma:0kB
[313328.668751] lowmem_reserve[]: 0 323 323 323 323
[313328.668755] Node 0 DMA32 free:3056kB boost:5044kB min:7288kB low:7848kB high:8408kB reserved_highatomic:0KB active_anon:122600kB inactive_anon:89860kB active_file:192kB inactive_file:544kB unevictable:30388kB writepending:0kB present:455844kB managed:337996kB mlocked:27316kB bounce:0kB free_pcp:116kB local_pcp:116kB free_cma:0kB
[313328.668760] lowmem_reserve[]: 0 0 0 0 0
[313328.668764] Node 0 DMA: 19*4kB (U) 11*8kB (U) 7*16kB (U) 1*32kB (U) 1*64kB (M) 0*128kB 0*256kB 0*512kB 1*1024kB (M) 0*2048kB 0*4096kB = 1396kB
[313328.668777] Node 0 DMA32: 40*4kB (UE) 7*8kB (UE) 54*16kB (U) 61*32kB (UE) 0*64kB 0*128kB 0*256kB 0*512kB 0*1024kB 0*2048kB 0*4096kB = 3032kB
[313328.668788] Node 0 hugepages_total=0 hugepages_free=0 hugepages_surp=0 hugepages_size=1048576kB
[313328.668790] Node 0 hugepages_total=0 hugepages_free=0 hugepages_surp=0 hugepages_size=2048kB
[313328.668792] 3388 total pagecache pages
[313328.668794] 0 pages in swap cache
[313328.668795] Free swap  = 0kB
[313328.668796] Total swap = 0kB
[313328.668797] 117960 pages RAM
[313328.668798] 0 pages HighMem/MovableOnly
[313328.668798] 29621 pages reserved
[313328.668799] 0 pages hwpoisoned
[313328.668800] Tasks state (memory values in pages):
[313328.668801] [  pid  ]   uid  tgid total_vm      rss rss_anon rss_file rss_shmem pgtables_bytes swapents oom_score_adj name
[313328.668807] [    196]     0   196    72247     6828     4640     2188         0   114688        0         -1000 multipathd
[313328.668811] [    199]     0   199     6422     1173      534      639         0    65536        0         -1000 systemd-udevd
[313328.668815] [    360]     0   360      929      656      160      496         0    49152        0             0 hv_kvp_daemon
[313328.668818] [    604]   991   604     5409     1331      576      755         0    81920        0             0 systemd-resolve
[313328.668820] [    652]   998   652     4749     1039      288      751         0    81920        0             0 systemd-network
[313328.668824] [    698]   101   698     2479     1144      256      888         0    57344        0          -900 dbus-daemon
[313328.668827] [    704]     0   704     8106     3386     2560      826         0   102400        0             0 networkd-dispat
[313328.668829] [    706]   989   706    77041     1097      224      873         0   106496        0             0 polkitd
[313328.668832] [    724]     0   724     4478     1038      256      782         0    77824        0             0 systemd-logind
[313328.668835] [    728]     0   728   117293     1494      576      918         0   147456        0             0 udisksd
[313328.668838] [    737]   102   737    55627     1439      576      863         0    86016        0             0 rsyslogd
[313328.668840] [    767]     0   767     1806      625       64      561         0    53248        0             0 cron
[313328.668843] [    775]     0   775    27505     3215     2336      879         0   114688        0             0 unattended-upgr
[313328.668845] [    792]     0   792    98022     1366      512      854         0   131072        0             0 ModemManager
[313328.668847] [    801]     0   801     1537      488       32      456         0    49152        0             0 agetty
[313328.668850] [    803]   109   803     2801      777      149      628         0    69632        0             0 chronyd
[313328.668852] [    812]   109   812     2768      251      126      125         0    69632        0             0 chronyd
[313328.668854] [    850]     0   850     1526      486       32      454         0    49152        0             0 agetty
[313328.668857] [    911]     0   911     3005      865      256      609         0    65536        0         -1000 sshd
[313328.668859] [  25774]     0 25774     3684      502      416       86         0    73728        0             0 sshd
[313328.668862] [  25908]  1000 25908     3812      539      488       51         0    77824        0             0 sshd
[313328.668865] [  49936]     0 49936    10246     5735     5696       39         0   118784        0             0 python3
[313328.668867] [  49963]     0 49963   102381     5827     5772       55         0   167936        0             0 python3
[313328.668870] [  50374]     0 50374     8480      440      256      184         0    90112        0          -250 systemd-journal
[313328.668873] [  51743]   990 51743    90604      720      512      208         0   167936        0             0 fwupdmgr
[313328.668875] [  51748]     0 51748    74867    32792    32405      387         0   430080        0             0 fwupd
[313328.668877] oom-kill:constraint=CONSTRAINT_NONE,nodemask=(null),cpuset=/,mems_allowed=0,global_oom,task_memcg=/system.slice/fwupd.service,task=fwupd,pid=51748,uid=0
[313328.668892] Out of memory: Killed process 51748 (fwupd) total-vm:299468kB, anon-rss:129620kB, file-rss:1548kB, shmem-rss:0kB, UID:0 pgtables:420kB oom_score_adj:0
[318167.419645] sshd invoked oom-killer: gfp_mask=0x140cca(GFP_HIGHUSER_MOVABLE|__GFP_COMP), order=0, oom_score_adj=-1000
[318167.419657] CPU: 0 UID: 0 PID: 911 Comm: sshd Not tainted 6.11.0-1018-azure #18~24.04.1-[REDACTED_USER]
[318167.419660] Hardware name: Microsoft Corporation Virtual Machine/Virtual Machine, BIOS Hyper-V UEFI Release v4.1 05/13/2024
[318167.419663] Call Trace:
[318167.419666]  <TASK>
[318167.419669]  dump_stack_lvl+0x5b/0x70
[318167.419676]  dump_stack+0x10/0x20
[318167.419678]  dump_header+0x48/0x1d0
[318167.419685]  oom_kill_process+0x10f/0x250
[318167.419687]  ? oom_evaluate_task+0x145/0x1d0
[318167.419691]  out_of_memory+0x102/0x330
[318167.419694]  __alloc_pages_may_oom+0x103/0x1d0
[318167.419699]  __alloc_pages_slowpath.constprop.0+0x3ff/0xa20
[318167.419702]  __alloc_pages_noprof+0x2eb/0x320
[318167.419706]  alloc_pages_mpol_noprof+0xd9/0x1e0
[318167.419710]  folio_alloc_noprof+0x61/0xe0
[318167.419713]  filemap_alloc_folio_noprof+0xe8/0xf0
[318167.419717]  __filemap_get_folio+0x191/0x2e0
[318167.419719]  filemap_fault+0x159/0x9a0
[318167.419721]  ? folio_add_file_rmap_ptes+0x40/0xb0
[318167.419725]  __do_fault+0x39/0x190
[318167.419727]  do_read_fault+0x111/0x1d0
[318167.419729]  do_fault+0x136/0x260
[318167.419731]  handle_pte_fault+0x74/0x1b0
[318167.419734]  __handle_mm_fault+0x31f/0x760
[318167.419736]  handle_mm_fault+0x107/0x2c0
[318167.419739]  do_user_addr_fault+0x1b9/0x800
[318167.419742]  exc_page_fault+0x82/0x180
[318167.419747]  asm_exc_page_fault+0x27/0x30
[318167.419750] RIP: 0033:0x614f0ddfcfff
[318167.419756] Code: Unable to access opcode bytes at 0x614f0ddfcfd5.
[318167.419757] RSP: 002b:00007ffded179d00 EFLAGS: 00010206
[318167.419761] RAX: 0000614f3b26b9a0 RBX: 0000000000000009 RCX: 0000000000000050
[318167.419762] RDX: 0000000000000048 RSI: 0000000000000000 RDI: 0000000000000007
[318167.419764] RBP: 00007ffded179d10 R08: 0000614f3b222010 R09: 00007c84daa03ad8
[318167.419765] R10: 0000614f0de57fe0 R11: 0000000000000013 R12: 0000614f0de63970
[318167.419767] R13: 0000000000000005 R14: 000000000000cd9d R15: 0000000000000001
[318167.419769]  </TASK>
[318167.419771] Mem-Info:
[318167.419772] active_anon:31463 inactive_anon:24677 isolated_anon:0
                 active_file:45 inactive_file:52 isolated_file:0
                 unevictable:7597 dirty:0 writeback:0
                 slab_reclaimable:2673 slab_unreclaimable:10470
                 mapped:2193 shmem:1022 pagetables:824
                 sec_pagetables:0 bounce:0
                 kernel_misc_reclaimable:0
                 free:1139 free_pcp:17 free_cma:0
[318167.419777] Node 0 active_anon:125852kB inactive_anon:98708kB active_file:180kB inactive_file:208kB unevictable:30388kB isolated(anon):0kB isolated(file):0kB mapped:8772kB dirty:0kB writeback:0kB shmem:4088kB shmem_thp:0kB shmem_pmdmapped:0kB anon_thp:0kB writeback_tmp:0kB kernel_stack:2272kB pagetables:3296kB sec_pagetables:0kB all_unreclaimable? no
[318167.419782] Node 0 DMA free:1376kB boost:0kB min:104kB low:128kB high:152kB reserved_highatomic:0KB active_anon:3808kB inactive_anon:8564kB active_file:0kB inactive_file:4kB unevictable:0kB writepending:0kB present:15996kB managed:15360kB mlocked:0kB bounce:0kB free_pcp:12kB local_pcp:12kB free_cma:0kB
[318167.419787] lowmem_reserve[]: 0 323 323 323 323
[318167.419792] Node 0 DMA32 free:3180kB boost:5044kB min:7288kB low:7848kB high:8408kB reserved_highatomic:0KB active_anon:122036kB inactive_anon:90152kB active_file:180kB inactive_file:200kB unevictable:30388kB writepending:0kB present:455844kB managed:337996kB mlocked:27316kB bounce:0kB free_pcp:56kB local_pcp:56kB free_cma:0kB
[318167.419797] lowmem_reserve[]: 0 0 0 0 0
[318167.419801] Node 0 DMA: 14*4kB (U) 11*8kB (U) 7*16kB (UM) 1*32kB (U) 1*64kB (M) 0*128kB 4*256kB (M) 0*512kB 0*1024kB 0*2048kB 0*4096kB = 1376kB
[318167.419813] Node 0 DMA32: 0*4kB 41*8kB (UE) 85*16kB (UE) 46*32kB (UE) 0*64kB 0*128kB 0*256kB 0*512kB 0*1024kB 0*2048kB 0*4096kB = 3160kB
[318167.419824] Node 0 hugepages_total=0 hugepages_free=0 hugepages_surp=0 hugepages_size=1048576kB
[318167.419826] Node 0 hugepages_total=0 hugepages_free=0 hugepages_surp=0 hugepages_size=2048kB
[318167.419828] 3318 total pagecache pages
[318167.419829] 0 pages in swap cache
[318167.419837] Free swap  = 0kB
[318167.419838] Total swap = 0kB
[318167.419839] 117960 pages RAM
[318167.419840] 0 pages HighMem/MovableOnly
[318167.419840] 29621 pages reserved
[318167.419841] 0 pages hwpoisoned
[318167.419842] Tasks state (memory values in pages):
[318167.419843] [  pid  ]   uid  tgid total_vm      rss rss_anon rss_file rss_shmem pgtables_bytes swapents oom_score_adj name
[318167.419850] [    196]     0   196    72247     6828     4640     2188         0   114688        0         -1000 multipathd
[318167.419854] [    199]     0   199     6422     1188      534      654         0    65536        0         -1000 systemd-udevd
[318167.419858] [    360]     0   360      929      656      160      496         0    49152        0             0 hv_kvp_daemon
[318167.419862] [    604]   991   604     5409     1330      576      754         0    81920        0             0 systemd-resolve
[318167.419864] [    652]   998   652     4749     1039      288      751         0    81920        0             0 systemd-network
[318167.419867] [    698]   101   698     2479     1153      256      897         0    57344        0          -900 dbus-daemon
[318167.419870] [    704]     0   704     8106     3386     2560      826         0   102400        0             0 networkd-dispat
[318167.419872] [    706]   989   706    77041     1109      224      885         0   106496        0             0 polkitd
[318167.419875] [    724]     0   724     4549     1065      256      809         0    77824        0             0 systemd-logind
[318167.419878] [    728]     0   728   117293     1492      576      916         0   147456        0             0 udisksd
[318167.419881] [    737]   102   737    55627     1419      576      843         0    86016        0             0 rsyslogd
[318167.419883] [    767]     0   767     1806      625       64      561         0    53248        0             0 cron
[318167.419886] [    775]     0   775    27505     3215     2336      879         0   114688        0             0 unattended-upgr
[318167.419889] [    792]     0   792    98022     1370      512      858         0   131072        0             0 ModemManager
[318167.419891] [    801]     0   801     1537      488       32      456         0    49152        0             0 agetty
[318167.419894] [    803]   109   803     2801      756      149      607         0    69632        0             0 chronyd
[318167.419896] [    812]   109   812     2768      251      126      125         0    69632        0             0 chronyd
[318167.419898] [    850]     0   850     1526      486       32      454         0    49152        0             0 agetty
[318167.419900] [    911]     0   911     3005      851      256      595         0    65536        0         -1000 sshd
[318167.419903] [  49936]     0 49936    10246     5735     5696       39         0   118784        0             0 python3
[318167.419906] [  49963]     0 49963   102381     5855     5795       60         0   167936        0             0 python3
[318167.419909] [  50374]     0 50374    12577      440      256      184         0   102400        0          -250 systemd-journal
[318167.419912] [  52403]     0 52403     3684      482      416       66         0    81920        0             0 sshd
[318167.419915] [  52407]  1000 52407     5101      731      544      187         0    90112        0           100 systemd
[318167.419917] [  52409]  1000 52409     5287      442      431       11         0    77824        0           100 (sd-pam)
[318167.419920] [  52537]  1000 52537     3812      520      488       32         0    81920        0             0 sshd
[318167.419922] [  52627]     0 52627     3005      308      256       52         0    65536        0             0 sshd
[318167.419925] [  52630]   990 52630    90604      718      512      206         0   159744        0             0 fwupdmgr
[318167.419927] [  52635]     0 52635    74075    31360    30998      362         0   417792        0             0 fwupd
[318167.419929] [  52637]     0 52637     3005      542      286      256         0    57344        0             0 sshd
[318167.419932] oom-kill:constraint=CONSTRAINT_NONE,nodemask=(null),cpuset=/,mems_allowed=0,global_oom,task_memcg=/system.slice/fwupd.service,task=fwupd,pid=52635,uid=0
[318167.419947] Out of memory: Killed process 52635 (fwupd) total-vm:296300kB, anon-rss:123992kB, file-rss:1448kB, shmem-rss:0kB, UID:0 pgtables:408kB oom_score_adj:0
[320344.360041] sshd invoked oom-killer: gfp_mask=0x140cca(GFP_HIGHUSER_MOVABLE|__GFP_COMP), order=0, oom_score_adj=0
[320344.360051] CPU: 0 UID: 1000 PID: 52537 Comm: sshd Not tainted 6.11.0-1018-azure #18~24.04.1-[REDACTED_USER]
[320344.360055] Hardware name: Microsoft Corporation Virtual Machine/Virtual Machine, BIOS Hyper-V UEFI Release v4.1 05/13/2024
[320344.360057] Call Trace:
[320344.360059]  <TASK>
[320344.360062]  dump_stack_lvl+0x5b/0x70
[320344.360068]  dump_stack+0x10/0x20
[320344.360070]  dump_header+0x48/0x1d0
[320344.360077]  oom_kill_process+0x10f/0x250
[320344.360080]  ? oom_evaluate_task+0x145/0x1d0
[320344.360083]  out_of_memory+0x102/0x330
[320344.360086]  __alloc_pages_may_oom+0x103/0x1d0
[320344.360090]  __alloc_pages_slowpath.constprop.0+0x3ff/0xa20
[320344.360093]  __alloc_pages_noprof+0x2eb/0x320
[320344.360097]  alloc_pages_mpol_noprof+0xd9/0x1e0
[320344.360102]  folio_alloc_noprof+0x61/0xe0
[320344.360105]  filemap_alloc_folio_noprof+0xe8/0xf0
[320344.360109]  __filemap_get_folio+0x191/0x2e0
[320344.360111]  filemap_fault+0x159/0x9a0
[320344.360113]  ? folio_add_file_rmap_ptes+0x40/0xb0
[320344.360118]  __do_fault+0x39/0x190
[320344.360120]  do_read_fault+0x111/0x1d0
[320344.360122]  do_fault+0x136/0x260
[320344.360124]  handle_pte_fault+0x74/0x1b0
[320344.360126]  __handle_mm_fault+0x31f/0x760
[320344.360129]  handle_mm_fault+0x107/0x2c0
[320344.360132]  do_user_addr_fault+0x1b9/0x800
[320344.360135]  exc_page_fault+0x82/0x180
[320344.360141]  asm_exc_page_fault+0x27/0x30
[320344.360144] RIP: 0033:0x5a48b816df50
[320344.360149] Code: Unable to access opcode bytes at 0x5a48b816df26.
[320344.360150] RSP: 002b:00007ffd8e389b28 EFLAGS: 00010206
[320344.360153] RAX: 0000000000040000 RBX: 00005a48dba2e0d0 RCX: 0000000000000000
[320344.360154] RDX: 0000000000000000 RSI: 0000000000000000 RDI: 00005a48dba2e0d0
[320344.360156] RBP: 00007ffd8e389b50 R08: 000000000004e35c R09: 0000000000000001
[320344.360157] R10: 00007be15ee61080 R11: 0000000000000000 R12: 0000000000040000
[320344.360159] R13: 00007ffd8e389bb0 R14: 00007ffd8e389c80 R15: 0000000000000004
[320344.360163]  </TASK>
[320344.360178] Mem-Info:
[320344.360179] active_anon:26464 inactive_anon:29531 isolated_anon:0
                 active_file:19 inactive_file:101 isolated_file:0
                 unevictable:7597 dirty:0 writeback:0
                 slab_reclaimable:2659 slab_unreclaimable:10462
                 mapped:2192 shmem:1022 pagetables:806
                 sec_pagetables:0 bounce:0
                 kernel_misc_reclaimable:0
                 free:1315 free_pcp:36 free_cma:0
[320344.360185] Node 0 active_anon:105856kB inactive_anon:118124kB active_file:76kB inactive_file:404kB unevictable:30388kB isolated(anon):0kB isolated(file):0kB mapped:8768kB dirty:0kB writeback:0kB shmem:4088kB shmem_thp:0kB shmem_pmdmapped:0kB anon_thp:0kB writeback_tmp:0kB kernel_stack:2224kB pagetables:3224kB sec_pagetables:0kB all_unreclaimable? no
[320344.360190] Node 0 DMA free:1392kB boost:0kB min:104kB low:128kB high:152kB reserved_highatomic:0KB active_anon:11300kB inactive_anon:1124kB active_file:0kB inactive_file:0kB unevictable:0kB writepending:0kB present:15996kB managed:15360kB mlocked:0kB bounce:0kB free_pcp:8kB local_pcp:8kB free_cma:0kB
[320344.360195] lowmem_reserve[]: 0 323 323 323 323
[320344.360199] Node 0 DMA32 free:3868kB boost:5044kB min:7288kB low:7848kB high:8408kB reserved_highatomic:0KB active_anon:94556kB inactive_anon:117000kB active_file:76kB inactive_file:400kB unevictable:30388kB writepending:0kB present:455844kB managed:337996kB mlocked:27316kB bounce:0kB free_pcp:136kB local_pcp:136kB free_cma:0kB
[320344.360205] lowmem_reserve[]: 0 0 0 0 0
[320344.360208] Node 0 DMA: 20*4kB (UM) 12*8kB (UM) 8*16kB (UM) 2*32kB (UM) 0*64kB 0*128kB 0*256kB 0*512kB 1*1024kB (M) 0*2048kB 0*4096kB = 1392kB
[320344.360221] Node 0 DMA32: 68*4kB (U) 27*8kB (U) 106*16kB (U) 52*32kB (UE) 0*64kB 0*128kB 0*256kB 0*512kB 0*1024kB 0*2048kB 0*4096kB = 3848kB
[320344.360232] Node 0 hugepages_total=0 hugepages_free=0 hugepages_surp=0 hugepages_size=1048576kB
[320344.360234] Node 0 hugepages_total=0 hugepages_free=0 hugepages_surp=0 hugepages_size=2048kB
[320344.360236] 3333 total pagecache pages
[320344.360237] 0 pages in swap cache
[320344.360238] Free swap  = 0kB
[320344.360239] Total swap = 0kB
[320344.360240] 117960 pages RAM
[320344.360241] 0 pages HighMem/MovableOnly
[320344.360242] 29621 pages reserved
[320344.360243] 0 pages hwpoisoned
[320344.360244] Tasks state (memory values in pages):
[320344.360245] [  pid  ]   uid  tgid total_vm      rss rss_anon rss_file rss_shmem pgtables_bytes swapents oom_score_adj name
[320344.360251] [    196]     0   196    72247     6828     4640     2188         0   114688        0         -1000 multipathd
[320344.360255] [    199]     0   199     6422     1173      534      639         0    65536        0         -1000 systemd-udevd
[320344.360258] [    360]     0   360      929      656      160      496         0    49152        0             0 hv_kvp_daemon
[320344.360261] [    604]   991   604     5409     1328      576      752         0    81920        0             0 systemd-resolve
[320344.360264] [    652]   998   652     4749     1045      288      757         0    81920        0             0 systemd-network
[320344.360267] [    698]   101   698     2479     1160      256      904         0    57344        0          -900 dbus-daemon
[320344.360270] [    704]     0   704     8106     3386     2560      826         0   102400        0             0 networkd-dispat
[320344.360272] [    706]   989   706    77041     1096      224      872         0   106496        0             0 polkitd
[320344.360275] [    724]     0   724     4549     1038      256      782         0    77824        0             0 systemd-logind
[320344.360278] [    728]     0   728   117293     1475      576      899         0   147456        0             0 udisksd
[320344.360280] [    737]   102   737    55627     1440      576      864         0    86016        0             0 rsyslogd
[320344.360283] [    767]     0   767     1806      625       64      561         0    53248        0             0 cron
[320344.360285] [    775]     0   775    27505     3215     2336      879         0   114688        0             0 unattended-upgr
[320344.360288] [    792]     0   792    98022     1370      512      858         0   131072        0             0 ModemManager
[320344.360290] [    801]     0   801     1537      488       32      456         0    49152        0             0 agetty
[320344.360292] [    803]   109   803     2801      772      149      623         0    69632        0             0 chronyd
[320344.360295] [    812]   109   812     2768      251      126      125         0    69632        0             0 chronyd
[320344.360297] [    850]     0   850     1526      486       32      454         0    49152        0             0 agetty
[320344.360299] [    911]     0   911     3005      855      256      599         0    65536        0         -1000 sshd
[320344.360302] [  49936]     0 49936    10246     5735     5696       39         0   118784        0             0 python3
[320344.360305] [  49963]     0 49963   102381     5856     5806       50         0   167936        0             0 python3
[320344.360307] [  50374]     0 50374    12577      454      256      198         0   102400        0          -250 systemd-journal
[320344.360311] [  52403]     0 52403     3684      482      416       66         0    81920        0             0 sshd
[320344.360313] [  52407]  1000 52407     5101      739      544      195         0    90112        0           100 systemd
[320344.360316] [  52409]  1000 52409     5287      442      431       11         0    77824        0           100 (sd-pam)
[320344.360318] [  52537]  1000 52537     3812      543      488       55         0    81920        0             0 sshd
[320344.360321] [  52850]   990 52850    90604      720      512      208         0   159744        0             0 fwupdmgr
[320344.360323] [  52855]     0 52855    74141    31483    31094      389         0   417792        0             0 fwupd
[320344.360326] [  52857]     0 52857     1901      415       67      348         0    49152        0             0 cron
[320344.360328] oom-kill:constraint=CONSTRAINT_NONE,nodemask=(null),cpuset=/,mems_allowed=0,global_oom,task_memcg=/system.slice/fwupd.service,task=fwupd,pid=52855,uid=0
[320344.360344] Out of memory: Killed process 52855 (fwupd) total-vm:296564kB, anon-rss:124376kB, file-rss:1556kB, shmem-rss:0kB, UID:0 pgtables:408kB oom_score_adj:0
[323296.306749] systemd invoked oom-killer: gfp_mask=0x140cca(GFP_HIGHUSER_MOVABLE|__GFP_COMP), order=0, oom_score_adj=0
[323296.306760] CPU: 0 UID: 0 PID: 1 Comm: systemd Not tainted 6.11.0-1018-azure #18~24.04.1-[REDACTED_USER]
[323296.306763] Hardware name: Microsoft Corporation Virtual Machine/Virtual Machine, BIOS Hyper-V UEFI Release v4.1 05/13/2024
[323296.306765] Call Trace:
[323296.306768]  <TASK>
[323296.306770]  dump_stack_lvl+0x5b/0x70
[323296.306776]  dump_stack+0x10/0x20
[323296.306778]  dump_header+0x48/0x1d0
[323296.306783]  oom_kill_process+0x10f/0x250
[323296.306786]  ? oom_evaluate_task+0x145/0x1d0
[323296.306789]  out_of_memory+0x102/0x330
[323296.306792]  __alloc_pages_may_oom+0x103/0x1d0
[323296.306796]  __alloc_pages_slowpath.constprop.0+0x3ff/0xa20
[323296.306799]  __alloc_pages_noprof+0x2eb/0x320
[323296.306802]  alloc_pages_mpol_noprof+0xd9/0x1e0
[323296.306808]  folio_alloc_noprof+0x61/0xe0
[323296.306810]  filemap_alloc_folio_noprof+0xe8/0xf0
[323296.306814]  __filemap_get_folio+0x191/0x2e0
[323296.306816]  filemap_fault+0x159/0x9a0
[323296.306818]  ? folio_add_file_rmap_ptes+0x40/0xb0
[323296.306822]  __do_fault+0x39/0x190
[323296.306825]  do_read_fault+0x111/0x1d0
[323296.306827]  do_fault+0x136/0x260
[323296.306828]  handle_pte_fault+0x74/0x1b0
[323296.306832]  __handle_mm_fault+0x31f/0x760
[323296.306835]  handle_mm_fault+0x107/0x2c0
[323296.306837]  do_user_addr_fault+0x1b9/0x800
[323296.306841]  exc_page_fault+0x82/0x180
[323296.306845]  asm_exc_page_fault+0x27/0x30
[323296.306849] RIP: 0033:0x70510eeac12c
[323296.306855] Code: Unable to access opcode bytes at 0x70510eeac102.
[323296.306857] RSP: 002b:00007ffcacb39ba0 EFLAGS: 00010202
[323296.306859] RAX: 0000000000000001 RBX: 0000000000000001 RCX: 0000000000000001
[323296.306861] RDX: 000000000000000f RSI: 00005857c3c7c0c0 RDI: 00005857c3a5af90
[323296.306862] RBP: 00007ffcacb39bc0 R08: 0000000000000000 R09: 0000000000000001
[323296.306864] R10: 000070510f3ef080 R11: 0000000000000246 R12: 0000000000000004
[323296.306865] R13: 00005857c3a5a670 R14: 00005857c3a5a410 R15: 0000000000000000
[323296.306867]  </TASK>
[323296.306869] Mem-Info:
[323296.306870] active_anon:37279 inactive_anon:18867 isolated_anon:0
                 active_file:29 inactive_file:65 isolated_file:0
                 unevictable:7597 dirty:0 writeback:0
                 slab_reclaimable:2664 slab_unreclaimable:10458
                 mapped:2192 shmem:1022 pagetables:796
                 sec_pagetables:0 bounce:0
                 kernel_misc_reclaimable:0
                 free:1201 free_pcp:30 free_cma:0
[323296.306876] Node 0 active_anon:149116kB inactive_anon:75468kB active_file:116kB inactive_file:260kB unevictable:30388kB isolated(anon):0kB isolated(file):0kB mapped:8768kB dirty:0kB writeback:0kB shmem:4088kB shmem_thp:0kB shmem_pmdmapped:0kB anon_thp:0kB writeback_tmp:0kB kernel_stack:2208kB pagetables:3184kB sec_pagetables:0kB all_unreclaimable? no
[323296.306881] Node 0 DMA free:1284kB boost:0kB min:104kB low:128kB high:152kB reserved_highatomic:0KB active_anon:11536kB inactive_anon:848kB active_file:8kB inactive_file:40kB unevictable:0kB writepending:0kB present:15996kB managed:15360kB mlocked:0kB bounce:0kB free_pcp:120kB local_pcp:120kB free_cma:0kB
[323296.306886] lowmem_reserve[]: 0 323 323 323 323
[323296.306890] Node 0 DMA32 free:3520kB boost:5044kB min:7288kB low:7848kB high:8408kB reserved_highatomic:0KB active_anon:137580kB inactive_anon:74620kB active_file:108kB inactive_file:220kB unevictable:30388kB writepending:0kB present:455844kB managed:337996kB mlocked:27316kB bounce:0kB free_pcp:0kB local_pcp:0kB free_cma:0kB
[323296.306895] lowmem_reserve[]: 0 0 0 0 0
[323296.306899] Node 0 DMA: 20*4kB (U) 12*8kB (UM) 7*16kB (U) 1*32kB (U) 1*64kB (M) 1*128kB (M) 1*256kB (M) 1*512kB (M) 0*1024kB 0*2048kB 0*4096kB = 1280kB
[323296.306912] Node 0 DMA32: 39*4kB (UE) 3*8kB (UE) 91*16kB (U) 59*32kB (UE) 0*64kB 0*128kB 0*256kB 0*512kB 0*1024kB 0*2048kB 0*4096kB = 3524kB
[323296.306924] Node 0 hugepages_total=0 hugepages_free=0 hugepages_surp=0 hugepages_size=1048576kB
[323296.306926] Node 0 hugepages_total=0 hugepages_free=0 hugepages_surp=0 hugepages_size=2048kB
[323296.306928] 3311 total pagecache pages
[323296.306929] 0 pages in swap cache
[323296.306931] Free swap  = 0kB
[323296.306932] Total swap = 0kB
[323296.306933] 117960 pages RAM
[323296.306934] 0 pages HighMem/MovableOnly
[323296.306935] 29621 pages reserved
[323296.306936] 0 pages hwpoisoned
[323296.306937] Tasks state (memory values in pages):
[323296.306938] [  pid  ]   uid  tgid total_vm      rss rss_anon rss_file rss_shmem pgtables_bytes swapents oom_score_adj name
[323296.306949] [    196]     0   196    72247     6828     4640     2188         0   114688        0         -1000 multipathd
[323296.306954] [    199]     0   199     6422     1188      534      654         0    65536        0         -1000 systemd-udevd
[323296.306957] [    360]     0   360      929      656      160      496         0    49152        0             0 hv_kvp_daemon
[323296.306960] [    604]   991   604     5407     1331      576      755         0    81920        0             0 systemd-resolve
[323296.306963] [    652]   998   652     4749     1039      288      751         0    81920        0             0 systemd-network
[323296.306966] [    698]   101   698     2479     1144      256      888         0    57344        0          -900 dbus-daemon
[323296.306969] [    704]     0   704     8106     3386     2560      826         0   102400        0             0 networkd-dispat
[323296.306972] [    706]   989   706    77041     1097      224      873         0   106496        0             0 polkitd
[323296.306975] [    724]     0   724     4549     1038      256      782         0    77824        0             0 systemd-logind
[323296.306978] [    728]     0   728   117293     1493      576      917         0   147456        0             0 udisksd
[323296.306981] [    737]   102   737    55627     1419      576      843         0    86016        0             0 rsyslogd
[323296.306983] [    767]     0   767     1806      625       64      561         0    53248        0             0 cron
[323296.306986] [    775]     0   775    27505     3215     2336      879         0   114688        0             0 unattended-upgr
[323296.306988] [    792]     0   792    98022     1370      512      858         0   131072        0             0 ModemManager
[323296.306990] [    801]     0   801     1537      488       32      456         0    49152        0             0 agetty
[323296.306993] [    803]   109   803     2801      777      149      628         0    69632        0             0 chronyd
[323296.306995] [    812]   109   812     2768      251      126      125         0    69632        0             0 chronyd
[323296.306997] [    850]     0   850     1526      486       32      454         0    49152        0             0 agetty
[323296.306999] [    911]     0   911     3005      865      256      609         0    65536        0         -1000 sshd
[323296.307002] [  49936]     0 49936    10246     5735     5696       39         0   118784        0             0 python3
[323296.307005] [  49963]     0 49963   102381     5863     5828       35         0   167936        0             0 python3
[323296.307007] [  50374]     0 50374    12577      448      256      192         0   102400        0          -250 systemd-journal
[323296.307011] [  52403]     0 52403     3684      482      416       66         0    81920        0             0 sshd
[323296.307013] [  52407]  1000 52407     5101      739      544      195         0    90112        0           100 systemd
[323296.307016] [  52409]  1000 52409     5287      442      431       11         0    77824        0           100 (sd-pam)
[323296.307019] [  52537]  1000 52537     3812      544      488       56         0    81920        0             0 sshd
[323296.307021] [  53073]   990 53073    90604      720      512      208         0   159744        0             0 fwupdmgr
[323296.307024] [  53078]     0 53078    74240    31604    31254      350         0   425984        0             0 fwupd
[323296.307026] oom-kill:constraint=CONSTRAINT_NONE,nodemask=(null),cpuset=/,mems_allowed=0,global_oom,task_memcg=/system.slice/fwupd.service,task=fwupd,pid=53078,uid=0
[323296.307040] Out of memory: Killed process 53078 (fwupd) total-vm:296960kB, anon-rss:125016kB, file-rss:1400kB, shmem-rss:0kB, UID:0 pgtables:416kB oom_score_adj:0
[329912.826362] dbus-daemon invoked oom-killer: gfp_mask=0x140cca(GFP_HIGHUSER_MOVABLE|__GFP_COMP), order=0, oom_score_adj=-900
[329912.826373] CPU: 0 UID: 101 PID: 698 Comm: dbus-daemon Not tainted 6.11.0-1018-azure #18~24.04.1-[REDACTED_USER]
[329912.826376] Hardware name: Microsoft Corporation Virtual Machine/Virtual Machine, BIOS Hyper-V UEFI Release v4.1 05/13/2024
[329912.826378] Call Trace:
[329912.826381]  <TASK>
[329912.826384]  dump_stack_lvl+0x5b/0x70
[329912.826390]  dump_stack+0x10/0x20
[329912.826392]  dump_header+0x48/0x1d0
[329912.826398]  oom_kill_process+0x10f/0x250
[329912.826401]  ? oom_evaluate_task+0x145/0x1d0
[329912.826404]  out_of_memory+0x102/0x330
[329912.826407]  __alloc_pages_may_oom+0x103/0x1d0
[329912.826411]  __alloc_pages_slowpath.constprop.0+0x3ff/0xa20
[329912.826414]  __alloc_pages_noprof+0x2eb/0x320
[329912.826418]  alloc_pages_mpol_noprof+0xd9/0x1e0
[329912.826423]  folio_alloc_noprof+0x61/0xe0
[329912.826428]  filemap_alloc_folio_noprof+0xe8/0xf0
[329912.826433]  __filemap_get_folio+0x191/0x2e0
[329912.826435]  filemap_fault+0x159/0x9a0
[329912.826437]  ? schedule_hrtimeout_range_clock+0xe1/0x130
[329912.826441]  __do_fault+0x39/0x190
[329912.826443]  do_read_fault+0x111/0x1d0
[329912.826446]  do_fault+0x136/0x260
[329912.826447]  handle_pte_fault+0x74/0x1b0
[329912.826451]  __handle_mm_fault+0x31f/0x760
[329912.826454]  handle_mm_fault+0x107/0x2c0
[329912.826456]  do_user_addr_fault+0x1b9/0x800
[329912.826461]  exc_page_fault+0x82/0x180
[329912.826465]  asm_exc_page_fault+0x27/0x30
[329912.826468] RIP: 0033:0x6049dc29ecb9
[329912.826473] Code: Unable to access opcode bytes at 0x6049dc29ec8f.
[329912.826475] RSP: 002b:00007ffeb6569480 EFLAGS: 00010207
[329912.826477] RAX: 0000000000000000 RBX: 00007ffeb6569930 RCX: 00007ed5d232a007
[329912.826479] RDX: 0000000000000040 RSI: 00007ffeb6569480 RDI: 0000000000000004
[329912.826481] RBP: 00007ffeb65697a0 R08: 001f3c04b9bb9a4b R09: 00fca75622785cc0
[329912.826482] R10: 00000000000061a1 R11: 0000000000000202 R12: 00007ffeb6569930
[329912.826484] R13: 00000000000061a1 R14: 0000000000000001 R15: 00006049f0477e40
[329912.826486]  </TASK>
[329912.826496] Mem-Info:
[329912.826498] active_anon:34371 inactive_anon:21581 isolated_anon:0
                 active_file:137 inactive_file:91 isolated_file:0
                 unevictable:7597 dirty:0 writeback:0
                 slab_reclaimable:2655 slab_unreclaimable:10488
                 mapped:2192 shmem:1022 pagetables:854
                 sec_pagetables:0 bounce:0
                 kernel_misc_reclaimable:0
                 free:1159 free_pcp:14 free_cma:0
[329912.826503] Node 0 active_anon:137484kB inactive_anon:86324kB active_file:548kB inactive_file:364kB unevictable:30388kB isolated(anon):0kB isolated(file):0kB mapped:8768kB dirty:0kB writeback:0kB shmem:4088kB shmem_thp:0kB shmem_pmdmapped:0kB anon_thp:0kB writeback_tmp:0kB kernel_stack:2256kB pagetables:3416kB sec_pagetables:0kB all_unreclaimable? yes
[329912.826509] Node 0 DMA free:1396kB boost:0kB min:104kB low:128kB high:152kB reserved_highatomic:0KB active_anon:1572kB inactive_anon:10860kB active_file:0kB inactive_file:0kB unevictable:0kB writepending:0kB present:15996kB managed:15360kB mlocked:0kB bounce:0kB free_pcp:0kB local_pcp:0kB free_cma:0kB
[329912.826514] lowmem_reserve[]: 0 323 323 323 323
[329912.826518] Node 0 DMA32 free:3240kB boost:5044kB min:7288kB low:7848kB high:8408kB reserved_highatomic:0KB active_anon:135912kB inactive_anon:75464kB active_file:548kB inactive_file:364kB unevictable:30388kB writepending:0kB present:455844kB managed:337996kB mlocked:27316kB bounce:0kB free_pcp:56kB local_pcp:56kB free_cma:0kB
[329912.826524] lowmem_reserve[]: 0 0 0 0 0
[329912.826527] Node 0 DMA: 19*4kB (U) 11*8kB (U) 7*16kB (U) 1*32kB (U) 1*64kB (M) 0*128kB 0*256kB 0*512kB 1*1024kB (M) 0*2048kB 0*4096kB = 1396kB
[329912.826540] Node 0 DMA32: 0*4kB 27*8kB (U) 81*16kB (U) 54*32kB (UE) 0*64kB 0*128kB 0*256kB 0*512kB 0*1024kB 0*2048kB 0*4096kB = 3240kB
[329912.826551] Node 0 hugepages_total=0 hugepages_free=0 hugepages_surp=0 hugepages_size=1048576kB
[329912.826554] Node 0 hugepages_total=0 hugepages_free=0 hugepages_surp=0 hugepages_size=2048kB
[329912.826555] 3433 total pagecache pages
[329912.826556] 0 pages in swap cache
[329912.826557] Free swap  = 0kB
[329912.826558] Total swap = 0kB
[329912.826560] 117960 pages RAM
[329912.826561] 0 pages HighMem/MovableOnly
[329912.826562] 29621 pages reserved
[329912.826563] 0 pages hwpoisoned
[329912.826563] Tasks state (memory values in pages):
[329912.826565] [  pid  ]   uid  tgid total_vm      rss rss_anon rss_file rss_shmem pgtables_bytes swapents oom_score_adj name
[329912.826573] [    196]     0   196    72247     6828     4640     2188         0   114688        0         -1000 multipathd
[329912.826577] [    199]     0   199     6422     1173      534      639         0    65536        0         -1000 systemd-udevd
[329912.826580] [    360]     0   360      929      656      160      496         0    49152        0             0 hv_kvp_daemon
[329912.826583] [    604]   991   604     5407     1331      576      755         0    81920        0             0 systemd-resolve
[329912.826586] [    652]   998   652     4749     1039      288      751         0    81920        0             0 systemd-network
[329912.826588] [    698]   101   698     2479     1160      256      904         0    57344        0          -900 dbus-daemon
[329912.826591] [    704]     0   704     8106     3386     2560      826         0   102400        0             0 networkd-dispat
[329912.826594] [    706]   989   706    77041     1097      224      873         0   106496        0             0 polkitd
[329912.826597] [    724]     0   724     4549     1038      256      782         0    77824        0             0 systemd-logind
[329912.826599] [    728]     0   728   117293     1475      576      899         0   147456        0             0 udisksd
[329912.826602] [    737]   102   737    55627     1435      576      859         0    86016        0             0 rsyslogd
[329912.826604] [    767]     0   767     1806      625       64      561         0    53248        0             0 cron
[329912.826607] [    775]     0   775    27505     3215     2336      879         0   114688        0             0 unattended-upgr
[329912.826610] [    792]     0   792    98022     1370      512      858         0   131072        0             0 ModemManager
[329912.826612] [    801]     0   801     1537      488       32      456         0    49152        0             0 agetty
[329912.826615] [    803]   109   803     2801      762      149      613         0    69632        0             0 chronyd
[329912.826618] [    812]   109   812     2768      251      126      125         0    69632        0             0 chronyd
[329912.826620] [    850]     0   850     1526      486       32      454         0    49152        0             0 agetty
[329912.826622] [    911]     0   911     3005      841      256      585         0    65536        0         -1000 sshd
[329912.826625] [  49936]     0 49936    10246     5735     5696       39         0   118784        0             0 python3
[329912.826628] [  49963]     0 49963   102381     5895     5853       42         0   167936        0             0 python3
[329912.826631] [  50374]     0 50374    12577      468      256      212         0   106496        0          -250 systemd-journal
[329912.826634] [  52403]     0 52403     3684      482      416       66         0    81920        0             0 sshd
[329912.826636] [  52407]  1000 52407     5101      739      544      195         0    90112        0           100 systemd
[329912.826640] [  52409]  1000 52409     5287      442      431       11         0    77824        0           100 (sd-pam)
[329912.826642] [  52537]  1000 52537     3812      527      488       39         0    81920        0             0 sshd
[329912.826645] [  54007]     0 54007     3005      324      256       68         0    69632        0             0 sshd
[329912.826648] [  54008]   105 54008     3037      266      251       15         0    69632        0             0 sshd
[329912.826650] [  54018]     0 54018     3005      334      256       78         0    73728        0             0 sshd
[329912.826652] [  54021]   990 54021    90604      726      512      214         0   155648        0             0 fwupdmgr
[329912.826655] [  54026]     0 54026    73778    30778    30391      387         0   413696        0             0 fwupd
[329912.826658] [  54028]     0 54028      324        0        0        0         0    36864        0             0 sshd
[329912.826660] oom-kill:constraint=CONSTRAINT_NONE,nodemask=(null),cpuset=/,mems_allowed=0,global_oom,task_memcg=/system.slice/fwupd.service,task=fwupd,pid=54026,uid=0
[329912.826675] Out of memory: Killed process 54026 (fwupd) total-vm:295112kB, anon-rss:121564kB, file-rss:1548kB, shmem-rss:0kB, UID:0 pgtables:404kB oom_score_adj:0
[329913.431882] systemd-journald[50374]: Under memory pressure, flushing caches.
[333225.245939] systemd-journald[50374]: Under memory pressure, flushing caches.
[333280.649126] gmain invoked oom-killer: gfp_mask=0x140cca(GFP_HIGHUSER_MOVABLE|__GFP_COMP), order=0, oom_score_adj=0
[333280.649135] CPU: 0 UID: 0 PID: 54392 Comm: gmain Not tainted 6.11.0-1018-azure #18~24.04.1-[REDACTED_USER]
[333280.649139] Hardware name: Microsoft Corporation Virtual Machine/Virtual Machine, BIOS Hyper-V UEFI Release v4.1 05/13/2024
[333280.649141] Call Trace:
[333280.649143]  <TASK>
[333280.649146]  dump_stack_lvl+0x5b/0x70
[333280.649152]  dump_stack+0x10/0x20
[333280.649154]  dump_header+0x48/0x1d0
[333280.649160]  oom_kill_process+0x10f/0x250
[333280.649162]  ? oom_evaluate_task+0x145/0x1d0
[333280.649166]  out_of_memory+0x102/0x330
[333280.649169]  __alloc_pages_may_oom+0x103/0x1d0
[333280.649173]  __alloc_pages_slowpath.constprop.0+0x3ff/0xa20
[333280.649176]  __alloc_pages_noprof+0x2eb/0x320
[333280.649179]  alloc_pages_mpol_noprof+0xd9/0x1e0
[333280.649183]  folio_alloc_noprof+0x61/0xe0
[333280.649186]  filemap_alloc_folio_noprof+0xe8/0xf0
[333280.649190]  __filemap_get_folio+0x191/0x2e0
[333280.649192]  filemap_fault+0x159/0x9a0
[333280.649194]  __do_fault+0x39/0x190
[333280.649196]  do_read_fault+0x111/0x1d0
[333280.649198]  do_fault+0x136/0x260
[333280.649200]  handle_pte_fault+0x74/0x1b0
[333280.649203]  __handle_mm_fault+0x31f/0x760
[333280.649206]  handle_mm_fault+0x107/0x2c0
[333280.649208]  do_user_addr_fault+0x1b9/0x800
[333280.649212]  exc_page_fault+0x82/0x180
[333280.649217]  asm_exc_page_fault+0x27/0x30
[333280.649220] RIP: 0033:0x72f72611b4fd
[333280.649225] Code: Unable to access opcode bytes at 0x72f72611b4d3.
[333280.649226] RSP: 002b:000072f721ffe9a0 EFLAGS: 00010293
[333280.649229] RAX: 0000000000000000 RBX: 0000620dc12a1dd0 RCX: 000072f72611b4fd
[333280.649231] RDX: 00000000000001e6 RSI: 0000000000000002 RDI: 0000620dc12a1f60
[333280.649232] RBP: 000072f721ffe9c0 R08: 0000000000000000 R09: 000000007fffffff
[333280.649234] R10: 0000620dc12a1dd0 R11: 0000000000000293 R12: 000000007fffffff
[333280.649235] R13: 000072f72636ec10 R14: 0000000000000002 R15: 0000620dc12a1f60
[333280.649238]  </TASK>
[333280.649239] Mem-Info:
[333280.649241] active_anon:37071 inactive_anon:18813 isolated_anon:0
                 active_file:32 inactive_file:342 isolated_file:0
                 unevictable:7597 dirty:0 writeback:0
                 slab_reclaimable:2641 slab_unreclaimable:10481
                 mapped:2192 shmem:1022 pagetables:819
                 sec_pagetables:0 bounce:0
                 kernel_misc_reclaimable:0
                 free:1145 free_pcp:29 free_cma:0
[333280.649246] Node 0 active_anon:148284kB inactive_anon:75252kB active_file:128kB inactive_file:1368kB unevictable:30388kB isolated(anon):0kB isolated(file):0kB mapped:8768kB dirty:0kB writeback:0kB shmem:4088kB shmem_thp:0kB shmem_pmdmapped:0kB anon_thp:0kB writeback_tmp:0kB kernel_stack:2208kB pagetables:3276kB sec_pagetables:0kB all_unreclaimable? yes
[333280.649251] Node 0 DMA free:1396kB boost:0kB min:104kB low:128kB high:152kB reserved_highatomic:0KB active_anon:10540kB inactive_anon:1888kB active_file:0kB inactive_file:0kB unevictable:0kB writepending:0kB present:15996kB managed:15360kB mlocked:0kB bounce:0kB free_pcp:0kB local_pcp:0kB free_cma:0kB
[333280.649256] lowmem_reserve[]: 0 323 323 323 323
[333280.649260] Node 0 DMA32 free:3184kB boost:5044kB min:7288kB low:7848kB high:8408kB reserved_highatomic:0KB active_anon:137744kB inactive_anon:73364kB active_file:128kB inactive_file:1368kB unevictable:30388kB writepending:0kB present:455844kB managed:337996kB mlocked:27316kB bounce:0kB free_pcp:116kB local_pcp:116kB free_cma:0kB
[333280.649266] lowmem_reserve[]: 0 0 0 0 0
[333280.649269] Node 0 DMA: 19*4kB (UM) 11*8kB (U) 7*16kB (U) 1*32kB (U) 1*64kB (M) 0*128kB 0*256kB 0*512kB 1*1024kB (M) 0*2048kB 0*4096kB = 1396kB
[333280.649282] Node 0 DMA32: 1*4kB (U) 0*8kB 81*16kB (U) 59*32kB (UE) 0*64kB 0*128kB 0*256kB 0*512kB 0*1024kB 0*2048kB 0*4096kB = 3188kB
[333280.649292] Node 0 hugepages_total=0 hugepages_free=0 hugepages_surp=0 hugepages_size=1048576kB
[333280.649295] Node 0 hugepages_total=0 hugepages_free=0 hugepages_surp=0 hugepages_size=2048kB
[333280.649296] 3578 total pagecache pages
[333280.649297] 0 pages in swap cache
[333280.649299] Free swap  = 0kB
[333280.649300] Total swap = 0kB
[333280.649301] 117960 pages RAM
[333280.649302] 0 pages HighMem/MovableOnly
[333280.649303] 29621 pages reserved
[333280.649304] 0 pages hwpoisoned
[333280.649305] Tasks state (memory values in pages):
[333280.649306] [  pid  ]   uid  tgid total_vm      rss rss_anon rss_file rss_shmem pgtables_bytes swapents oom_score_adj name
[333280.649312] [    196]     0   196    72247     6828     4640     2188         0   114688        0         -1000 multipathd
[333280.649316] [    199]     0   199     6422     1188      534      654         0    65536        0         -1000 systemd-udevd
[333280.649320] [    360]     0   360      929      656      160      496         0    49152        0             0 hv_kvp_daemon
[333280.649323] [    604]   991   604     5378     1333      576      757         0    81920        0             0 systemd-resolve
[333280.649325] [    652]   998   652     4749     1023      288      735         0    81920        0             0 systemd-network
[333280.649328] [    698]   101   698     2479     1132      256      876         0    57344        0          -900 dbus-daemon
[333280.649331] [    704]     0   704     8106     3386     2560      826         0   102400        0             0 networkd-dispat
[333280.649334] [    706]   989   706    77041     1117      224      893         0   106496        0             0 polkitd
[333280.649336] [    724]     0   724     4549     1054      256      798         0    77824        0             0 systemd-logind
[333280.649339] [    728]     0   728   117293     1479      576      903         0   147456        0             0 udisksd
[333280.649342] [    737]   102   737    55627     1419      576      843         0    86016        0             0 rsyslogd
[333280.649344] [    767]     0   767     1806      625       64      561         0    53248        0             0 cron
[333280.649347] [    775]     0   775    27505     3215     2336      879         0   114688        0             0 unattended-upgr
[333280.649349] [    792]     0   792    98022     1370      512      858         0   131072        0             0 ModemManager
[333280.649351] [    801]     0   801     1537      488       32      456         0    49152        0             0 agetty
[333280.649354] [    803]   109   803     2801      773      149      624         0    69632        0             0 chronyd
[333280.649357] [    812]   109   812     2768      251      126      125         0    69632        0             0 chronyd
[333280.649359] [    850]     0   850     1526      486       32      454         0    49152        0             0 agetty
[333280.649362] [    911]     0   911     3005      864      256      608         0    65536        0         -1000 sshd
[333280.649364] [  49936]     0 49936    10246     5735     5696       39         0   118784        0             0 python3
[333280.649367] [  49963]     0 49963   102381     5903     5861       42         0   167936        0             0 python3
[333280.649370] [  50374]     0 50374    10507      459      256      203         0    98304        0          -250 systemd-journal
[333280.649372] [  52403]     0 52403     3684      482      416       66         0    81920        0             0 sshd
[333280.649375] [  52407]  1000 52407     5101      739      544      195         0    90112        0           100 systemd
[333280.649377] [  52409]  1000 52409     5287      442      431       11         0    77824        0           100 (sd-pam)
[333280.649380] [  52537]  1000 52537     3812      536      488       48         0    81920        0             0 sshd
[333280.649382] [  54385]     0 54385     3005      323      256       67         0    73728        0             0 sshd
[333280.649384] [  54386]   990 54386    90604      723      512      211         0   155648        0             0 fwupdmgr
[333280.649387] [  54391]     0 54391    73943    31098    30709      389         0   417792        0             0 fwupd
[333280.649389] [  54394]     0 54394      324        0        0        0         0    36864        0             0 sshd
[333280.649392] oom-kill:constraint=CONSTRAINT_NONE,nodemask=(null),cpuset=/,mems_allowed=0,global_oom,task_memcg=/system.slice/fwupd.service,task=fwupd,pid=54391,uid=0
