[    0.000000] Linux version 6.12.41-gentoo ([REDACTED_USER]@buildkitsandbox) (gcc (Gentoo 14.3.0 p8) 14.3.0, GNU ld (Gentoo 2.44 p4) 2.44.0) #1 SMP PREEMPT_RT Tue Sep 23 21:32:03 -00 2025
[    0.000000] Command line: BOOT_IMAGE=/boot/vmlinuz [REDACTED_USER]=UUID=4f708c84-185d-437b-a03a-7a565f598a23 ro squashfs.part=/dev/disk/by-label/gentoo squashfs.file=gentoo.squashfs persist.part=/dev/disk/by-uuid/42bbab57-7cb0-465f-8ef9-6b34379da7d3 persist.lv=/dev/mapper/[REDACTED_USER]--vg-[REDACTED_USER]--lv persist.mapname=vg
[    0.000000] BIOS-provided physical RAM map:
[    0.000000] BIOS-e820: [mem 0x0000000000000000-0x000000000009efff] usable
[    0.000000] BIOS-e820: [mem 0x000000000009f000-0x000000000009ffff] reserved
[    0.000000] BIOS-e820: [mem 0x0000000000100000-0x0000000009efffff] usable
[    0.000000] BIOS-e820: [mem 0x0000000009f00000-0x0000000009f42fff] ACPI NVS
[    0.000000] BIOS-e820: [mem 0x0000000009f43000-0x000000000affffff] usable
[    0.000000] BIOS-e820: [mem 0x000000000b000000-0x000000000b020fff] reserved
[    0.000000] BIOS-e820: [mem 0x000000000b021000-0x0000000013095fff] usable
[    0.000000] BIOS-e820: [mem 0x0000000013096000-0x000000001309efff] ACPI data
[    0.000000] BIOS-e820: [mem 0x000000001309f000-0x000000002bd33fff] usable
[    0.000000] BIOS-e820: [mem 0x000000002bd34000-0x000000002dad1fff] reserved
[    0.000000] BIOS-e820: [mem 0x000000002dad2000-0x0000000030c24fff] ACPI NVS
[    0.000000] BIOS-e820: [mem 0x0000000030c25000-0x0000000030ca4fff] ACPI data
[    0.000000] BIOS-e820: [mem 0x0000000030ca5000-0x0000000038aaffff] usable
[    0.000000] BIOS-e820: [mem 0x0000000038ab0000-0x0000000038ab0fff] reserved
[    0.000000] BIOS-e820: [mem 0x0000000038ab1000-0x0000000038adafff] usable
[    0.000000] BIOS-e820: [mem 0x0000000038adb000-0x0000000038adbfff] reserved
[    0.000000] BIOS-e820: [mem 0x0000000038adc000-0x0000000044c8cfff] usable
[    0.000000] BIOS-e820: [mem 0x0000000044c8d000-0x0000000044ca1fff] reserved
[    0.000000] BIOS-e820: [mem 0x0000000044ca2000-0x000000005fffffff] usable
[    0.000000] BIOS-e820: [mem 0x0000000060000000-0x000000007fffffff] reserved
[    0.000000] BIOS-e820: [mem 0x00000000c7200000-0x00000000c72fffff] reserved
[    0.000000] BIOS-e820: [mem 0x00000000e0000000-0x00000000efffffff] reserved
[    0.000000] BIOS-e820: [mem 0x00000000fec00000-0x00000000fec00fff] reserved
[    0.000000] BIOS-e820: [mem 0x00000000fec10000-0x00000000fec10fff] reserved
[    0.000000] BIOS-e820: [mem 0x00000000fed80000-0x00000000fed80fff] reserved
[    0.000000] BIOS-e820: [mem 0x00000000fedf1000-0x00000000fedf1fff] reserved
[    0.000000] BIOS-e820: [mem 0x00000000fee00000-0x00000000fee00fff] reserved
[    0.000000] BIOS-e820: [mem 0x0000000100000000-0x000000107dcbffff] usable
[    0.000000] BIOS-e820: [mem 0x000000107dcc0000-0x000000107fffffff] reserved
[    0.000000] BIOS-e820: [mem 0x000000fd00000000-0x000000fd01ffffff] reserved
[    0.000000] NX (Execute Disable) protection: active
[    0.000000] APIC: Static calls initialized
[    0.000000] e820: update [mem 0x1306e018-0x13095657] usable ==> usable
[    0.000000] extended physical RAM map:
[    0.000000] reserve setup_data: [mem 0x0000000000000000-0x000000000009efff] usable
[    0.000000] reserve setup_data: [mem 0x000000000009f000-0x000000000009ffff] reserved
[    0.000000] reserve setup_data: [mem 0x0000000000100000-0x0000000009efffff] usable
[    0.000000] reserve setup_data: [mem 0x0000000009f00000-0x0000000009f42fff] ACPI NVS
[    0.000000] reserve setup_data: [mem 0x0000000009f43000-0x000000000affffff] usable
[    0.000000] reserve setup_data: [mem 0x000000000b000000-0x000000000b020fff] reserved
[    0.000000] reserve setup_data: [mem 0x000000000b021000-0x000000001306e017] usable
[    0.000000] reserve setup_data: [mem 0x000000001306e018-0x0000000013095657] usable
[    0.000000] reserve setup_data: [mem 0x0000000013095658-0x0000000013095fff] usable
[    0.000000] reserve setup_data: [mem 0x0000000013096000-0x000000001309efff] ACPI data
[    0.000000] reserve setup_data: [mem 0x000000001309f000-0x000000002bd33fff] usable
[    0.000000] reserve setup_data: [mem 0x000000002bd34000-0x000000002dad1fff] reserved
[    0.000000] reserve setup_data: [mem 0x000000002dad2000-0x0000000030c24fff] ACPI NVS
[    0.000000] reserve setup_data: [mem 0x0000000030c25000-0x0000000030ca4fff] ACPI data
[    0.000000] reserve setup_data: [mem 0x0000000030ca5000-0x0000000038aaffff] usable
[    0.000000] reserve setup_data: [mem 0x0000000038ab0000-0x0000000038ab0fff] reserved
[    0.000000] reserve setup_data: [mem 0x0000000038ab1000-0x0000000038adafff] usable
[    0.000000] reserve setup_data: [mem 0x0000000038adb000-0x0000000038adbfff] reserved
[    0.000000] reserve setup_data: [mem 0x0000000038adc000-0x0000000044c8cfff] usable
[    0.000000] reserve setup_data: [mem 0x0000000044c8d000-0x0000000044ca1fff] reserved
[    0.000000] reserve setup_data: [mem 0x0000000044ca2000-0x000000005fffffff] usable
[    0.000000] reserve setup_data: [mem 0x0000000060000000-0x000000007fffffff] reserved
[    0.000000] reserve setup_data: [mem 0x00000000c7200000-0x00000000c72fffff] reserved
[    0.000000] reserve setup_data: [mem 0x00000000e0000000-0x00000000efffffff] reserved
[    0.000000] reserve setup_data: [mem 0x00000000fec00000-0x00000000fec00fff] reserved
[    0.000000] reserve setup_data: [mem 0x00000000fec10000-0x00000000fec10fff] reserved
[    0.000000] reserve setup_data: [mem 0x00000000fed80000-0x00000000fed80fff] reserved
[    0.000000] reserve setup_data: [mem 0x00000000fedf1000-0x00000000fedf1fff] reserved
[    0.000000] reserve setup_data: [mem 0x00000000fee00000-0x00000000fee00fff] reserved
[    0.000000] reserve setup_data: [mem 0x0000000100000000-0x000000107dcbffff] usable
[    0.000000] reserve setup_data: [mem 0x000000107dcc0000-0x000000107fffffff] reserved
[    0.000000] reserve setup_data: [mem 0x000000fd00000000-0x000000fd01ffffff] reserved
[    0.000000] efi: EFI v2.7 by HP
[    0.000000] efi: ACPI=0x30ca4000 ACPI 2.0=0x30ca4014 SMBIOS=0x2cff8000 SMBIOS 3.0=0x2cff6000 TPMFinalLog=0x2e4ee000 ESRT=0x2cf7c118 MEMATTR=0x202a7698 INITRD=0x158fc098 RNG=0x30c8c018 TPMEventLog=0x13096018 
[    0.000000] random: crng init done
[    0.000000] efi: Remove mem53: MMIO range=[0xc7200000-0xc72fffff] (1MB) from e820 map
[    0.000000] e820: remove [mem 0xc7200000-0xc72fffff] reserved
[    0.000000] efi: Remove mem54: MMIO range=[0xe0000000-0xefffffff] (256MB) from e820 map
[    0.000000] e820: remove [mem 0xe0000000-0xefffffff] reserved
[    0.000000] efi: Not removing mem55: MMIO range=[0xfec00000-0xfec00fff] (4KB) from e820 map
[    0.000000] efi: Not removing mem56: MMIO range=[0xfec10000-0xfec10fff] (4KB) from e820 map
[    0.000000] efi: Not removing mem57: MMIO range=[0xfed80000-0xfed80fff] (4KB) from e820 map
[    0.000000] efi: Not removing mem58: MMIO range=[0xfedf1000-0xfedf1fff] (4KB) from e820 map
[    0.000000] efi: Not removing mem59: MMIO range=[0xfee00000-0xfee00fff] (4KB) from e820 map
[    0.000000] efi: Remove mem61: MMIO range=[0xfd00000000-0xfd01ffffff] (32MB) from e820 map
[    0.000000] e820: remove [mem 0xfd00000000-0xfd01ffffff] reserved
[    0.000000] SMBIOS 3.5.0 present.
[    0.000000] DMI: HP HP Z6 G5 A Workstation Desktop PC/8B24, BIOS U65 Ver. 01.01.21 08/15/2024
[    0.000000] DMI: Memory slots populated: 2/8
[    0.000000] tsc: Fast TSC calibration using PIT
[    0.000000] tsc: Detected 4493.100 MHz processor
[    0.000502] e820: update [mem 0x00000000-0x00000fff] usable ==> reserved
[    0.000511] e820: remove [mem 0x000a0000-0x000fffff] usable
[    0.000546] last_pfn = 0x107dcc0 max_arch_pfn = 0x10000000000
[    0.000557] MTRR map: 6 entries (3 fixed + 3 variable; max 20), built from 9 variable MTRRs
[    0.000562] x86/PAT: Configuration [0-7]: WB  WC  UC- UC  WB  WP  UC- WT  
[    0.000889] x2apic: enabled by BIOS, switching to x2apic ops
[    0.000894] last_pfn = 0x60000 max_arch_pfn = 0x10000000000
[    0.018032] esrt: Reserving ESRT space from 0x000000002cf7c118 to 0x000000002cf7c150.
[    0.018050] Using GB pages for direct mapping
[    0.024646] Secure boot disabled
[    0.024648] RAMDISK: [mem 0x1309f000-0x13b68fff]
[    0.024665] ACPI: Early table checksum verification disabled
[    0.024669] ACPI: RSDP 0x0000000030CA4014 000024 (v02 HPQOEM)
[    0.024677] ACPI: XSDT 0x0000000030C76188 000154 (v01 HPQOEM SLIC-WKS 00000001 AMD  00000001)
[    0.024692] ACPI: FACP 0x0000000030C82000 00010C (v05 HPQOEM SLIC-WKS 00000001 HP   00000001)
[    0.024708] ACPI: DSDT 0x0000000030C51000 0104D5 (v02 AMD    AMD_EDK2 00000000 INTL 20200717)
[    0.024720] ACPI: FACS 0x0000000030C06000 000040
[    0.024728] ACPI: SSDT 0x0000000030CA2000 00013E (v02 HP     ShmTable 00000001 INTL 20200717)
[    0.024739] ACPI: SSDT 0x0000000030C91000 0009CC (v02 AMD    BOULDERG 00000002 MSFT 04000000)
[    0.024749] ACPI: SSDT 0x0000000030C90000 000065 (v02 AMD    CPMDSM   00000001 INTL 20200717)
[    0.024761] ACPI: SSDT 0x0000000030C8E000 001B53 (v02 AMD    CPMRAS   00000001 INTL 20200717)
[    0.024772] ACPI: BERT 0x0000000030C8D000 000030 (v01 AMD    AMD BERT 00000001 AMD  00000001)
[    0.024783] ACPI: SSDT 0x0000000030C89000 0023DD (v01 HPQOEM Plat_Wmi 00000001 INTL 20200717)
[    0.024791] ACPI: OEMJ 0x0000000030C88000 00003D (v01 HPQOEM SLIC-WKS 00000002 AMD  00000001)
[    0.024802] ACPI: APIC 0x0000000030C87000 00028E (v04 HPQOEM SLIC-WKS 00000000 AMD  00000001)
[    0.024813] ACPI: SSDT 0x0000000030C86000 0004AB (v02 AMD    UcsiAcpi 00001000 INTL 20200717)
[    0.024824] ACPI: OEML 0x0000000030C85000 000028 (v03 HPQOEM SLIC-WKS 00000002 AMD  00000001)
[    0.024833] ACPI: SSDT 0x0000000030C84000 0005FB (v02 HPQOEM Tpm2Tabl 00001000 INTL 20200717)
[    0.024845] ACPI: TPM2 0x0000000030C83000 000034 (v03 HPQOEM SLIC-WKS 00000002 AMD  00000001)
[    0.024856] ACPI: ASF! 0x0000000030C81000 00006E (v32 HPQOEM 8B24     00000001 HP   00000001)
[    0.024868] ACPI: WSMT 0x0000000030C80000 000028 (v01 HPQOEM 8B24     00000001 HP   00000001)
[    0.024879] ACPI: HPET 0x0000000030C7F000 000038 (v01 HPQOEM 8B24     00000001 HP   00000001)
[    0.024888] ACPI: MCFG 0x0000000030C7E000 00003C (v01 HPQOEM 8B24     00000001 HP   00000001)
[    0.024900] ACPI: FPDT 0x0000000030C7D000 000044 (v01 HPQOEM SLIC-WKS 00000002 AMD  00000001)
[    0.024911] ACPI: SSDT 0x0000000030C7A000 002440 (v02 AMD    GPP_PME_ 00000001 INTL 20200717)
[    0.024923] ACPI: SSDT 0x0000000030C77000 002440 (v02 AMD    GPP_PME_ 00000001 INTL 20200717)
[    0.024934] ACPI: SSDT 0x0000000030C73000 002440 (v02 AMD    GPP_PME_ 00000001 INTL 20200717)
[    0.024945] ACPI: SSDT 0x0000000030C70000 002440 (v02 AMD    GPP_PME_ 00000001 INTL 20200717)
[    0.024956] ACPI: SSDT 0x0000000030CA3000 000024 (v01 HP     HPSANIMD 00001000 INTL 20200717)
[    0.024968] ACPI: SSDT 0x0000000030C6F000 000069 (v02 HP     HPCAHWID 00001000 INTL 20200717)
[    0.024977] ACPI: SSDT 0x0000000030C67000 007BAE (v02 AMD    AmdTable 00000001 AMD  00000001)
[    0.024988] ACPI: CRAT 0x0000000030C65000 001D28 (v01 AMD    AmdTable 00000001 AMD  00000001)
[    0.024999] ACPI: CDIT 0x0000000030C64000 000029 (v01 AMD    AmdTable 00000001 AMD  00000001)
[    0.025009] ACPI: HMAT 0x0000000030C63000 0000A4 (v02 AMD    AmdTable 00000001 AMD  00000001)
[    0.025020] ACPI: BDAT 0x0000000030C62000 000030 (v01 AMD    AmdTable 00000000 AMD  00000001)
[    0.025031] ACPI: IVRS 0x0000000030CA1000 0004D4 (v02 AMD    AmdTable 00000001 AMD  00000001)
[    0.025042] ACPI: SSDT 0x0000000030C97000 0097DF (v02 AMD    CPMCMN   00000001 INTL 20200717)
[    0.025053] ACPI: BGRT 0x0000000030C96000 000038 (v01 HPQOEM SLIC-WKS 00000002 AMD  00000001)
[    0.025064] ACPI: SSDT 0x0000000030C93000 0022A2 (v02 AMD    AOD      00000001 INTL 20200717)
[    0.025075] ACPI: SSDT 0x0000000030C92000 000085 (v02 AMD    AmdTable 00000001 INTL 20200717)
[    0.025085] ACPI: SSDT 0x0000000030C50000 0004F8 (v02 AMD    MEMTOOL0 00000002 INTL 20200717)
[    0.025096] ACPI: SSDT 0x0000000030C4F000 000995 (v02 AMD    CPMMSOSC 00000001 INTL 20200717)
[    0.025107] ACPI: SSDT 0x0000000030C4E000 000B6A (v02 AMD    CPMACPV6 00000001 INTL 20200717)
[    0.025117] ACPI: HEST 0x0000000030C2D000 020A14 (v01 AMD    AMD HEST 00000001 AMD  00000001)
[    0.025126] ACPI: Reserving FACP table memory at [mem 0x30c82000-0x30c8210b]
[    0.025131] ACPI: Reserving DSDT table memory at [mem 0x30c51000-0x30c614d4]
[    0.025134] ACPI: Reserving FACS table memory at [mem 0x30c06000-0x30c0603f]
[    0.025138] ACPI: Reserving SSDT table memory at [mem 0x30ca2000-0x30ca213d]
[    0.025142] ACPI: Reserving SSDT table memory at [mem 0x30c91000-0x30c919cb]
[    0.025146] ACPI: Reserving SSDT table memory at [mem 0x30c90000-0x30c90064]
[    0.025150] ACPI: Reserving SSDT table memory at [mem 0x30c8e000-0x30c8fb52]
[    0.025153] ACPI: Reserving BERT table memory at [mem 0x30c8d000-0x30c8d02f]
[    0.025157] ACPI: Reserving SSDT table memory at [mem 0x30c89000-0x30c8b3dc]
[    0.025161] ACPI: Reserving OEMJ table memory at [mem 0x30c88000-0x30c8803c]
[    0.025165] ACPI: Reserving APIC table memory at [mem 0x30c87000-0x30c8728d]
[    0.025169] ACPI: Reserving SSDT table memory at [mem 0x30c86000-0x30c864aa]
[    0.025173] ACPI: Reserving OEML table memory at [mem 0x30c85000-0x30c85027]
[    0.025177] ACPI: Reserving SSDT table memory at [mem 0x30c84000-0x30c845fa]
[    0.025181] ACPI: Reserving TPM2 table memory at [mem 0x30c83000-0x30c83033]
[    0.025185] ACPI: Reserving ASF! table memory at [mem 0x30c81000-0x30c8106d]
[    0.025189] ACPI: Reserving WSMT table memory at [mem 0x30c80000-0x30c80027]
[    0.025193] ACPI: Reserving HPET table memory at [mem 0x30c7f000-0x30c7f037]
[    0.025197] ACPI: Reserving MCFG table memory at [mem 0x30c7e000-0x30c7e03b]
[    0.025201] ACPI: Reserving FPDT table memory at [mem 0x30c7d000-0x30c7d043]
[    0.025204] ACPI: Reserving SSDT table memory at [mem 0x30c7a000-0x30c7c43f]
[    0.025208] ACPI: Reserving SSDT table memory at [mem 0x30c77000-0x30c7943f]
[    0.025212] ACPI: Reserving SSDT table memory at [mem 0x30c73000-0x30c7543f]
[    0.025216] ACPI: Reserving SSDT table memory at [mem 0x30c70000-0x30c7243f]
[    0.025220] ACPI: Reserving SSDT table memory at [mem 0x30ca3000-0x30ca3023]
[    0.025223] ACPI: Reserving SSDT table memory at [mem 0x30c6f000-0x30c6f068]
[    0.025227] ACPI: Reserving SSDT table memory at [mem 0x30c67000-0x30c6ebad]
[    0.025231] ACPI: Reserving CRAT table memory at [mem 0x30c65000-0x30c66d27]
[    0.025235] ACPI: Reserving CDIT table memory at [mem 0x30c64000-0x30c64028]
[    0.025239] ACPI: Reserving HMAT table memory at [mem 0x30c63000-0x30c630a3]
[    0.025243] ACPI: Reserving BDAT table memory at [mem 0x30c62000-0x30c6202f]
[    0.025248] ACPI: Reserving IVRS table memory at [mem 0x30ca1000-0x30ca14d3]
[    0.025252] ACPI: Reserving SSDT table memory at [mem 0x30c97000-0x30ca07de]
[    0.025256] ACPI: Reserving BGRT table memory at [mem 0x30c96000-0x30c96037]
[    0.025260] ACPI: Reserving SSDT table memory at [mem 0x30c93000-0x30c952a1]
[    0.025263] ACPI: Reserving SSDT table memory at [mem 0x30c92000-0x30c92084]
[    0.025267] ACPI: Reserving SSDT table memory at [mem 0x30c50000-0x30c504f7]
[    0.025271] ACPI: Reserving SSDT table memory at [mem 0x30c4f000-0x30c4f994]
[    0.025275] ACPI: Reserving SSDT table memory at [mem 0x30c4e000-0x30c4eb69]
[    0.025279] ACPI: Reserving HEST table memory at [mem 0x30c2d000-0x30c4da13]
[    0.025426] APIC: Switched APIC routing to: cluster x2apic
[    0.025477] No NUMA configuration found
[    0.025478] Faking a node at [mem 0x0000000000000000-0x000000107dcbffff]
[    0.025499] NODE_DATA(0) allocated [mem 0x107dc950c0-0x107dcbffff]
[    0.027586] Zone ranges:
[    0.027587]   DMA      [mem 0x0000000000001000-0x0000000000ffffff]
[    0.027593]   DMA32    [mem 0x0000000001000000-0x00000000ffffffff]
[    0.027599]   Normal   [mem 0x0000000100000000-0x000000107dcbffff]
[    0.027604]   Device   empty
[    0.027606] Movable zone start for each node
[    0.027616] Early memory node ranges
[    0.027618]   node   0: [mem 0x0000000000001000-0x000000000009efff]
[    0.027622]   node   0: [mem 0x0000000000100000-0x0000000009efffff]
[    0.027627]   node   0: [mem 0x0000000009f43000-0x000000000affffff]
[    0.027630]   node   0: [mem 0x000000000b021000-0x0000000013095fff]
[    0.027634]   node   0: [mem 0x000000001309f000-0x000000002bd33fff]
[    0.027638]   node   0: [mem 0x0000000030ca5000-0x0000000038aaffff]
[    0.027642]   node   0: [mem 0x0000000038ab1000-0x0000000038adafff]
[    0.027646]   node   0: [mem 0x0000000038adc000-0x0000000044c8cfff]
[    0.027650]   node   0: [mem 0x0000000044ca2000-0x000000005fffffff]
[    0.027654]   node   0: [mem 0x0000000100000000-0x000000107dcbffff]
[    0.027687] Initmem setup node 0 [mem 0x0000000000001000-0x000000107dcbffff]
[    0.027703] On node 0, zone DMA: 1 pages in unavailable ranges
[    0.027753] On node 0, zone DMA: 97 pages in unavailable ranges
[    0.028320] On node 0, zone DMA32: 67 pages in unavailable ranges
[    0.028785] On node 0, zone DMA32: 33 pages in unavailable ranges
[    0.030163] On node 0, zone DMA32: 9 pages in unavailable ranges
[    0.031339] On node 0, zone DMA32: 20337 pages in unavailable ranges
[    0.031344] On node 0, zone DMA32: 1 pages in unavailable ranges
[    0.032012] On node 0, zone DMA32: 1 pages in unavailable ranges
[    0.033479] On node 0, zone DMA32: 21 pages in unavailable ranges
[    0.260300] On node 0, zone Normal: 9024 pages in unavailable ranges
[    0.260422] ACPI: PM-Timer IO Port: 0x808
[    0.260448] ACPI: X2APIC_NMI (uid[0xffffffff] high level lint[0x1])
[    0.260455] ACPI: LAPIC_NMI (acpi_id[0xff] high level lint[0x1])
[    0.260471] IOAPIC[0]: apic_id 128, version 33, address 0xfec00000, GSI 0-23
[    0.260479] IOAPIC[1]: apic_id 131, version 33, address 0xdf180000, GSI 24-55
[    0.260487] IOAPIC[2]: apic_id 132, version 33, address 0x97180000, GSI 56-87
[    0.260495] IOAPIC[3]: apic_id 130, version 33, address 0xaf180000, GSI 88-119
[    0.260503] IOAPIC[4]: apic_id 129, version 33, address 0xc7180000, GSI 120-151
[    0.260512] ACPI: INT_SRC_OVR (bus 0 bus_irq 0 global_irq 2 dfl dfl)
[    0.260517] ACPI: INT_SRC_OVR (bus 0 bus_irq 9 global_irq 9 low level)
[    0.260531] ACPI: Using ACPI (MADT) for SMP configuration information
[    0.260534] ACPI: HPET id: 0x10228210 base: 0xfed00000
[    0.260549] e820: update [mem 0x1e1fd000-0x1e272fff] usable ==> reserved
[    0.260617] CPU topo: Max. logical packages:   1
[    0.260619] CPU topo: Max. logical dies:       2
[    0.260622] CPU topo: Max. dies per package:   2
[    0.260650] CPU topo: Max. threads per core:   2
[    0.260653] CPU topo: Num. cores per package:    16
[    0.260657] CPU topo: Num. threads per package:  32
[    0.260659] CPU topo: Allowing 32 present CPUs plus 0 hotplug CPUs
[    0.260803] PM: hibernation: Registered nosave memory: [mem 0x00000000-0x00000fff]
[    0.260813] PM: hibernation: Registered nosave memory: [mem 0x0009f000-0x000fffff]
[    0.260820] PM: hibernation: Registered nosave memory: [mem 0x09f00000-0x09f42fff]
[    0.260830] PM: hibernation: Registered nosave memory: [mem 0x0b000000-0x0b020fff]
[    0.260839] PM: hibernation: Registered nosave memory: [mem 0x13096000-0x1309efff]
[    0.260848] PM: hibernation: Registered nosave memory: [mem 0x1e1fd000-0x1e272fff]
[    0.260857] PM: hibernation: Registered nosave memory: [mem 0x2bd34000-0x30ca4fff]
[    0.260865] PM: hibernation: Registered nosave memory: [mem 0x38ab0000-0x38ab0fff]
[    0.260875] PM: hibernation: Registered nosave memory: [mem 0x38adb000-0x38adbfff]
[    0.260881] PM: hibernation: Registered nosave memory: [mem 0x44c8d000-0x44ca1fff]
[    0.260891] PM: hibernation: Registered nosave memory: [mem 0x60000000-0xffffffff]
[    0.260899] [mem 0x80000000-0xfebfffff] available for PCI devices
[    0.260904] Booting paravirtualized kernel on bare hardware
[    0.260907] clocksource: refined-jiffies: mask: 0xffffffff max_cycles: 0xffffffff, max_idle_ns: 6370452778343963 ns
[    0.273377] setup_percpu: NR_CPUS:8192 nr_cpumask_bits:32 nr_cpu_ids:32 nr_node_ids:1
[    0.274738] percpu: Embedded 67 pages/cpu s237568 r8192 d28672 u524288
[    0.274775] pcpu-alloc: s237568 r8192 d28672 u524288 alloc=1*2097152
[    0.274781] pcpu-alloc: [0] 00 01 02 03 [0] 04 05 06 07 
[    0.274803] pcpu-alloc: [0] 08 09 10 11 [0] 12 13 14 15 
[    0.274824] pcpu-alloc: [0] 16 17 18 19 [0] 20 21 22 23 
[    0.274843] pcpu-alloc: [0] 24 25 26 27 [0] 28 29 30 31 
[    0.274951] Kernel command line: BOOT_IMAGE=/boot/vmlinuz [REDACTED_USER]=UUID=4f708c84-185d-437b-a03a-7a565f598a23 ro squashfs.part=/dev/disk/by-label/gentoo squashfs.file=gentoo.squashfs persist.part=/dev/disk/by-uuid/42bbab57-7cb0-465f-8ef9-6b34379da7d3 persist.lv=/dev/mapper/[REDACTED_USER]--vg-[REDACTED_USER]--lv persist.mapname=vg
[    0.275603] Unknown kernel command line parameters "BOOT_IMAGE=/boot/vmlinuz", will be passed to [REDACTED_USER] space.
[    0.280121] Dentry cache hash table entries: 8388608 (order: 14, 67108864 bytes, linear)
[    0.282381] Inode-cache hash table entries: 4194304 (order: 13, 33554432 bytes, linear)
[    0.283398] Fallback order for Node 0: 0 
[    0.283410] Built 1 zonelists, mobility grouping on.  Total pages: 16616553
[    0.283414] Policy zone: Normal
[    0.283601] mem auto-init: stack:all(zero), heap alloc:off, heap free:off
[    0.283634] software IO TLB: area num 32.
[    0.479931] SLUB: HWalign=64, Order=0-3, MinObjects=0, CPUs=32, Nodes=1
[    0.480152] ftrace: allocating 61598 entries in 241 pages
[    0.499283] ftrace: allocated 241 pages with 5 groups
[    0.499920] rcu: Preemptible hierarchical RCU implementation.
[    0.499922] rcu: 	RCU restricting CPUs from NR_CPUS=8192 to nr_cpu_ids=32.
[    0.499925] rcu: 	RCU priority boosting: priority 1 delay 500 ms.
[    0.499928] rcu: 	RCU_SOFTIRQ processing moved to rcuc kthreads.
[    0.499930] 	No expedited grace period (rcu_normal_after_boot).
[    0.499932] 	Trampoline variant of Tasks RCU enabled.
[    0.499933] 	Rude variant of Tasks RCU enabled.
[    0.499934] 	Tracing variant of Tasks RCU enabled.
[    0.499936] rcu: RCU calculated value of scheduler-enlistment delay is 30 jiffies.
[    0.499937] rcu: Adjusting geometry for rcu_fanout_leaf=16, nr_cpu_ids=32
[    0.499983] RCU Tasks: Setting shift to 5 and lim to 1 rcu_task_cb_adjust=1 rcu_task_cpu_ids=32.
[    0.499990] RCU Tasks Rude: Setting shift to 5 and lim to 1 rcu_task_cb_adjust=1 rcu_task_cpu_ids=32.
[    0.499997] RCU Tasks Trace: Setting shift to 5 and lim to 1 rcu_task_cb_adjust=1 rcu_task_cpu_ids=32.
[    0.538018] NR_IRQS: 524544, nr_irqs: 2856, preallocated irqs: 16
[    0.538426] rcu: srcu_init: Setting srcu_struct sizes based on contention.
[    0.538746] kfence: initialized - using 2097152 bytes for 255 objects at 0x(____ptrval____)-0x(____ptrval____)
[    0.538937] Console: colour dummy device 80x25
[    0.538943] printk: legacy console [tty0] enabled
[    0.539036] ACPI: Core revision 20240827
[    0.541146] clocksource: hpet: mask: 0xffffffff max_cycles: 0xffffffff, max_idle_ns: 133484873504 ns
[    0.541162] APIC: Switch to symmetric I/O mode setup
[    0.542930] AMD-Vi: ivrs, add hid:AMDI0020, uid:\_SB.FUR0, rdevid:160
[    0.542935] AMD-Vi: ivrs, add hid:AMDI0020, uid:\_SB.FUR1, rdevid:160
[    0.542940] AMD-Vi: ivrs, add hid:AMDI0020, uid:\_SB.FUR2, rdevid:160
[    0.542944] AMD-Vi: ivrs, add hid:AMDI0020, uid:\_SB.FUR3, rdevid:160
[    0.544327] AMD-Vi: ivrs, add hid:AMDI0020, uid:\_SB.FUR0, rdevid:160
[    0.544332] AMD-Vi: ivrs, add hid:AMDI0020, uid:\_SB.FUR1, rdevid:160
[    0.544338] AMD-Vi: ivrs, add hid:AMDI0020, uid:\_SB.FUR2, rdevid:160
[    0.544343] AMD-Vi: ivrs, add hid:AMDI0020, uid:\_SB.FUR3, rdevid:160
[    0.545756] AMD-Vi: ivrs, add hid:AMDI0020, uid:\_SB.FUR0, rdevid:160
[    0.545762] AMD-Vi: ivrs, add hid:AMDI0020, uid:\_SB.FUR1, rdevid:160
[    0.545767] AMD-Vi: ivrs, add hid:AMDI0020, uid:\_SB.FUR2, rdevid:160
[    0.545773] AMD-Vi: ivrs, add hid:AMDI0020, uid:\_SB.FUR3, rdevid:160
[    0.547202] AMD-Vi: ivrs, add hid:AMDI0020, uid:\_SB.FUR0, rdevid:160
[    0.547207] AMD-Vi: ivrs, add hid:AMDI0020, uid:\_SB.FUR1, rdevid:160
[    0.547213] AMD-Vi: ivrs, add hid:AMDI0020, uid:\_SB.FUR2, rdevid:160
[    0.547218] AMD-Vi: ivrs, add hid:AMDI0020, uid:\_SB.FUR3, rdevid:160
[    0.547222] AMD-Vi: Using global IVHD EFR:0x25bf732fa2295afe, EFR2:0x1d
[    0.548750] ..TIMER: vector=0x30 apic1=0 pin1=2 apic2=-1 pin2=-1
[    0.564498] clocksource: tsc-early: mask: 0xffffffffffffffff max_cycles: 0x40c3f1d22a1, max_idle_ns: 440795335960 ns
[    0.564509] Calibrating delay loop (skipped), value calculated using timer frequency.. 8989.62 BogoMIPS (lpj=14977000)
[    0.564530] x86/cpu: [REDACTED_USER] Mode Instruction Prevention (UMIP) activated
[    0.564654] LVT offset 2 assigned for vector 0xf4
[    0.564690] Last level iTLB entries: 4KB 512, 2MB 512, 4MB 256
[    0.564694] Last level dTLB entries: 4KB 3072, 2MB 3072, 4MB 1536, 1GB 0
[    0.564701] process: using mwait in idle threads
[    0.564707] Spectre V2 : [REDACTED_USER] space: Vulnerable
[    0.564711] Speculative Store Bypass: Vulnerable
[    0.564717] x86/fpu: Supporting XSAVE feature 0x001: 'x87 floating point registers'
[    0.564720] x86/fpu: Supporting XSAVE feature 0x002: 'SSE registers'
[    0.564724] x86/fpu: Supporting XSAVE feature 0x004: 'AVX registers'
[    0.564727] x86/fpu: Supporting XSAVE feature 0x020: 'AVX-512 opmask'
[    0.564729] x86/fpu: Supporting XSAVE feature 0x040: 'AVX-512 Hi256'
[    0.564732] x86/fpu: Supporting XSAVE feature 0x080: 'AVX-512 ZMM_Hi256'
[    0.564735] x86/fpu: Supporting XSAVE feature 0x200: 'Protection Keys [REDACTED_USER] registers'
[    0.564738] x86/fpu: Supporting XSAVE feature 0x800: 'Control-flow [REDACTED_USER] registers'
[    0.564741] x86/fpu: xstate_offset[2]:  576, xstate_sizes[2]:  256
[    0.564746] x86/fpu: xstate_offset[5]:  832, xstate_sizes[5]:   64
[    0.564750] x86/fpu: xstate_offset[6]:  896, xstate_sizes[6]:  512
[    0.564753] x86/fpu: xstate_offset[7]: 1408, xstate_sizes[7]: 1024
[    0.564757] x86/fpu: xstate_offset[9]: 2432, xstate_sizes[9]:    8
[    0.564761] x86/fpu: xstate_offset[11]: 2440, xstate_sizes[11]:   16
[    0.564765] x86/fpu: Enabled xstate features 0xae7, context size is 2456 bytes, using 'compacted' format.
[    0.584958] Freeing SMP alternatives memory: 52K
[    0.584962] pid_max: default: 32768 minimum: 301
[    0.601350] LSM: initializing lsm=capability,yama,ima,evm
[    0.601409] Yama: becoming mindful.
[    0.601608] Mount-cache hash table entries: 131072 (order: 8, 1048576 bytes, linear)
[    0.601641] Mountpoint-cache hash table entries: 131072 (order: 8, 1048576 bytes, linear)
[    0.712207] smpboot: CPU0: AMD Ryzen Threadripper PRO 7955WX 16-Cores (family: 0x19, model: 0x18, stepping: 0x1)
[    0.712804] Performance Events: Fam17h+ 16-deep LBR, core perfctr, AMD PMU driver.
[    0.712857] ... version:                2
[    0.712859] ... bit width:              48
[    0.712861] ... generic registers:      6
[    0.712863] ... value mask:             0000ffffffffffff
[    0.712865] ... max period:             00007fffffffffff
[    0.712867] ... fixed-purpose events:   0
[    0.712869] ... event mask:             000000000000003f
[    0.713159] signal: max sigframe size: 3376
[    0.715569] rcu: Hierarchical SRCU implementation.
[    0.715571] rcu: 	Max phase no-delay instances is 1000.
[    0.715733] Timer migration: 2 hierarchy levels; 8 children per group; 2 crossnode level
[    0.716592] NMI watchdog: Enabled. Permanently consumes one hw-PMU counter.
[    0.717059] smp: Bringing up secondary CPUs ...
[    0.717347] smpboot: x86: Booting SMP configuration:
[    0.717349] .... node  #0, CPUs:        #1  #2  #3  #4  #5  #6  #7  #8  #9 #10 #11 #12 #13 #14 #15 #16 #17 #18 #19 #20 #21 #22 #23 #24 #25 #26 #27 #28 #29 #30 #31
[    0.793174] smp: Brought up 1 node, 32 CPUs
[    0.793174] smpboot: Total of 32 processors activated (287673.00 BogoMIPS)
[    0.794675] Memory: 65148664K/66466212K available (20480K kernel code, 3815K rwdata, 8452K rodata, 3036K init, 4292K bss, 1277928K reserved, 0K cma-reserved)
[    0.794834] devtmpfs: initialized
[    0.794834] x86/mm: Memory block size: 2048MB
[    0.795159] ACPI: PM: Registering ACPI NVS region [mem 0x09f00000-0x09f42fff] (274432 bytes)
[    0.795159] ACPI: PM: Registering ACPI NVS region [mem 0x2dad2000-0x30c24fff] (51720192 bytes)
[    0.795159] clocksource: jiffies: mask: 0xffffffff max_cycles: 0xffffffff, max_idle_ns: 6370867519511994 ns
[    0.795159] futex hash table entries: 8192 (order: 7, 524288 bytes, linear)
[    0.795159] pinctrl core: initialized pinctrl subsystem
[    0.795159] PM: RTC time: 16:06:03, date: 2025-09-24
[    0.795218] NET: Registered PF_NETLINK/PF_ROUTE protocol family
[    0.797878] DMA: preallocated 4096 KiB GFP_KERNEL pool for atomic allocations
[    0.797882] DMA: preallocated 4096 KiB GFP_KERNEL|GFP_DMA pool for atomic allocations
[    0.797884] DMA: preallocated 4096 KiB GFP_KERNEL|GFP_DMA32 pool for atomic allocations
[    0.797901] audit: initializing netlink subsys (disabled)
[    0.797909] audit: type=2000 audit(1758729959.256:1): state=initialized audit_enabled=0 res=1
[    0.797909] thermal_sys: Registered thermal governor 'fair_share'
[    0.797909] thermal_sys: Registered thermal governor 'bang_bang'
[    0.797909] thermal_sys: Registered thermal governor 'step_wise'
[    0.797909] thermal_sys: Registered thermal governor 'user_space'
[    0.797909] cpuidle: using governor menu
[    0.797909] ACPI FADT declares the system doesn't support PCIe ASPM, so disable it
[    0.797909] acpiphp: ACPI Hot Plug PCI Controller Driver version: 0.5
[    0.797916] PCI: ECAM [mem 0xe0000000-0xefffffff] (base 0xe0000000) for domain 0000 [bus 00-ff]
[    0.797927] PCI: Using configuration type 1 for base access
[    0.798001] kprobes: kprobe jump-optimization is enabled. All kprobes are optimized if possible.
[    0.798373] HugeTLB: registered 1.00 GiB page size, pre-allocated 0 pages
[    0.798373] HugeTLB: 16380 KiB vmemmap can be freed for a 1.00 GiB page
[    0.798373] HugeTLB: registered 2.00 MiB page size, pre-allocated 0 pages
[    0.798373] HugeTLB: 28 KiB vmemmap can be freed for a 2.00 MiB page
[    0.800572] cryptd: max_cpu_qlen set to 1000
[    0.801204] raid6: skipped pq benchmark and selected avx512x4
[    0.801204] raid6: using avx512x2 recovery algorithm
[    0.801232] fbcon: Taking over console
[    0.801268] ACPI: Added _OSI(Module Device)
[    0.801269] ACPI: Added _OSI(Processor Device)
[    0.801269] ACPI: Added _OSI(Processor Aggregator Device)
[    0.805283] ACPI: 21 ACPI AML tables successfully acquired and loaded
[    0.807973] ACPI: [Firmware Bug]: BIOS _OSI(Linux) query ignored
[    0.808279] ACPI: EC: EC started
[    0.808280] ACPI: EC: interrupt blocked
[    0.808381] ACPI: EC: EC_CMD/EC_SC=0x66, EC_DATA=0x62
[    0.808382] ACPI: \_SB_.PCI0.LPCB.EC0_: Boot DSDT EC used to handle transactions
[    0.808383] ACPI: Interpreter enabled
[    0.808393] ACPI: PM: (supports S0 S3 S4 S5)
[    0.808394] ACPI: Using IOAPIC for interrupt routing
[    0.808645] HEST: Table parsing has been initialized.
[    0.808715] GHES: APEI firmware first mode is enabled by APEI bit.
[    0.808717] PCI: Using host bridge windows from ACPI; if necessary, use "pci=nocrs" and report a bug
[    0.808718] PCI: Ignoring E820 reservations for host bridge windows
[    0.808892] ACPI: Enabled 8 GPEs in block 00 to 1F
[    0.816105] ACPI: PCI [REDACTED_USER] Bridge [PCI0] (domain 0000 [bus 00-3f])
[    0.816109] acpi PNP0A08:00: _OSC: OS supports [ExtendedConfig ASPM ClockPM Segments MSI EDR HPX-Type3]
[    0.816148] acpi PNP0A08:00: _OSC: platform does not support [SHPCHotplug LTR DPC]
[    0.816208] acpi PNP0A08:00: _OSC: OS now controls [PCIeHotplug PME AER PCIeCapability]
[    0.816209] acpi PNP0A08:00: FADT indicates ASPM is unsupported, using BIOS configuration
[    0.816327] PCI host bridge to bus 0000:00
[    0.816328] pci_bus 0000:00: [REDACTED_USER] bus resource [mem 0xda000000-0xdeffffff window]
[    0.816329] pci_bus 0000:00: [REDACTED_USER] bus resource [mem 0xc8000000-0xd9ffffff window]
[    0.816330] pci_bus 0000:00: [REDACTED_USER] bus resource [mem 0x5e66c200000-0x63fffffffff window]
[    0.816330] pci_bus 0000:00: [REDACTED_USER] bus resource [mem 0x48020200000-0x5e66c1fffff window]
[    0.816331] pci_bus 0000:00: [REDACTED_USER] bus resource [io  0x1000-0x3fff window]
[    0.816332] pci_bus 0000:00: [REDACTED_USER] bus resource [io  0x0000-0x0cf7 window]
[    0.816332] pci_bus 0000:00: [REDACTED_USER] bus resource [io  0x0d00-0x0fff window]
[    0.816333] pci_bus 0000:00: [REDACTED_USER] bus resource [mem 0xfec00000-0xfec01fff window]
[    0.816334] pci_bus 0000:00: [REDACTED_USER] bus resource [mem 0xfed45000-0xfed811ff window]
[    0.816334] pci_bus 0000:00: [REDACTED_USER] bus resource [mem 0xfed81900-0xfed81fff window]
[    0.816335] pci_bus 0000:00: [REDACTED_USER] bus resource [mem 0xfedc0000-0xfedc0fff window]
[    0.816335] pci_bus 0000:00: [REDACTED_USER] bus resource [mem 0xfee01000-0xffffffff window]
[    0.816336] pci_bus 0000:00: [REDACTED_USER] bus resource [bus 00-3f]
[    0.816344] pci 0000:00:00.0: [1022:14a4] type 00 class 0x060000 conventional PCI endpoint
[    0.816399] pci 0000:00:00.2: [1022:149e] type 00 class 0x080600 conventional PCI endpoint
[    0.816445] pci 0000:00:00.3: [1022:14a6] type 00 class 0x080700 PCIe [REDACTED_USER] Complex Event Collector
[    0.816475] pci 0000:00:00.3: enabling Extended Tags
[    0.816580] pci 0000:00:01.0: [1022:149f] type 00 class 0x060000 conventional PCI endpoint
[    0.816617] pci 0000:00:01.1: [1022:14ab] type 01 class 0x060400 PCIe [REDACTED_USER] Port
[    0.816629] pci 0000:00:01.1: PCI bridge to [bus 01]
[    0.816632] pci 0000:00:01.1:   bridge window [io  0x2000-0x2fff]
[    0.816633] pci 0000:00:01.1:   bridge window [mem 0xda000000-0xdb0fffff]
[    0.816637] pci 0000:00:01.1:   bridge window [mem 0x48030000000-0x48041ffffff 64bit pref]
[    0.816687] pci 0000:00:01.1: PME# supported from D0 D3hot D3cold
[    0.816797] pci 0000:00:02.0: [1022:149f] type 00 class 0x060000 conventional PCI endpoint
[    0.816836] pci 0000:00:03.0: [1022:149f] type 00 class 0x060000 conventional PCI endpoint
[    0.816876] pci 0000:00:03.3: [1022:14a5] type 01 class 0x060400 PCIe [REDACTED_USER] Port
[    0.816892] pci 0000:00:03.3: PCI bridge to [bus 02]
[    0.816896] pci 0000:00:03.3:   bridge window [mem 0xdb600000-0xdb6fffff]
[    0.816965] pci 0000:00:03.3: PME# supported from D0 D3hot D3cold
[    0.817086] pci 0000:00:03.5: [1022:14a5] type 01 class 0x060400 PCIe [REDACTED_USER] Port
[    0.817102] pci 0000:00:03.5: PCI bridge to [bus 03]
[    0.817105] pci 0000:00:03.5:   bridge window [io  0x1000-0x1fff]
[    0.817106] pci 0000:00:03.5:   bridge window [mem 0xdb500000-0xdb5fffff]
[    0.817174] pci 0000:00:03.5: PME# supported from D0 D3hot D3cold
[    0.817296] pci 0000:00:03.6: [1022:14a5] type 01 class 0x060400 PCIe [REDACTED_USER] Port
[    0.817312] pci 0000:00:03.6: PCI bridge to [bus 04]
[    0.817316] pci 0000:00:03.6:   bridge window [mem 0xdb400000-0xdb4fffff]
[    0.817384] pci 0000:00:03.6: PME# supported from D0 D3hot D3cold
[    0.817496] pci 0000:00:04.0: [1022:149f] type 00 class 0x060000 conventional PCI endpoint
[    0.817533] pci 0000:00:05.0: [1022:149f] type 00 class 0x060000 conventional PCI endpoint
[    0.817572] pci 0000:00:07.0: [1022:149f] type 00 class 0x060000 conventional PCI endpoint
[    0.817606] pci 0000:00:07.1: [1022:14a7] type 01 class 0x060400 PCIe [REDACTED_USER] Port
[    0.817616] pci 0000:00:07.1: PCI bridge to [bus 05]
[    0.817619] pci 0000:00:07.1:   bridge window [mem 0xdb100000-0xdb3fffff]
[    0.817626] pci 0000:00:07.1: enabling Extended Tags
[    0.817659] pci 0000:00:07.1: PME# supported from D0 D3hot D3cold
[    0.817738] pci 0000:00:14.0: [1022:790b] type 00 class 0x0c0500 conventional PCI endpoint
[    0.817810] pci 0000:00:14.3: [1022:790e] type 00 class 0x060100 conventional PCI endpoint
[    0.817914] pci 0000:00:18.0: [1022:14ad] type 00 class 0x060000 conventional PCI endpoint
[    0.817939] pci 0000:00:18.1: [1022:14ae] type 00 class 0x060000 conventional PCI endpoint
[    0.817965] pci 0000:00:18.2: [1022:14af] type 00 class 0x060000 conventional PCI endpoint
[    0.817990] pci 0000:00:18.3: [1022:14b0] type 00 class 0x060000 conventional PCI endpoint
[    0.818014] pci 0000:00:18.4: [1022:14b1] type 00 class 0x060000 conventional PCI endpoint
[    0.818039] pci 0000:00:18.5: [1022:14b2] type 00 class 0x060000 conventional PCI endpoint
[    0.818065] pci 0000:00:18.6: [1022:14b3] type 00 class 0x060000 conventional PCI endpoint
[    0.818089] pci 0000:00:18.7: [1022:14b4] type 00 class 0x060000 conventional PCI endpoint
[    0.818156] pci 0000:01:00.0: [10de:24b0] type 00 class 0x030000 PCIe Legacy Endpoint
[    0.818164] pci 0000:01:00.0: BAR 0 [mem 0xda000000-0xdaffffff]
[    0.818172] pci 0000:01:00.0: BAR 1 [mem 0x48030000000-0x4803fffffff 64bit pref]
[    0.818178] pci 0000:01:00.0: BAR 3 [mem 0x48040000000-0x48041ffffff 64bit pref]
[    0.818183] pci 0000:01:00.0: BAR 5 [io  0x2000-0x207f]
[    0.818188] pci 0000:01:00.0: ROM [mem 0xfff80000-0xffffffff pref]
[    0.818231] pci 0000:01:00.0: PME# supported from D0 D3hot
[    0.818359] pci 0000:01:00.1: [10de:228b] type 00 class 0x040300 PCIe Endpoint
[    0.818367] pci 0000:01:00.1: BAR 0 [mem 0xdb000000-0xdb003fff]
[    0.818485] pci 0000:00:01.1: PCI bridge to [bus 01]
[    0.818531] pci 0000:00:03.3: PCI bridge to [bus 02]
[    0.818592] pci 0000:03:00.0: [10ec:8168] type 00 class 0x020000 PCIe Endpoint
[    0.818608] pci 0000:03:00.0: BAR 0 [io  0x1000-0x10ff]
[    0.818630] pci 0000:03:00.0: BAR 2 [mem 0xdb504000-0xdb504fff 64bit]
[    0.818644] pci 0000:03:00.0: BAR 4 [mem 0xdb500000-0xdb503fff 64bit]
[    0.818737] pci 0000:03:00.0: supports D1 D2
[    0.818738] pci 0000:03:00.0: PME# supported from D0 D1 D2 D3hot D3cold
[    0.818908] pci 0000:00:03.5: PCI bridge to [bus 03]
[    0.818957] pci 0000:00:03.6: PCI bridge to [bus 04]
[    0.819001] pci 0000:05:00.0: [1022:14ac] type 00 class 0x130000 PCIe Endpoint
[    0.819025] pci 0000:05:00.0: enabling Extended Tags
[    0.819097] pci 0000:05:00.4: [1022:14c9] type 00 class 0x0c0330 PCIe Endpoint
[    0.819105] pci 0000:05:00.4: BAR 0 [mem 0xdb100000-0xdb1fffff 64bit]
[    0.819121] pci 0000:05:00.4: enabling Extended Tags
[    0.819142] pci 0000:05:00.4: PME# supported from D0 D3hot D3cold
[    0.819186] pci 0000:05:00.5: [1022:14ca] type 00 class 0x108000 PCIe Endpoint
[    0.819197] pci 0000:05:00.5: BAR 2 [mem 0xdb200000-0xdb2fffff]
[    0.819206] pci 0000:05:00.5: BAR 5 [mem 0xdb348000-0xdb349fff]
[    0.819211] pci 0000:05:00.5: enabling Extended Tags
[    0.819275] pci 0000:05:00.6: [1022:14cb] type 00 class 0x048000 PCIe Endpoint
[    0.819281] pci 0000:05:00.6: BAR 0 [mem 0xdb300000-0xdb33ffff]
[    0.819300] pci 0000:05:00.6: enabling Extended Tags
[    0.819319] pci 0000:05:00.6: PME# supported from D0 D3hot D3cold
[    0.819359] pci 0000:05:00.7: [1022:14cc] type 00 class 0x040300 PCIe Endpoint
[    0.819364] pci 0000:05:00.7: BAR 0 [mem 0xdb340000-0xdb347fff]
[    0.819383] pci 0000:05:00.7: enabling Extended Tags
[    0.819402] pci 0000:05:00.7: PME# supported from D0 D3hot D3cold
[    0.819467] pci 0000:00:07.1: PCI bridge to [bus 05]
[    0.819738] ACPI: PCI [REDACTED_USER] Bridge [PCI1] (domain 0000 [bus 40-7f])
[    0.819739] acpi PNP0A08:01: _OSC: OS supports [ExtendedConfig ASPM ClockPM Segments MSI EDR HPX-Type3]
[    0.819775] acpi PNP0A08:01: _OSC: platform does not support [SHPCHotplug LTR DPC]
[    0.819835] acpi PNP0A08:01: _OSC: OS now controls [PCIeHotplug PME AER PCIeCapability]
[    0.819835] acpi PNP0A08:01: FADT indicates ASPM is unsupported, using BIOS configuration
[    0.819916] PCI host bridge to bus 0000:40
[    0.819917] pci_bus 0000:40: [REDACTED_USER] bus resource [mem 0x92000000-0x96ffffff window]
[    0.819917] pci_bus 0000:40: [REDACTED_USER] bus resource [mem 0x80000000-0x91ffffff window]
[    0.819918] pci_bus 0000:40: [REDACTED_USER] bus resource [mem 0x7a66c200000-0x7ffffffffff window]
[    0.819919] pci_bus 0000:40: [REDACTED_USER] bus resource [mem 0x64020200000-0x7a66c1fffff window]
[    0.819919] pci_bus 0000:40: [REDACTED_USER] bus resource [io  0x4000-0x6fff window]
[    0.819920] pci_bus 0000:40: [REDACTED_USER] bus resource [bus 40-7f]
[    0.819924] pci 0000:40:00.0: [1022:14a4] type 00 class 0x060000 conventional PCI endpoint
[    0.819965] pci 0000:40:00.2: [1022:149e] type 00 class 0x080600 conventional PCI endpoint
[    0.820009] pci 0000:40:00.3: [1022:14a6] type 00 class 0x080700 PCIe [REDACTED_USER] Complex Event Collector
[    0.820038] pci 0000:40:00.3: enabling Extended Tags
[    0.820140] pci 0000:40:01.0: [1022:149f] type 00 class 0x060000 conventional PCI endpoint
[    0.820177] pci 0000:40:01.1: [1022:14ab] type 01 class 0x060400 PCIe [REDACTED_USER] Port
[    0.820190] pci 0000:40:01.1: PCI bridge to [bus 41]
[    0.820194] pci 0000:40:01.1:   bridge window [mem 0x92000000-0x921fffff]
[    0.820251] pci 0000:40:01.1: PME# supported from D0 D3hot D3cold
[    0.820360] pci 0000:40:02.0: [1022:149f] type 00 class 0x060000 conventional PCI endpoint
[    0.820394] pci 0000:40:03.0: [1022:149f] type 00 class 0x060000 conventional PCI endpoint
[    0.820427] pci 0000:40:04.0: [1022:149f] type 00 class 0x060000 conventional PCI endpoint
[    0.820460] pci 0000:40:05.0: [1022:149f] type 00 class 0x060000 conventional PCI endpoint
[    0.820492] pci 0000:40:07.0: [1022:149f] type 00 class 0x060000 conventional PCI endpoint
[    0.820527] pci 0000:40:07.1: [1022:14a7] type 01 class 0x060400 PCIe [REDACTED_USER] Port
[    0.820537] pci 0000:40:07.1: PCI bridge to [bus 42]
[    0.820546] pci 0000:40:07.1: enabling Extended Tags
[    0.820579] pci 0000:40:07.1: PME# supported from D0 D3hot D3cold
[    0.820684] pci 0000:41:00.0: [8086:125b] type 00 class 0x020000 PCIe Endpoint
[    0.820697] pci 0000:41:00.0: BAR 0 [mem 0x92000000-0x920fffff]
[    0.820717] pci 0000:41:00.0: BAR 3 [mem 0x92100000-0x92103fff]
[    0.820799] pci 0000:41:00.0: PME# supported from D0 D3hot D3cold
[    0.820934] pci 0000:40:01.1: PCI bridge to [bus 41]
[    0.820970] pci 0000:42:00.0: [1022:14ac] type 00 class 0x130000 PCIe Endpoint
[    0.820994] pci 0000:42:00.0: enabling Extended Tags
[    0.821081] pci 0000:40:07.1: PCI bridge to [bus 42]
[    0.821184] ACPI: PCI [REDACTED_USER] Bridge [PCI2] (domain 0000 [bus 80-bf])
[    0.821186] acpi PNP0A08:02: _OSC: OS supports [ExtendedConfig ASPM ClockPM Segments MSI EDR HPX-Type3]
[    0.821219] acpi PNP0A08:02: _OSC: platform does not support [SHPCHotplug LTR DPC]
[    0.821278] acpi PNP0A08:02: _OSC: OS now controls [PCIeHotplug PME AER PCIeCapability]
[    0.821279] acpi PNP0A08:02: FADT indicates ASPM is unsupported, using BIOS configuration
[    0.821368] PCI host bridge to bus 0000:80
[    0.821369] pci_bus 0000:80: [REDACTED_USER] bus resource [mem 0xaa000000-0xaeffffff window]
[    0.821370] pci_bus 0000:80: [REDACTED_USER] bus resource [mem 0x98000000-0xa9ffffff window]
[    0.821371] pci_bus 0000:80: [REDACTED_USER] bus resource [mem 0x4266c200000-0x47fffffffff window]
[    0.821372] pci_bus 0000:80: [REDACTED_USER] bus resource [mem 0x2c020200000-0x4266c1fffff window]
[    0.821373] pci_bus 0000:80: [REDACTED_USER] bus resource [io  0x7000-0x9fff window]
[    0.821373] pci_bus 0000:80: [REDACTED_USER] bus resource [bus 80-bf]
[    0.821378] pci 0000:80:00.0: [1022:14a4] type 00 class 0x060000 conventional PCI endpoint
[    0.821419] pci 0000:80:00.2: [1022:149e] type 00 class 0x080600 conventional PCI endpoint
[    0.821463] pci 0000:80:00.3: [1022:14a6] type 00 class 0x080700 PCIe [REDACTED_USER] Complex Event Collector
[    0.821489] pci 0000:80:00.3: enabling Extended Tags
[    0.821589] pci 0000:80:01.0: [1022:149f] type 00 class 0x060000 conventional PCI endpoint
[    0.821626] pci 0000:80:01.1: [1022:14ab] type 01 class 0x060400 PCIe [REDACTED_USER] Port
[    0.821639] pci 0000:80:01.1: PCI bridge to [bus 81]
[    0.821643] pci 0000:80:01.1:   bridge window [mem 0xaa500000-0xaa5fffff]
[    0.821701] pci 0000:80:01.1: PME# supported from D0 D3hot D3cold
[    0.821814] pci 0000:80:01.2: [1022:14ab] type 01 class 0x060400 PCIe [REDACTED_USER] Port
[    0.821827] pci 0000:80:01.2: PCI bridge to [bus 82]
[    0.821831] pci 0000:80:01.2:   bridge window [mem 0xaa400000-0xaa4fffff]
[    0.821889] pci 0000:80:01.2: PME# supported from D0 D3hot D3cold
[    0.822001] pci 0000:80:01.3: [1022:14ab] type 01 class 0x060400 PCIe [REDACTED_USER] Port
[    0.822014] pci 0000:80:01.3: PCI bridge to [bus 83-86]
[    0.822018] pci 0000:80:01.3:   bridge window [mem 0xaa200000-0xaa3fffff]
[    0.822076] pci 0000:80:01.3: PME# supported from D0 D3hot D3cold
[    0.822191] pci 0000:80:02.0: [1022:149f] type 00 class 0x060000 conventional PCI endpoint
[    0.822224] pci 0000:80:03.0: [1022:149f] type 00 class 0x060000 conventional PCI endpoint
[    0.822266] pci 0000:80:03.3: [1022:14a5] type 01 class 0x060400 PCIe [REDACTED_USER] Port
[    0.822281] pci 0000:80:03.3: PCI bridge to [bus 87]
[    0.822285] pci 0000:80:03.3:   bridge window [mem 0xaa100000-0xaa1fffff]
[    0.822351] pci 0000:80:03.3: PME# supported from D0 D3hot D3cold
[    0.822465] pci 0000:80:03.4: [1022:14a5] type 01 class 0x060400 PCIe [REDACTED_USER] Port
[    0.822480] pci 0000:80:03.4: PCI bridge to [bus 88]
[    0.822485] pci 0000:80:03.4:   bridge window [mem 0xaa000000-0xaa0fffff]
[    0.822549] pci 0000:80:03.4: PME# supported from D0 D3hot D3cold
[    0.822657] pci 0000:80:04.0: [1022:149f] type 00 class 0x060000 conventional PCI endpoint
[    0.822690] pci 0000:80:05.0: [1022:149f] type 00 class 0x060000 conventional PCI endpoint
[    0.822724] pci 0000:80:07.0: [1022:149f] type 00 class 0x060000 conventional PCI endpoint
[    0.822759] pci 0000:80:07.1: [1022:14a7] type 01 class 0x060400 PCIe [REDACTED_USER] Port
[    0.822769] pci 0000:80:07.1: PCI bridge to [bus 89]
[    0.822778] pci 0000:80:07.1: enabling Extended Tags
[    0.822810] pci 0000:80:07.1: PME# supported from D0 D3hot D3cold
[    0.822902] pci 0000:81:00.0: [1344:5407] type 00 class 0x010802 PCIe Endpoint
[    0.822911] pci 0000:81:00.0: BAR 0 [mem 0xaa500000-0xaa503fff 64bit]
[    0.823066] pci 0000:80:01.1: PCI bridge to [bus 81]
[    0.823113] pci 0000:82:00.0: [1344:5407] type 00 class 0x010802 PCIe Endpoint
[    0.823122] pci 0000:82:00.0: BAR 0 [mem 0xaa400000-0xaa403fff 64bit]
[    0.823278] pci 0000:80:01.2: PCI bridge to [bus 82]
[    0.823327] pci 0000:83:00.0: [1022:43f4] type 01 class 0x060400 PCIe Switch Upstream Port
[    0.823347] pci 0000:83:00.0: PCI bridge to [bus 84-86]
[    0.823352] pci 0000:83:00.0:   bridge window [mem 0xaa200000-0xaa3fffff]
[    0.823414] pci 0000:83:00.0: PME# supported from D0 D3hot D3cold
[    0.831201] pci 0000:80:01.3: PCI bridge to [bus 83-86]
[    0.831317] pci 0000:84:0c.0: [1022:43f5] type 01 class 0x060400 PCIe Switch Downstream Port
[    0.831342] pci 0000:84:0c.0: PCI bridge to [bus 85]
[    0.831348] pci 0000:84:0c.0:   bridge window [mem 0xaa300000-0xaa3fffff]
[    0.831408] pci 0000:84:0c.0: PME# supported from D0 D3hot D3cold
[    0.831555] pci 0000:84:0d.0: [1022:43f5] type 01 class 0x060400 PCIe Switch Downstream Port
[    0.831579] pci 0000:84:0d.0: PCI bridge to [bus 86]
[    0.831584] pci 0000:84:0d.0:   bridge window [mem 0xaa200000-0xaa2fffff]
[    0.831637] pci 0000:84:0d.0: PME# supported from D0 D3hot D3cold
[    0.831706] pci 0000:83:00.0: PCI bridge to [bus 84-86]
[    0.831749] pci 0000:85:00.0: [1022:43fb] type 00 class 0x0c0330 PCIe Legacy Endpoint
[    0.831761] pci 0000:85:00.0: BAR 0 [mem 0xaa300000-0xaa307fff 64bit]
[    0.831824] pci 0000:85:00.0: PME# supported from D0 D3hot D3cold
[    0.831907] pci 0000:84:0c.0: PCI bridge to [bus 85]
[    0.831948] pci 0000:86:00.0: [1022:43f6] type 00 class 0x010601 PCIe Legacy Endpoint
[    0.831982] pci 0000:86:00.0: BAR 5 [mem 0xaa200000-0xaa2003ff]
[    0.831988] pci 0000:86:00.0: ROM [mem 0xfff80000-0xffffffff pref]
[    0.831988] pci 0000:86:00.0: PME# supported from D0 D3hot D3cold
[    0.831988] pci 0000:84:0d.0: PCI bridge to [bus 86]
[    0.831988] pci 0000:80:03.3: PCI bridge to [bus 87]
[    0.831988] pci 0000:80:03.4: PCI bridge to [bus 88]
[    0.831988] pci 0000:89:00.0: [1022:14ac] type 00 class 0x130000 PCIe Endpoint
[    0.831988] pci 0000:89:00.0: enabling Extended Tags
[    0.834511] pci 0000:80:07.1: PCI bridge to [bus 89]
[    0.834511] ACPI: PCI [REDACTED_USER] Bridge [PCI3] (domain 0000 [bus c0-ff])
[    0.834511] acpi PNP0A08:03: _OSC: OS supports [ExtendedConfig ASPM ClockPM Segments MSI EDR HPX-Type3]
[    0.834511] acpi PNP0A08:03: _OSC: platform does not support [SHPCHotplug LTR DPC]
[    0.834511] acpi PNP0A08:03: _OSC: OS now controls [PCIeHotplug PME AER PCIeCapability]
[    0.834511] acpi PNP0A08:03: FADT indicates ASPM is unsupported, using BIOS configuration
[    0.834511] PCI host bridge to bus 0000:c0
[    0.834511] pci_bus 0000:c0: [REDACTED_USER] bus resource [mem 0xc2000000-0xc6ffffff window]
[    0.834511] pci_bus 0000:c0: [REDACTED_USER] bus resource [mem 0xb0000000-0xc1ffffff window]
[    0.834511] pci_bus 0000:c0: [REDACTED_USER] bus resource [mem 0x2666c200000-0x2bfffffffff window]
[    0.834511] pci_bus 0000:c0: [REDACTED_USER] bus resource [mem 0x10020200000-0x2666c1fffff window]
[    0.834511] pci_bus 0000:c0: [REDACTED_USER] bus resource [io  0xa000-0xffff window]
[    0.834511] pci_bus 0000:c0: [REDACTED_USER] bus resource [bus c0-ff]
[    0.834511] pci 0000:c0:00.0: [1022:14a4] type 00 class 0x060000 conventional PCI endpoint
[    0.834511] pci 0000:c0:00.2: [1022:149e] type 00 class 0x080600 conventional PCI endpoint
[    0.834511] pci 0000:c0:00.3: [1022:14a6] type 00 class 0x080700 PCIe [REDACTED_USER] Complex Event Collector
[    0.834511] pci 0000:c0:00.3: enabling Extended Tags
[    0.834511] pci 0000:c0:01.0: [1022:149f] type 00 class 0x060000 conventional PCI endpoint
[    0.834511] pci 0000:c0:02.0: [1022:149f] type 00 class 0x060000 conventional PCI endpoint
[    0.834511] pci 0000:c0:03.0: [1022:149f] type 00 class 0x060000 conventional PCI endpoint
[    0.834511] pci 0000:c0:04.0: [1022:149f] type 00 class 0x060000 conventional PCI endpoint
[    0.834511] pci 0000:c0:05.0: [1022:149f] type 00 class 0x060000 conventional PCI endpoint
[    0.834511] pci 0000:c0:07.0: [1022:149f] type 00 class 0x060000 conventional PCI endpoint
[    0.834511] pci 0000:c0:07.1: [1022:14a7] type 01 class 0x060400 PCIe [REDACTED_USER] Port
[    0.834511] pci 0000:c0:07.1: PCI bridge to [bus c1]
[    0.834511] pci 0000:c0:07.1:   bridge window [mem 0xc2000000-0xc20fffff]
[    0.834511] pci 0000:c0:07.1: enabling Extended Tags
[    0.834511] pci 0000:c0:07.1: PME# supported from D0 D3hot D3cold
[    0.834511] pci 0000:c1:00.0: [1022:14ac] type 00 class 0x130000 PCIe Endpoint
[    0.834511] pci 0000:c1:00.0: enabling Extended Tags
[    0.834511] pci 0000:c1:00.4: [1022:14c9] type 00 class 0x0c0330 PCIe Endpoint
[    0.834511] pci 0000:c1:00.4: BAR 0 [mem 0xc2000000-0xc20fffff 64bit]
[    0.834511] pci 0000:c1:00.4: enabling Extended Tags
[    0.834511] pci 0000:c1:00.4: PME# supported from D0 D3hot D3cold
[    0.834511] pci 0000:c0:07.1: PCI bridge to [bus c1]
[    0.834511] ACPI: EC: interrupt unblocked
[    0.834511] ACPI: EC: event unblocked
[    0.834511] ACPI: EC: EC_CMD/EC_SC=0x66, EC_DATA=0x62
[    0.834511] ACPI: EC: GPE=0x16
[    0.834511] ACPI: \_SB_.PCI0.LPCB.EC0_: Boot DSDT EC initialization complete
[    0.834511] ACPI: \_SB_.PCI0.LPCB.EC0_: EC: Used to handle transactions and events
[    0.834512] iommu: Default domain type: Translated
[    0.834512] iommu: DMA domain TLB invalidation policy: lazy mode
[    0.834559] SCSI subsystem initialized
[    0.834578] libata version 3.00 loaded.
[    0.834578] ACPI: bus type USB registered
[    0.834578] usbcore: registered new interface driver usbfs
[    0.834578] usbcore: registered new interface driver hub
[    0.834580] usbcore: registered new device driver usb
[    0.834978] pps_core: LinuxPPS API ver. 1 registered
[    0.834978] pps_core: Software ver. 5.3.6 - Copyright 2005-2007 Rodolfo Giometti <[REDACTED_USER]@linux.it>
[    0.834978] PTP clock support registered
[    0.834978] EDAC MC: Ver: 3.0.0
[    0.834978] efivars: Registered efivars operations
[    0.837915] Bluetooth: Core ver 2.22
[    0.837918] NET: Registered PF_BLUETOOTH protocol family
[    0.837918] Bluetooth: HCI device and connection manager initialized
[    0.837920] Bluetooth: HCI socket layer initialized
[    0.837920] Bluetooth: L2CAP socket layer initialized
[    0.837922] Bluetooth: SCO socket layer initialized
[    0.837924] NetLabel: Initializing
[    0.837925] NetLabel:  domain hash size = 128
[    0.837925] NetLabel:  protocols = UNLABELED CIPSOv4 CALIPSO
[    0.837932] NetLabel:  unlabeled traffic allowed by default
[    0.837941] mctp: management component transport protocol core
[    0.837941] NET: Registered PF_MCTP protocol family
[    0.837941] PCI: Using ACPI for IRQ routing
[    0.841175] PCI: pci_cache_line_size set to 64 bytes
[    0.841178] e820: reserve RAM buffer [mem 0x0009f000-0x0009ffff]
[    0.841178] e820: reserve RAM buffer [mem 0x09f00000-0x0bffffff]
[    0.841178] e820: reserve RAM buffer [mem 0x0b000000-0x0bffffff]
[    0.841178] e820: reserve RAM buffer [mem 0x1306e018-0x13ffffff]
[    0.841178] e820: reserve RAM buffer [mem 0x13096000-0x13ffffff]
[    0.841178] e820: reserve RAM buffer [mem 0x1e1fd000-0x1fffffff]
[    0.841178] e820: reserve RAM buffer [mem 0x2bd34000-0x2bffffff]
[    0.841178] e820: reserve RAM buffer [mem 0x38ab0000-0x3bffffff]
[    0.841178] e820: reserve RAM buffer [mem 0x38adb000-0x3bffffff]
[    0.841178] e820: reserve RAM buffer [mem 0x44c8d000-0x47ffffff]
[    0.841178] e820: reserve RAM buffer [mem 0x107dcc0000-0x107fffffff]
[    0.841178] pci 0000:01:00.0: vgaarb: setting as boot VGA device
[    0.841178] pci 0000:01:00.0: vgaarb: bridge control possible
[    0.841179] pci 0000:01:00.0: vgaarb: VGA device added: decodes=io+mem,owns=none,locks=none
[    0.841183] vgaarb: loaded
[    0.841219] hpet0: at MMIO 0xfed00000, IRQs 2, 8, 0
[    0.841221] hpet0: 3 comparators, 32-bit 14.318180 MHz counter
[    0.843231] clocksource: Switched to clocksource tsc-early
[    0.843231] VFS: Disk quotas dquot_6.6.0
[    0.843231] VFS: Dquot-cache hash table entries: 512 (order 0, 4096 bytes)
[    0.843231] pnp: PnP ACPI init
[    0.843231] system 00:00: [mem 0xe0000000-0xefffffff] has been reserved
[    0.843231] system 00:03: [io  0x0200-0x023f] has been reserved
[    0.843231] system 00:03: [mem 0xfedf1000-0xfedf1fff] has been reserved
[    0.843231] pnp: PnP ACPI: found 4 devices
[    0.846775] clocksource: acpi_pm: mask: 0xffffff max_cycles: 0xffffff, max_idle_ns: 2085701024 ns
[    0.846865] NET: Registered PF_INET protocol family
[    0.846938] IP idents hash table entries: 262144 (order: 9, 2097152 bytes, linear)
[    0.848262] tcp_listen_portaddr_hash hash table entries: 32768 (order: 8, 1310720 bytes, linear)
[    0.848310] Table-perturb hash table entries: 65536 (order: 6, 262144 bytes, linear)
[    0.848317] TCP established hash table entries: 524288 (order: 10, 4194304 bytes, linear)
[    0.848552] TCP bind hash table entries: 65536 (order: 10, 5242880 bytes, vmalloc hugepage)
[    0.848718] TCP: Hash tables configured (established 524288 bind 65536)
[    0.848895] MPTCP token hash table entries: 65536 (order: 9, 3670016 bytes, linear)
[    0.848995] UDP hash table entries: 32768 (order: 9, 3145728 bytes, linear)
[    0.849129] UDP-Lite hash table entries: 32768 (order: 9, 3145728 bytes, linear)
[    0.849295] NET: Registered PF_UNIX/PF_LOCAL protocol family
[    0.849300] NET: Registered PF_XDP protocol family
[    0.849302] pci 0000:01:00.0: ROM [mem 0xfff80000-0xffffffff pref]: can't claim; no compatible bridge window
[    0.849304] pci 0000:86:00.0: ROM [mem 0xfff80000-0xffffffff pref]: can't claim; no compatible bridge window
[    0.849306] pci 0000:00:03.3: bridge window [io  0x1000-0x0fff] to [bus 02] add_size 1000
[    0.849308] pci 0000:00:03.3: bridge window [mem 0x00100000-0x000fffff 64bit pref] to [bus 02] add_size 200000 add_align 100000
[    0.849310] pci 0000:00:03.6: bridge window [io  0x1000-0x0fff] to [bus 04] add_size 1000
[    0.849311] pci 0000:00:03.6: bridge window [mem 0x00100000-0x000fffff 64bit pref] to [bus 04] add_size 200000 add_align 100000
[    0.849316] pci 0000:00:03.3: bridge window [mem 0x5e66c200000-0x5e66c3fffff 64bit pref]: assigned
[    0.849317] pci 0000:00:03.6: bridge window [mem 0x5e66c400000-0x5e66c5fffff 64bit pref]: assigned
[    0.849318] pci 0000:00:03.3: bridge window [io  0x3000-0x3fff]: assigned
[    0.849319] pci 0000:00:03.6: bridge window [io  size 0x1000]: can't assign; no space
[    0.849320] pci 0000:00:03.6: bridge window [io  size 0x1000]: failed to assign
[    0.849321] pci 0000:00:03.6: bridge window [io  0x3000-0x3fff]: assigned
[    0.849322] pci 0000:00:03.3: bridge window [io  size 0x1000]: can't assign; no space
[    0.849322] pci 0000:00:03.3: bridge window [io  size 0x1000]: failed to assign
[    0.849324] pci 0000:01:00.0: ROM [mem 0xdb080000-0xdb0fffff pref]: assigned
[    0.849324] pci 0000:00:01.1: PCI bridge to [bus 01]
[    0.849325] pci 0000:00:01.1:   bridge window [io  0x2000-0x2fff]
[    0.849327] pci 0000:00:01.1:   bridge window [mem 0xda000000-0xdb0fffff]
[    0.849329] pci 0000:00:01.1:   bridge window [mem 0x48030000000-0x48041ffffff 64bit pref]
[    0.849341] pci 0000:00:03.3: PCI bridge to [bus 02]
[    0.849343] pci 0000:00:03.3:   bridge window [mem 0xdb600000-0xdb6fffff]
[    0.849344] pci 0000:00:03.3:   bridge window [mem 0x5e66c200000-0x5e66c3fffff 64bit pref]
[    0.849355] pci 0000:00:03.5: PCI bridge to [bus 03]
[    0.849356] pci 0000:00:03.5:   bridge window [io  0x1000-0x1fff]
[    0.849358] pci 0000:00:03.5:   bridge window [mem 0xdb500000-0xdb5fffff]
[    0.849370] pci 0000:00:03.6: PCI bridge to [bus 04]
[    0.849371] pci 0000:00:03.6:   bridge window [io  0x3000-0x3fff]
[    0.849373] pci 0000:00:03.6:   bridge window [mem 0xdb400000-0xdb4fffff]
[    0.849374] pci 0000:00:03.6:   bridge window [mem 0x5e66c400000-0x5e66c5fffff 64bit pref]
[    0.849385] pci 0000:00:07.1: PCI bridge to [bus 05]
[    0.849386] pci 0000:00:07.1:   bridge window [mem 0xdb100000-0xdb3fffff]
[    0.849395] pci_bus 0000:00: resource 4 [mem 0xda000000-0xdeffffff window]
[    0.849396] pci_bus 0000:00: resource 5 [mem 0xc8000000-0xd9ffffff window]
[    0.849396] pci_bus 0000:00: resource 6 [mem 0x5e66c200000-0x63fffffffff window]
[    0.849397] pci_bus 0000:00: resource 7 [mem 0x48020200000-0x5e66c1fffff window]
[    0.849397] pci_bus 0000:00: resource 8 [io  0x1000-0x3fff window]
[    0.849398] pci_bus 0000:00: resource 9 [io  0x0000-0x0cf7 window]
[    0.849398] pci_bus 0000:00: resource 10 [io  0x0d00-0x0fff window]
[    0.849399] pci_bus 0000:00: resource 11 [mem 0xfec00000-0xfec01fff window]
[    0.849399] pci_bus 0000:00: resource 12 [mem 0xfed45000-0xfed811ff window]
[    0.849400] pci_bus 0000:00: resource 13 [mem 0xfed81900-0xfed81fff window]
[    0.849400] pci_bus 0000:00: resource 14 [mem 0xfedc0000-0xfedc0fff window]
[    0.849400] pci_bus 0000:00: resource 15 [mem 0xfee01000-0xffffffff window]
[    0.849401] pci_bus 0000:01: resource 0 [io  0x2000-0x2fff]
[    0.849401] pci_bus 0000:01: resource 1 [mem 0xda000000-0xdb0fffff]
[    0.849402] pci_bus 0000:01: resource 2 [mem 0x48030000000-0x48041ffffff 64bit pref]
[    0.849402] pci_bus 0000:02: resource 1 [mem 0xdb600000-0xdb6fffff]
[    0.849403] pci_bus 0000:02: resource 2 [mem 0x5e66c200000-0x5e66c3fffff 64bit pref]
[    0.849403] pci_bus 0000:03: resource 0 [io  0x1000-0x1fff]
[    0.849404] pci_bus 0000:03: resource 1 [mem 0xdb500000-0xdb5fffff]
[    0.849404] pci_bus 0000:04: resource 0 [io  0x3000-0x3fff]
[    0.849404] pci_bus 0000:04: resource 1 [mem 0xdb400000-0xdb4fffff]
[    0.849405] pci_bus 0000:04: resource 2 [mem 0x5e66c400000-0x5e66c5fffff 64bit pref]
[    0.849405] pci_bus 0000:05: resource 1 [mem 0xdb100000-0xdb3fffff]
[    0.849419] pci 0000:40:01.1: PCI bridge to [bus 41]
[    0.849421] pci 0000:40:01.1:   bridge window [mem 0x92000000-0x921fffff]
[    0.849432] pci 0000:40:07.1: PCI bridge to [bus 42]
[    0.849442] pci_bus 0000:40: resource 4 [mem 0x92000000-0x96ffffff window]
[    0.849442] pci_bus 0000:40: resource 5 [mem 0x80000000-0x91ffffff window]
[    0.849443] pci_bus 0000:40: resource 6 [mem 0x7a66c200000-0x7ffffffffff window]
[    0.849443] pci_bus 0000:40: resource 7 [mem 0x64020200000-0x7a66c1fffff window]
[    0.849444] pci_bus 0000:40: resource 8 [io  0x4000-0x6fff window]
[    0.849444] pci_bus 0000:41: resource 1 [mem 0x92000000-0x921fffff]
[    0.849451] pci 0000:80:03.3: bridge window [io  0x1000-0x0fff] to [bus 87] add_size 1000
[    0.849452] pci 0000:80:03.3: bridge window [mem 0x00100000-0x000fffff 64bit pref] to [bus 87] add_size 200000 add_align 100000
[    0.849452] pci 0000:80:03.4: bridge window [io  0x1000-0x0fff] to [bus 88] add_size 1000
[    0.849453] pci 0000:80:03.4: bridge window [mem 0x00100000-0x000fffff 64bit pref] to [bus 88] add_size 200000 add_align 100000
[    0.849455] pci 0000:80:03.3: bridge window [mem 0x4266c200000-0x4266c3fffff 64bit pref]: assigned
[    0.849456] pci 0000:80:03.4: bridge window [mem 0x4266c400000-0x4266c5fffff 64bit pref]: assigned
[    0.849456] pci 0000:80:03.3: bridge window [io  0x7000-0x7fff]: assigned
[    0.849457] pci 0000:80:03.4: bridge window [io  0x8000-0x8fff]: assigned
[    0.849458] pci 0000:80:01.1: PCI bridge to [bus 81]
[    0.849460] pci 0000:80:01.1:   bridge window [mem 0xaa500000-0xaa5fffff]
[    0.849470] pci 0000:80:01.2: PCI bridge to [bus 82]
[    0.849472] pci 0000:80:01.2:   bridge window [mem 0xaa400000-0xaa4fffff]
[    0.849483] pci 0000:84:0c.0: PCI bridge to [bus 85]
[    0.849485] pci 0000:84:0c.0:   bridge window [mem 0xaa300000-0xaa3fffff]
[    0.849490] pci 0000:86:00.0: ROM [mem 0xaa280000-0xaa2fffff pref]: assigned
[    0.849490] pci 0000:84:0d.0: PCI bridge to [bus 86]
[    0.849493] pci 0000:84:0d.0:   bridge window [mem 0xaa200000-0xaa2fffff]
[    0.849497] pci 0000:83:00.0: PCI bridge to [bus 84-86]
[    0.849500] pci 0000:83:00.0:   bridge window [mem 0xaa200000-0xaa3fffff]
[    0.849504] pci 0000:80:01.3: PCI bridge to [bus 83-86]
[    0.849506] pci 0000:80:01.3:   bridge window [mem 0xaa200000-0xaa3fffff]
[    0.849517] pci 0000:80:03.3: PCI bridge to [bus 87]
[    0.849518] pci 0000:80:03.3:   bridge window [io  0x7000-0x7fff]
[    0.849520] pci 0000:80:03.3:   bridge window [mem 0xaa100000-0xaa1fffff]
[    0.849521] pci 0000:80:03.3:   bridge window [mem 0x4266c200000-0x4266c3fffff 64bit pref]
[    0.849531] pci 0000:80:03.4: PCI bridge to [bus 88]
[    0.849532] pci 0000:80:03.4:   bridge window [io  0x8000-0x8fff]
[    0.849534] pci 0000:80:03.4:   bridge window [mem 0xaa000000-0xaa0fffff]
[    0.849536] pci 0000:80:03.4:   bridge window [mem 0x4266c400000-0x4266c5fffff 64bit pref]
[    0.849546] pci 0000:80:07.1: PCI bridge to [bus 89]
[    0.849556] pci_bus 0000:80: resource 4 [mem 0xaa000000-0xaeffffff window]
[    0.849556] pci_bus 0000:80: resource 5 [mem 0x98000000-0xa9ffffff window]
[    0.849557] pci_bus 0000:80: resource 6 [mem 0x4266c200000-0x47fffffffff window]
[    0.849557] pci_bus 0000:80: resource 7 [mem 0x2c020200000-0x4266c1fffff window]
[    0.849558] pci_bus 0000:80: resource 8 [io  0x7000-0x9fff window]
[    0.849558] pci_bus 0000:81: resource 1 [mem 0xaa500000-0xaa5fffff]
[    0.849559] pci_bus 0000:82: resource 1 [mem 0xaa400000-0xaa4fffff]
[    0.849559] pci_bus 0000:83: resource 1 [mem 0xaa200000-0xaa3fffff]
[    0.849560] pci_bus 0000:84: resource 1 [mem 0xaa200000-0xaa3fffff]
[    0.849560] pci_bus 0000:85: resource 1 [mem 0xaa300000-0xaa3fffff]
[    0.849561] pci_bus 0000:86: resource 1 [mem 0xaa200000-0xaa2fffff]
[    0.849561] pci_bus 0000:87: resource 0 [io  0x7000-0x7fff]
[    0.849562] pci_bus 0000:87: resource 1 [mem 0xaa100000-0xaa1fffff]
[    0.849562] pci_bus 0000:87: resource 2 [mem 0x4266c200000-0x4266c3fffff 64bit pref]
[    0.849563] pci_bus 0000:88: resource 0 [io  0x8000-0x8fff]
[    0.849563] pci_bus 0000:88: resource 1 [mem 0xaa000000-0xaa0fffff]
[    0.849563] pci_bus 0000:88: resource 2 [mem 0x4266c400000-0x4266c5fffff 64bit pref]
[    0.849575] pci 0000:c0:07.1: PCI bridge to [bus c1]
[    0.849577] pci 0000:c0:07.1:   bridge window [mem 0xc2000000-0xc20fffff]
[    0.849585] pci_bus 0000:c0: resource 4 [mem 0xc2000000-0xc6ffffff window]
[    0.849586] pci_bus 0000:c0: resource 5 [mem 0xb0000000-0xc1ffffff window]
[    0.849586] pci_bus 0000:c0: resource 6 [mem 0x2666c200000-0x2bfffffffff window]
[    0.849587] pci_bus 0000:c0: resource 7 [mem 0x10020200000-0x2666c1fffff window]
[    0.849587] pci_bus 0000:c0: resource 8 [io  0xa000-0xffff window]
[    0.849588] pci_bus 0000:c1: resource 1 [mem 0xc2000000-0xc20fffff]
[    0.849619] pci 0000:01:00.1: extending delay after power-on from D3hot to 20 msec
[    0.849633] pci 0000:01:00.1: D0 power state depends on 0000:01:00.0
[    0.849780] pci 0000:86:00.0: CLS mismatch (128 != 64), using 64 bytes
[    0.849831] pci 0000:c0:00.2: AMD-Vi: IOMMU performance counters supported
[    0.849841] Unpacking initramfs...
[    0.849881] pci 0000:c0:00.3: Adding to iommu group 0
[    0.849892] pci 0000:c0:01.0: Adding to iommu group 1
[    0.849902] pci 0000:c0:02.0: Adding to iommu group 2
[    0.849913] pci 0000:c0:03.0: Adding to iommu group 3
[    0.849923] pci 0000:c0:04.0: Adding to iommu group 4
[    0.849934] pci 0000:c0:05.0: Adding to iommu group 5
[    0.849948] pci 0000:c0:07.0: Adding to iommu group 6
[    0.849957] pci 0000:c0:07.1: Adding to iommu group 6
[    0.849960] pci 0000:c1:00.0: Adding to iommu group 6
[    0.849962] pci 0000:c1:00.4: Adding to iommu group 6
[    0.850516] pci 0000:80:00.2: AMD-Vi: IOMMU performance counters supported
[    0.850554] pci 0000:80:00.3: Adding to iommu group 7
[    0.850574] pci 0000:80:01.0: Adding to iommu group 8
[    0.850581] pci 0000:80:01.1: Adding to iommu group 8
[    0.850588] pci 0000:80:01.2: Adding to iommu group 8
[    0.850596] pci 0000:80:01.3: Adding to iommu group 8
[    0.850606] pci 0000:80:02.0: Adding to iommu group 9
[    0.850622] pci 0000:80:03.0: Adding to iommu group 10
[    0.850629] pci 0000:80:03.3: Adding to iommu group 10
[    0.850637] pci 0000:80:03.4: Adding to iommu group 10
[    0.850647] pci 0000:80:04.0: Adding to iommu group 11
[    0.850657] pci 0000:80:05.0: Adding to iommu group 12
[    0.850670] pci 0000:80:07.0: Adding to iommu group 13
[    0.850677] pci 0000:80:07.1: Adding to iommu group 13
[    0.850680] pci 0000:81:00.0: Adding to iommu group 8
[    0.850683] pci 0000:82:00.0: Adding to iommu group 8
[    0.850686] pci 0000:83:00.0: Adding to iommu group 8
[    0.850689] pci 0000:84:0c.0: Adding to iommu group 8
[    0.850692] pci 0000:84:0d.0: Adding to iommu group 8
[    0.850695] pci 0000:85:00.0: Adding to iommu group 8
[    0.850698] pci 0000:86:00.0: Adding to iommu group 8
[    0.850699] pci 0000:89:00.0: Adding to iommu group 13
[    0.851341] pci 0000:00:00.2: AMD-Vi: IOMMU performance counters supported
[    0.851377] pci 0000:00:00.3: Adding to iommu group 14
[    0.851390] pci 0000:00:01.0: Adding to iommu group 15
[    0.851396] pci 0000:00:01.1: Adding to iommu group 15
[    0.851407] pci 0000:00:02.0: Adding to iommu group 16
[    0.851427] pci 0000:00:03.0: Adding to iommu group 17
[    0.851434] pci 0000:00:03.3: Adding to iommu group 17
[    0.851440] pci 0000:00:03.5: Adding to iommu group 17
[    0.851447] pci 0000:00:03.6: Adding to iommu group 17
[    0.851458] pci 0000:00:04.0: Adding to iommu group 18
[    0.851469] pci 0000:00:05.0: Adding to iommu group 19
[    0.851483] pci 0000:00:07.0: Adding to iommu group 20
[    0.851490] pci 0000:00:07.1: Adding to iommu group 20
[    0.851503] pci 0000:00:14.0: Adding to iommu group 21
[    0.851510] pci 0000:00:14.3: Adding to iommu group 21
[    0.851544] pci 0000:00:18.0: Adding to iommu group 22
[    0.851551] pci 0000:00:18.1: Adding to iommu group 22
[    0.851558] pci 0000:00:18.2: Adding to iommu group 22
[    0.851564] pci 0000:00:18.3: Adding to iommu group 22
[    0.851572] pci 0000:00:18.4: Adding to iommu group 22
[    0.851578] pci 0000:00:18.5: Adding to iommu group 22
[    0.851585] pci 0000:00:18.6: Adding to iommu group 22
[    0.851593] pci 0000:00:18.7: Adding to iommu group 22
[    0.851595] pci 0000:01:00.0: Adding to iommu group 15
[    0.851597] pci 0000:01:00.1: Adding to iommu group 15
[    0.851601] pci 0000:03:00.0: Adding to iommu group 17
[    0.851604] pci 0000:05:00.0: Adding to iommu group 20
[    0.851607] pci 0000:05:00.4: Adding to iommu group 20
[    0.851611] pci 0000:05:00.5: Adding to iommu group 20
[    0.851614] pci 0000:05:00.6: Adding to iommu group 20
[    0.851618] pci 0000:05:00.7: Adding to iommu group 20
[    0.852346] pci 0000:40:00.2: AMD-Vi: IOMMU performance counters supported
[    0.852382] pci 0000:40:00.3: Adding to iommu group 23
[    0.852396] pci 0000:40:01.0: Adding to iommu group 24
[    0.852404] pci 0000:40:01.1: Adding to iommu group 24
[    0.852414] pci 0000:40:02.0: Adding to iommu group 25
[    0.852425] pci 0000:40:03.0: Adding to iommu group 26
[    0.852436] pci 0000:40:04.0: Adding to iommu group 27
[    0.852447] pci 0000:40:05.0: Adding to iommu group 28
[    0.852461] pci 0000:40:07.0: Adding to iommu group 29
[    0.852470] pci 0000:40:07.1: Adding to iommu group 29
[    0.852474] pci 0000:41:00.0: Adding to iommu group 24
[    0.852476] pci 0000:42:00.0: Adding to iommu group 29
[    0.853136] AMD-Vi: Extended features (0x25bf732fa2295afe, 0x1d): PPR X2APIC NX GT [5] IA GA PC GA_vAPIC
[    0.853139] AMD-Vi: Interrupt remapping enabled
[    0.853140] AMD-Vi: X2APIC enabled
[    0.853789] AMD-Vi: Virtual APIC enabled
[    0.853800] PCI-DMA: Using software bounce buffering for IO (SWIOTLB)
[    0.853801] software IO TLB: mapped [mem 0x000000005c000000-0x0000000060000000] (64MB)
[    0.853828] LVT offset 0 assigned for vector 0x400
[    0.855295] perf: AMD IBS detected (0x00000bff)
[    0.855436] amd_uncore: 16 amd_df counters detected
[    0.855445] amd_uncore: 6 amd_l3 counters detected
[    0.855453] amd_uncore: 4 amd_umc_0 counters detected
[    0.855459] amd_uncore: 4 amd_umc_1 counters detected
[    0.855601] perf/amd_iommu: Detected AMD IOMMU #0 (2 banks, 4 counters/bank).
[    0.855607] perf/amd_iommu: Detected AMD IOMMU #1 (2 banks, 4 counters/bank).
[    0.855613] perf/amd_iommu: Detected AMD IOMMU #2 (2 banks, 4 counters/bank).
[    0.855620] perf/amd_iommu: Detected AMD IOMMU #3 (2 banks, 4 counters/bank).
[    0.855660] platform rtc_cmos: registered platform RTC device (no PNP device found)
[    0.857663] Initialise system trusted keyrings
[    0.857670] Key type blacklist registered
[    0.857698] workingset: timestamp_bits=36 max_order=24 bucket_order=0
[    0.857711] zbud: loaded
[    0.857865] squashfs: version 4.0 (2009/01/31) Phillip Lougher
[    0.857902] SGI XFS with ACLs, security attributes, realtime, scrub, quota, no debug enabled
[    0.863160] NET: Registered PF_ALG protocol family
[    0.863162] xor: automatically using best checksumming function   avx       
[    0.863163] Key type asymmetric registered
[    0.863164] Asymmetric key parser 'x509' registered
[    0.863164] Asymmetric key parser 'pkcs8' registered
[    0.863175] Block layer SCSI generic (bsg) driver version 0.4 loaded (major 245)
[    0.863200] io scheduler mq-deadline registered
[    0.863201] io scheduler kyber registered
[    0.863205] io scheduler bfq registered
[    0.863394] atomic64_test: passed for x86-64 platform with CX8 and with SSE
[    0.864222] pcieport 0000:00:00.3: PME: Signaling with IRQ 40
[    0.864289] pcieport 0000:00:00.3: AER: enabled with IRQ 40
[    0.864370] pcieport 0000:00:01.1: PME: Signaling with IRQ 41
[    0.864407] pcieport 0000:00:01.1: AER: enabled with IRQ 41
[    0.864433] pcieport 0000:00:01.1: DPC: enabled with IRQ 41
[    0.864434] pcieport 0000:00:01.1: DPC: error containment capabilities: Int Msg #0, RPExt+ PoisonedTLP+ SwTrigger+ RP PIO Log 6, DL_ActiveErr+
[    0.864540] pcieport 0000:00:03.3: PME: Signaling with IRQ 42
[    0.864573] pcieport 0000:00:03.3: AER: enabled with IRQ 42
[    0.864594] pcieport 0000:00:03.3: pciehp: Slot #9 AttnBtn- PwrCtrl- MRL- AttnInd- PwrInd- HotPlug+ Surprise- Interlock- NoCompl+ IbPresDis- LLActRep+
[    0.864662] pcieport 0000:00:03.3: DPC: enabled with IRQ 42
[    0.864663] pcieport 0000:00:03.3: DPC: error containment capabilities: Int Msg #0, RPExt+ PoisonedTLP+ SwTrigger+ RP PIO Log 6, DL_ActiveErr+
[    0.864779] pcieport 0000:00:03.5: PME: Signaling with IRQ 43
[    0.864813] pcieport 0000:00:03.5: AER: enabled with IRQ 43
[    0.864843] pcieport 0000:00:03.5: DPC: enabled with IRQ 43
[    0.864844] pcieport 0000:00:03.5: DPC: error containment capabilities: Int Msg #0, RPExt+ PoisonedTLP+ SwTrigger+ RP PIO Log 6, DL_ActiveErr+
[    0.864955] pcieport 0000:00:03.6: PME: Signaling with IRQ 44
[    0.864989] pcieport 0000:00:03.6: AER: enabled with IRQ 44
[    0.865009] pcieport 0000:00:03.6: pciehp: Slot #9 AttnBtn- PwrCtrl- MRL- AttnInd- PwrInd- HotPlug+ Surprise- Interlock- NoCompl+ IbPresDis- LLActRep+
[    0.865073] pcieport 0000:00:03.6: DPC: enabled with IRQ 44
[    0.865073] pcieport 0000:00:03.6: DPC: error containment capabilities: Int Msg #0, RPExt+ PoisonedTLP+ SwTrigger+ RP PIO Log 6, DL_ActiveErr+
[    0.865177] pcieport 0000:00:07.1: PME: Signaling with IRQ 45
[    0.865292] pcieport 0000:40:00.3: PME: Signaling with IRQ 47
[    0.865354] pcieport 0000:40:00.3: AER: enabled with IRQ 47
[    0.865432] pcieport 0000:40:01.1: PME: Signaling with IRQ 48
[    0.865462] pcieport 0000:40:01.1: AER: enabled with IRQ 48
[    0.865488] pcieport 0000:40:01.1: DPC: enabled with IRQ 48
[    0.865489] pcieport 0000:40:01.1: DPC: error containment capabilities: Int Msg #0, RPExt+ PoisonedTLP+ SwTrigger+ RP PIO Log 6, DL_ActiveErr+
[    0.865592] pcieport 0000:40:07.1: PME: Signaling with IRQ 50
[    0.865699] pcieport 0000:80:00.3: PME: Signaling with IRQ 52
[    0.865763] pcieport 0000:80:00.3: AER: enabled with IRQ 52
[    0.865841] pcieport 0000:80:01.1: PME: Signaling with IRQ 53
[    0.865879] pcieport 0000:80:01.1: AER: enabled with IRQ 53
[    0.865908] pcieport 0000:80:01.1: DPC: enabled with IRQ 53
[    0.865908] pcieport 0000:80:01.1: DPC: error containment capabilities: Int Msg #0, RPExt+ PoisonedTLP+ SwTrigger+ RP PIO Log 6, DL_ActiveErr+
[    0.866018] pcieport 0000:80:01.2: PME: Signaling with IRQ 54
[    0.866073] pcieport 0000:80:01.2: AER: enabled with IRQ 54
[    0.866107] pcieport 0000:80:01.2: DPC: enabled with IRQ 54
[    0.866108] pcieport 0000:80:01.2: DPC: error containment capabilities: Int Msg #0, RPExt+ PoisonedTLP+ SwTrigger+ RP PIO Log 6, DL_ActiveErr+
[    0.866208] pcieport 0000:80:01.3: PME: Signaling with IRQ 55
[    0.866240] pcieport 0000:80:01.3: AER: enabled with IRQ 55
[    0.866267] pcieport 0000:80:01.3: DPC: enabled with IRQ 55
[    0.866268] pcieport 0000:80:01.3: DPC: error containment capabilities: Int Msg #0, RPExt+ PoisonedTLP+ SwTrigger+ RP PIO Log 6, DL_ActiveErr+
[    0.866373] pcieport 0000:80:03.3: PME: Signaling with IRQ 56
[    0.866407] pcieport 0000:80:03.3: AER: enabled with IRQ 56
[    0.866426] pcieport 0000:80:03.3: pciehp: Slot #8 AttnBtn- PwrCtrl- MRL- AttnInd- PwrInd- HotPlug+ Surprise- Interlock- NoCompl+ IbPresDis- LLActRep+
[    0.866489] pcieport 0000:80:03.3: DPC: enabled with IRQ 56
[    0.866490] pcieport 0000:80:03.3: DPC: error containment capabilities: Int Msg #0, RPExt+ PoisonedTLP+ SwTrigger+ RP PIO Log 6, DL_ActiveErr+
[    0.866599] pcieport 0000:80:03.4: PME: Signaling with IRQ 57
[    0.866634] pcieport 0000:80:03.4: AER: enabled with IRQ 57
[    0.866653] pcieport 0000:80:03.4: pciehp: Slot #8 AttnBtn- PwrCtrl- MRL- AttnInd- PwrInd- HotPlug+ Surprise- Interlock- NoCompl+ IbPresDis- LLActRep+
[    0.866715] pcieport 0000:80:03.4: DPC: enabled with IRQ 57
[    0.866715] pcieport 0000:80:03.4: DPC: error containment capabilities: Int Msg #0, RPExt+ PoisonedTLP+ SwTrigger+ RP PIO Log 6, DL_ActiveErr+
[    0.866823] pcieport 0000:80:07.1: PME: Signaling with IRQ 59
[    0.867054] pcieport 0000:c0:00.3: PME: Signaling with IRQ 62
[    0.867119] pcieport 0000:c0:00.3: AER: enabled with IRQ 62
[    0.867191] pcieport 0000:c0:07.1: PME: Signaling with IRQ 63
[    0.867277] shpchp: Standard Hot Plug PCI Controller Driver version: 0.4
[    0.867362] input: Power Button as /devices/LNXSYSTM:00/LNXSYBUS:00/PNP0C0C:00/input/input0
[    0.867375] ACPI: button: Power Button [PWRB]
[    0.867393] input: Power Button as /devices/LNXSYSTM:00/LNXPWRBN:00/input/input1
[    0.867870] ACPI: button: Power Button [PWRF]
[    0.868190] Monitor-Mwait will be used to enter C-1 state
[    0.870024] Estimated ratio of average max frequency by base frequency (times 1024): 1123
[    0.870140] Serial: 8250/16550 driver, 32 ports, IRQ sharing enabled
[    0.870233] serial8250: ttyS0 at I/O 0x3f8 (irq = 4, base_baud = 115200) is a 16550A
[    0.871189] Non-volatile memory driver v1.3
[    0.871191] Linux agpgart interface v0.103
[    0.876111] tpm_tis IFX1523:00: 2.0 TPM (device-id 0x1D, rev-id 54)
[    0.881864] Freeing initrd memory: 11048K
[    0.998926] ACPI: bus type drm_connector registered
[    1.002495] loop: module loaded
[    1.002825] ahci 0000:86:00.0: version 3.0
[    1.002893] ahci 0000:86:00.0: SSS flag set, parallel bus scan disabled
[    1.002917] ahci 0000:86:00.0: AHCI vers 0001.0301, 32 command slots, 6 Gbps, SATA mode
[    1.002918] ahci 0000:86:00.0: 4/6 ports implemented (port mask 0xf)
[    1.002919] ahci 0000:86:00.0: flags: 64bit ncq sntf stag pm led clo only pmp pio slum part sxs deso sadm sds apst 
[    1.002923] nvme nvme1: pci function 0000:82:00.0
[    1.002930] nvme nvme0: pci function 0000:81:00.0
[    1.003259] scsi host0: ahci
[    1.003468] scsi host1: ahci
[    1.003526] scsi host2: ahci
[    1.003580] scsi host3: ahci
[    1.003632] scsi host4: ahci
[    1.003720] scsi host5: ahci
[    1.003737] ata1: SATA max UDMA/133 abar [REDACTED_USER]@0xaa200000 port 0xaa200100 irq 64 lpm-pol 3
[    1.003739] ata2: SATA max UDMA/133 abar [REDACTED_USER]@0xaa200000 port 0xaa200180 irq 64 lpm-pol 3
[    1.003740] ata3: SATA max UDMA/133 abar [REDACTED_USER]@0xaa200000 port 0xaa200200 irq 64 lpm-pol 3
[    1.003741] ata4: SATA max UDMA/133 abar [REDACTED_USER]@0xaa200000 port 0xaa200280 irq 64 lpm-pol 3
[    1.003741] ata5: DUMMY
[    1.003741] ata6: DUMMY
[    1.004045] xhci_hcd 0000:05:00.4: xHCI Host Controller
[    1.004067] xhci_hcd 0000:05:00.4: new USB bus registered, assigned bus number 1
[    1.004513] xhci_hcd 0000:05:00.4: hcc params 0x0118ffc5 hci version 0x120 quirks 0x0000000200000010
[    1.004840] xhci_hcd 0000:05:00.4: xHCI Host Controller
[    1.004913] xhci_hcd 0000:05:00.4: new USB bus registered, assigned bus number 2
[    1.004914] xhci_hcd 0000:05:00.4: Host supports USB 3.1 Enhanced SuperSpeed
[    1.004944] usb usb1: New USB device found, idVendor=1d6b, idProduct=0002, bcdDevice= 6.12
[    1.004945] usb usb1: New USB device strings: Mfr=3, Product=2, SerialNumber=1
[    1.004946] usb usb1: Product: xHCI Host Controller
[    1.004946] usb usb1: Manufacturer: Linux 6.12.41-gentoo xhci-hcd
[    1.004947] usb usb1: SerialNumber: 0000:05:00.4
[    1.005061] hub 1-0:1.0: USB hub found
[    1.005068] hub 1-0:1.0: 2 ports detected
[    1.005523] usb usb2: We don't know the algorithms for LPM for this host, disabling LPM.
[    1.005530] usb usb2: New USB device found, idVendor=1d6b, idProduct=0003, bcdDevice= 6.12
[    1.005531] usb usb2: New USB device strings: Mfr=3, Product=2, SerialNumber=1
[    1.005532] usb usb2: Product: xHCI Host Controller
[    1.005532] usb usb2: Manufacturer: Linux 6.12.41-gentoo xhci-hcd
[    1.005532] usb usb2: SerialNumber: 0000:05:00.4
[    1.005627] hub 2-0:1.0: USB hub found
[    1.005633] hub 2-0:1.0: 2 ports detected
[    1.006061] xhci_hcd 0000:85:00.0: xHCI Host Controller
[    1.006137] xhci_hcd 0000:85:00.0: new USB bus registered, assigned bus number 3
[    1.058403] nvme nvme1: 31/0/0 default/read/poll queues
[    1.062100] xhci_hcd 0000:85:00.0: hcc params 0x0200ef81 hci version 0x110 quirks 0x0000000000000010
[    1.062309] xhci_hcd 0000:85:00.0: xHCI Host Controller
[    1.062330] xhci_hcd 0000:85:00.0: new USB bus registered, assigned bus number 4
[    1.062331] xhci_hcd 0000:85:00.0: Host supports USB 3.2 Enhanced SuperSpeed
[    1.062516]  nvme1n1: p1 p2 p3
[    1.063042] usb usb3: New USB device found, idVendor=1d6b, idProduct=0002, bcdDevice= 6.12
[    1.063043] usb usb3: New USB device strings: Mfr=3, Product=2, SerialNumber=1
[    1.063043] usb usb3: Product: xHCI Host Controller
[    1.063044] usb usb3: Manufacturer: Linux 6.12.41-gentoo xhci-hcd
[    1.063044] usb usb3: SerialNumber: 0000:85:00.0
[    1.063099] hub 3-0:1.0: USB hub found
[    1.063109] hub 3-0:1.0: 12 ports detected
[    1.065161] usb usb4: We don't know the algorithms for LPM for this host, disabling LPM.
[    1.065169] usb usb4: New USB device found, idVendor=1d6b, idProduct=0003, bcdDevice= 6.12
[    1.065170] usb usb4: New USB device strings: Mfr=3, Product=2, SerialNumber=1
[    1.065170] usb usb4: Product: xHCI Host Controller
[    1.065171] usb usb4: Manufacturer: Linux 6.12.41-gentoo xhci-hcd
[    1.065171] usb usb4: SerialNumber: 0000:85:00.0
[    1.065209] hub 4-0:1.0: USB hub found
[    1.065214] hub 4-0:1.0: 5 ports detected
[    1.066123] xhci_hcd 0000:c1:00.4: xHCI Host Controller
[    1.066142] xhci_hcd 0000:c1:00.4: new USB bus registered, assigned bus number 5
[    1.066498] xhci_hcd 0000:c1:00.4: hcc params 0x0118ffc5 hci version 0x120 quirks 0x0000000200000010
[    1.066676] xhci_hcd 0000:c1:00.4: xHCI Host Controller
[    1.066691] xhci_hcd 0000:c1:00.4: new USB bus registered, assigned bus number 6
[    1.066692] xhci_hcd 0000:c1:00.4: Host supports USB 3.1 Enhanced SuperSpeed
[    1.066711] usb usb5: New USB device found, idVendor=1d6b, idProduct=0002, bcdDevice= 6.12
[    1.066712] usb usb5: New USB device strings: Mfr=3, Product=2, SerialNumber=1
[    1.066712] usb usb5: Product: xHCI Host Controller
[    1.066712] usb usb5: Manufacturer: Linux 6.12.41-gentoo xhci-hcd
[    1.066713] usb usb5: SerialNumber: 0000:c1:00.4
[    1.066754] hub 5-0:1.0: USB hub found
[    1.066757] hub 5-0:1.0: 2 ports detected
[    1.067136] usb usb6: We don't know the algorithms for LPM for this host, disabling LPM.
[    1.067144] usb usb6: New USB device found, idVendor=1d6b, idProduct=0003, bcdDevice= 6.12
[    1.067144] usb usb6: New USB device strings: Mfr=3, Product=2, SerialNumber=1
[    1.067145] usb usb6: Product: xHCI Host Controller
[    1.067145] usb usb6: Manufacturer: Linux 6.12.41-gentoo xhci-hcd
[    1.067145] usb usb6: SerialNumber: 0000:c1:00.4
[    1.067183] hub 6-0:1.0: USB hub found
[    1.067185] hub 6-0:1.0: 2 ports detected
[    1.067567] usbcore: registered new interface driver usb-storage
[    1.067577] usbcore: registered new interface driver usbserial_generic
[    1.067579] usbserial: USB Serial support registered for generic
[    1.067603] i8042: PNP: PS/2 Controller [PNP0303:PS2K,PNP0f03:PS2M] at 0x60,0x64 irq 1,12
[    1.070471] serio: i8042 KBD port at 0x60,0x64 irq 1
[    1.070489] serio: i8042 AUX port at 0x60,0x64 irq 12
[    1.070621] rtc_cmos rtc_cmos: RTC can wake from S4
[    1.070784] rtc_cmos rtc_cmos: registered as rtc0
[    1.070804] rtc_cmos rtc_cmos: setting system clock to 2025-09-24T16:06:04 UTC (1758729964)
[    1.070818] rtc_cmos rtc_cmos: alarms up to one month, y3k, 114 bytes nvram
[    1.070833] device-mapper: core: CONFIG_IMA_DISABLE_HTABLE is disabled. Duplicate IMA measurements will not be recorded in the IMA log.
[    1.070836] device-mapper: uevent: version 1.0.3
[    1.070869] device-mapper: ioctl: 4.48.0-ioctl (2023-03-01) initialised: [REDACTED_USER]@lists.linux.dev
[    1.072729] efifb: probing for efifb
[    1.072736] efifb: framebuffer at 0x48030000000, using 9600k, total 9600k
[    1.072737] efifb: mode is 1920x1200x32, linelength=8192, pages=1
[    1.072737] efifb: scrolling: redraw
[    1.072737] efifb: Truecolor: size=8:8:8:8, shift=24:16:8:0
[    1.072801] Console: switching to colour frame buffer device 240x75
[    1.073636] fb0: EFI VGA frame buffer device
[    1.073657] hid: raw HID events driver (C) Jiri Kosina
[    1.073684] usbcore: registered new interface driver usbhid
[    1.073685] usbhid: USB HID core driver
[    1.073735] drop_monitor: Initializing network drop monitor service
[    1.073771] Initializing XFRM netlink socket
[    1.073787] NET: Registered PF_INET6 protocol family
[    1.076337] Segment Routing with IPv6
[    1.076338] RPL Segment Routing with IPv6
[    1.076351] In-situ OAM (IOAM) with IPv6
[    1.076375] mip6: Mobile IPv6
[    1.076380] NET: Registered PF_PACKET protocol family
[    1.076402] 8021q: 802.1Q VLAN Support v1.8
[    1.077345] microcode: Current revision: 0x0a108109
[    1.077347] microcode: Updated early from: 0x0a108108
[    1.077780] resctrl: L3 allocation detected
[    1.077780] resctrl: MB allocation detected
[    1.077780] resctrl: SMBA allocation detected
[    1.077781] resctrl: L3 monitoring detected
[    1.077797] IPI shorthand broadcast: enabled
[    1.077821] AES CTR mode by8 optimization enabled
[    1.078961] sched_clock: Marking stable (1075841241, 2724274)->(5182054573, -4103489058)
[    1.079083] registered taskstats version 1
[    1.079554] Loading compiled-in X.509 certificates
[    1.081263] Demotion targets for Node 0: null
[    1.081263] page_owner is disabled
[    1.081344] Key type .fscrypt registered
[    1.081344] Key type fscrypt-provisioning registered
[    1.081572] Btrfs loaded, zoned=yes, fsverity=yes
[    1.081582] Key type big_key registered
[    1.081585] Key type trusted registered
[    1.086835] Key type encrypted registered
[    1.086839] ima: Allocated hash algorithm: sha256
[    1.091451] nvme nvme0: 31/0/0 default/read/poll queues
[    1.094796]  nvme0n1: p1 p2 p3 p4 p5
[    1.249380] usb 1-1: new high-speed USB device number 2 using xhci_hcd
[    1.299618] ima: No architecture policies found
[    1.299629] evm: Initialising EVM extended attributes:
[    1.299629] evm: security.selinux
[    1.299630] evm: security.SMACK64 (disabled)
[    1.299630] evm: security.SMACK64EXEC (disabled)
[    1.299631] evm: security.SMACK64TRANSMUTE (disabled)
[    1.299631] evm: security.SMACK64MMAP (disabled)
[    1.299631] evm: security.apparmor
[    1.299631] evm: security.ima
[    1.299631] evm: security.capability
[    1.299632] evm: HMAC attrs: 0x1
[    1.299722] PM:   Magic number: 9:584:136
[    1.299729] usb usb4-port1: hash matches
[    1.299753] misc autofs: hash matches
[    1.299934] RAS: Correctable Errors collector initialized.
[    1.299974] clk: Disabling unused clocks
[    1.312373] ata1: SATA link down (SStatus 0 SControl 300)
[    1.369401] usb 3-2: new high-speed USB device number 2 using xhci_hcd
[    1.389795] usb 1-1: New USB device found, idVendor=0bda, idProduct=5411, bcdDevice= 1.01
[    1.389799] usb 1-1: New USB device strings: Mfr=1, Product=2, SerialNumber=0
[    1.389801] usb 1-1: Product: 4-Port USB 2.1 Hub
[    1.389802] usb 1-1: Manufacturer: Generic
[    1.453359] hub 1-1:1.0: USB hub found
[    1.454054] hub 1-1:1.0: 4 ports detected
[    1.517072] usb 2-1: new SuperSpeed USB device number 2 using xhci_hcd
[    1.537887] usb 2-1: New USB device found, idVendor=0bda, idProduct=0411, bcdDevice= 1.01
[    1.537891] usb 2-1: New USB device strings: Mfr=1, Product=2, SerialNumber=0
[    1.537893] usb 2-1: Product: 4-Port USB 3.1 Hub
[    1.537894] usb 2-1: Manufacturer: Generic
[    1.567477] hub 2-1:1.0: USB hub found
[    1.568173] hub 2-1:1.0: 4 ports detected
[    1.593877] usb 3-2: New USB device found, idVendor=0bda, idProduct=5411, bcdDevice= 1.01
[    1.593881] usb 3-2: New USB device strings: Mfr=1, Product=2, SerialNumber=0
[    1.593882] usb 3-2: Product: 4-Port USB 2.1 Hub
[    1.593883] usb 3-2: Manufacturer: Generic
[    1.602090] hub 3-2:1.0: USB hub found
[    1.604846] hub 3-2:1.0: 4 ports detected
[    1.625627] ata2: SATA link down (SStatus 0 SControl 300)
[    1.693938] usb 4-2: new SuperSpeed USB device number 2 using xhci_hcd
[    1.717644] usb 4-2: New USB device found, idVendor=0bda, idProduct=0411, bcdDevice= 1.01
[    1.717647] usb 4-2: New USB device strings: Mfr=1, Product=2, SerialNumber=0
[    1.717648] usb 4-2: Product: 4-Port USB 3.1 Hub
[    1.717649] usb 4-2: Manufacturer: Generic
[    1.726899] hub 4-2:1.0: USB hub found
[    1.727597] hub 4-2:1.0: 4 ports detected
[    1.796357] usb 1-1.3: new high-speed USB device number 3 using xhci_hcd
[    1.872994] tsc: Refined TSC clocksource calibration: 4493.247 MHz
[    1.873006] clocksource: tsc: mask: 0xffffffffffffffff max_cycles: 0x40c47c12e6d, max_idle_ns: 440795235586 ns
[    1.873076] clocksource: Switched to clocksource tsc
[    1.902574] usb 1-1.3: New USB device found, idVendor=0bda, idProduct=5418, bcdDevice= 1.06
[    1.902578] usb 1-1.3: New USB device strings: Mfr=1, Product=2, SerialNumber=0
[    1.902579] usb 1-1.3: Product: USB2.1 Hub
[    1.902580] usb 1-1.3: Manufacturer: Generic
[    1.934410] ata3: SATA link down (SStatus 0 SControl 300)
[    1.965837] usb 2-1.3: new SuperSpeed USB device number 3 using xhci_hcd
[    1.966814] hub 1-1.3:1.0: USB hub found
[    1.967968] hub 1-1.3:1.0: 5 ports detected
[    1.987407] usb 2-1.3: New USB device found, idVendor=0bda, idProduct=0418, bcdDevice= 1.06
[    1.987413] usb 2-1.3: New USB device strings: Mfr=1, Product=2, SerialNumber=0
[    1.987416] usb 2-1.3: Product: USB3.2 Hub
[    1.987417] usb 2-1.3: Manufacturer: Generic
[    2.030977] hub 2-1.3:1.0: USB hub found
[    2.032514] hub 2-1.3:1.0: 4 ports detected
[    2.240428] ata4: SATA link down (SStatus 0 SControl 300)
[    2.242565] Freeing unused decrypted memory: 2036K
[    2.242790] Freeing unused kernel image (initmem) memory: 3036K
[    2.242800] Write protecting the kernel read-only data: 30720k
[    2.242991] Freeing unused kernel image (rodata/data gap) memory: 1788K
[    2.248356] x86/mm: Checked W+X mappings: passed, no W+X pages found.
[    2.248361] Run /init as init process
[    2.248362]   with arguments:
[    2.248363]     /init
[    2.248363]   with environment:
[    2.248364]     HOME=/
[    2.248364]     TERM=linux
[    2.248364]     BOOT_IMAGE=/boot/vmlinuz
[    2.271613] dracut: dracut-106
[    2.349410] usb 1-1.3.3: new low-speed USB device number 4 using xhci_hcd
[    2.405623] sp5100_tco: SP5100/SB800 TCO WatchDog Timer Driver
[    2.405673] sp5100-tco sp5100-tco: Using 0xfeb00000 for watchdog MMIO address
[    2.405745] sp5100-tco sp5100-tco: initialized. heartbeat=60 sec (nowayout=0)
[    2.408872] ccp 0000:05:00.5: tee enabled
[    2.408875] ccp 0000:05:00.5: psp: TSME enabled
[    2.408876] ccp 0000:05:00.5: psp enabled
[    2.542652] usb 1-1.3.3: New USB device found, idVendor=046a, idProduct=0023, bcdDevice= 2.20
[    2.542656] usb 1-1.3.3: New USB device strings: Mfr=0, Product=0, SerialNumber=0
[    2.812993] usb 1-1.3.4: new low-speed USB device number 5 using xhci_hcd
[    2.923185] usb 1-1.3.4: New USB device found, idVendor=03f0, idProduct=134a, bcdDevice= 1.00
[    2.923192] usb 1-1.3.4: New USB device strings: Mfr=1, Product=2, SerialNumber=0
[    2.923195] usb 1-1.3.4: Product: HP USB Optical Mouse
[    2.923197] usb 1-1.3.4: Manufacturer: PixArt
[    3.042992] usb 1-1.3.5: new high-speed USB device number 6 using xhci_hcd
[    3.145856] usb 1-1.3.5: New USB device found, idVendor=0bda, idProduct=1100, bcdDevice= 1.01
[    3.145861] usb 1-1.3.5: New USB device strings: Mfr=1, Product=2, SerialNumber=0
[    3.145863] usb 1-1.3.5: Product: HID Device
[    3.145864] usb 1-1.3.5: Manufacturer: Realtek
[    3.187532] input: PixArt HP USB Optical Mouse as /devices/pci0000:00/0000:00:07.1/0000:05:00.4/usb1/1-1/1-1.3/1-1.3.4/1-1.3.4:1.0/0003:03F0:134A.0003/input/input5
[    3.187711] hid-generic 0003:03F0:134A.0003: input,hidraw0: USB HID v1.11 Mouse [PixArt HP USB Optical Mouse] on usb-0000:05:00.4-1.3.4/input0
[    3.187861] hid-generic 0003:0BDA:1100.0004: hiddev96,hidraw1: USB HID v1.11 Device [Realtek HID Device] on usb-0000:05:00.4-1.3.5/input0
[    3.188352] input: HID 046a:0023 as /devices/pci0000:00/0000:00:07.1/0000:05:00.4/usb1/1-1/1-1.3/1-1.3.3/1-1.3.3:1.0/0003:046A:0023.0001/input/input6
[    3.312871] cherry 0003:046A:0023.0001: input,hidraw2: USB HID v1.11 Keyboard [HID 046a:0023] on usb-0000:05:00.4-1.3.3/input0
[    3.312955] input: HID 046a:0023 as /devices/pci0000:00/0000:00:07.1/0000:05:00.4/usb1/1-1/1-1.3/1-1.3.3/1-1.3.3:1.1/0003:046A:0023.0002/input/input7
[    3.366322] cherry 0003:046A:0023.0002: input,hidraw3: USB HID v1.11 Device [HID 046a:0023] on usb-0000:05:00.4-1.3.3/input1
[    3.482302] BTRFS: device label gentoo devid 1 transid 465044 /dev/nvme0n1p3 (259:7) scanned by mount (891)
[    3.482937] BTRFS info (device nvme0n1p3): first mount of filesystem 4f708c84-185d-437b-a03a-7a565f598a23
[    3.482962] BTRFS info (device nvme0n1p3): using crc32c (crc32c-intel) checksum algorithm
[    3.482968] BTRFS info (device nvme0n1p3): using free-space-tree
[    3.553047] dracut: Remounting /dev/disk/by-uuid/4f708c84-185d-437b-a03a-7a565f598a23 with -o defaults,noatime,ro
[    3.561668] dracut: Mounted [REDACTED_USER] filesystem /dev/nvme0n1p3
[    3.569357] dracut: Martin's init: Starting custom overlay boot sequence.
[    3.577293] dracut: SquashFS source: /dev/disk/by-label/gentoo
[    3.577313] dracut: SquashFS file: gentoo.squashfs
[    3.577330] dracut: Persistence source: /dev/disk/by-uuid/42bbab57-7cb0-465f-8ef9-6b34379da7d3
[    3.577346] dracut: Persistence LV: /dev/mapper/[REDACTED_USER]--vg-[REDACTED_USER]--lv
[    3.577358] dracut: Persistence LUKS mapping name: vg
[    3.577373] dracut: Opening LUKS volume /dev/disk/by-uuid/42bbab57-7cb0-465f-8ef9-6b34379da7d3 as vg
[   12.135830] dracut: Activating LVM volume groups
[   12.231532] dracut: Mounting /dev/disk/by-label/gentoo on /mnt_squash
[   12.273686] dracut: Mounting /dev/mapper/[REDACTED_USER]--vg-[REDACTED_USER]--lv on /mnt_persist
[   12.565801] EXT4-fs (dm-1): recovery complete
[   12.566089] EXT4-fs (dm-1): mounted filesystem d390181f-0ebe-4b82-98d6-0c72cbd934a5 r/w with ordered data mode. Quota mode: none.
[   12.566508] dracut: Checking for /mnt_squash/gentoo.squashfs
[   12.570635] dracut: Copying /mnt_squash/gentoo.squashfs to RAM
[   16.826749] dracut: Mounting SquashFS image from RAM
[   16.828288] loop0: detected capacity change from 0 to 15790760
[   16.830287] dracut: Mounting overlay filesystem...
[   16.836767] dracut: Successfully mounted overlayfs on /sysroot
[   16.836791] dracut: Switching [REDACTED_USER] to /sysroot and executing /sbin/init
[   16.880684] systemd[1]: systemd 257.9 running in system mode (+PAM -AUDIT -SELINUX -APPARMOR +IMA +IPE +SMACK +SECCOMP +GCRYPT -GNUTLS +OPENSSL +ACL +BLKID -CURL -ELFUTILS -FIDO2 +IDN2 -IDN -IPTC +KMOD -LIBCRYPTSETUP -LIBCRYPTSETUP_PLUGINS +LIBFDISK +PCRE2 -PWQUALITY -P11KIT -QRENCODE -TPM2 -BZIP2 +LZ4 -XZ -ZLIB +ZSTD -BPF_FRAMEWORK -BTF -XKBCOMMON +UTMP -SYSVINIT -LIBARCHIVE)
[   16.880687] systemd[1]: Detected architecture x86-64.
[   16.882486] systemd[1]: No hostname configured, using default hostname.
[   16.882504] systemd[1]: Hostname set to <localhost>.
[   17.041695] systemd[1]: /etc/systemd/system/reverse-ssh.service:14: Unknown key 'StartLimitIntervalSec' in section [Service], ignoring.
[   17.042373] systemd[1]: /etc/systemd/system/reverse-ssh-us.service:14: Unknown key 'StartLimitIntervalSec' in section [Service], ignoring.
[   17.043304] systemd[1]: /etc/systemd/system/reverse-ssh-eu.service:14: Unknown key 'StartLimitIntervalSec' in section [Service], ignoring.
[   17.044145] systemd[1]: Queued start job for default target Graphical Interface.
[   17.077655] systemd[1]: Created slice Slice /system/getty.
[   17.078157] systemd[1]: Created slice Slice /system/modprobe.
[   17.078549] systemd[1]: Created slice [REDACTED_USER] and Session Slice.
[   17.078846] systemd[1]: Started Dispatch Password Requests to Console Directory Watch.
[   17.079132] systemd[1]: Started Forward Password Requests to Wall Directory Watch.
[   17.079514] systemd[1]: Set up automount Arbitrary Executable File Formats File System Automount Point.
[   17.082123] systemd[1]: Reached target Path Units.
[   17.082407] systemd[1]: Reached target Remote File Systems.
[   17.082680] systemd[1]: Reached target Slice Units.
[   17.083780] systemd[1]: Reached target Swaps.
[   17.084655] systemd[1]: Listening on Process Core Dump Socket.
[   17.085224] systemd[1]: Listening on Credential Encryption/Decryption.
[   17.085536] systemd[1]: Listening on Journal Socket (/dev/log).
[   17.085831] systemd[1]: Listening on Journal Sockets.
[   17.087451] systemd[1]: Listening on Network Service Netlink Socket.
[   17.087751] systemd[1]: Listening on udev Control Socket.
[   17.088023] systemd[1]: Listening on udev Kernel Socket.
[   17.090091] systemd[1]: Mounting Huge Pages File System...
[   17.091232] systemd[1]: Mounting POSIX Message Queue File System...
[   17.091810] systemd[1]: Mounting Kernel Debug File System...
[   17.092357] systemd[1]: Mounting Kernel Trace File System...
[   17.094451] systemd[1]: tmp.mount: Directory /tmp to mount over is not empty, mounting anyway.
[   17.094771] systemd[1]: Mounting Temporary Directory /tmp...
[   17.095469] systemd[1]: Starting Create List of Static Device Nodes...
[   17.096091] systemd[1]: Starting Load Kernel Module configfs...
[   17.097692] systemd[1]: Starting Load Kernel Module dm_mod...
[   17.098308] systemd[1]: Starting Load Kernel Module drm...
[   17.098886] systemd[1]: Starting Load Kernel Module fuse...
[   17.099499] systemd[1]: Starting Load Kernel Module loop...
[   17.100855] systemd[1]: Clear Stale Hibernate Storage Info was skipped because of an unmet condition check (ConditionPathExists=/sys/firmware/efi/efivars/HibernateLocation-8cf2644b-4b0b-428f-9387-6d876050dc67).
[   17.101540] systemd[1]: Starting Journal Service...
[   17.102384] systemd[1]: Starting Load Kernel Modules...
[   17.103004] systemd[1]: Starting Generate network units from Kernel command line...
[   17.103991] fuse: init (API version 7.41)
[   17.104369] systemd[1]: Starting Remount [REDACTED_USER] and Kernel File Systems...
[   17.104964] systemd[1]: Starting Load udev Rules from Credentials...
[   17.105498] systemd[1]: Starting Coldplug All udev Devices...
[   17.108126] systemd[1]: Mounted Huge Pages File System.
[   17.108383] systemd[1]: Mounted POSIX Message Queue File System.
[   17.108620] systemd[1]: Mounted Kernel Debug File System.
[   17.108852] systemd[1]: Mounted Kernel Trace File System.
[   17.109078] systemd[1]: Mounted Temporary Directory /tmp.
[   17.109380] systemd[1]: Finished Create List of Static Device Nodes.
[   17.110939] systemd[1]: [REDACTED_USER]@configfs.service: Deactivated successfully.
[   17.111029] systemd[1]: Finished Load Kernel Module configfs.
[   17.111464] systemd[1]: [REDACTED_USER]@dm_mod.service: Deactivated successfully.
[   17.111559] systemd[1]: Finished Load Kernel Module dm_mod.
[   17.111980] systemd[1]: [REDACTED_USER]@drm.service: Deactivated successfully.
[   17.112066] systemd[1]: Finished Load Kernel Module drm.
[   17.112482] systemd[1]: [REDACTED_USER]@fuse.service: Deactivated successfully.
