[    0.000000] Linux version 6.12.41-gentoo ([REDACTED_USER]@buildkitsandbox) (gcc (Gentoo 14.3.1_p20250801 p4) 14.3.1 20250801, GNU ld (Gentoo 2.45 p3) 2.45.0) #1 SMP PREEMPT_RT Wed Oct 22 16:31:38 -00 2025
[    0.000000] Command line: BOOT_IMAGE=/boot/vmlinuz [REDACTED_USER]=UUID=4f708c84-185d-437b-a03a-7a565f598a23 ro squashfs.part=/dev/disk/by-label/gentoo squashfs.file=gentoo.squashfs persist.part=/dev/disk/by-uuid/42bbab57-7cb0-465f-8ef9-6b34379da7d3 persist.lv=/dev/mapper/[REDACTED_USER]--vg-[REDACTED_USER]--lv persist.mapname=vg
[    0.000000] BIOS-provided physical RAM map:
[    0.000000] BIOS-e820: [mem 0x0000000000000000-0x000000000009efff] usable
[    0.000000] BIOS-e820: [mem 0x000000000009f000-0x000000000009ffff] reserved
[    0.000000] BIOS-e820: [mem 0x0000000000100000-0x0000000009efffff] usable
[    0.000000] BIOS-e820: [mem 0x0000000009f00000-0x0000000009f42fff] ACPI NVS
[    0.000000] BIOS-e820: [mem 0x0000000009f43000-0x000000000affffff] usable
[    0.000000] BIOS-e820: [mem 0x000000000b000000-0x000000000b020fff] reserved
[    0.000000] BIOS-e820: [mem 0x000000000b021000-0x0000000013096fff] usable
[    0.000000] BIOS-e820: [mem 0x0000000013097000-0x000000001309ffff] ACPI data
[    0.000000] BIOS-e820: [mem 0x00000000130a0000-0x000000002bd33fff] usable
[    0.000000] BIOS-e820: [mem 0x000000002bd34000-0x000000002dad1fff] reserved
[    0.000000] BIOS-e820: [mem 0x000000002dad2000-0x0000000030c24fff] ACPI NVS
[    0.000000] BIOS-e820: [mem 0x0000000030c25000-0x0000000030ca4fff] ACPI data
[    0.000000] BIOS-e820: [mem 0x0000000030ca5000-0x0000000038aaffff] usable
[    0.000000] BIOS-e820: [mem 0x0000000038ab0000-0x0000000038ab0fff] reserved
[    0.000000] BIOS-e820: [mem 0x0000000038ab1000-0x0000000038adafff] usable
[    0.000000] BIOS-e820: [mem 0x0000000038adb000-0x0000000038adbfff] reserved
[    0.000000] BIOS-e820: [mem 0x0000000038adc000-0x0000000044c8cfff] usable
[    0.000000] BIOS-e820: [mem 0x0000000044c8d000-0x0000000044ca1fff] reserved
[    0.000000] BIOS-e820: [mem 0x0000000044ca2000-0x000000005fffffff] usable
[    0.000000] BIOS-e820: [mem 0x0000000060000000-0x000000007fffffff] reserved
[    0.000000] BIOS-e820: [mem 0x00000000c7200000-0x00000000c72fffff] reserved
[    0.000000] BIOS-e820: [mem 0x00000000e0000000-0x00000000efffffff] reserved
[    0.000000] BIOS-e820: [mem 0x00000000fec00000-0x00000000fec00fff] reserved
[    0.000000] BIOS-e820: [mem 0x00000000fec10000-0x00000000fec10fff] reserved
[    0.000000] BIOS-e820: [mem 0x00000000fed80000-0x00000000fed80fff] reserved
[    0.000000] BIOS-e820: [mem 0x00000000fedf1000-0x00000000fedf1fff] reserved
[    0.000000] BIOS-e820: [mem 0x00000000fee00000-0x00000000fee00fff] reserved
[    0.000000] BIOS-e820: [mem 0x0000000100000000-0x000000107dcbffff] usable
[    0.000000] BIOS-e820: [mem 0x000000107dcc0000-0x000000107fffffff] reserved
[    0.000000] BIOS-e820: [mem 0x000000fd00000000-0x000000fd01ffffff] reserved
[    0.000000] NX (Execute Disable) protection: active
[    0.000000] APIC: Static calls initialized
[    0.000000] e820: update [mem 0x1306f018-0x13096657] usable ==> usable
[    0.000000] extended physical RAM map:
[    0.000000] reserve setup_data: [mem 0x0000000000000000-0x000000000009efff] usable
[    0.000000] reserve setup_data: [mem 0x000000000009f000-0x000000000009ffff] reserved
[    0.000000] reserve setup_data: [mem 0x0000000000100000-0x0000000009efffff] usable
[    0.000000] reserve setup_data: [mem 0x0000000009f00000-0x0000000009f42fff] ACPI NVS
[    0.000000] reserve setup_data: [mem 0x0000000009f43000-0x000000000affffff] usable
[    0.000000] reserve setup_data: [mem 0x000000000b000000-0x000000000b020fff] reserved
[    0.000000] reserve setup_data: [mem 0x000000000b021000-0x000000001306f017] usable
[    0.000000] reserve setup_data: [mem 0x000000001306f018-0x0000000013096657] usable
[    0.000000] reserve setup_data: [mem 0x0000000013096658-0x0000000013096fff] usable
[    0.000000] reserve setup_data: [mem 0x0000000013097000-0x000000001309ffff] ACPI data
[    0.000000] reserve setup_data: [mem 0x00000000130a0000-0x000000002bd33fff] usable
[    0.000000] reserve setup_data: [mem 0x000000002bd34000-0x000000002dad1fff] reserved
[    0.000000] reserve setup_data: [mem 0x000000002dad2000-0x0000000030c24fff] ACPI NVS
[    0.000000] reserve setup_data: [mem 0x0000000030c25000-0x0000000030ca4fff] ACPI data
[    0.000000] reserve setup_data: [mem 0x0000000030ca5000-0x0000000038aaffff] usable
[    0.000000] reserve setup_data: [mem 0x0000000038ab0000-0x0000000038ab0fff] reserved
[    0.000000] reserve setup_data: [mem 0x0000000038ab1000-0x0000000038adafff] usable
[    0.000000] reserve setup_data: [mem 0x0000000038adb000-0x0000000038adbfff] reserved
[    0.000000] reserve setup_data: [mem 0x0000000038adc000-0x0000000044c8cfff] usable
[    0.000000] reserve setup_data: [mem 0x0000000044c8d000-0x0000000044ca1fff] reserved
[    0.000000] reserve setup_data: [mem 0x0000000044ca2000-0x000000005fffffff] usable
[    0.000000] reserve setup_data: [mem 0x0000000060000000-0x000000007fffffff] reserved
[    0.000000] reserve setup_data: [mem 0x00000000c7200000-0x00000000c72fffff] reserved
[    0.000000] reserve setup_data: [mem 0x00000000e0000000-0x00000000efffffff] reserved
[    0.000000] reserve setup_data: [mem 0x00000000fec00000-0x00000000fec00fff] reserved
[    0.000000] reserve setup_data: [mem 0x00000000fec10000-0x00000000fec10fff] reserved
[    0.000000] reserve setup_data: [mem 0x00000000fed80000-0x00000000fed80fff] reserved
[    0.000000] reserve setup_data: [mem 0x00000000fedf1000-0x00000000fedf1fff] reserved
[    0.000000] reserve setup_data: [mem 0x00000000fee00000-0x00000000fee00fff] reserved
[    0.000000] reserve setup_data: [mem 0x0000000100000000-0x000000107dcbffff] usable
[    0.000000] reserve setup_data: [mem 0x000000107dcc0000-0x000000107fffffff] reserved
[    0.000000] reserve setup_data: [mem 0x000000fd00000000-0x000000fd01ffffff] reserved
[    0.000000] efi: EFI v2.7 by HP
[    0.000000] efi: ACPI=0x30ca4000 ACPI 2.0=0x30ca4014 SMBIOS=0x2cff8000 SMBIOS 3.0=0x2cff6000 TPMFinalLog=0x2e4ee000 ESRT=0x2cf7c118 MEMATTR=0x1e279018 INITRD=0x158fcb18 RNG=0x30c8c018 TPMEventLog=0x13097018 
[    0.000000] random: crng init done
[    0.000000] efi: Remove mem55: MMIO range=[0xc7200000-0xc72fffff] (1MB) from e820 map
[    0.000000] e820: remove [mem 0xc7200000-0xc72fffff] reserved
[    0.000000] efi: Remove mem56: MMIO range=[0xe0000000-0xefffffff] (256MB) from e820 map
[    0.000000] e820: remove [mem 0xe0000000-0xefffffff] reserved
[    0.000000] efi: Not removing mem57: MMIO range=[0xfec00000-0xfec00fff] (4KB) from e820 map
[    0.000000] efi: Not removing mem58: MMIO range=[0xfec10000-0xfec10fff] (4KB) from e820 map
[    0.000000] efi: Not removing mem59: MMIO range=[0xfed80000-0xfed80fff] (4KB) from e820 map
[    0.000000] efi: Not removing mem60: MMIO range=[0xfedf1000-0xfedf1fff] (4KB) from e820 map
[    0.000000] efi: Not removing mem61: MMIO range=[0xfee00000-0xfee00fff] (4KB) from e820 map
[    0.000000] efi: Remove mem63: MMIO range=[0xfd00000000-0xfd01ffffff] (32MB) from e820 map
[    0.000000] e820: remove [mem 0xfd00000000-0xfd01ffffff] reserved
[    0.000000] SMBIOS 3.5.0 present.
[    0.000000] DMI: HP HP Z6 G5 A Workstation Desktop PC/8B24, BIOS U65 Ver. 01.01.21 08/15/2024
[    0.000000] DMI: Memory slots populated: 2/8
[    0.000000] tsc: Fast TSC calibration using PIT
[    0.000000] tsc: Detected 4493.332 MHz processor
[    0.000511] e820: update [mem 0x00000000-0x00000fff] usable ==> reserved
[    0.000520] e820: remove [mem 0x000a0000-0x000fffff] usable
[    0.000553] last_pfn = 0x107dcc0 max_arch_pfn = 0x10000000000
[    0.000563] MTRR map: 6 entries (3 fixed + 3 variable; max 20), built from 9 variable MTRRs
[    0.000569] x86/PAT: Configuration [0-7]: WB  WC  UC- UC  WB  WP  UC- WT  
[    0.000780] x2apic: enabled by BIOS, switching to x2apic ops
[    0.000786] last_pfn = 0x60000 max_arch_pfn = 0x10000000000
[    0.018196] esrt: Reserving ESRT space from 0x000000002cf7c118 to 0x000000002cf7c150.
[    0.018216] Using GB pages for direct mapping
[    0.028351] Secure boot disabled
[    0.028353] RAMDISK: [mem 0x130a0000-0x13b68fff]
[    0.028369] ACPI: Early table checksum verification disabled
[    0.028373] ACPI: RSDP 0x0000000030CA4014 000024 (v02 HPQOEM)
[    0.028383] ACPI: XSDT 0x0000000030C76188 000154 (v01 HPQOEM SLIC-WKS 00000001 AMD  00000001)
[    0.028397] ACPI: FACP 0x0000000030C82000 00010C (v05 HPQOEM SLIC-WKS 00000001 HP   00000001)
[    0.028411] ACPI: DSDT 0x0000000030C51000 0104D5 (v02 AMD    AMD_EDK2 00000000 INTL 20200717)
[    0.028423] ACPI: FACS 0x0000000030C06000 000040
[    0.028432] ACPI: SSDT 0x0000000030CA2000 00013E (v02 HP     ShmTable 00000001 INTL 20200717)
[    0.028441] ACPI: SSDT 0x0000000030C91000 0009CC (v02 AMD    BOULDERG 00000002 MSFT 04000000)
[    0.028452] ACPI: SSDT 0x0000000030C90000 000065 (v02 AMD    CPMDSM   00000001 INTL 20200717)
[    0.028462] ACPI: SSDT 0x0000000030C8E000 001B53 (v02 AMD    CPMRAS   00000001 INTL 20200717)
[    0.028472] ACPI: BERT 0x0000000030C8D000 000030 (v01 AMD    AMD BERT 00000001 AMD  00000001)
[    0.028483] ACPI: SSDT 0x0000000030C89000 0023DD (v01 HPQOEM Plat_Wmi 00000001 INTL 20200717)
[    0.028495] ACPI: OEMJ 0x0000000030C88000 00003D (v01 HPQOEM SLIC-WKS 00000002 AMD  00000001)
[    0.028506] ACPI: APIC 0x0000000030C87000 00028E (v04 HPQOEM SLIC-WKS 00000000 AMD  00000001)
[    0.028518] ACPI: SSDT 0x0000000030C86000 0004AB (v02 AMD    UcsiAcpi 00001000 INTL 20200717)
[    0.028529] ACPI: OEML 0x0000000030C85000 000028 (v03 HPQOEM SLIC-WKS 00000002 AMD  00000001)
[    0.028540] ACPI: SSDT 0x0000000030C84000 0005FB (v02 HPQOEM Tpm2Tabl 00001000 INTL 20200717)
[    0.028551] ACPI: TPM2 0x0000000030C83000 000034 (v03 HPQOEM SLIC-WKS 00000002 AMD  00000001)
[    0.028563] ACPI: ASF! 0x0000000030C81000 00006E (v32 HPQOEM 8B24     00000001 HP   00000001)
[    0.028571] ACPI: WSMT 0x0000000030C80000 000028 (v01 HPQOEM 8B24     00000001 HP   00000001)
[    0.028582] ACPI: HPET 0x0000000030C7F000 000038 (v01 HPQOEM 8B24     00000001 HP   00000001)
[    0.028593] ACPI: MCFG 0x0000000030C7E000 00003C (v01 HPQOEM 8B24     00000001 HP   00000001)
[    0.028604] ACPI: FPDT 0x0000000030C7D000 000044 (v01 HPQOEM SLIC-WKS 00000002 AMD  00000001)
[    0.028615] ACPI: SSDT 0x0000000030C7A000 002440 (v02 AMD    GPP_PME_ 00000001 INTL 20200717)
[    0.028626] ACPI: SSDT 0x0000000030C77000 002440 (v02 AMD    GPP_PME_ 00000001 INTL 20200717)
[    0.028636] ACPI: SSDT 0x0000000030C73000 002440 (v02 AMD    GPP_PME_ 00000001 INTL 20200717)
[    0.028646] ACPI: SSDT 0x0000000030C70000 002440 (v02 AMD    GPP_PME_ 00000001 INTL 20200717)
[    0.028658] ACPI: SSDT 0x0000000030CA3000 000024 (v01 HP     HPSANIMD 00001000 INTL 20200717)
[    0.028670] ACPI: SSDT 0x0000000030C6F000 000069 (v02 HP     HPCAHWID 00001000 INTL 20200717)
[    0.028680] ACPI: SSDT 0x0000000030C67000 007BAE (v02 AMD    AmdTable 00000001 AMD  00000001)
[    0.028692] ACPI: CRAT 0x0000000030C65000 001D28 (v01 AMD    AmdTable 00000001 AMD  00000001)
[    0.028702] ACPI: CDIT 0x0000000030C64000 000029 (v01 AMD    AmdTable 00000001 AMD  00000001)
[    0.028712] ACPI: HMAT 0x0000000030C63000 0000A4 (v02 AMD    AmdTable 00000001 AMD  00000001)
[    0.028722] ACPI: BDAT 0x0000000030C62000 000030 (v01 AMD    AmdTable 00000000 AMD  00000001)
[    0.028732] ACPI: IVRS 0x0000000030CA1000 0004D4 (v02 AMD    AmdTable 00000001 AMD  00000001)
[    0.028743] ACPI: SSDT 0x0000000030C97000 0097DF (v02 AMD    CPMCMN   00000001 INTL 20200717)
[    0.028753] ACPI: BGRT 0x0000000030C96000 000038 (v01 HPQOEM SLIC-WKS 00000002 AMD  00000001)
[    0.028763] ACPI: SSDT 0x0000000030C93000 0022A2 (v02 AMD    AOD      00000001 INTL 20200717)
[    0.028774] ACPI: SSDT 0x0000000030C92000 000085 (v02 AMD    AmdTable 00000001 INTL 20200717)
[    0.028785] ACPI: SSDT 0x0000000030C50000 0004F8 (v02 AMD    MEMTOOL0 00000002 INTL 20200717)
[    0.028795] ACPI: SSDT 0x0000000030C4F000 000995 (v02 AMD    CPMMSOSC 00000001 INTL 20200717)
[    0.028806] ACPI: SSDT 0x0000000030C4E000 000B6A (v02 AMD    CPMACPV6 00000001 INTL 20200717)
[    0.028816] ACPI: HEST 0x0000000030C2D000 020A14 (v01 AMD    AMD HEST 00000001 AMD  00000001)
[    0.028826] ACPI: Reserving FACP table memory at [mem 0x30c82000-0x30c8210b]
[    0.028830] ACPI: Reserving DSDT table memory at [mem 0x30c51000-0x30c614d4]
[    0.028834] ACPI: Reserving FACS table memory at [mem 0x30c06000-0x30c0603f]
[    0.028838] ACPI: Reserving SSDT table memory at [mem 0x30ca2000-0x30ca213d]
[    0.028842] ACPI: Reserving SSDT table memory at [mem 0x30c91000-0x30c919cb]
[    0.028846] ACPI: Reserving SSDT table memory at [mem 0x30c90000-0x30c90064]
[    0.028849] ACPI: Reserving SSDT table memory at [mem 0x30c8e000-0x30c8fb52]
[    0.028853] ACPI: Reserving BERT table memory at [mem 0x30c8d000-0x30c8d02f]
[    0.028857] ACPI: Reserving SSDT table memory at [mem 0x30c89000-0x30c8b3dc]
[    0.028860] ACPI: Reserving OEMJ table memory at [mem 0x30c88000-0x30c8803c]
[    0.028864] ACPI: Reserving APIC table memory at [mem 0x30c87000-0x30c8728d]
[    0.028868] ACPI: Reserving SSDT table memory at [mem 0x30c86000-0x30c864aa]
[    0.028872] ACPI: Reserving OEML table memory at [mem 0x30c85000-0x30c85027]
[    0.028875] ACPI: Reserving SSDT table memory at [mem 0x30c84000-0x30c845fa]
[    0.028878] ACPI: Reserving TPM2 table memory at [mem 0x30c83000-0x30c83033]
[    0.028882] ACPI: Reserving ASF! table memory at [mem 0x30c81000-0x30c8106d]
[    0.028886] ACPI: Reserving WSMT table memory at [mem 0x30c80000-0x30c80027]
[    0.028890] ACPI: Reserving HPET table memory at [mem 0x30c7f000-0x30c7f037]
[    0.028894] ACPI: Reserving MCFG table memory at [mem 0x30c7e000-0x30c7e03b]
[    0.028897] ACPI: Reserving FPDT table memory at [mem 0x30c7d000-0x30c7d043]
[    0.028901] ACPI: Reserving SSDT table memory at [mem 0x30c7a000-0x30c7c43f]
[    0.028905] ACPI: Reserving SSDT table memory at [mem 0x30c77000-0x30c7943f]
[    0.028909] ACPI: Reserving SSDT table memory at [mem 0x30c73000-0x30c7543f]
[    0.028912] ACPI: Reserving SSDT table memory at [mem 0x30c70000-0x30c7243f]
[    0.028916] ACPI: Reserving SSDT table memory at [mem 0x30ca3000-0x30ca3023]
[    0.028920] ACPI: Reserving SSDT table memory at [mem 0x30c6f000-0x30c6f068]
[    0.028923] ACPI: Reserving SSDT table memory at [mem 0x30c67000-0x30c6ebad]
[    0.028928] ACPI: Reserving CRAT table memory at [mem 0x30c65000-0x30c66d27]
[    0.028932] ACPI: Reserving CDIT table memory at [mem 0x30c64000-0x30c64028]
[    0.028936] ACPI: Reserving HMAT table memory at [mem 0x30c63000-0x30c630a3]
[    0.028941] ACPI: Reserving BDAT table memory at [mem 0x30c62000-0x30c6202f]
[    0.028945] ACPI: Reserving IVRS table memory at [mem 0x30ca1000-0x30ca14d3]
[    0.028949] ACPI: Reserving SSDT table memory at [mem 0x30c97000-0x30ca07de]
[    0.028953] ACPI: Reserving BGRT table memory at [mem 0x30c96000-0x30c96037]
[    0.028955] ACPI: Reserving SSDT table memory at [mem 0x30c93000-0x30c952a1]
[    0.028959] ACPI: Reserving SSDT table memory at [mem 0x30c92000-0x30c92084]
[    0.028963] ACPI: Reserving SSDT table memory at [mem 0x30c50000-0x30c504f7]
[    0.028968] ACPI: Reserving SSDT table memory at [mem 0x30c4f000-0x30c4f994]
[    0.028971] ACPI: Reserving SSDT table memory at [mem 0x30c4e000-0x30c4eb69]
[    0.028975] ACPI: Reserving HEST table memory at [mem 0x30c2d000-0x30c4da13]
[    0.029123] APIC: Switched APIC routing to: cluster x2apic
[    0.029166] No NUMA configuration found
[    0.029168] Faking a node at [mem 0x0000000000000000-0x000000107dcbffff]
[    0.029195] NODE_DATA(0) allocated [mem 0x107dc950c0-0x107dcbffff]
[    0.031174] Zone ranges:
[    0.031176]   DMA      [mem 0x0000000000001000-0x0000000000ffffff]
[    0.031181]   DMA32    [mem 0x0000000001000000-0x00000000ffffffff]
[    0.031186]   Normal   [mem 0x0000000100000000-0x000000107dcbffff]
[    0.031191]   Device   empty
[    0.031195] Movable zone start for each node
[    0.031205] Early memory node ranges
[    0.031207]   node   0: [mem 0x0000000000001000-0x000000000009efff]
[    0.031212]   node   0: [mem 0x0000000000100000-0x0000000009efffff]
[    0.031216]   node   0: [mem 0x0000000009f43000-0x000000000affffff]
[    0.031220]   node   0: [mem 0x000000000b021000-0x0000000013096fff]
[    0.031224]   node   0: [mem 0x00000000130a0000-0x000000002bd33fff]
[    0.031228]   node   0: [mem 0x0000000030ca5000-0x0000000038aaffff]
[    0.031231]   node   0: [mem 0x0000000038ab1000-0x0000000038adafff]
[    0.031235]   node   0: [mem 0x0000000038adc000-0x0000000044c8cfff]
[    0.031239]   node   0: [mem 0x0000000044ca2000-0x000000005fffffff]
[    0.031243]   node   0: [mem 0x0000000100000000-0x000000107dcbffff]
[    0.031279] Initmem setup node 0 [mem 0x0000000000001000-0x000000107dcbffff]
[    0.031294] On node 0, zone DMA: 1 pages in unavailable ranges
[    0.031341] On node 0, zone DMA: 97 pages in unavailable ranges
[    0.031823] On node 0, zone DMA32: 67 pages in unavailable ranges
[    0.032214] On node 0, zone DMA32: 33 pages in unavailable ranges
[    0.033355] On node 0, zone DMA32: 9 pages in unavailable ranges
[    0.034332] On node 0, zone DMA32: 20337 pages in unavailable ranges
[    0.034337] On node 0, zone DMA32: 1 pages in unavailable ranges
[    0.034921] On node 0, zone DMA32: 1 pages in unavailable ranges
[    0.036210] On node 0, zone DMA32: 21 pages in unavailable ranges
[    0.230666] On node 0, zone Normal: 9024 pages in unavailable ranges
[    0.230786] ACPI: PM-Timer IO Port: 0x808
[    0.230814] ACPI: X2APIC_NMI (uid[0xffffffff] high level lint[0x1])
[    0.230820] ACPI: LAPIC_NMI (acpi_id[0xff] high level lint[0x1])
[    0.230835] IOAPIC[0]: apic_id 128, version 33, address 0xfec00000, GSI 0-23
[    0.230843] IOAPIC[1]: apic_id 131, version 33, address 0xdf180000, GSI 24-55
[    0.230850] IOAPIC[2]: apic_id 132, version 33, address 0x97180000, GSI 56-87
[    0.230858] IOAPIC[3]: apic_id 130, version 33, address 0xaf180000, GSI 88-119
[    0.230866] IOAPIC[4]: apic_id 129, version 33, address 0xc7180000, GSI 120-151
[    0.230873] ACPI: INT_SRC_OVR (bus 0 bus_irq 0 global_irq 2 dfl dfl)
[    0.230877] ACPI: INT_SRC_OVR (bus 0 bus_irq 9 global_irq 9 low level)
[    0.230891] ACPI: Using ACPI (MADT) for SMP configuration information
[    0.230894] ACPI: HPET id: 0x10228210 base: 0xfed00000
[    0.230910] e820: update [mem 0x1e1f9000-0x1e26efff] usable ==> reserved
[    0.230977] CPU topo: Max. logical packages:   1
[    0.230980] CPU topo: Max. logical dies:       2
[    0.230982] CPU topo: Max. dies per package:   2
[    0.231010] CPU topo: Max. threads per core:   2
[    0.231013] CPU topo: Num. cores per package:    16
[    0.231017] CPU topo: Num. threads per package:  32
[    0.231019] CPU topo: Allowing 32 present CPUs plus 0 hotplug CPUs
[    0.231157] PM: hibernation: Registered nosave memory: [mem 0x00000000-0x00000fff]
[    0.231165] PM: hibernation: Registered nosave memory: [mem 0x0009f000-0x000fffff]
[    0.231171] PM: hibernation: Registered nosave memory: [mem 0x09f00000-0x09f42fff]
[    0.231180] PM: hibernation: Registered nosave memory: [mem 0x0b000000-0x0b020fff]
[    0.231188] PM: hibernation: Registered nosave memory: [mem 0x13097000-0x1309ffff]
[    0.231197] PM: hibernation: Registered nosave memory: [mem 0x1e1f9000-0x1e26efff]
[    0.231207] PM: hibernation: Registered nosave memory: [mem 0x2bd34000-0x30ca4fff]
[    0.231216] PM: hibernation: Registered nosave memory: [mem 0x38ab0000-0x38ab0fff]
[    0.231223] PM: hibernation: Registered nosave memory: [mem 0x38adb000-0x38adbfff]
[    0.231231] PM: hibernation: Registered nosave memory: [mem 0x44c8d000-0x44ca1fff]
[    0.231240] PM: hibernation: Registered nosave memory: [mem 0x60000000-0xffffffff]
[    0.231249] [mem 0x80000000-0xfebfffff] available for PCI devices
[    0.231252] Booting paravirtualized kernel on bare hardware
[    0.231257] clocksource: refined-jiffies: mask: 0xffffffff max_cycles: 0xffffffff, max_idle_ns: 6370452778343963 ns
[    0.243928] setup_percpu: NR_CPUS:8192 nr_cpumask_bits:32 nr_cpu_ids:32 nr_node_ids:1
[    0.246016] percpu: Embedded 67 pages/cpu s237568 r8192 d28672 u524288
[    0.246048] pcpu-alloc: s237568 r8192 d28672 u524288 alloc=1*2097152
[    0.246055] pcpu-alloc: [0] 00 01 02 03 [0] 04 05 06 07 
[    0.246075] pcpu-alloc: [0] 08 09 10 11 [0] 12 13 14 15 
[    0.246094] pcpu-alloc: [0] 16 17 18 19 [0] 20 21 22 23 
[    0.246115] pcpu-alloc: [0] 24 25 26 27 [0] 28 29 30 31 
[    0.246218] Kernel command line: BOOT_IMAGE=/boot/vmlinuz [REDACTED_USER]=UUID=4f708c84-185d-437b-a03a-7a565f598a23 ro squashfs.part=/dev/disk/by-label/gentoo squashfs.file=gentoo.squashfs persist.part=/dev/disk/by-uuid/42bbab57-7cb0-465f-8ef9-6b34379da7d3 persist.lv=/dev/mapper/[REDACTED_USER]--vg-[REDACTED_USER]--lv persist.mapname=vg
[    0.246884] Unknown kernel command line parameters "BOOT_IMAGE=/boot/vmlinuz", will be passed to [REDACTED_USER] space.
[    0.253147] Dentry cache hash table entries: 8388608 (order: 14, 67108864 bytes, linear)
[    0.255758] Inode-cache hash table entries: 4194304 (order: 13, 33554432 bytes, linear)
[    0.256752] Fallback order for Node 0: 0 
[    0.256764] Built 1 zonelists, mobility grouping on.  Total pages: 16616553
[    0.256768] Policy zone: Normal
[    0.256931] mem auto-init: stack:all(zero), heap alloc:off, heap free:off
[    0.256963] software IO TLB: area num 32.
[    0.462327] SLUB: HWalign=64, Order=0-3, MinObjects=0, CPUs=32, Nodes=1
[    0.462542] ftrace: allocating 61598 entries in 241 pages
[    0.480241] ftrace: allocated 241 pages with 5 groups
[    0.480875] rcu: Preemptible hierarchical RCU implementation.
[    0.480877] rcu: 	RCU restricting CPUs from NR_CPUS=8192 to nr_cpu_ids=32.
[    0.480879] rcu: 	RCU priority boosting: priority 1 delay 500 ms.
[    0.480882] rcu: 	RCU_SOFTIRQ processing moved to rcuc kthreads.
[    0.480884] 	No expedited grace period (rcu_normal_after_boot).
[    0.480886] 	Trampoline variant of Tasks RCU enabled.
[    0.480887] 	Rude variant of Tasks RCU enabled.
[    0.480889] 	Tracing variant of Tasks RCU enabled.
[    0.480891] rcu: RCU calculated value of scheduler-enlistment delay is 30 jiffies.
[    0.480893] rcu: Adjusting geometry for rcu_fanout_leaf=16, nr_cpu_ids=32
[    0.480937] RCU Tasks: Setting shift to 5 and lim to 1 rcu_task_cb_adjust=1 rcu_task_cpu_ids=32.
[    0.480944] RCU Tasks Rude: Setting shift to 5 and lim to 1 rcu_task_cb_adjust=1 rcu_task_cpu_ids=32.
[    0.480952] RCU Tasks Trace: Setting shift to 5 and lim to 1 rcu_task_cb_adjust=1 rcu_task_cpu_ids=32.
[    0.518973] NR_IRQS: 524544, nr_irqs: 2856, preallocated irqs: 16
[    0.519383] rcu: srcu_init: Setting srcu_struct sizes based on contention.
[    0.519707] kfence: initialized - using 2097152 bytes for 255 objects at 0x(____ptrval____)-0x(____ptrval____)
[    0.519915] Console: colour dummy device 80x25
[    0.519921] printk: legacy console [tty0] enabled
[    0.520016] ACPI: Core revision 20240827
[    0.522152] clocksource: hpet: mask: 0xffffffff max_cycles: 0xffffffff, max_idle_ns: 133484873504 ns
[    0.522168] APIC: Switch to symmetric I/O mode setup
[    0.524100] AMD-Vi: ivrs, add hid:AMDI0020, uid:\_SB.FUR0, rdevid:160
[    0.524104] AMD-Vi: ivrs, add hid:AMDI0020, uid:\_SB.FUR1, rdevid:160
[    0.524109] AMD-Vi: ivrs, add hid:AMDI0020, uid:\_SB.FUR2, rdevid:160
[    0.524114] AMD-Vi: ivrs, add hid:AMDI0020, uid:\_SB.FUR3, rdevid:160
[    0.525434] AMD-Vi: ivrs, add hid:AMDI0020, uid:\_SB.FUR0, rdevid:160
[    0.525439] AMD-Vi: ivrs, add hid:AMDI0020, uid:\_SB.FUR1, rdevid:160
[    0.525444] AMD-Vi: ivrs, add hid:AMDI0020, uid:\_SB.FUR2, rdevid:160
[    0.525449] AMD-Vi: ivrs, add hid:AMDI0020, uid:\_SB.FUR3, rdevid:160
[    0.527184] AMD-Vi: ivrs, add hid:AMDI0020, uid:\_SB.FUR0, rdevid:160
[    0.527190] AMD-Vi: ivrs, add hid:AMDI0020, uid:\_SB.FUR1, rdevid:160
[    0.527196] AMD-Vi: ivrs, add hid:AMDI0020, uid:\_SB.FUR2, rdevid:160
[    0.527201] AMD-Vi: ivrs, add hid:AMDI0020, uid:\_SB.FUR3, rdevid:160
[    0.528769] AMD-Vi: ivrs, add hid:AMDI0020, uid:\_SB.FUR0, rdevid:160
[    0.528776] AMD-Vi: ivrs, add hid:AMDI0020, uid:\_SB.FUR1, rdevid:160
[    0.528781] AMD-Vi: ivrs, add hid:AMDI0020, uid:\_SB.FUR2, rdevid:160
[    0.528787] AMD-Vi: ivrs, add hid:AMDI0020, uid:\_SB.FUR3, rdevid:160
[    0.528789] AMD-Vi: Using global IVHD EFR:0x25bf732fa2295afe, EFR2:0x1d
[    0.530294] ..TIMER: vector=0x30 apic1=0 pin1=2 apic2=-1 pin2=-1
[    0.545501] clocksource: tsc-early: mask: 0xffffffffffffffff max_cycles: 0x40c4ccfb46d, max_idle_ns: 440795280997 ns
[    0.545511] Calibrating delay loop (skipped), value calculated using timer frequency.. 8990.10 BogoMIPS (lpj=14977773)
[    0.545530] x86/cpu: [REDACTED_USER] Mode Instruction Prevention (UMIP) activated
[    0.545652] LVT offset 2 assigned for vector 0xf4
[    0.545686] Last level iTLB entries: 4KB 512, 2MB 512, 4MB 256
[    0.545690] Last level dTLB entries: 4KB 3072, 2MB 3072, 4MB 1536, 1GB 0
[    0.545697] process: using mwait in idle threads
[    0.545702] Spectre V2 : [REDACTED_USER] space: Vulnerable
[    0.545706] Speculative Store Bypass: Vulnerable
[    0.545712] x86/fpu: Supporting XSAVE feature 0x001: 'x87 floating point registers'
[    0.545716] x86/fpu: Supporting XSAVE feature 0x002: 'SSE registers'
[    0.545718] x86/fpu: Supporting XSAVE feature 0x004: 'AVX registers'
[    0.545721] x86/fpu: Supporting XSAVE feature 0x020: 'AVX-512 opmask'
[    0.545724] x86/fpu: Supporting XSAVE feature 0x040: 'AVX-512 Hi256'
[    0.545727] x86/fpu: Supporting XSAVE feature 0x080: 'AVX-512 ZMM_Hi256'
[    0.545728] x86/fpu: Supporting XSAVE feature 0x200: 'Protection Keys [REDACTED_USER] registers'
[    0.545731] x86/fpu: Supporting XSAVE feature 0x800: 'Control-flow [REDACTED_USER] registers'
[    0.545734] x86/fpu: xstate_offset[2]:  576, xstate_sizes[2]:  256
[    0.545738] x86/fpu: xstate_offset[5]:  832, xstate_sizes[5]:   64
[    0.545742] x86/fpu: xstate_offset[6]:  896, xstate_sizes[6]:  512
[    0.545747] x86/fpu: xstate_offset[7]: 1408, xstate_sizes[7]: 1024
[    0.545750] x86/fpu: xstate_offset[9]: 2432, xstate_sizes[9]:    8
[    0.545754] x86/fpu: xstate_offset[11]: 2440, xstate_sizes[11]:   16
[    0.545758] x86/fpu: Enabled xstate features 0xae7, context size is 2456 bytes, using 'compacted' format.
[    0.566044] Freeing SMP alternatives memory: 52K
[    0.566047] pid_max: default: 32768 minimum: 301
[    0.585680] LSM: initializing lsm=capability,yama,ima,evm
[    0.585739] Yama: becoming mindful.
[    0.585933] Mount-cache hash table entries: 131072 (order: 8, 1048576 bytes, linear)
[    0.585965] Mountpoint-cache hash table entries: 131072 (order: 8, 1048576 bytes, linear)
[    0.699931] smpboot: CPU0: AMD Ryzen Threadripper PRO 7955WX 16-Cores (family: 0x19, model: 0x18, stepping: 0x1)
[    0.700505] Performance Events: Fam17h+ 16-deep LBR, core perfctr, AMD PMU driver.
[    0.700557] ... version:                2
[    0.700560] ... bit width:              48
[    0.700561] ... generic registers:      6
[    0.700563] ... value mask:             0000ffffffffffff
[    0.700565] ... max period:             00007fffffffffff
[    0.700568] ... fixed-purpose events:   0
[    0.700569] ... event mask:             000000000000003f
[    0.700855] signal: max sigframe size: 3376
[    0.703199] rcu: Hierarchical SRCU implementation.
[    0.703201] rcu: 	Max phase no-delay instances is 1000.
[    0.703356] Timer migration: 2 hierarchy levels; 8 children per group; 2 crossnode level
[    0.704166] NMI watchdog: Enabled. Permanently consumes one hw-PMU counter.
[    0.704625] smp: Bringing up secondary CPUs ...
[    0.704905] smpboot: x86: Booting SMP configuration:
[    0.704907] .... node  #0, CPUs:        #1  #2  #3  #4  #5  #6  #7  #8  #9 #10 #11 #12 #13 #14 #15 #16 #17 #18 #19 #20 #21 #22 #23 #24 #25 #26 #27 #28 #29 #30 #31
[    0.780842] smp: Brought up 1 node, 32 CPUs
[    0.780842] smpboot: Total of 32 processors activated (287688.46 BogoMIPS)
[    0.782344] Memory: 65148684K/66466212K available (20480K kernel code, 3815K rwdata, 8452K rodata, 3036K init, 4292K bss, 1277908K reserved, 0K cma-reserved)
[    0.782504] devtmpfs: initialized
[    0.782504] x86/mm: Memory block size: 2048MB
[    0.782847] ACPI: PM: Registering ACPI NVS region [mem 0x09f00000-0x09f42fff] (274432 bytes)
[    0.782847] ACPI: PM: Registering ACPI NVS region [mem 0x2dad2000-0x30c24fff] (51720192 bytes)
[    0.782847] clocksource: jiffies: mask: 0xffffffff max_cycles: 0xffffffff, max_idle_ns: 6370867519511994 ns
[    0.782847] futex hash table entries: 8192 (order: 7, 524288 bytes, linear)
[    0.782847] pinctrl core: initialized pinctrl subsystem
[    0.782847] PM: RTC time: 07:44:09, date: 2025-10-23
[    0.782878] NET: Registered PF_NETLINK/PF_ROUTE protocol family
[    0.782963] DMA: preallocated 4096 KiB GFP_KERNEL pool for atomic allocations
[    0.782965] DMA: preallocated 4096 KiB GFP_KERNEL|GFP_DMA pool for atomic allocations
[    0.782967] DMA: preallocated 4096 KiB GFP_KERNEL|GFP_DMA32 pool for atomic allocations
[    0.782976] audit: initializing netlink subsys (disabled)
[    0.782981] audit: type=2000 audit(1761205445.000:1): state=initialized audit_enabled=0 res=1
[    0.782981] thermal_sys: Registered thermal governor 'fair_share'
[    0.782981] thermal_sys: Registered thermal governor 'bang_bang'
[    0.782981] thermal_sys: Registered thermal governor 'step_wise'
[    0.782981] thermal_sys: Registered thermal governor 'user_space'
[    0.782981] cpuidle: using governor menu
[    0.785655] ACPI FADT declares the system doesn't support PCIe ASPM, so disable it
[    0.785658] acpiphp: ACPI Hot Plug PCI Controller Driver version: 0.5
[    0.785774] PCI: ECAM [mem 0xe0000000-0xefffffff] (base 0xe0000000) for domain 0000 [bus 00-ff]
[    0.785798] PCI: Using configuration type 1 for base access
[    0.785942] kprobes: kprobe jump-optimization is enabled. All kprobes are optimized if possible.
[    0.785942] HugeTLB: registered 1.00 GiB page size, pre-allocated 0 pages
[    0.785942] HugeTLB: 16380 KiB vmemmap can be freed for a 1.00 GiB page
[    0.785942] HugeTLB: registered 2.00 MiB page size, pre-allocated 0 pages
[    0.785942] HugeTLB: 28 KiB vmemmap can be freed for a 2.00 MiB page
[    0.785942] cryptd: max_cpu_qlen set to 1000
[    0.785942] raid6: skipped pq benchmark and selected avx512x4
[    0.785942] raid6: using avx512x2 recovery algorithm
[    0.785942] fbcon: Taking over console
[    0.785942] ACPI: Added _OSI(Module Device)
[    0.785942] ACPI: Added _OSI(Processor Device)
[    0.785942] ACPI: Added _OSI(Processor Aggregator Device)
[    0.791741] ACPI: 21 ACPI AML tables successfully acquired and loaded
[    0.792293] ACPI: [Firmware Bug]: BIOS _OSI(Linux) query ignored
[    0.792610] ACPI: EC: EC started
[    0.792611] ACPI: EC: interrupt blocked
[    0.792711] ACPI: EC: EC_CMD/EC_SC=0x66, EC_DATA=0x62
[    0.792712] ACPI: \_SB_.PCI0.LPCB.EC0_: Boot DSDT EC used to handle transactions
[    0.792714] ACPI: Interpreter enabled
[    0.792723] ACPI: PM: (supports S0 S3 S4 S5)
[    0.792724] ACPI: Using IOAPIC for interrupt routing
[    0.792969] HEST: Table parsing has been initialized.
[    0.793037] GHES: APEI firmware first mode is enabled by APEI bit.
[    0.793039] PCI: Using host bridge windows from ACPI; if necessary, use "pci=nocrs" and report a bug
[    0.793040] PCI: Ignoring E820 reservations for host bridge windows
[    0.793213] ACPI: Enabled 8 GPEs in block 00 to 1F
[    0.802497] ACPI: PCI [REDACTED_USER] Bridge [PCI0] (domain 0000 [bus 00-3f])
[    0.802502] acpi PNP0A08:00: _OSC: OS supports [ExtendedConfig ASPM ClockPM Segments MSI EDR HPX-Type3]
[    0.802539] acpi PNP0A08:00: _OSC: platform does not support [SHPCHotplug LTR DPC]
[    0.802598] acpi PNP0A08:00: _OSC: OS now controls [PCIeHotplug PME AER PCIeCapability]
[    0.802598] acpi PNP0A08:00: FADT indicates ASPM is unsupported, using BIOS configuration
[    0.802716] PCI host bridge to bus 0000:00
[    0.802717] pci_bus 0000:00: [REDACTED_USER] bus resource [mem 0xda000000-0xdeffffff window]
[    0.802718] pci_bus 0000:00: [REDACTED_USER] bus resource [mem 0xc8000000-0xd9ffffff window]
[    0.802719] pci_bus 0000:00: [REDACTED_USER] bus resource [mem 0x5e66c200000-0x63fffffffff window]
[    0.802720] pci_bus 0000:00: [REDACTED_USER] bus resource [mem 0x48020200000-0x5e66c1fffff window]
[    0.802721] pci_bus 0000:00: [REDACTED_USER] bus resource [io  0x1000-0x3fff window]
[    0.802722] pci_bus 0000:00: [REDACTED_USER] bus resource [io  0x0000-0x0cf7 window]
[    0.802723] pci_bus 0000:00: [REDACTED_USER] bus resource [io  0x0d00-0x0fff window]
[    0.802724] pci_bus 0000:00: [REDACTED_USER] bus resource [mem 0xfec00000-0xfec01fff window]
[    0.802724] pci_bus 0000:00: [REDACTED_USER] bus resource [mem 0xfed45000-0xfed811ff window]
[    0.802725] pci_bus 0000:00: [REDACTED_USER] bus resource [mem 0xfed81900-0xfed81fff window]
[    0.802725] pci_bus 0000:00: [REDACTED_USER] bus resource [mem 0xfedc0000-0xfedc0fff window]
[    0.802726] pci_bus 0000:00: [REDACTED_USER] bus resource [mem 0xfee01000-0xffffffff window]
[    0.802727] pci_bus 0000:00: [REDACTED_USER] bus resource [bus 00-3f]
[    0.802735] pci 0000:00:00.0: [1022:14a4] type 00 class 0x060000 conventional PCI endpoint
[    0.802786] pci 0000:00:00.2: [1022:149e] type 00 class 0x080600 conventional PCI endpoint
[    0.802832] pci 0000:00:00.3: [1022:14a6] type 00 class 0x080700 PCIe [REDACTED_USER] Complex Event Collector
[    0.802861] pci 0000:00:00.3: enabling Extended Tags
[    0.802966] pci 0000:00:01.0: [1022:149f] type 00 class 0x060000 conventional PCI endpoint
[    0.803004] pci 0000:00:01.1: [1022:14ab] type 01 class 0x060400 PCIe [REDACTED_USER] Port
[    0.803016] pci 0000:00:01.1: PCI bridge to [bus 01]
[    0.803019] pci 0000:00:01.1:   bridge window [io  0x2000-0x2fff]
[    0.803021] pci 0000:00:01.1:   bridge window [mem 0xda000000-0xdb0fffff]
[    0.803025] pci 0000:00:01.1:   bridge window [mem 0x48030000000-0x48041ffffff 64bit pref]
[    0.803076] pci 0000:00:01.1: PME# supported from D0 D3hot D3cold
[    0.803188] pci 0000:00:02.0: [1022:149f] type 00 class 0x060000 conventional PCI endpoint
[    0.803227] pci 0000:00:03.0: [1022:149f] type 00 class 0x060000 conventional PCI endpoint
[    0.803268] pci 0000:00:03.3: [1022:14a5] type 01 class 0x060400 PCIe [REDACTED_USER] Port
[    0.803284] pci 0000:00:03.3: PCI bridge to [bus 02]
[    0.803289] pci 0000:00:03.3:   bridge window [mem 0xdb600000-0xdb6fffff]
[    0.803358] pci 0000:00:03.3: PME# supported from D0 D3hot D3cold
[    0.803481] pci 0000:00:03.5: [1022:14a5] type 01 class 0x060400 PCIe [REDACTED_USER] Port
[    0.803496] pci 0000:00:03.5: PCI bridge to [bus 03]
[    0.803500] pci 0000:00:03.5:   bridge window [io  0x1000-0x1fff]
[    0.803501] pci 0000:00:03.5:   bridge window [mem 0xdb500000-0xdb5fffff]
[    0.803570] pci 0000:00:03.5: PME# supported from D0 D3hot D3cold
[    0.803694] pci 0000:00:03.6: [1022:14a5] type 01 class 0x060400 PCIe [REDACTED_USER] Port
[    0.803710] pci 0000:00:03.6: PCI bridge to [bus 04]
[    0.803714] pci 0000:00:03.6:   bridge window [mem 0xdb400000-0xdb4fffff]
[    0.803783] pci 0000:00:03.6: PME# supported from D0 D3hot D3cold
[    0.803896] pci 0000:00:04.0: [1022:149f] type 00 class 0x060000 conventional PCI endpoint
[    0.803935] pci 0000:00:05.0: [1022:149f] type 00 class 0x060000 conventional PCI endpoint
[    0.803973] pci 0000:00:07.0: [1022:149f] type 00 class 0x060000 conventional PCI endpoint
[    0.804008] pci 0000:00:07.1: [1022:14a7] type 01 class 0x060400 PCIe [REDACTED_USER] Port
[    0.804019] pci 0000:00:07.1: PCI bridge to [bus 05]
[    0.804022] pci 0000:00:07.1:   bridge window [mem 0xdb100000-0xdb3fffff]
[    0.804029] pci 0000:00:07.1: enabling Extended Tags
[    0.804064] pci 0000:00:07.1: PME# supported from D0 D3hot D3cold
[    0.804141] pci 0000:00:14.0: [1022:790b] type 00 class 0x0c0500 conventional PCI endpoint
[    0.804216] pci 0000:00:14.3: [1022:790e] type 00 class 0x060100 conventional PCI endpoint
[    0.804304] pci 0000:00:18.0: [1022:14ad] type 00 class 0x060000 conventional PCI endpoint
[    0.804328] pci 0000:00:18.1: [1022:14ae] type 00 class 0x060000 conventional PCI endpoint
[    0.804354] pci 0000:00:18.2: [1022:14af] type 00 class 0x060000 conventional PCI endpoint
[    0.804379] pci 0000:00:18.3: [1022:14b0] type 00 class 0x060000 conventional PCI endpoint
[    0.804404] pci 0000:00:18.4: [1022:14b1] type 00 class 0x060000 conventional PCI endpoint
[    0.804429] pci 0000:00:18.5: [1022:14b2] type 00 class 0x060000 conventional PCI endpoint
[    0.804455] pci 0000:00:18.6: [1022:14b3] type 00 class 0x060000 conventional PCI endpoint
[    0.804480] pci 0000:00:18.7: [1022:14b4] type 00 class 0x060000 conventional PCI endpoint
[    0.804547] pci 0000:01:00.0: [10de:24b0] type 00 class 0x030000 PCIe Legacy Endpoint
[    0.804555] pci 0000:01:00.0: BAR 0 [mem 0xda000000-0xdaffffff]
[    0.804562] pci 0000:01:00.0: BAR 1 [mem 0x48030000000-0x4803fffffff 64bit pref]
[    0.804569] pci 0000:01:00.0: BAR 3 [mem 0x48040000000-0x48041ffffff 64bit pref]
[    0.804573] pci 0000:01:00.0: BAR 5 [io  0x2000-0x207f]
[    0.804578] pci 0000:01:00.0: ROM [mem 0xfff80000-0xffffffff pref]
[    0.804620] pci 0000:01:00.0: PME# supported from D0 D3hot
[    0.804749] pci 0000:01:00.1: [10de:228b] type 00 class 0x040300 PCIe Endpoint
[    0.804757] pci 0000:01:00.1: BAR 0 [mem 0xdb000000-0xdb003fff]
[    0.804875] pci 0000:00:01.1: PCI bridge to [bus 01]
[    0.804920] pci 0000:00:03.3: PCI bridge to [bus 02]
[    0.804983] pci 0000:03:00.0: [10ec:8168] type 00 class 0x020000 PCIe Endpoint
[    0.804998] pci 0000:03:00.0: BAR 0 [io  0x1000-0x10ff]
[    0.805020] pci 0000:03:00.0: BAR 2 [mem 0xdb504000-0xdb504fff 64bit]
[    0.805033] pci 0000:03:00.0: BAR 4 [mem 0xdb500000-0xdb503fff 64bit]
[    0.805126] pci 0000:03:00.0: supports D1 D2
[    0.805127] pci 0000:03:00.0: PME# supported from D0 D1 D2 D3hot D3cold
[    0.805297] pci 0000:00:03.5: PCI bridge to [bus 03]
[    0.805343] pci 0000:00:03.6: PCI bridge to [bus 04]
[    0.805386] pci 0000:05:00.0: [1022:14ac] type 00 class 0x130000 PCIe Endpoint
[    0.805410] pci 0000:05:00.0: enabling Extended Tags
[    0.805482] pci 0000:05:00.4: [1022:14c9] type 00 class 0x0c0330 PCIe Endpoint
[    0.805490] pci 0000:05:00.4: BAR 0 [mem 0xdb100000-0xdb1fffff 64bit]
[    0.805516] pci 0000:05:00.4: enabling Extended Tags
[    0.805538] pci 0000:05:00.4: PME# supported from D0 D3hot D3cold
[    0.805584] pci 0000:05:00.5: [1022:14ca] type 00 class 0x108000 PCIe Endpoint
[    0.805596] pci 0000:05:00.5: BAR 2 [mem 0xdb200000-0xdb2fffff]
[    0.805605] pci 0000:05:00.5: BAR 5 [mem 0xdb348000-0xdb349fff]
[    0.805611] pci 0000:05:00.5: enabling Extended Tags
[    0.805675] pci 0000:05:00.6: [1022:14cb] type 00 class 0x048000 PCIe Endpoint
[    0.805681] pci 0000:05:00.6: BAR 0 [mem 0xdb300000-0xdb33ffff]
[    0.805701] pci 0000:05:00.6: enabling Extended Tags
[    0.805720] pci 0000:05:00.6: PME# supported from D0 D3hot D3cold
[    0.805762] pci 0000:05:00.7: [1022:14cc] type 00 class 0x040300 PCIe Endpoint
[    0.805769] pci 0000:05:00.7: BAR 0 [mem 0xdb340000-0xdb347fff]
[    0.805788] pci 0000:05:00.7: enabling Extended Tags
[    0.805807] pci 0000:05:00.7: PME# supported from D0 D3hot D3cold
[    0.805875] pci 0000:00:07.1: PCI bridge to [bus 05]
[    0.806153] ACPI: PCI [REDACTED_USER] Bridge [PCI1] (domain 0000 [bus 40-7f])
[    0.806155] acpi PNP0A08:01: _OSC: OS supports [ExtendedConfig ASPM ClockPM Segments MSI EDR HPX-Type3]
[    0.806190] acpi PNP0A08:01: _OSC: platform does not support [SHPCHotplug LTR DPC]
[    0.806250] acpi PNP0A08:01: _OSC: OS now controls [PCIeHotplug PME AER PCIeCapability]
[    0.806250] acpi PNP0A08:01: FADT indicates ASPM is unsupported, using BIOS configuration
[    0.806331] PCI host bridge to bus 0000:40
[    0.806332] pci_bus 0000:40: [REDACTED_USER] bus resource [mem 0x92000000-0x96ffffff window]
[    0.806333] pci_bus 0000:40: [REDACTED_USER] bus resource [mem 0x80000000-0x91ffffff window]
[    0.806334] pci_bus 0000:40: [REDACTED_USER] bus resource [mem 0x7a66c200000-0x7ffffffffff window]
[    0.806334] pci_bus 0000:40: [REDACTED_USER] bus resource [mem 0x64020200000-0x7a66c1fffff window]
[    0.806335] pci_bus 0000:40: [REDACTED_USER] bus resource [io  0x4000-0x6fff window]
[    0.806336] pci_bus 0000:40: [REDACTED_USER] bus resource [bus 40-7f]
[    0.806340] pci 0000:40:00.0: [1022:14a4] type 00 class 0x060000 conventional PCI endpoint
[    0.806382] pci 0000:40:00.2: [1022:149e] type 00 class 0x080600 conventional PCI endpoint
[    0.806428] pci 0000:40:00.3: [1022:14a6] type 00 class 0x080700 PCIe [REDACTED_USER] Complex Event Collector
[    0.806456] pci 0000:40:00.3: enabling Extended Tags
[    0.806559] pci 0000:40:01.0: [1022:149f] type 00 class 0x060000 conventional PCI endpoint
[    0.806597] pci 0000:40:01.1: [1022:14ab] type 01 class 0x060400 PCIe [REDACTED_USER] Port
[    0.806610] pci 0000:40:01.1: PCI bridge to [bus 41]
[    0.806614] pci 0000:40:01.1:   bridge window [mem 0x92000000-0x921fffff]
[    0.806672] pci 0000:40:01.1: PME# supported from D0 D3hot D3cold
[    0.806784] pci 0000:40:02.0: [1022:149f] type 00 class 0x060000 conventional PCI endpoint
[    0.806818] pci 0000:40:03.0: [1022:149f] type 00 class 0x060000 conventional PCI endpoint
[    0.806852] pci 0000:40:04.0: [1022:149f] type 00 class 0x060000 conventional PCI endpoint
[    0.806886] pci 0000:40:05.0: [1022:149f] type 00 class 0x060000 conventional PCI endpoint
[    0.806920] pci 0000:40:07.0: [1022:149f] type 00 class 0x060000 conventional PCI endpoint
[    0.806955] pci 0000:40:07.1: [1022:14a7] type 01 class 0x060400 PCIe [REDACTED_USER] Port
[    0.806966] pci 0000:40:07.1: PCI bridge to [bus 42]
[    0.806975] pci 0000:40:07.1: enabling Extended Tags
[    0.807006] pci 0000:40:07.1: PME# supported from D0 D3hot D3cold
[    0.807110] pci 0000:41:00.0: [8086:125b] type 00 class 0x020000 PCIe Endpoint
[    0.807122] pci 0000:41:00.0: BAR 0 [mem 0x92000000-0x920fffff]
[    0.807142] pci 0000:41:00.0: BAR 3 [mem 0x92100000-0x92103fff]
[    0.807224] pci 0000:41:00.0: PME# supported from D0 D3hot D3cold
[    0.807358] pci 0000:40:01.1: PCI bridge to [bus 41]
[    0.807398] pci 0000:42:00.0: [1022:14ac] type 00 class 0x130000 PCIe Endpoint
[    0.807422] pci 0000:42:00.0: enabling Extended Tags
[    0.807512] pci 0000:40:07.1: PCI bridge to [bus 42]
[    0.807607] ACPI: PCI [REDACTED_USER] Bridge [PCI2] (domain 0000 [bus 80-bf])
[    0.807608] acpi PNP0A08:02: _OSC: OS supports [ExtendedConfig ASPM ClockPM Segments MSI EDR HPX-Type3]
[    0.807641] acpi PNP0A08:02: _OSC: platform does not support [SHPCHotplug LTR DPC]
[    0.807698] acpi PNP0A08:02: _OSC: OS now controls [PCIeHotplug PME AER PCIeCapability]
[    0.807698] acpi PNP0A08:02: FADT indicates ASPM is unsupported, using BIOS configuration
[    0.807788] PCI host bridge to bus 0000:80
[    0.807789] pci_bus 0000:80: [REDACTED_USER] bus resource [mem 0xaa000000-0xaeffffff window]
[    0.807790] pci_bus 0000:80: [REDACTED_USER] bus resource [mem 0x98000000-0xa9ffffff window]
[    0.807790] pci_bus 0000:80: [REDACTED_USER] bus resource [mem 0x4266c200000-0x47fffffffff window]
[    0.807791] pci_bus 0000:80: [REDACTED_USER] bus resource [mem 0x2c020200000-0x4266c1fffff window]
[    0.807791] pci_bus 0000:80: [REDACTED_USER] bus resource [io  0x7000-0x9fff window]
[    0.807792] pci_bus 0000:80: [REDACTED_USER] bus resource [bus 80-bf]
[    0.807796] pci 0000:80:00.0: [1022:14a4] type 00 class 0x060000 conventional PCI endpoint
[    0.807836] pci 0000:80:00.2: [1022:149e] type 00 class 0x080600 conventional PCI endpoint
[    0.807882] pci 0000:80:00.3: [1022:14a6] type 00 class 0x080700 PCIe [REDACTED_USER] Complex Event Collector
[    0.807912] pci 0000:80:00.3: enabling Extended Tags
[    0.808013] pci 0000:80:01.0: [1022:149f] type 00 class 0x060000 conventional PCI endpoint
[    0.808052] pci 0000:80:01.1: [1022:14ab] type 01 class 0x060400 PCIe [REDACTED_USER] Port
[    0.808065] pci 0000:80:01.1: PCI bridge to [bus 81]
[    0.808069] pci 0000:80:01.1:   bridge window [mem 0xaa500000-0xaa5fffff]
[    0.808127] pci 0000:80:01.1: PME# supported from D0 D3hot D3cold
[    0.808242] pci 0000:80:01.2: [1022:14ab] type 01 class 0x060400 PCIe [REDACTED_USER] Port
[    0.808255] pci 0000:80:01.2: PCI bridge to [bus 82]
[    0.808259] pci 0000:80:01.2:   bridge window [mem 0xaa400000-0xaa4fffff]
[    0.808318] pci 0000:80:01.2: PME# supported from D0 D3hot D3cold
[    0.808430] pci 0000:80:01.3: [1022:14ab] type 01 class 0x060400 PCIe [REDACTED_USER] Port
[    0.808444] pci 0000:80:01.3: PCI bridge to [bus 83-86]
[    0.808447] pci 0000:80:01.3:   bridge window [mem 0xaa200000-0xaa3fffff]
[    0.808506] pci 0000:80:01.3: PME# supported from D0 D3hot D3cold
[    0.808623] pci 0000:80:02.0: [1022:149f] type 00 class 0x060000 conventional PCI endpoint
[    0.808657] pci 0000:80:03.0: [1022:149f] type 00 class 0x060000 conventional PCI endpoint
[    0.808697] pci 0000:80:03.3: [1022:14a5] type 01 class 0x060400 PCIe [REDACTED_USER] Port
[    0.808712] pci 0000:80:03.3: PCI bridge to [bus 87]
[    0.808716] pci 0000:80:03.3:   bridge window [mem 0xaa100000-0xaa1fffff]
[    0.808782] pci 0000:80:03.3: PME# supported from D0 D3hot D3cold
[    0.808904] pci 0000:80:03.4: [1022:14a5] type 01 class 0x060400 PCIe [REDACTED_USER] Port
[    0.808920] pci 0000:80:03.4: PCI bridge to [bus 88]
[    0.808925] pci 0000:80:03.4:   bridge window [mem 0xaa000000-0xaa0fffff]
[    0.808990] pci 0000:80:03.4: PME# supported from D0 D3hot D3cold
[    0.809099] pci 0000:80:04.0: [1022:149f] type 00 class 0x060000 conventional PCI endpoint
[    0.809134] pci 0000:80:05.0: [1022:149f] type 00 class 0x060000 conventional PCI endpoint
[    0.809168] pci 0000:80:07.0: [1022:149f] type 00 class 0x060000 conventional PCI endpoint
[    0.809211] pci 0000:80:07.1: [1022:14a7] type 01 class 0x060400 PCIe [REDACTED_USER] Port
[    0.809222] pci 0000:80:07.1: PCI bridge to [bus 89]
[    0.809231] pci 0000:80:07.1: enabling Extended Tags
[    0.809265] pci 0000:80:07.1: PME# supported from D0 D3hot D3cold
[    0.809360] pci 0000:81:00.0: [1344:5407] type 00 class 0x010802 PCIe Endpoint
[    0.809370] pci 0000:81:00.0: BAR 0 [mem 0xaa500000-0xaa503fff 64bit]
[    0.809527] pci 0000:80:01.1: PCI bridge to [bus 81]
[    0.809577] pci 0000:82:00.0: [1344:5407] type 00 class 0x010802 PCIe Endpoint
[    0.809587] pci 0000:82:00.0: BAR 0 [mem 0xaa400000-0xaa403fff 64bit]
[    0.809742] pci 0000:80:01.2: PCI bridge to [bus 82]
[    0.809796] pci 0000:83:00.0: [1022:43f4] type 01 class 0x060400 PCIe Switch Upstream Port
[    0.809816] pci 0000:83:00.0: PCI bridge to [bus 84-86]
[    0.809822] pci 0000:83:00.0:   bridge window [mem 0xaa200000-0xaa3fffff]
[    0.809884] pci 0000:83:00.0: PME# supported from D0 D3hot D3cold
[    0.815534] pci 0000:80:01.3: PCI bridge to [bus 83-86]
[    0.815600] pci 0000:84:0c.0: [1022:43f5] type 01 class 0x060400 PCIe Switch Downstream Port
[    0.815621] pci 0000:84:0c.0: PCI bridge to [bus 85]
[    0.815625] pci 0000:84:0c.0:   bridge window [mem 0xaa300000-0xaa3fffff]
[    0.815672] pci 0000:84:0c.0: PME# supported from D0 D3hot D3cold
[    0.815749] pci 0000:84:0d.0: [1022:43f5] type 01 class 0x060400 PCIe Switch Downstream Port
[    0.815769] pci 0000:84:0d.0: PCI bridge to [bus 86]
[    0.815774] pci 0000:84:0d.0:   bridge window [mem 0xaa200000-0xaa2fffff]
[    0.815820] pci 0000:84:0d.0: PME# supported from D0 D3hot D3cold
[    0.815887] pci 0000:83:00.0: PCI bridge to [bus 84-86]
[    0.815928] pci 0000:85:00.0: [1022:43fb] type 00 class 0x0c0330 PCIe Legacy Endpoint
[    0.815941] pci 0000:85:00.0: BAR 0 [mem 0xaa300000-0xaa307fff 64bit]
[    0.816005] pci 0000:85:00.0: PME# supported from D0 D3hot D3cold
[    0.816091] pci 0000:84:0c.0: PCI bridge to [bus 85]
[    0.816132] pci 0000:86:00.0: [1022:43f6] type 00 class 0x010601 PCIe Legacy Endpoint
[    0.816166] pci 0000:86:00.0: BAR 5 [mem 0xaa200000-0xaa2003ff]
[    0.816172] pci 0000:86:00.0: ROM [mem 0xfff80000-0xffffffff pref]
[    0.816205] pci 0000:86:00.0: PME# supported from D0 D3hot D3cold
[    0.816272] pci 0000:84:0d.0: PCI bridge to [bus 86]
[    0.816328] pci 0000:80:03.3: PCI bridge to [bus 87]
[    0.816372] pci 0000:80:03.4: PCI bridge to [bus 88]
[    0.816408] pci 0000:89:00.0: [1022:14ac] type 00 class 0x130000 PCIe Endpoint
[    0.816432] pci 0000:89:00.0: enabling Extended Tags
[    0.816523] pci 0000:80:07.1: PCI bridge to [bus 89]
[    0.816695] ACPI: PCI [REDACTED_USER] Bridge [PCI3] (domain 0000 [bus c0-ff])
[    0.816697] acpi PNP0A08:03: _OSC: OS supports [ExtendedConfig ASPM ClockPM Segments MSI EDR HPX-Type3]
[    0.816732] acpi PNP0A08:03: _OSC: platform does not support [SHPCHotplug LTR DPC]
[    0.816791] acpi PNP0A08:03: _OSC: OS now controls [PCIeHotplug PME AER PCIeCapability]
[    0.816792] acpi PNP0A08:03: FADT indicates ASPM is unsupported, using BIOS configuration
[    0.816874] PCI host bridge to bus 0000:c0
[    0.816875] pci_bus 0000:c0: [REDACTED_USER] bus resource [mem 0xc2000000-0xc6ffffff window]
[    0.816875] pci_bus 0000:c0: [REDACTED_USER] bus resource [mem 0xb0000000-0xc1ffffff window]
[    0.816876] pci_bus 0000:c0: [REDACTED_USER] bus resource [mem 0x2666c200000-0x2bfffffffff window]
[    0.816876] pci_bus 0000:c0: [REDACTED_USER] bus resource [mem 0x10020200000-0x2666c1fffff window]
[    0.816877] pci_bus 0000:c0: [REDACTED_USER] bus resource [io  0xa000-0xffff window]
[    0.816877] pci_bus 0000:c0: [REDACTED_USER] bus resource [bus c0-ff]
[    0.816882] pci 0000:c0:00.0: [1022:14a4] type 00 class 0x060000 conventional PCI endpoint
[    0.816922] pci 0000:c0:00.2: [1022:149e] type 00 class 0x080600 conventional PCI endpoint
[    0.816967] pci 0000:c0:00.3: [1022:14a6] type 00 class 0x080700 PCIe [REDACTED_USER] Complex Event Collector
[    0.816998] pci 0000:c0:00.3: enabling Extended Tags
[    0.817105] pci 0000:c0:01.0: [1022:149f] type 00 class 0x060000 conventional PCI endpoint
[    0.817138] pci 0000:c0:02.0: [1022:149f] type 00 class 0x060000 conventional PCI endpoint
[    0.817172] pci 0000:c0:03.0: [1022:149f] type 00 class 0x060000 conventional PCI endpoint
[    0.817206] pci 0000:c0:04.0: [1022:149f] type 00 class 0x060000 conventional PCI endpoint
[    0.817239] pci 0000:c0:05.0: [1022:149f] type 00 class 0x060000 conventional PCI endpoint
[    0.817272] pci 0000:c0:07.0: [1022:149f] type 00 class 0x060000 conventional PCI endpoint
[    0.817308] pci 0000:c0:07.1: [1022:14a7] type 01 class 0x060400 PCIe [REDACTED_USER] Port
[    0.817318] pci 0000:c0:07.1: PCI bridge to [bus c1]
[    0.817321] pci 0000:c0:07.1:   bridge window [mem 0xc2000000-0xc20fffff]
[    0.817328] pci 0000:c0:07.1: enabling Extended Tags
[    0.817363] pci 0000:c0:07.1: PME# supported from D0 D3hot D3cold
[    0.817455] pci 0000:c1:00.0: [1022:14ac] type 00 class 0x130000 PCIe Endpoint
[    0.817480] pci 0000:c1:00.0: enabling Extended Tags
[    0.817553] pci 0000:c1:00.4: [1022:14c9] type 00 class 0x0c0330 PCIe Endpoint
[    0.817560] pci 0000:c1:00.4: BAR 0 [mem 0xc2000000-0xc20fffff 64bit]
[    0.817577] pci 0000:c1:00.4: enabling Extended Tags
[    0.817598] pci 0000:c1:00.4: PME# supported from D0 D3hot D3cold
[    0.817657] pci 0000:c0:07.1: PCI bridge to [bus c1]
[    0.818846] ACPI: EC: interrupt unblocked
[    0.818846] ACPI: EC: event unblocked
[    0.818846] ACPI: EC: EC_CMD/EC_SC=0x66, EC_DATA=0x62
[    0.818846] ACPI: EC: GPE=0x16
[    0.818846] ACPI: \_SB_.PCI0.LPCB.EC0_: Boot DSDT EC initialization complete
[    0.818846] ACPI: \_SB_.PCI0.LPCB.EC0_: EC: Used to handle transactions and events
[    0.818854] iommu: Default domain type: Translated
[    0.818854] iommu: DMA domain TLB invalidation policy: lazy mode
[    0.818894] SCSI subsystem initialized
[    0.818906] libata version 3.00 loaded.
[    0.818906] ACPI: bus type USB registered
[    0.818906] usbcore: registered new interface driver usbfs
[    0.818906] usbcore: registered new interface driver hub
[    0.818906] usbcore: registered new device driver usb
[    0.819452] pps_core: LinuxPPS API ver. 1 registered
[    0.819452] pps_core: Software ver. 5.3.6 - Copyright 2005-2007 Rodolfo Giometti <[REDACTED_USER]@linux.it>
[    0.819452] PTP clock support registered
[    0.819452] EDAC MC: Ver: 3.0.0
[    0.819452] efivars: Registered efivars operations
[    0.819452] Bluetooth: Core ver 2.22
[    0.819452] NET: Registered PF_BLUETOOTH protocol family
[    0.819452] Bluetooth: HCI device and connection manager initialized
[    0.819452] Bluetooth: HCI socket layer initialized
[    0.819452] Bluetooth: L2CAP socket layer initialized
[    0.819452] Bluetooth: SCO socket layer initialized
[    0.819452] NetLabel: Initializing
[    0.819452] NetLabel:  domain hash size = 128
[    0.819452] NetLabel:  protocols = UNLABELED CIPSOv4 CALIPSO
[    0.819452] NetLabel:  unlabeled traffic allowed by default
[    0.819452] mctp: management component transport protocol core
[    0.819452] NET: Registered PF_MCTP protocol family
[    0.819452] PCI: Using ACPI for IRQ routing
[    0.823170] PCI: pci_cache_line_size set to 64 bytes
[    0.823247] e820: reserve RAM buffer [mem 0x0009f000-0x0009ffff]
[    0.823248] e820: reserve RAM buffer [mem 0x09f00000-0x0bffffff]
[    0.823249] e820: reserve RAM buffer [mem 0x0b000000-0x0bffffff]
[    0.823249] e820: reserve RAM buffer [mem 0x1306f018-0x13ffffff]
[    0.823250] e820: reserve RAM buffer [mem 0x13097000-0x13ffffff]
[    0.823250] e820: reserve RAM buffer [mem 0x1e1f9000-0x1fffffff]
[    0.823251] e820: reserve RAM buffer [mem 0x2bd34000-0x2bffffff]
[    0.823251] e820: reserve RAM buffer [mem 0x38ab0000-0x3bffffff]
[    0.823252] e820: reserve RAM buffer [mem 0x38adb000-0x3bffffff]
[    0.823253] e820: reserve RAM buffer [mem 0x44c8d000-0x47ffffff]
[    0.823253] e820: reserve RAM buffer [mem 0x107dcc0000-0x107fffffff]
[    0.823283] pci 0000:01:00.0: vgaarb: setting as boot VGA device
[    0.823283] pci 0000:01:00.0: vgaarb: bridge control possible
[    0.823283] pci 0000:01:00.0: vgaarb: VGA device added: decodes=io+mem,owns=none,locks=none
[    0.823283] vgaarb: loaded
[    0.823283] hpet0: at MMIO 0xfed00000, IRQs 2, 8, 0
[    0.823283] hpet0: 3 comparators, 32-bit 14.318180 MHz counter
[    0.825541] clocksource: Switched to clocksource tsc-early
[    0.826251] VFS: Disk quotas dquot_6.6.0
[    0.826256] VFS: Dquot-cache hash table entries: 512 (order 0, 4096 bytes)
[    0.826304] pnp: PnP ACPI init
[    0.826375] system 00:00: [mem 0xe0000000-0xefffffff] has been reserved
[    0.826483] system 00:03: [io  0x0200-0x023f] has been reserved
[    0.826485] system 00:03: [mem 0xfedf1000-0xfedf1fff] has been reserved
[    0.826750] pnp: PnP ACPI: found 4 devices
[    0.831751] clocksource: acpi_pm: mask: 0xffffff max_cycles: 0xffffff, max_idle_ns: 2085701024 ns
[    0.831793] NET: Registered PF_INET protocol family
[    0.831932] IP idents hash table entries: 262144 (order: 9, 2097152 bytes, linear)
[    0.833259] tcp_listen_portaddr_hash hash table entries: 32768 (order: 8, 1310720 bytes, linear)
[    0.833306] Table-perturb hash table entries: 65536 (order: 6, 262144 bytes, linear)
[    0.833313] TCP established hash table entries: 524288 (order: 10, 4194304 bytes, linear)
[    0.833556] TCP bind hash table entries: 65536 (order: 10, 5242880 bytes, vmalloc hugepage)
[    0.833724] TCP: Hash tables configured (established 524288 bind 65536)
[    0.833904] MPTCP token hash table entries: 65536 (order: 9, 3670016 bytes, linear)
[    0.834005] UDP hash table entries: 32768 (order: 9, 3145728 bytes, linear)
[    0.834135] UDP-Lite hash table entries: 32768 (order: 9, 3145728 bytes, linear)
[    0.834301] NET: Registered PF_UNIX/PF_LOCAL protocol family
[    0.834306] NET: Registered PF_XDP protocol family
[    0.834308] pci 0000:01:00.0: ROM [mem 0xfff80000-0xffffffff pref]: can't claim; no compatible bridge window
[    0.834311] pci 0000:86:00.0: ROM [mem 0xfff80000-0xffffffff pref]: can't claim; no compatible bridge window
[    0.834313] pci 0000:00:03.3: bridge window [io  0x1000-0x0fff] to [bus 02] add_size 1000
[    0.834314] pci 0000:00:03.3: bridge window [mem 0x00100000-0x000fffff 64bit pref] to [bus 02] add_size 200000 add_align 100000
[    0.834316] pci 0000:00:03.6: bridge window [io  0x1000-0x0fff] to [bus 04] add_size 1000
[    0.834317] pci 0000:00:03.6: bridge window [mem 0x00100000-0x000fffff 64bit pref] to [bus 04] add_size 200000 add_align 100000
[    0.834322] pci 0000:00:03.3: bridge window [mem 0x5e66c200000-0x5e66c3fffff 64bit pref]: assigned
[    0.834323] pci 0000:00:03.6: bridge window [mem 0x5e66c400000-0x5e66c5fffff 64bit pref]: assigned
[    0.834324] pci 0000:00:03.3: bridge window [io  0x3000-0x3fff]: assigned
[    0.834325] pci 0000:00:03.6: bridge window [io  size 0x1000]: can't assign; no space
[    0.834325] pci 0000:00:03.6: bridge window [io  size 0x1000]: failed to assign
[    0.834326] pci 0000:00:03.6: bridge window [io  0x3000-0x3fff]: assigned
[    0.834327] pci 0000:00:03.3: bridge window [io  size 0x1000]: can't assign; no space
[    0.834328] pci 0000:00:03.3: bridge window [io  size 0x1000]: failed to assign
[    0.834329] pci 0000:01:00.0: ROM [mem 0xdb080000-0xdb0fffff pref]: assigned
[    0.834330] pci 0000:00:01.1: PCI bridge to [bus 01]
[    0.834331] pci 0000:00:01.1:   bridge window [io  0x2000-0x2fff]
[    0.834333] pci 0000:00:01.1:   bridge window [mem 0xda000000-0xdb0fffff]
[    0.834334] pci 0000:00:01.1:   bridge window [mem 0x48030000000-0x48041ffffff 64bit pref]
[    0.834346] pci 0000:00:03.3: PCI bridge to [bus 02]
[    0.834348] pci 0000:00:03.3:   bridge window [mem 0xdb600000-0xdb6fffff]
[    0.834350] pci 0000:00:03.3:   bridge window [mem 0x5e66c200000-0x5e66c3fffff 64bit pref]
[    0.834361] pci 0000:00:03.5: PCI bridge to [bus 03]
[    0.834362] pci 0000:00:03.5:   bridge window [io  0x1000-0x1fff]
[    0.834364] pci 0000:00:03.5:   bridge window [mem 0xdb500000-0xdb5fffff]
[    0.834375] pci 0000:00:03.6: PCI bridge to [bus 04]
[    0.834376] pci 0000:00:03.6:   bridge window [io  0x3000-0x3fff]
[    0.834378] pci 0000:00:03.6:   bridge window [mem 0xdb400000-0xdb4fffff]
[    0.834380] pci 0000:00:03.6:   bridge window [mem 0x5e66c400000-0x5e66c5fffff 64bit pref]
[    0.834391] pci 0000:00:07.1: PCI bridge to [bus 05]
[    0.834392] pci 0000:00:07.1:   bridge window [mem 0xdb100000-0xdb3fffff]
[    0.834401] pci_bus 0000:00: resource 4 [mem 0xda000000-0xdeffffff window]
[    0.834402] pci_bus 0000:00: resource 5 [mem 0xc8000000-0xd9ffffff window]
[    0.834402] pci_bus 0000:00: resource 6 [mem 0x5e66c200000-0x63fffffffff window]
[    0.834403] pci_bus 0000:00: resource 7 [mem 0x48020200000-0x5e66c1fffff window]
[    0.834403] pci_bus 0000:00: resource 8 [io  0x1000-0x3fff window]
[    0.834404] pci_bus 0000:00: resource 9 [io  0x0000-0x0cf7 window]
[    0.834404] pci_bus 0000:00: resource 10 [io  0x0d00-0x0fff window]
[    0.834405] pci_bus 0000:00: resource 11 [mem 0xfec00000-0xfec01fff window]
[    0.834405] pci_bus 0000:00: resource 12 [mem 0xfed45000-0xfed811ff window]
[    0.834406] pci_bus 0000:00: resource 13 [mem 0xfed81900-0xfed81fff window]
[    0.834406] pci_bus 0000:00: resource 14 [mem 0xfedc0000-0xfedc0fff window]
[    0.834407] pci_bus 0000:00: resource 15 [mem 0xfee01000-0xffffffff window]
[    0.834407] pci_bus 0000:01: resource 0 [io  0x2000-0x2fff]
[    0.834408] pci_bus 0000:01: resource 1 [mem 0xda000000-0xdb0fffff]
[    0.834408] pci_bus 0000:01: resource 2 [mem 0x48030000000-0x48041ffffff 64bit pref]
[    0.834409] pci_bus 0000:02: resource 1 [mem 0xdb600000-0xdb6fffff]
[    0.834409] pci_bus 0000:02: resource 2 [mem 0x5e66c200000-0x5e66c3fffff 64bit pref]
[    0.834410] pci_bus 0000:03: resource 0 [io  0x1000-0x1fff]
[    0.834410] pci_bus 0000:03: resource 1 [mem 0xdb500000-0xdb5fffff]
[    0.834411] pci_bus 0000:04: resource 0 [io  0x3000-0x3fff]
[    0.834411] pci_bus 0000:04: resource 1 [mem 0xdb400000-0xdb4fffff]
[    0.834412] pci_bus 0000:04: resource 2 [mem 0x5e66c400000-0x5e66c5fffff 64bit pref]
[    0.834412] pci_bus 0000:05: resource 1 [mem 0xdb100000-0xdb3fffff]
[    0.834427] pci 0000:40:01.1: PCI bridge to [bus 41]
[    0.834429] pci 0000:40:01.1:   bridge window [mem 0x92000000-0x921fffff]
[    0.834440] pci 0000:40:07.1: PCI bridge to [bus 42]
[    0.834451] pci_bus 0000:40: resource 4 [mem 0x92000000-0x96ffffff window]
[    0.834451] pci_bus 0000:40: resource 5 [mem 0x80000000-0x91ffffff window]
[    0.834452] pci_bus 0000:40: resource 6 [mem 0x7a66c200000-0x7ffffffffff window]
[    0.834452] pci_bus 0000:40: resource 7 [mem 0x64020200000-0x7a66c1fffff window]
[    0.834453] pci_bus 0000:40: resource 8 [io  0x4000-0x6fff window]
[    0.834453] pci_bus 0000:41: resource 1 [mem 0x92000000-0x921fffff]
[    0.834460] pci 0000:80:03.3: bridge window [io  0x1000-0x0fff] to [bus 87] add_size 1000
[    0.834461] pci 0000:80:03.3: bridge window [mem 0x00100000-0x000fffff 64bit pref] to [bus 87] add_size 200000 add_align 100000
[    0.834462] pci 0000:80:03.4: bridge window [io  0x1000-0x0fff] to [bus 88] add_size 1000
[    0.834462] pci 0000:80:03.4: bridge window [mem 0x00100000-0x000fffff 64bit pref] to [bus 88] add_size 200000 add_align 100000
[    0.834464] pci 0000:80:03.3: bridge window [mem 0x4266c200000-0x4266c3fffff 64bit pref]: assigned
[    0.834465] pci 0000:80:03.4: bridge window [mem 0x4266c400000-0x4266c5fffff 64bit pref]: assigned
[    0.834466] pci 0000:80:03.3: bridge window [io  0x7000-0x7fff]: assigned
[    0.834466] pci 0000:80:03.4: bridge window [io  0x8000-0x8fff]: assigned
[    0.834467] pci 0000:80:01.1: PCI bridge to [bus 81]
[    0.834469] pci 0000:80:01.1:   bridge window [mem 0xaa500000-0xaa5fffff]
[    0.834480] pci 0000:80:01.2: PCI bridge to [bus 82]
[    0.834481] pci 0000:80:01.2:   bridge window [mem 0xaa400000-0xaa4fffff]
[    0.834492] pci 0000:84:0c.0: PCI bridge to [bus 85]
[    0.834495] pci 0000:84:0c.0:   bridge window [mem 0xaa300000-0xaa3fffff]
[    0.834499] pci 0000:86:00.0: ROM [mem 0xaa280000-0xaa2fffff pref]: assigned
[    0.834500] pci 0000:84:0d.0: PCI bridge to [bus 86]
[    0.834502] pci 0000:84:0d.0:   bridge window [mem 0xaa200000-0xaa2fffff]
[    0.834507] pci 0000:83:00.0: PCI bridge to [bus 84-86]
[    0.834510] pci 0000:83:00.0:   bridge window [mem 0xaa200000-0xaa3fffff]
[    0.834514] pci 0000:80:01.3: PCI bridge to [bus 83-86]
[    0.834516] pci 0000:80:01.3:   bridge window [mem 0xaa200000-0xaa3fffff]
[    0.834528] pci 0000:80:03.3: PCI bridge to [bus 87]
[    0.834529] pci 0000:80:03.3:   bridge window [io  0x7000-0x7fff]
[    0.834531] pci 0000:80:03.3:   bridge window [mem 0xaa100000-0xaa1fffff]
[    0.834532] pci 0000:80:03.3:   bridge window [mem 0x4266c200000-0x4266c3fffff 64bit pref]
[    0.834543] pci 0000:80:03.4: PCI bridge to [bus 88]
[    0.834543] pci 0000:80:03.4:   bridge window [io  0x8000-0x8fff]
[    0.834545] pci 0000:80:03.4:   bridge window [mem 0xaa000000-0xaa0fffff]
[    0.834547] pci 0000:80:03.4:   bridge window [mem 0x4266c400000-0x4266c5fffff 64bit pref]
[    0.834557] pci 0000:80:07.1: PCI bridge to [bus 89]
[    0.834567] pci_bus 0000:80: resource 4 [mem 0xaa000000-0xaeffffff window]
[    0.834567] pci_bus 0000:80: resource 5 [mem 0x98000000-0xa9ffffff window]
[    0.834568] pci_bus 0000:80: resource 6 [mem 0x4266c200000-0x47fffffffff window]
[    0.834568] pci_bus 0000:80: resource 7 [mem 0x2c020200000-0x4266c1fffff window]
[    0.834568] pci_bus 0000:80: resource 8 [io  0x7000-0x9fff window]
[    0.834569] pci_bus 0000:81: resource 1 [mem 0xaa500000-0xaa5fffff]
[    0.834569] pci_bus 0000:82: resource 1 [mem 0xaa400000-0xaa4fffff]
[    0.834570] pci_bus 0000:83: resource 1 [mem 0xaa200000-0xaa3fffff]
[    0.834570] pci_bus 0000:84: resource 1 [mem 0xaa200000-0xaa3fffff]
[    0.834571] pci_bus 0000:85: resource 1 [mem 0xaa300000-0xaa3fffff]
[    0.834571] pci_bus 0000:86: resource 1 [mem 0xaa200000-0xaa2fffff]
[    0.834572] pci_bus 0000:87: resource 0 [io  0x7000-0x7fff]
[    0.834572] pci_bus 0000:87: resource 1 [mem 0xaa100000-0xaa1fffff]
[    0.834573] pci_bus 0000:87: resource 2 [mem 0x4266c200000-0x4266c3fffff 64bit pref]
[    0.834573] pci_bus 0000:88: resource 0 [io  0x8000-0x8fff]
[    0.834573] pci_bus 0000:88: resource 1 [mem 0xaa000000-0xaa0fffff]
[    0.834574] pci_bus 0000:88: resource 2 [mem 0x4266c400000-0x4266c5fffff 64bit pref]
[    0.834587] pci 0000:c0:07.1: PCI bridge to [bus c1]
[    0.834588] pci 0000:c0:07.1:   bridge window [mem 0xc2000000-0xc20fffff]
[    0.834598] pci_bus 0000:c0: resource 4 [mem 0xc2000000-0xc6ffffff window]
[    0.834598] pci_bus 0000:c0: resource 5 [mem 0xb0000000-0xc1ffffff window]
[    0.834599] pci_bus 0000:c0: resource 6 [mem 0x2666c200000-0x2bfffffffff window]
[    0.834599] pci_bus 0000:c0: resource 7 [mem 0x10020200000-0x2666c1fffff window]
[    0.834600] pci_bus 0000:c0: resource 8 [io  0xa000-0xffff window]
[    0.834600] pci_bus 0000:c1: resource 1 [mem 0xc2000000-0xc20fffff]
[    0.834632] pci 0000:01:00.1: extending delay after power-on from D3hot to 20 msec
[    0.834647] pci 0000:01:00.1: D0 power state depends on 0000:01:00.0
[    0.834801] pci 0000:86:00.0: CLS mismatch (128 != 64), using 64 bytes
[    0.834866] Unpacking initramfs...
[    0.835452] pci 0000:c0:00.2: AMD-Vi: IOMMU performance counters supported
[    0.835607] pci 0000:c0:00.3: Adding to iommu group 0
[    0.835636] pci 0000:c0:01.0: Adding to iommu group 1
[    0.835662] pci 0000:c0:02.0: Adding to iommu group 2
[    0.835687] pci 0000:c0:03.0: Adding to iommu group 3
[    0.835712] pci 0000:c0:04.0: Adding to iommu group 4
[    0.835741] pci 0000:c0:05.0: Adding to iommu group 5
[    0.835779] pci 0000:c0:07.0: Adding to iommu group 6
[    0.835802] pci 0000:c0:07.1: Adding to iommu group 6
[    0.835808] pci 0000:c1:00.0: Adding to iommu group 6
[    0.835813] pci 0000:c1:00.4: Adding to iommu group 6
[    0.836607] pci 0000:80:00.2: AMD-Vi: IOMMU performance counters supported
[    0.836647] pci 0000:80:00.3: Adding to iommu group 7
[    0.836668] pci 0000:80:01.0: Adding to iommu group 8
[    0.836678] pci 0000:80:01.1: Adding to iommu group 8
[    0.836687] pci 0000:80:01.2: Adding to iommu group 8
[    0.836697] pci 0000:80:01.3: Adding to iommu group 8
[    0.836708] pci 0000:80:02.0: Adding to iommu group 9
[    0.836726] pci 0000:80:03.0: Adding to iommu group 10
[    0.836736] pci 0000:80:03.3: Adding to iommu group 10
[    0.836747] pci 0000:80:03.4: Adding to iommu group 10
[    0.836759] pci 0000:80:04.0: Adding to iommu group 11
[    0.836771] pci 0000:80:05.0: Adding to iommu group 12
[    0.836785] pci 0000:80:07.0: Adding to iommu group 13
[    0.836795] pci 0000:80:07.1: Adding to iommu group 13
[    0.836799] pci 0000:81:00.0: Adding to iommu group 8
[    0.836802] pci 0000:82:00.0: Adding to iommu group 8
[    0.836806] pci 0000:83:00.0: Adding to iommu group 8
[    0.836810] pci 0000:84:0c.0: Adding to iommu group 8
[    0.836813] pci 0000:84:0d.0: Adding to iommu group 8
[    0.836817] pci 0000:85:00.0: Adding to iommu group 8
[    0.836820] pci 0000:86:00.0: Adding to iommu group 8
[    0.836823] pci 0000:89:00.0: Adding to iommu group 13
[    0.837372] pci 0000:00:00.2: AMD-Vi: IOMMU performance counters supported
[    0.837407] pci 0000:00:00.3: Adding to iommu group 14
[    0.837422] pci 0000:00:01.0: Adding to iommu group 15
[    0.837430] pci 0000:00:01.1: Adding to iommu group 15
[    0.837442] pci 0000:00:02.0: Adding to iommu group 16
[    0.837463] pci 0000:00:03.0: Adding to iommu group 17
[    0.837471] pci 0000:00:03.3: Adding to iommu group 17
[    0.837479] pci 0000:00:03.5: Adding to iommu group 17
[    0.837487] pci 0000:00:03.6: Adding to iommu group 17
[    0.837499] pci 0000:00:04.0: Adding to iommu group 18
[    0.837510] pci 0000:00:05.0: Adding to iommu group 19
[    0.837525] pci 0000:00:07.0: Adding to iommu group 20
[    0.837534] pci 0000:00:07.1: Adding to iommu group 20
[    0.837549] pci 0000:00:14.0: Adding to iommu group 21
[    0.837556] pci 0000:00:14.3: Adding to iommu group 21
[    0.837590] pci 0000:00:18.0: Adding to iommu group 22
[    0.837598] pci 0000:00:18.1: Adding to iommu group 22
[    0.837605] pci 0000:00:18.2: Adding to iommu group 22
[    0.837613] pci 0000:00:18.3: Adding to iommu group 22
[    0.837620] pci 0000:00:18.4: Adding to iommu group 22
[    0.837628] pci 0000:00:18.5: Adding to iommu group 22
[    0.837635] pci 0000:00:18.6: Adding to iommu group 22
[    0.837643] pci 0000:00:18.7: Adding to iommu group 22
[    0.837646] pci 0000:01:00.0: Adding to iommu group 15
[    0.837649] pci 0000:01:00.1: Adding to iommu group 15
[    0.837654] pci 0000:03:00.0: Adding to iommu group 17
[    0.837657] pci 0000:05:00.0: Adding to iommu group 20
[    0.837660] pci 0000:05:00.4: Adding to iommu group 20
[    0.837664] pci 0000:05:00.5: Adding to iommu group 20
[    0.837667] pci 0000:05:00.6: Adding to iommu group 20
[    0.837670] pci 0000:05:00.7: Adding to iommu group 20
[    0.838369] pci 0000:40:00.2: AMD-Vi: IOMMU performance counters supported
[    0.838405] pci 0000:40:00.3: Adding to iommu group 23
[    0.838420] pci 0000:40:01.0: Adding to iommu group 24
[    0.838428] pci 0000:40:01.1: Adding to iommu group 24
[    0.838441] pci 0000:40:02.0: Adding to iommu group 25
[    0.838452] pci 0000:40:03.0: Adding to iommu group 26
[    0.838463] pci 0000:40:04.0: Adding to iommu group 27
[    0.838476] pci 0000:40:05.0: Adding to iommu group 28
[    0.838491] pci 0000:40:07.0: Adding to iommu group 29
[    0.838500] pci 0000:40:07.1: Adding to iommu group 29
[    0.838503] pci 0000:41:00.0: Adding to iommu group 24
[    0.838507] pci 0000:42:00.0: Adding to iommu group 29
[    0.839124] AMD-Vi: Extended features (0x25bf732fa2295afe, 0x1d): PPR X2APIC NX GT [5] IA GA PC GA_vAPIC
[    0.839127] AMD-Vi: Interrupt remapping enabled
[    0.839127] AMD-Vi: X2APIC enabled
[    0.839586] AMD-Vi: Virtual APIC enabled
[    0.839597] PCI-DMA: Using software bounce buffering for IO (SWIOTLB)
[    0.839598] software IO TLB: mapped [mem 0x000000005c000000-0x0000000060000000] (64MB)
[    0.839623] LVT offset 0 assigned for vector 0x400
[    0.842751] perf: AMD IBS detected (0x00000bff)
[    0.842898] amd_uncore: 16 amd_df counters detected
[    0.842902] amd_uncore: 6 amd_l3 counters detected
[    0.842906] amd_uncore: 4 amd_umc_0 counters detected
[    0.842908] amd_uncore: 4 amd_umc_1 counters detected
[    0.843064] perf/amd_iommu: Detected AMD IOMMU #0 (2 banks, 4 counters/bank).
[    0.843067] perf/amd_iommu: Detected AMD IOMMU #1 (2 banks, 4 counters/bank).
[    0.843068] perf/amd_iommu: Detected AMD IOMMU #2 (2 banks, 4 counters/bank).
[    0.843071] perf/amd_iommu: Detected AMD IOMMU #3 (2 banks, 4 counters/bank).
[    0.843093] platform rtc_cmos: registered platform RTC device (no PNP device found)
[    0.845054] Initialise system trusted keyrings
[    0.845061] Key type blacklist registered
[    0.845077] workingset: timestamp_bits=36 max_order=24 bucket_order=0
[    0.845092] zbud: loaded
[    0.845270] squashfs: version 4.0 (2009/01/31) Phillip Lougher
[    0.845309] SGI XFS with ACLs, security attributes, realtime, scrub, quota, no debug enabled
[    0.850559] NET: Registered PF_ALG protocol family
[    0.850561] xor: automatically using best checksumming function   avx       
[    0.850562] Key type asymmetric registered
[    0.850563] Asymmetric key parser 'x509' registered
[    0.850563] Asymmetric key parser 'pkcs8' registered
[    0.850575] Block layer SCSI generic (bsg) driver version 0.4 loaded (major 245)
[    0.850599] io scheduler mq-deadline registered
[    0.850599] io scheduler kyber registered
[    0.850604] io scheduler bfq registered
[    0.850816] atomic64_test: passed for x86-64 platform with CX8 and with SSE
[    0.851705] pcieport 0000:00:00.3: PME: Signaling with IRQ 40
[    0.851772] pcieport 0000:00:00.3: AER: enabled with IRQ 40
[    0.851851] pcieport 0000:00:01.1: PME: Signaling with IRQ 41
[    0.851888] pcieport 0000:00:01.1: AER: enabled with IRQ 41
[    0.851918] pcieport 0000:00:01.1: DPC: enabled with IRQ 41
[    0.851919] pcieport 0000:00:01.1: DPC: error containment capabilities: Int Msg #0, RPExt+ PoisonedTLP+ SwTrigger+ RP PIO Log 6, DL_ActiveErr+
[    0.852023] pcieport 0000:00:03.3: PME: Signaling with IRQ 42
[    0.852060] pcieport 0000:00:03.3: AER: enabled with IRQ 42
[    0.852088] pcieport 0000:00:03.3: pciehp: Slot #9 AttnBtn- PwrCtrl- MRL- AttnInd- PwrInd- HotPlug+ Surprise- Interlock- NoCompl+ IbPresDis- LLActRep+
[    0.852153] pcieport 0000:00:03.3: DPC: enabled with IRQ 42
[    0.852154] pcieport 0000:00:03.3: DPC: error containment capabilities: Int Msg #0, RPExt+ PoisonedTLP+ SwTrigger+ RP PIO Log 6, DL_ActiveErr+
[    0.852276] pcieport 0000:00:03.5: PME: Signaling with IRQ 43
[    0.852311] pcieport 0000:00:03.5: AER: enabled with IRQ 43
[    0.852339] pcieport 0000:00:03.5: DPC: enabled with IRQ 43
[    0.852340] pcieport 0000:00:03.5: DPC: error containment capabilities: Int Msg #0, RPExt+ PoisonedTLP+ SwTrigger+ RP PIO Log 6, DL_ActiveErr+
[    0.852451] pcieport 0000:00:03.6: PME: Signaling with IRQ 44
[    0.852486] pcieport 0000:00:03.6: AER: enabled with IRQ 44
[    0.852507] pcieport 0000:00:03.6: pciehp: Slot #9 AttnBtn- PwrCtrl- MRL- AttnInd- PwrInd- HotPlug+ Surprise- Interlock- NoCompl+ IbPresDis- LLActRep+
[    0.852574] pcieport 0000:00:03.6: DPC: enabled with IRQ 44
[    0.852575] pcieport 0000:00:03.6: DPC: error containment capabilities: Int Msg #0, RPExt+ PoisonedTLP+ SwTrigger+ RP PIO Log 6, DL_ActiveErr+
[    0.852676] pcieport 0000:00:07.1: PME: Signaling with IRQ 45
[    0.852792] pcieport 0000:40:00.3: PME: Signaling with IRQ 47
[    0.852858] pcieport 0000:40:00.3: AER: enabled with IRQ 47
[    0.852935] pcieport 0000:40:01.1: PME: Signaling with IRQ 48
[    0.852972] pcieport 0000:40:01.1: AER: enabled with IRQ 48
[    0.853003] pcieport 0000:40:01.1: DPC: enabled with IRQ 48
[    0.853003] pcieport 0000:40:01.1: DPC: error containment capabilities: Int Msg #0, RPExt+ PoisonedTLP+ SwTrigger+ RP PIO Log 6, DL_ActiveErr+
[    0.853104] pcieport 0000:40:07.1: PME: Signaling with IRQ 50
[    0.853213] pcieport 0000:80:00.3: PME: Signaling with IRQ 52
[    0.853281] pcieport 0000:80:00.3: AER: enabled with IRQ 52
[    0.853356] pcieport 0000:80:01.1: PME: Signaling with IRQ 53
[    0.853395] pcieport 0000:80:01.1: AER: enabled with IRQ 53
[    0.853426] pcieport 0000:80:01.1: DPC: enabled with IRQ 53
[    0.853426] pcieport 0000:80:01.1: DPC: error containment capabilities: Int Msg #0, RPExt+ PoisonedTLP+ SwTrigger+ RP PIO Log 6, DL_ActiveErr+
[    0.853526] pcieport 0000:80:01.2: PME: Signaling with IRQ 54
[    0.853564] pcieport 0000:80:01.2: AER: enabled with IRQ 54
[    0.853594] pcieport 0000:80:01.2: DPC: enabled with IRQ 54
[    0.853594] pcieport 0000:80:01.2: DPC: error containment capabilities: Int Msg #0, RPExt+ PoisonedTLP+ SwTrigger+ RP PIO Log 6, DL_ActiveErr+
[    0.853690] pcieport 0000:80:01.3: PME: Signaling with IRQ 55
[    0.853722] pcieport 0000:80:01.3: AER: enabled with IRQ 55
[    0.853751] pcieport 0000:80:01.3: DPC: enabled with IRQ 55
[    0.853751] pcieport 0000:80:01.3: DPC: error containment capabilities: Int Msg #0, RPExt+ PoisonedTLP+ SwTrigger+ RP PIO Log 6, DL_ActiveErr+
[    0.853854] pcieport 0000:80:03.3: PME: Signaling with IRQ 56
[    0.853887] pcieport 0000:80:03.3: AER: enabled with IRQ 56
[    0.853907] pcieport 0000:80:03.3: pciehp: Slot #8 AttnBtn- PwrCtrl- MRL- AttnInd- PwrInd- HotPlug+ Surprise- Interlock- NoCompl+ IbPresDis- LLActRep+
[    0.853968] pcieport 0000:80:03.3: DPC: enabled with IRQ 56
[    0.853969] pcieport 0000:80:03.3: DPC: error containment capabilities: Int Msg #0, RPExt+ PoisonedTLP+ SwTrigger+ RP PIO Log 6, DL_ActiveErr+
[    0.854076] pcieport 0000:80:03.4: PME: Signaling with IRQ 57
[    0.854111] pcieport 0000:80:03.4: AER: enabled with IRQ 57
[    0.854127] pcieport 0000:80:03.4: pciehp: Slot #8 AttnBtn- PwrCtrl- MRL- AttnInd- PwrInd- HotPlug+ Surprise- Interlock- NoCompl+ IbPresDis- LLActRep+
[    0.854268] pcieport 0000:80:03.4: DPC: enabled with IRQ 57
[    0.854269] pcieport 0000:80:03.4: DPC: error containment capabilities: Int Msg #0, RPExt+ PoisonedTLP+ SwTrigger+ RP PIO Log 6, DL_ActiveErr+
[    0.854382] pcieport 0000:80:07.1: PME: Signaling with IRQ 59
[    0.854599] pcieport 0000:c0:00.3: PME: Signaling with IRQ 62
[    0.854667] pcieport 0000:c0:00.3: AER: enabled with IRQ 62
[    0.854736] pcieport 0000:c0:07.1: PME: Signaling with IRQ 63
[    0.854810] shpchp: Standard Hot Plug PCI Controller Driver version: 0.4
[    0.854894] input: Power Button as /devices/LNXSYSTM:00/LNXSYBUS:00/PNP0C0C:00/input/input0
[    0.854908] ACPI: button: Power Button [PWRB]
[    0.854925] input: Power Button as /devices/LNXSYSTM:00/LNXPWRBN:00/input/input1
[    0.855425] ACPI: button: Power Button [PWRF]
[    0.855749] Monitor-Mwait will be used to enter C-1 state
[    0.857629] Estimated ratio of average max frequency by base frequency (times 1024): 1123
[    0.857760] Serial: 8250/16550 driver, 32 ports, IRQ sharing enabled
[    0.857852] serial8250: ttyS0 at I/O 0x3f8 (irq = 4, base_baud = 115200) is a 16550A
[    0.858817] Non-volatile memory driver v1.3
[    0.858820] Linux agpgart interface v0.103
[    0.862181] tpm_tis IFX1523:00: 2.0 TPM (device-id 0x1D, rev-id 54)
[    0.866572] Freeing initrd memory: 11044K
[    0.988475] ACPI: bus type drm_connector registered
[    0.992896] loop: module loaded
[    0.993146] ahci 0000:86:00.0: version 3.0
[    0.993193] nvme nvme0: pci function 0000:81:00.0
[    0.993238] ahci 0000:86:00.0: SSS flag set, parallel bus scan disabled
[    0.993263] ahci 0000:86:00.0: AHCI vers 0001.0301, 32 command slots, 6 Gbps, SATA mode
[    0.993264] ahci 0000:86:00.0: 4/6 ports implemented (port mask 0xf)
[    0.993265] ahci 0000:86:00.0: flags: 64bit ncq sntf stag pm led clo only pmp pio slum part sxs deso sadm sds apst 
[    0.993295] nvme nvme1: pci function 0000:82:00.0
[    0.993555] scsi host0: ahci
[    0.993613] scsi host1: ahci
[    0.993663] scsi host2: ahci
[    0.993711] scsi host3: ahci
[    0.993754] scsi host4: ahci
[    0.993794] scsi host5: ahci
[    0.993808] ata1: SATA max UDMA/133 abar [REDACTED_USER]@0xaa200000 port 0xaa200100 irq 64 lpm-pol 3
[    0.993809] ata2: SATA max UDMA/133 abar [REDACTED_USER]@0xaa200000 port 0xaa200180 irq 64 lpm-pol 3
[    0.993810] ata3: SATA max UDMA/133 abar [REDACTED_USER]@0xaa200000 port 0xaa200200 irq 64 lpm-pol 3
[    0.993811] ata4: SATA max UDMA/133 abar [REDACTED_USER]@0xaa200000 port 0xaa200280 irq 64 lpm-pol 3
[    0.993811] ata5: DUMMY
[    0.993811] ata6: DUMMY
[    0.994437] xhci_hcd 0000:05:00.4: xHCI Host Controller
[    0.994458] xhci_hcd 0000:05:00.4: new USB bus registered, assigned bus number 1
[    0.994907] xhci_hcd 0000:05:00.4: hcc params 0x0118ffc5 hci version 0x120 quirks 0x0000000200000010
[    0.995225] xhci_hcd 0000:05:00.4: xHCI Host Controller
[    0.995240] xhci_hcd 0000:05:00.4: new USB bus registered, assigned bus number 2
[    0.995241] xhci_hcd 0000:05:00.4: Host supports USB 3.1 Enhanced SuperSpeed
[    0.995279] usb usb1: New USB device found, idVendor=1d6b, idProduct=0002, bcdDevice= 6.12
[    0.995280] usb usb1: New USB device strings: Mfr=3, Product=2, SerialNumber=1
[    0.995281] usb usb1: Product: xHCI Host Controller
[    0.995282] usb usb1: Manufacturer: Linux 6.12.41-gentoo xhci-hcd
[    0.995282] usb usb1: SerialNumber: 0000:05:00.4
[    0.995336] hub 1-0:1.0: USB hub found
[    0.995342] hub 1-0:1.0: 2 ports detected
[    0.995792] usb usb2: We don't know the algorithms for LPM for this host, disabling LPM.
[    0.995800] usb usb2: New USB device found, idVendor=1d6b, idProduct=0003, bcdDevice= 6.12
[    0.995800] usb usb2: New USB device strings: Mfr=3, Product=2, SerialNumber=1
[    0.995801] usb usb2: Product: xHCI Host Controller
[    0.995801] usb usb2: Manufacturer: Linux 6.12.41-gentoo xhci-hcd
[    0.995802] usb usb2: SerialNumber: 0000:05:00.4
[    0.995842] hub 2-0:1.0: USB hub found
[    0.995845] hub 2-0:1.0: 2 ports detected
[    0.996258] xhci_hcd 0000:85:00.0: xHCI Host Controller
[    0.996283] xhci_hcd 0000:85:00.0: new USB bus registered, assigned bus number 3
[    1.050552] nvme nvme1: 31/0/0 default/read/poll queues
[    1.052252] xhci_hcd 0000:85:00.0: hcc params 0x0200ef81 hci version 0x110 quirks 0x0000000000000010
[    1.052488] xhci_hcd 0000:85:00.0: xHCI Host Controller
[    1.052506] xhci_hcd 0000:85:00.0: new USB bus registered, assigned bus number 4
[    1.052507] xhci_hcd 0000:85:00.0: Host supports USB 3.2 Enhanced SuperSpeed
[    1.053185] usb usb3: New USB device found, idVendor=1d6b, idProduct=0002, bcdDevice= 6.12
[    1.053185] usb usb3: New USB device strings: Mfr=3, Product=2, SerialNumber=1
[    1.053186] usb usb3: Product: xHCI Host Controller
[    1.053186] usb usb3: Manufacturer: Linux 6.12.41-gentoo xhci-hcd
[    1.053187] usb usb3: SerialNumber: 0000:85:00.0
[    1.053243] hub 3-0:1.0: USB hub found
[    1.053253] hub 3-0:1.0: 12 ports detected
[    1.053414] nvme nvme0: 31/0/0 default/read/poll queues
[    1.054722]  nvme1n1: p1 p2 p3
[    1.055273] usb usb4: We don't know the algorithms for LPM for this host, disabling LPM.
[    1.055280] usb usb4: New USB device found, idVendor=1d6b, idProduct=0003, bcdDevice= 6.12
[    1.055280] usb usb4: New USB device strings: Mfr=3, Product=2, SerialNumber=1
[    1.055281] usb usb4: Product: xHCI Host Controller
[    1.055281] usb usb4: Manufacturer: Linux 6.12.41-gentoo xhci-hcd
[    1.055282] usb usb4: SerialNumber: 0000:85:00.0
[    1.055320] hub 4-0:1.0: USB hub found
[    1.055325] hub 4-0:1.0: 5 ports detected
[    1.056234] xhci_hcd 0000:c1:00.4: xHCI Host Controller
[    1.056251] xhci_hcd 0000:c1:00.4: new USB bus registered, assigned bus number 5
[    1.056606] xhci_hcd 0000:c1:00.4: hcc params 0x0118ffc5 hci version 0x120 quirks 0x0000000200000010
[    1.056776] xhci_hcd 0000:c1:00.4: xHCI Host Controller
[    1.056792] xhci_hcd 0000:c1:00.4: new USB bus registered, assigned bus number 6
[    1.056793] xhci_hcd 0000:c1:00.4: Host supports USB 3.1 Enhanced SuperSpeed
[    1.056805] usb usb5: New USB device found, idVendor=1d6b, idProduct=0002, bcdDevice= 6.12
[    1.056806] usb usb5: New USB device strings: Mfr=3, Product=2, SerialNumber=1
[    1.056806] usb usb5: Product: xHCI Host Controller
[    1.056807] usb usb5: Manufacturer: Linux 6.12.41-gentoo xhci-hcd
[    1.056807] usb usb5: SerialNumber: 0000:c1:00.4
[    1.056847] hub 5-0:1.0: USB hub found
[    1.056849] hub 5-0:1.0: 2 ports detected
[    1.056938]  nvme0n1: p1 p2 p3 p4 p5
[    1.057233] usb usb6: We don't know the algorithms for LPM for this host, disabling LPM.
[    1.057240] usb usb6: New USB device found, idVendor=1d6b, idProduct=0003, bcdDevice= 6.12
[    1.057241] usb usb6: New USB device strings: Mfr=3, Product=2, SerialNumber=1
[    1.057241] usb usb6: Product: xHCI Host Controller
[    1.057242] usb usb6: Manufacturer: Linux 6.12.41-gentoo xhci-hcd
[    1.057242] usb usb6: SerialNumber: 0000:c1:00.4
[    1.057275] hub 6-0:1.0: USB hub found
[    1.057277] hub 6-0:1.0: 2 ports detected
[    1.057655] usbcore: registered new interface driver usb-storage
[    1.057666] usbcore: registered new interface driver usbserial_generic
[    1.057668] usbserial: USB Serial support registered for generic
[    1.057697] i8042: PNP: PS/2 Controller [PNP0303:PS2K,PNP0f03:PS2M] at 0x60,0x64 irq 1,12
[    1.060632] serio: i8042 KBD port at 0x60,0x64 irq 1
[    1.060652] serio: i8042 AUX port at 0x60,0x64 irq 12
[    1.060835] rtc_cmos rtc_cmos: RTC can wake from S4
[    1.060998] rtc_cmos rtc_cmos: registered as rtc0
[    1.061018] rtc_cmos rtc_cmos: setting system clock to 2025-10-23T07:44:09 UTC (1761205449)
[    1.061033] rtc_cmos rtc_cmos: alarms up to one month, y3k, 114 bytes nvram
[    1.061048] device-mapper: core: CONFIG_IMA_DISABLE_HTABLE is disabled. Duplicate IMA measurements will not be recorded in the IMA log.
[    1.061052] device-mapper: uevent: version 1.0.3
[    1.061078] device-mapper: ioctl: 4.48.0-ioctl (2023-03-01) initialised: [REDACTED_USER]@lists.linux.dev
[    1.062554] efifb: probing for efifb
[    1.062560] efifb: framebuffer at 0x48030000000, using 9600k, total 9600k
[    1.062561] efifb: mode is 1920x1200x32, linelength=8192, pages=1
[    1.062561] efifb: scrolling: redraw
[    1.062561] efifb: Truecolor: size=8:8:8:8, shift=24:16:8:0
[    1.062621] Console: switching to colour frame buffer device 240x75
[    1.063450] fb0: EFI VGA frame buffer device
[    1.063466] hid: raw HID events driver (C) Jiri Kosina
[    1.063491] usbcore: registered new interface driver usbhid
[    1.063491] usbhid: USB HID core driver
[    1.063571] drop_monitor: Initializing network drop monitor service
[    1.063613] Initializing XFRM netlink socket
[    1.063627] NET: Registered PF_INET6 protocol family
[    1.066822] Segment Routing with IPv6
[    1.066822] RPL Segment Routing with IPv6
[    1.066827] In-situ OAM (IOAM) with IPv6
[    1.066837] mip6: Mobile IPv6
[    1.066839] NET: Registered PF_PACKET protocol family
[    1.066866] 8021q: 802.1Q VLAN Support v1.8
[    1.067915] microcode: Current revision: 0x0a108109
[    1.067915] microcode: Updated early from: 0x0a108108
[    1.068327] resctrl: L3 allocation detected
[    1.068327] resctrl: MB allocation detected
[    1.068328] resctrl: SMBA allocation detected
[    1.068328] resctrl: L3 monitoring detected
[    1.068349] IPI shorthand broadcast: enabled
[    1.068369] AES CTR mode by8 optimization enabled
[    1.069505] sched_clock: Marking stable (1066309066, 2769228)->(5150802186, -4081723892)
[    1.069637] registered taskstats version 1
[    1.070157] Loading compiled-in X.509 certificates
[    1.071927] Demotion targets for Node 0: null
[    1.071928] page_owner is disabled
[    1.071998] Key type .fscrypt registered
[    1.071999] Key type fscrypt-provisioning registered
[    1.072225] Btrfs loaded, zoned=yes, fsverity=yes
[    1.072238] Key type big_key registered
[    1.072241] Key type trusted registered
[    1.075679] Key type encrypted registered
[    1.075684] ima: Allocated hash algorithm: sha256
[    1.239112] usb 1-1: new high-speed USB device number 2 using xhci_hcd
[    1.272708] ima: No architecture policies found
[    1.272724] evm: Initialising EVM extended attributes:
[    1.272725] evm: security.selinux
[    1.272725] evm: security.SMACK64 (disabled)
[    1.272726] evm: security.SMACK64EXEC (disabled)
[    1.272726] evm: security.SMACK64TRANSMUTE (disabled)
[    1.272727] evm: security.SMACK64MMAP (disabled)
[    1.272727] evm: security.apparmor
[    1.272728] evm: security.ima
[    1.272728] evm: security.capability
[    1.272729] evm: HMAC attrs: 0x1
[    1.272833] PM:   Magic number: 13:179:724
[    1.273083] RAS: Correctable Errors collector initialized.
[    1.273135] clk: Disabling unused clocks
[    1.306782] ata1: SATA link down (SStatus 0 SControl 300)
[    1.362480] usb 3-2: new high-speed USB device number 2 using xhci_hcd
[    1.379792] usb 1-1: New USB device found, idVendor=0bda, idProduct=5411, bcdDevice= 1.01
[    1.379793] usb 1-1: New USB device strings: Mfr=1, Product=2, SerialNumber=0
[    1.379794] usb 1-1: Product: 4-Port USB 2.1 Hub
[    1.379794] usb 1-1: Manufacturer: Generic
[    1.443534] hub 1-1:1.0: USB hub found
[    1.444168] hub 1-1:1.0: 4 ports detected
[    1.507376] usb 2-1: new SuperSpeed USB device number 2 using xhci_hcd
[    1.527401] usb 2-1: New USB device found, idVendor=0bda, idProduct=0411, bcdDevice= 1.01
[    1.527403] usb 2-1: New USB device strings: Mfr=1, Product=2, SerialNumber=0
[    1.527404] usb 2-1: Product: 4-Port USB 3.1 Hub
[    1.527404] usb 2-1: Manufacturer: Generic
[    1.557716] hub 2-1:1.0: USB hub found
[    1.558413] hub 2-1:1.0: 4 ports detected
[    1.587026] usb 3-2: New USB device found, idVendor=0bda, idProduct=5411, bcdDevice= 1.01
[    1.587029] usb 3-2: New USB device strings: Mfr=1, Product=2, SerialNumber=0
[    1.587031] usb 3-2: Product: 4-Port USB 2.1 Hub
[    1.587032] usb 3-2: Manufacturer: Generic
[    1.595185] hub 3-2:1.0: USB hub found
[    1.598089] hub 3-2:1.0: 4 ports detected
[    1.614500] ata2: SATA link down (SStatus 0 SControl 300)
[    1.683988] usb 4-2: new SuperSpeed USB device number 2 using xhci_hcd
[    1.707047] usb 4-2: New USB device found, idVendor=0bda, idProduct=0411, bcdDevice= 1.01
[    1.707051] usb 4-2: New USB device strings: Mfr=1, Product=2, SerialNumber=0
[    1.707052] usb 4-2: Product: 4-Port USB 3.1 Hub
[    1.707053] usb 4-2: Manufacturer: Generic
[    1.715982] hub 4-2:1.0: USB hub found
[    1.716684] hub 4-2:1.0: 4 ports detected
[    1.793051] usb 1-1.3: new high-speed USB device number 3 using xhci_hcd
[    1.853043] tsc: Refined TSC clocksource calibration: 4493.246 MHz
[    1.853059] clocksource: tsc: mask: 0xffffffffffffffff max_cycles: 0x40c47c12e6d, max_idle_ns: 440795235586 ns
[    1.853187] clocksource: Switched to clocksource tsc
[    1.899787] usb 1-1.3: New USB device found, idVendor=0bda, idProduct=5418, bcdDevice= 1.06
[    1.899790] usb 1-1.3: New USB device strings: Mfr=1, Product=2, SerialNumber=0
[    1.899791] usb 1-1.3: Product: USB2.1 Hub
[    1.899792] usb 1-1.3: Manufacturer: Generic
[    1.919716] ata3: SATA link down (SStatus 0 SControl 300)
[    1.956881] hub 1-1.3:1.0: USB hub found
[    1.958038] hub 1-1.3:1.0: 5 ports detected
[    1.987969] usb 2-1.3: new SuperSpeed USB device number 3 using xhci_hcd
[    2.011123] usb 2-1.3: New USB device found, idVendor=0bda, idProduct=0418, bcdDevice= 1.06
[    2.011126] usb 2-1.3: New USB device strings: Mfr=1, Product=2, SerialNumber=0
[    2.011127] usb 2-1.3: Product: USB3.2 Hub
[    2.011128] usb 2-1.3: Manufacturer: Generic
[    2.053151] hub 2-1.3:1.0: USB hub found
[    2.055085] hub 2-1.3:1.0: 4 ports detected
[    2.226590] ata4: SATA link down (SStatus 0 SControl 300)
[    2.228586] Freeing unused decrypted memory: 2036K
[    2.228810] Freeing unused kernel image (initmem) memory: 3036K
[    2.228820] Write protecting the kernel read-only data: 30720k
[    2.229022] Freeing unused kernel image (rodata/data gap) memory: 1788K
[    2.234407] x86/mm: Checked W+X mappings: passed, no W+X pages found.
[    2.234412] Run /init as init process
[    2.234413]   with arguments:
[    2.234414]     /init
[    2.234414]   with environment:
[    2.234415]     HOME=/
[    2.234415]     TERM=linux
[    2.234415]     BOOT_IMAGE=/boot/vmlinuz
[    2.257897] dracut: dracut-106
[    2.326123] usb 1-1.3.3: new low-speed USB device number 4 using xhci_hcd
[    2.367681] sp5100_tco: SP5100/SB800 TCO WatchDog Timer Driver
[    2.367748] sp5100-tco sp5100-tco: Using 0xfeb00000 for watchdog MMIO address
[    2.367808] sp5100-tco sp5100-tco: initialized. heartbeat=60 sec (nowayout=0)
[    2.394840] ccp 0000:05:00.5: tee enabled
[    2.394843] ccp 0000:05:00.5: psp: TSME enabled
[    2.394845] ccp 0000:05:00.5: psp enabled
[    2.481800] usb 1-1.3.3: New USB device found, idVendor=046a, idProduct=0023, bcdDevice= 2.20
[    2.481804] usb 1-1.3.3: New USB device strings: Mfr=0, Product=0, SerialNumber=0
[    2.766382] usb 1-1.3.4: new low-speed USB device number 5 using xhci_hcd
[    2.876282] usb 1-1.3.4: New USB device found, idVendor=03f0, idProduct=134a, bcdDevice= 1.00
[    2.876289] usb 1-1.3.4: New USB device strings: Mfr=1, Product=2, SerialNumber=0
[    2.876291] usb 1-1.3.4: Product: HP USB Optical Mouse
[    2.876293] usb 1-1.3.4: Manufacturer: PixArt
[    3.003052] usb 1-1.3.5: new high-speed USB device number 6 using xhci_hcd
[    3.106331] usb 1-1.3.5: New USB device found, idVendor=0bda, idProduct=1100, bcdDevice= 1.01
[    3.106338] usb 1-1.3.5: New USB device strings: Mfr=1, Product=2, SerialNumber=0
[    3.106340] usb 1-1.3.5: Product: HID Device
[    3.106342] usb 1-1.3.5: Manufacturer: Realtek
[    3.144775] input: PixArt HP USB Optical Mouse as /devices/pci0000:00/0000:00:07.1/0000:05:00.4/usb1/1-1/1-1.3/1-1.3.4/1-1.3.4:1.0/0003:03F0:134A.0003/input/input5
[    3.144824] hid-generic 0003:03F0:134A.0003: input,hidraw0: USB HID v1.11 Mouse [PixArt HP USB Optical Mouse] on usb-0000:05:00.4-1.3.4/input0
[    3.144887] hid-generic 0003:0BDA:1100.0004: hiddev96,hidraw1: USB HID v1.11 Device [Realtek HID Device] on usb-0000:05:00.4-1.3.5/input0
[    3.146042] input: HID 046a:0023 as /devices/pci0000:00/0000:00:07.1/0000:05:00.4/usb1/1-1/1-1.3/1-1.3.3/1-1.3.3:1.0/0003:046A:0023.0001/input/input6
[    3.309641] cherry 0003:046A:0023.0001: input,hidraw2: USB HID v1.11 Keyboard [HID 046a:0023] on usb-0000:05:00.4-1.3.3/input0
[    3.309805] input: HID 046a:0023 as /devices/pci0000:00/0000:00:07.1/0000:05:00.4/usb1/1-1/1-1.3/1-1.3.3/1-1.3.3:1.1/0003:046A:0023.0002/input/input7
[    3.363445] cherry 0003:046A:0023.0002: input,hidraw3: USB HID v1.11 Device [HID 046a:0023] on usb-0000:05:00.4-1.3.3/input1
[    3.462110] BTRFS: device label gentoo devid 1 transid 465084 /dev/nvme0n1p3 (259:7) scanned by mount (895)
[    3.462510] BTRFS info (device nvme0n1p3): first mount of filesystem 4f708c84-185d-437b-a03a-7a565f598a23
[    3.462533] BTRFS info (device nvme0n1p3): using crc32c (crc32c-intel) checksum algorithm
[    3.462537] BTRFS info (device nvme0n1p3): using free-space-tree
[    3.539816] dracut: Remounting /dev/disk/by-uuid/4f708c84-185d-437b-a03a-7a565f598a23 with -o defaults,noatime,ro
[    3.548524] dracut: Mounted [REDACTED_USER] filesystem /dev/nvme0n1p3
[    3.555646] dracut: Martin's init: Starting custom overlay boot sequence.
[    3.563322] dracut: SquashFS source: /dev/disk/by-label/gentoo
[    3.563369] dracut: SquashFS file: gentoo.squashfs
[    3.563409] dracut: Persistence source: /dev/disk/by-uuid/42bbab57-7cb0-465f-8ef9-6b34379da7d3
[    3.563445] dracut: Persistence LV: /dev/mapper/[REDACTED_USER]--vg-[REDACTED_USER]--lv
[    3.563478] dracut: Persistence LUKS mapping name: vg
[    3.563516] dracut: Opening LUKS volume /dev/disk/by-uuid/42bbab57-7cb0-465f-8ef9-6b34379da7d3 as vg
[   11.641515] dracut: Activating LVM volume groups
[   11.765252] dracut: Mounting /dev/disk/by-label/gentoo on /mnt_squash
[   11.830391] dracut: Mounting /dev/mapper/[REDACTED_USER]--vg-[REDACTED_USER]--lv on /mnt_persist
[   13.068729] EXT4-fs (dm-1): recovery complete
[   13.068968] EXT4-fs (dm-1): mounted filesystem d390181f-0ebe-4b82-98d6-0c72cbd934a5 r/w with ordered data mode. Quota mode: none.
[   13.069336] dracut: Checking for /mnt_squash/gentoo.squashfs
[   13.073746] dracut: Copying /mnt_squash/gentoo.squashfs to RAM
[   15.655337] dracut: Mounting SquashFS image from RAM
[   15.657177] loop0: detected capacity change from 0 to 15772488
[   15.658492] dracut: Mounting overlay filesystem...
[   15.666719] dracut: Successfully mounted overlayfs on /sysroot
[   15.666781] dracut: Switching [REDACTED_USER] to /sysroot and executing /sbin/init
[   15.709854] systemd[1]: systemd 257.9 running in system mode (+PAM -AUDIT -SELINUX -APPARMOR +IMA +IPE +SMACK +SECCOMP +GCRYPT -GNUTLS +OPENSSL +ACL +BLKID -CURL -ELFUTILS -FIDO2 +IDN2 -IDN -IPTC +KMOD -LIBCRYPTSETUP -LIBCRYPTSETUP_PLUGINS +LIBFDISK +PCRE2 -PWQUALITY -P11KIT -QRENCODE -TPM2 -BZIP2 +LZ4 -XZ -ZLIB +ZSTD -BPF_FRAMEWORK -BTF -XKBCOMMON +UTMP -SYSVINIT -LIBARCHIVE)
[   15.709856] systemd[1]: Detected architecture x86-64.
[   15.711766] systemd[1]: No hostname configured, using default hostname.
[   15.711786] systemd[1]: Hostname set to <localhost>.
[   15.882767] systemd[1]: /etc/systemd/system/reverse-ssh.service:14: Unknown key 'StartLimitIntervalSec' in section [Service], ignoring.
[   15.883844] systemd[1]: /etc/systemd/system/reverse-ssh-us.service:14: Unknown key 'StartLimitIntervalSec' in section [Service], ignoring.
[   15.884525] systemd[1]: /etc/systemd/system/reverse-ssh-eu.service:14: Unknown key 'StartLimitIntervalSec' in section [Service], ignoring.
[   15.885365] systemd[1]: Queued start job for default target Graphical Interface.
[   15.934617] systemd[1]: Created slice Slice /system/getty.
[   15.935227] systemd[1]: Created slice Slice /system/modprobe.
[   15.935593] systemd[1]: Created slice [REDACTED_USER] and Session Slice.
[   15.935891] systemd[1]: Started Dispatch Password Requests to Console Directory Watch.
[   15.937947] systemd[1]: Started Forward Password Requests to Wall Directory Watch.
[   15.938306] systemd[1]: Set up automount Arbitrary Executable File Formats File System Automount Point.
[   15.938603] systemd[1]: Reached target Path Units.
[   15.938877] systemd[1]: Reached target Remote File Systems.
[   15.939148] systemd[1]: Reached target Slice Units.
[   15.939419] systemd[1]: Reached target Swaps.
[   15.942696] systemd[1]: Listening on Process Core Dump Socket.
[   15.943584] systemd[1]: Listening on Credential Encryption/Decryption.
[   15.943900] systemd[1]: Listening on Journal Socket (/dev/log).
[   15.944200] systemd[1]: Listening on Journal Sockets.
[   15.944512] systemd[1]: Listening on Network Service Netlink Socket.
[   15.944802] systemd[1]: Listening on udev Control Socket.
[   15.945082] systemd[1]: Listening on udev Kernel Socket.
[   15.947417] systemd[1]: Mounting Huge Pages File System...
[   15.948489] systemd[1]: Mounting POSIX Message Queue File System...
[   15.949059] systemd[1]: Mounting Kernel Debug File System...
[   15.950349] systemd[1]: Mounting Kernel Trace File System...
[   15.951565] systemd[1]: tmp.mount: Directory /tmp to mount over is not empty, mounting anyway.
[   15.951899] systemd[1]: Mounting Temporary Directory /tmp...
[   15.952682] systemd[1]: Starting Create List of Static Device Nodes...
[   15.954033] systemd[1]: Starting Load Kernel Module configfs...
[   15.954738] systemd[1]: Starting Load Kernel Module dm_mod...
[   15.955362] systemd[1]: Starting Load Kernel Module drm...
[   15.955971] systemd[1]: Starting Load Kernel Module fuse...
[   15.958013] systemd[1]: Starting Load Kernel Module loop...
[   15.958455] systemd[1]: Clear Stale Hibernate Storage Info was skipped because of an unmet condition check (ConditionPathExists=/sys/firmware/efi/efivars/HibernateLocation-8cf2644b-4b0b-428f-9387-6d876050dc67).
[   15.959199] systemd[1]: Starting Journal Service...
[   15.960475] fuse: init (API version 7.41)
[   15.960863] systemd[1]: Starting Load Kernel Modules...
[   15.961467] systemd[1]: Starting Generate network units from Kernel command line...
[   15.962017] systemd[1]: Starting Remount [REDACTED_USER] and Kernel File Systems...
[   15.962619] systemd[1]: Starting Load udev Rules from Credentials...
[   15.964872] systemd[1]: Starting Coldplug All udev Devices...
[   15.965682] systemd[1]: Mounted Huge Pages File System.
[   15.965943] systemd[1]: Mounted POSIX Message Queue File System.
[   15.967366] systemd[1]: Mounted Kernel Debug File System.
[   15.967614] systemd[1]: Mounted Kernel Trace File System.
[   15.967852] systemd[1]: Mounted Temporary Directory /tmp.
[   15.968159] systemd[1]: Finished Create List of Static Device Nodes.
[   15.968444] systemd[1]: [REDACTED_USER]@configfs.service: Deactivated successfully.
[   15.968509] systemd[1]: Finished Load Kernel Module configfs.
[   15.968808] systemd[1]: [REDACTED_USER]@dm_mod.service: Deactivated successfully.
[   15.968877] systemd[1]: Finished Load Kernel Module dm_mod.
[   15.969163] systemd[1]: [REDACTED_USER]@drm.service: Deactivated successfully.
[   15.969231] systemd[1]: Finished Load Kernel Module drm.
[   15.969734] systemd[1]: [REDACTED_USER]@fuse.service: Deactivated successfully.
[   15.969911] systemd[1]: Finished Load Kernel Module fuse.
