# dmidecode 3.5
Getting SMBIOS data from sysfs.
SMBIOS 3.1.0 present.
Table at 0x1FF82000.

Handle 0x0000, DMI type 0, 26 bytes
BIOS Information
	Vendor: Microsoft Corporation
	Version: Hyper-V UEFI Release v4.1
	Release Date: 03/08/2024
	ROM Size: 64 kB
	Characteristics:
		BIOS characteristics not supported
		ACPI is supported
		Targeted content distribution is supported
		UEFI is supported
		System is a virtual machine
	BIOS Revision: 4.1

Handle 0x0001, DMI type 1, 27 bytes
System Information
	Manufacturer: Microsoft Corporation
	Product Name: Virtual Machine
	Version: Hyper-V UEFI Release v4.1
	Serial Number: 0000-0002-0417-8512-3518-1039-01
	UUID: 1c55e0c0-82f9-415d-8ae9-343637b65c00
	Wake-up Type: Power Switch
	SKU Number: None
	Family: Virtual Machine

Handle 0x0002, DMI type 3, 24 bytes
Chassis Information
	Manufacturer: Microsoft Corporation
	Type: Desktop
	Lock: Not Present
	Version: Hyper-V UEFI Release v4.1
	Serial Number: 9651-6894-0358-1086-3198-6370-58
	Asset Tag: 7783-7084-3265-9085-8269-3286-77
	Boot-up State: Safe
	Power Supply State: Safe
	Thermal State: Safe
	Security Status: Unknown
	OEM Information: 0x00000000
	Height: Unspecified
	Number Of Power Cords: Unspecified
	Contained Elements: 0
	SKU Number: Virtual Machine

Handle 0x0003, DMI type 2, 17 bytes
Base Board Information
	Manufacturer: Microsoft Corporation
	Product Name: Virtual Machine
	Version: Hyper-V UEFI Release v4.1
	Serial Number: 0000-0010-0095-8905-4275-2143-36
	Asset Tag: None
	Features:
		Board is a hosting board
	Location In Chassis: Virtual Machine
	Chassis Handle: 0x0002
	Type: Motherboard
	Contained Object Handles: 0

Handle 0x0004, DMI type 4, 48 bytes
Processor Information
	Socket Designation: None
	Type: Central Processor
	Family: Xeon
	Manufacturer: Intel
	ID: 00 00 00 00 00 00 00 00
	Signature: Type 0, Family 0, Model 0, Stepping 0
	Flags: None
	Version: Intel(R) Xeon(R) CPU E5-2673 v4 @ 2.30GHz
	Voltage: 0.7 V
	External Clock: 100 MHz
	Max Speed: 3600 MHz
	Current Speed: 2300 MHz
	Status: Populated, Enabled
	Upgrade: None
	L1 Cache Handle: Not Provided
	L2 Cache Handle: Not Provided
	L3 Cache Handle: Not Provided
	Serial Number: None
	Asset Tag: None
	Part Number: None
	Core Count: 1
	Core Enabled: 1
	Thread Count: 1
	Characteristics:
		64-bit capable
		Multi-Core
		Hardware Thread
		Execute Protection
		Enhanced Virtualization
		Power/Performance Control

Handle 0x0005, DMI type 11, 5 bytes
OEM Strings
	String 1: [MS_VM_CERT/SHA1/9b80ca0d5dd061ec9da4e494f4c3fd1196270c22]
	String 2: 00000000000000000000000000000000
	String 3: To be filled by OEM

Handle 0x0006, DMI type 16, 23 bytes
Physical Memory Array
	Location: System Board Or Motherboard
	Use: System Memory
	Error Correction Type: None
	Maximum Capacity: 0 bytes
	Error Information Handle: Not Provided
	Number Of Devices: 1

Handle 0x0007, DMI type 17, 92 bytes
Memory Device
	Array Handle: 0x0006
	Error Information Handle: Not Provided
	Total Width: Unknown
	Data Width: Unknown
	Size: 512 MB
	Form Factor: Unknown
	Set: None
	Locator: M0001
	Bank Locator: None
	Type: Unknown
	Type Detail: Unknown
	Speed: Unknown
	Manufacturer: Microsoft Corporation
	Serial Number: None
	Asset Tag: None
	Part Number: None
	Rank: Unknown
	Configured Memory Speed: Unknown
	Minimum Voltage: Unknown
	Maximum Voltage: Unknown
	Configured Voltage: Unknown
	Memory Technology: <OUT OF SPEC>
	Memory Operating Mode Capability: None
	Firmware Version: Not Specified
	Module Manufacturer ID: Unknown
	Module Product ID: Unknown
	Memory Subsystem Controller Manufacturer ID: Unknown
	Memory Subsystem Controller Product ID: Unknown
	Non-Volatile Size: None
	Volatile Size: None
	Cache Size: None
	Logical Size: None

Handle 0x0008, DMI type 19, 31 bytes
Memory Array Mapped Address
	Starting Address: 0x00000000000
	Ending Address: 0x000200003FF
	Range Size: 524289 kB
	Physical Array Handle: 0x0006
	Partition Width: 0

Handle 0x0009, DMI type 20, 35 bytes
Memory Device Mapped Address
	Starting Address: 0x00000000000
	Ending Address: 0x000200003FF
	Range Size: 524289 kB
	Physical Device Handle: 0x0007
	Memory Array Mapped Address Handle: 0x0008
	Partition Row Position: Unknown

Handle 0x000A, DMI type 32, 11 bytes
System Boot Information
	Status: No errors detected

Handle 0xFEFF, DMI type 127, 4 bytes
End Of Table

